pool: 8056 startable player-games (2022-2025 wk3-17), 8010 with a to-date benchmark

== by position ==
segment    n  RMSE model   bias  skill vs to-date mean  skill vs last-3  pairwise
     QB 1377       7.574 -0.089                  0.052            0.106     0.609
     RB 2327       7.789 -0.281                  0.060            0.105     0.648
     WR 3192       7.970  0.015                  0.031            0.093     0.613
     TE 1160       6.839 -0.519                  0.038            0.107     0.603
    ALL 8056       7.696 -0.165                  0.044            0.100     0.646

== by position x projection tier (rank of the model projection that week) ==
      segment    n  RMSE model   bias  skill vs to-date mean  skill vs last-3  pairwise
  QB rank 1-6  360       7.741 -0.074                  0.028            0.112     0.594
 QB rank 7-12  360       7.632 -0.394                  0.074            0.100     0.499
QB rank 13-24  657       7.448  0.071                  0.054            0.105     0.549
  RB rank 1-8  480       8.973  0.383                  0.045            0.132     0.537
 RB rank 9-20  720       7.621 -0.317                  0.099            0.129     0.553
RB rank 21-40 1127       7.339 -0.541                  0.041            0.068     0.599
 WR rank 1-12  720       9.384  0.677                  0.045            0.115     0.541
WR rank 13-30 1080       8.171 -0.154                  0.041            0.102     0.520
WR rank 31-55 1392       6.952 -0.196                  0.005            0.060     0.566
  TE rank 1-4  240       7.554 -0.359                  0.013            0.096       NaN
 TE rank 5-10  360       6.858 -0.095                  0.045            0.135     0.532
TE rank 11-20  560       6.496 -0.860                  0.047            0.092     0.524

== by position x season phase ==
   segment    n  RMSE model   bias  skill vs to-date mean  skill vs last-3  pairwise
  QB wk3-5  282       7.403 -0.035                  0.121            0.122     0.612
 QB wk6-10  455       7.542 -0.130                  0.036            0.076     0.603
QB wk11-17  640       7.670 -0.083                  0.031            0.118     0.612
  RB wk3-5  466       8.298 -0.341                  0.093            0.096     0.631
 RB wk6-10  778       7.420 -0.071                  0.055            0.096     0.678
RB wk11-17 1083       7.821 -0.407                  0.048            0.115     0.635
  WR wk3-5  637       8.264 -0.522                  0.102            0.109     0.595
 WR wk6-10 1061       7.705  0.506                  0.018            0.092     0.617
WR wk11-17 1494       8.028 -0.105                  0.002            0.086     0.618
  TE wk3-5  232       6.984 -0.987                  0.081            0.087     0.578
 TE wk6-10  389       6.648 -0.523                  0.051            0.118     0.610
TE wk11-17  539       6.912 -0.315                  0.008            0.108     0.609

== by within-team role (rank among the team's startable players at the position) ==
    segment    n  RMSE model   bias  skill vs to-date mean  skill vs last-3  pairwise
 RB team #1 1724       8.111 -0.447                  0.046            0.097     0.609
 RB team #2  597       6.802  0.160                  0.113            0.136     0.600
 WR team #1 1699       8.376 -0.333                  0.034            0.098     0.583
 WR team #2 1208       7.641  0.246                  0.033            0.091     0.584
WR team #3+  285       6.766  1.111                 -0.008            0.052     0.598
 TE team #1 1116       6.878 -0.554                  0.037            0.105     0.598
 TE team #2   44       5.785  0.377                  0.084            0.155       NaN

player-games projected >= 8 pts: n=7384; actual > 2x projection 6.9%; actual < 25% of projection 7.6%; the two tails explain 51% of squared error
