2026-10-01 00:22:30.091 WARNING streamlit.runtime.caching.cache_data_api: No runtime found, using MemoryCacheStorageManager
2026-10-01 00:22:30.092 WARNING streamlit.runtime.caching.cache_data_api: No runtime found, using MemoryCacheStorageManager
2026-10-01 00:22:30.093 WARNING streamlit.runtime.caching.cache_data_api: No runtime found, using MemoryCacheStorageManager
2026-10-01 00:22:30.093 WARNING streamlit.runtime.caching.cache_data_api: No runtime found, using MemoryCacheStorageManager
2026-10-01 00:22:30.096 WARNING streamlit.runtime.caching.cache_data_api: No runtime found, using MemoryCacheStorageManager
2026-10-01 00:22:30.097 WARNING streamlit.runtime.caching.cache_data_api: No runtime found, using MemoryCacheStorageManager
2026-10-01 00:22:30.097 WARNING streamlit.runtime.caching.cache_data_api: No runtime found, using MemoryCacheStorageManager
2026-10-01 00:22:30.097 WARNING streamlit.runtime.caching.cache_data_api: No runtime found, using MemoryCacheStorageManager
2026-10-01 00:22:30.098 WARNING streamlit.runtime.caching.cache_data_api: No runtime found, using MemoryCacheStorageManager
2026-10-01 00:22:30.098 WARNING streamlit.runtime.caching.cache_data_api: No runtime found, using MemoryCacheStorageManager
2026-10-01 00:22:30.099 WARNING streamlit.runtime.caching.cache_data_api: No runtime found, using MemoryCacheStorageManager
2026-10-01 00:22:30.099 WARNING streamlit.runtime.caching.cache_data_api: No runtime found, using MemoryCacheStorageManager
2026-10-01 00:22:30.099 WARNING streamlit.runtime.caching.cache_data_api: No runtime found, using MemoryCacheStorageManager
2026-10-01 00:22:30.099 WARNING streamlit.runtime.caching.cache_data_api: No runtime found, using MemoryCacheStorageManager
2026-10-01 00:22:30.100 WARNING streamlit.runtime.caching.cache_data_api: No runtime found, using MemoryCacheStorageManager
2026-10-01 00:22:30.100 WARNING streamlit.runtime.caching.cache_data_api: No runtime found, using MemoryCacheStorageManager
2026-10-01 00:22:30.100 WARNING streamlit.runtime.caching.cache_data_api: No runtime found, using MemoryCacheStorageManager
2026-10-01 00:22:30.101 WARNING streamlit.runtime.caching.cache_data_api: No runtime found, using MemoryCacheStorageManager
2026-10-01 00:22:30.101 WARNING streamlit.runtime.caching.cache_data_api: No runtime found, using MemoryCacheStorageManager
2026-10-01 00:22:30.101 WARNING streamlit.runtime.caching.cache_data_api: No runtime found, using MemoryCacheStorageManager
2026-10-01 00:22:30.102 WARNING streamlit.runtime.caching.cache_data_api: No runtime found, using MemoryCacheStorageManager
2026-10-01 00:22:30.102 WARNING streamlit.runtime.caching.cache_data_api: No runtime found, using MemoryCacheStorageManager
2026-10-01 00:22:30.102 WARNING streamlit.runtime.caching.cache_data_api: No runtime found, using MemoryCacheStorageManager
2026-10-01 00:22:30.102 WARNING streamlit.runtime.caching.cache_data_api: No runtime found, using MemoryCacheStorageManager
2026-10-01 00:22:30.103 WARNING streamlit.runtime.caching.cache_data_api: No runtime found, using MemoryCacheStorageManager
2026-10-01 00:22:30.103 WARNING streamlit.runtime.caching.cache_data_api: No runtime found, using MemoryCacheStorageManager
2026-10-01 00:22:30.104 WARNING streamlit.runtime.caching.cache_data_api: No runtime found, using MemoryCacheStorageManager
2026-10-01 00:22:30.104 WARNING streamlit.runtime.caching.cache_data_api: No runtime found, using MemoryCacheStorageManager
2026-10-01 00:22:30.104 WARNING streamlit.runtime.caching.cache_data_api: No runtime found, using MemoryCacheStorageManager
2026-10-01 00:22:30.105 WARNING streamlit.runtime.caching.cache_data_api: No runtime found, using MemoryCacheStorageManager
2026-10-01 00:22:30.106 WARNING streamlit.runtime.caching.cache_data_api: No runtime found, using MemoryCacheStorageManager
2026-10-01 00:22:30.106 WARNING streamlit.runtime.caching.cache_data_api: No runtime found, using MemoryCacheStorageManager
2026-10-01 00:22:30.108 WARNING streamlit.runtime.caching.cache_data_api: No runtime found, using MemoryCacheStorageManager
2026-10-01 00:22:30.130 WARNING streamlit.runtime.caching.cache_data_api: No runtime found, using MemoryCacheStorageManager
2026-10-01 00:22:30.130 WARNING streamlit.runtime.caching.cache_data_api: No runtime found, using MemoryCacheStorageManager
2026-10-01 00:22:30.131 WARNING streamlit.runtime.caching.cache_data_api: No runtime found, using MemoryCacheStorageManager
2026-10-01 00:22:30.131 WARNING streamlit.runtime.caching.cache_data_api: No runtime found, using MemoryCacheStorageManager
2026-10-01 00:22:30.132 WARNING streamlit.runtime.caching.cache_data_api: No runtime found, using MemoryCacheStorageManager
2026-10-01 00:22:30.132 WARNING streamlit.runtime.caching.cache_data_api: No runtime found, using MemoryCacheStorageManager
2026-10-01 00:22:30.133 WARNING streamlit.runtime.caching.cache_data_api: No runtime found, using MemoryCacheStorageManager
2026-10-01 00:22:30.133 WARNING streamlit.runtime.caching.cache_data_api: No runtime found, using MemoryCacheStorageManager
2026-10-01 00:22:30.134 WARNING streamlit.runtime.caching.cache_data_api: No runtime found, using MemoryCacheStorageManager
2026-10-01 00:22:30.138 WARNING streamlit.runtime.caching.cache_data_api: No runtime found, using MemoryCacheStorageManager
2026-10-01 00:22:30.140 WARNING streamlit.runtime.caching.cache_data_api: No runtime found, using MemoryCacheStorageManager
dump [2021, 2022, 2023, 2024, 2025] wk1-18  (90 builds)

2026-10-01 00:22:30.168 WARNING streamlit.runtime.caching.cache_data_api: No runtime found, using MemoryCacheStorageManager
2026-10-01 00:22:30.169 WARNING streamlit.runtime.scriptrunner_utils.script_run_context: Thread 'MainThread': missing ScriptRunContext! This warning can be ignored when running in bare mode.
2026-10-01 00:22:30.169 WARNING streamlit.runtime.caching.cache_data_api: No runtime found, using MemoryCacheStorageManager
2026-10-01 00:22:30.652 WARNING streamlit.runtime.caching.cache_data_api: No runtime found, using MemoryCacheStorageManager
2026-10-01 00:22:31.181 WARNING streamlit.runtime.caching.cache_data_api: No runtime found, using MemoryCacheStorageManager
2026-10-01 00:22:31.182 WARNING streamlit.runtime.scriptrunner_utils.script_run_context: Thread 'MainThread': missing ScriptRunContext! This warning can be ignored when running in bare mode.
2026-10-01 00:22:31.528 WARNING streamlit.runtime.caching.cache_data_api: No runtime found, using MemoryCacheStorageManager
2026-10-01 00:22:31.543 WARNING streamlit.runtime.caching.cache_data_api: No runtime found, using MemoryCacheStorageManager
2026-10-01 00:22:36.063 WARNING streamlit.runtime.caching.cache_data_api: No runtime found, using MemoryCacheStorageManager
2026-10-01 00:22:36.077 WARNING streamlit.runtime.caching.cache_data_api: No runtime found, using MemoryCacheStorageManager
2026-10-01 00:22:36.100 WARNING streamlit.runtime.caching.cache_data_api: No runtime found, using MemoryCacheStorageManager
2026-10-01 00:23:03.219 WARNING streamlit.runtime.caching.cache_data_api: No runtime found, using MemoryCacheStorageManager
2026-10-01 00:23:03.220 WARNING streamlit.runtime.caching.cache_data_api: No runtime found, using MemoryCacheStorageManager
2026-10-01 00:23:13.233 WARNING streamlit.runtime.caching.cache_data_api: No runtime found, using MemoryCacheStorageManager
2021 w1 done  (316 rows)
2021 w2 done  (414 rows)
2021 w3 done  (424 rows)
2021 w4 done  (439 rows)
2021 w5 done  (436 rows)
2021 w6 done  (387 rows)
2021 w7 done  (359 rows)
2021 w8 done  (431 rows)
2021 w9 done  (400 rows)
2021 w10 done  (415 rows)
2021 w11 done  (461 rows)
2021 w12 done  (463 rows)
2021 w13 done  (422 rows)
2021 w14 done  (423 rows)
2021 w15 done  (487 rows)
2021 w16 done  (485 rows)
2021 w17 done  (499 rows)
2021 w18 done  (521 rows)
2026-10-01 00:35:42.939 WARNING streamlit.runtime.scriptrunner_utils.script_run_context: Thread 'MainThread': missing ScriptRunContext! This warning can be ignored when running in bare mode.
2026-10-01 00:35:44.010 WARNING streamlit.runtime.scriptrunner_utils.script_run_context: Thread 'MainThread': missing ScriptRunContext! This warning can be ignored when running in bare mode.
2022 w1 done  (306 rows)
2022 w2 done  (402 rows)
2022 w3 done  (426 rows)
2022 w4 done  (433 rows)
2022 w5 done  (436 rows)
2022 w6 done  (399 rows)
2022 w7 done  (403 rows)
2022 w8 done  (434 rows)
2022 w9 done  (379 rows)
2022 w10 done  (419 rows)
2022 w11 done  (433 rows)
2022 w12 done  (492 rows)
2022 w13 done  (471 rows)
2022 w14 done  (409 rows)
2022 w15 done  (499 rows)
2022 w16 done  (500 rows)
2022 w17 done  (469 rows)
2022 w18 done  (510 rows)
2026-10-01 00:49:12.673 WARNING streamlit.runtime.scriptrunner_utils.script_run_context: Thread 'MainThread': missing ScriptRunContext! This warning can be ignored when running in bare mode.
2026-10-01 00:49:13.740 WARNING streamlit.runtime.scriptrunner_utils.script_run_context: Thread 'MainThread': missing ScriptRunContext! This warning can be ignored when running in bare mode.
2023 w1 done  (317 rows)
2023 w2 done  (395 rows)
2023 w3 done  (397 rows)
2023 w4 done  (416 rows)
2023 w5 done  (386 rows)
2023 w6 done  (410 rows)
2023 w7 done  (361 rows)
2023 w8 done  (449 rows)
2023 w9 done  (390 rows)
2023 w10 done  (400 rows)
2023 w11 done  (413 rows)
2023 w12 done  (468 rows)
2023 w13 done  (384 rows)
2023 w14 done  (453 rows)
2023 w15 done  (485 rows)
2023 w16 done  (490 rows)
2023 w17 done  (482 rows)
2023 w18 done  (481 rows)
2026-10-01 01:02:03.165 WARNING streamlit.runtime.scriptrunner_utils.script_run_context: Thread 'MainThread': missing ScriptRunContext! This warning can be ignored when running in bare mode.
2026-10-01 01:02:04.236 WARNING streamlit.runtime.scriptrunner_utils.script_run_context: Thread 'MainThread': missing ScriptRunContext! This warning can be ignored when running in bare mode.
2024 w1 done  (316 rows)
2024 w2 done  (394 rows)
2024 w3 done  (410 rows)
2024 w4 done  (424 rows)
2024 w5 done  (373 rows)
2024 w6 done  (382 rows)
2024 w7 done  (425 rows)
2024 w8 done  (456 rows)
2024 w9 done  (424 rows)
2024 w10 done  (411 rows)
2024 w11 done  (413 rows)
2024 w12 done  (391 rows)
2024 w13 done  (480 rows)
2024 w14 done  (397 rows)
2024 w15 done  (481 rows)
2024 w16 done  (478 rows)
2024 w17 done  (488 rows)
2024 w18 done  (479 rows)
2026-10-01 01:23:51.766 WARNING streamlit.runtime.scriptrunner_utils.script_run_context: Thread 'MainThread': missing ScriptRunContext! This warning can be ignored when running in bare mode.
2026-10-01 01:23:52.921 WARNING streamlit.runtime.scriptrunner_utils.script_run_context: Thread 'MainThread': missing ScriptRunContext! This warning can be ignored when running in bare mode.
2025 w1 done  (356 rows)
2025 w2 done  (420 rows)
2025 w3 done  (438 rows)
2025 w4 done  (441 rows)
2025 w5 done  (392 rows)
2025 w6 done  (427 rows)
2025 w7 done  (429 rows)
2025 w8 done  (374 rows)
2025 w9 done  (416 rows)
2025 w10 done  (417 rows)
2025 w11 done  (446 rows)
2025 w12 done  (426 rows)
2025 w13 done  (502 rows)
2025 w14 done  (434 rows)
2025 w15 done  (506 rows)
2025 w16 done  (506 rows)
2025 w17 done  (496 rows)
2025 w18 done  (490 rows)

wrote 38,717 player-weeks -> .sweeps/seasonal_calibration_allrows.csv
