2026-10-05 23:18:35.318 WARNING streamlit.runtime.caching.cache_data_api: No runtime found, using MemoryCacheStorageManager
2026-10-05 23:18:35.319 WARNING streamlit.runtime.caching.cache_data_api: No runtime found, using MemoryCacheStorageManager
2026-10-05 23:18:35.320 WARNING streamlit.runtime.caching.cache_data_api: No runtime found, using MemoryCacheStorageManager
2026-10-05 23:18:35.320 WARNING streamlit.runtime.caching.cache_data_api: No runtime found, using MemoryCacheStorageManager
2026-10-05 23:18:35.323 WARNING streamlit.runtime.caching.cache_data_api: No runtime found, using MemoryCacheStorageManager
2026-10-05 23:18:35.323 WARNING streamlit.runtime.caching.cache_data_api: No runtime found, using MemoryCacheStorageManager
2026-10-05 23:18:35.324 WARNING streamlit.runtime.caching.cache_data_api: No runtime found, using MemoryCacheStorageManager
2026-10-05 23:18:35.324 WARNING streamlit.runtime.caching.cache_data_api: No runtime found, using MemoryCacheStorageManager
2026-10-05 23:18:35.325 WARNING streamlit.runtime.caching.cache_data_api: No runtime found, using MemoryCacheStorageManager
2026-10-05 23:18:35.325 WARNING streamlit.runtime.caching.cache_data_api: No runtime found, using MemoryCacheStorageManager
2026-10-05 23:18:35.325 WARNING streamlit.runtime.caching.cache_data_api: No runtime found, using MemoryCacheStorageManager
2026-10-05 23:18:35.326 WARNING streamlit.runtime.caching.cache_data_api: No runtime found, using MemoryCacheStorageManager
2026-10-05 23:18:35.326 WARNING streamlit.runtime.caching.cache_data_api: No runtime found, using MemoryCacheStorageManager
2026-10-05 23:18:35.326 WARNING streamlit.runtime.caching.cache_data_api: No runtime found, using MemoryCacheStorageManager
2026-10-05 23:18:35.327 WARNING streamlit.runtime.caching.cache_data_api: No runtime found, using MemoryCacheStorageManager
2026-10-05 23:18:35.327 WARNING streamlit.runtime.caching.cache_data_api: No runtime found, using MemoryCacheStorageManager
2026-10-05 23:18:35.327 WARNING streamlit.runtime.caching.cache_data_api: No runtime found, using MemoryCacheStorageManager
2026-10-05 23:18:35.327 WARNING streamlit.runtime.caching.cache_data_api: No runtime found, using MemoryCacheStorageManager
2026-10-05 23:18:35.328 WARNING streamlit.runtime.caching.cache_data_api: No runtime found, using MemoryCacheStorageManager
2026-10-05 23:18:35.328 WARNING streamlit.runtime.caching.cache_data_api: No runtime found, using MemoryCacheStorageManager
2026-10-05 23:18:35.328 WARNING streamlit.runtime.caching.cache_data_api: No runtime found, using MemoryCacheStorageManager
2026-10-05 23:18:35.329 WARNING streamlit.runtime.caching.cache_data_api: No runtime found, using MemoryCacheStorageManager
2026-10-05 23:18:35.329 WARNING streamlit.runtime.caching.cache_data_api: No runtime found, using MemoryCacheStorageManager
2026-10-05 23:18:35.329 WARNING streamlit.runtime.caching.cache_data_api: No runtime found, using MemoryCacheStorageManager
2026-10-05 23:18:35.330 WARNING streamlit.runtime.caching.cache_data_api: No runtime found, using MemoryCacheStorageManager
2026-10-05 23:18:35.330 WARNING streamlit.runtime.caching.cache_data_api: No runtime found, using MemoryCacheStorageManager
2026-10-05 23:18:35.331 WARNING streamlit.runtime.caching.cache_data_api: No runtime found, using MemoryCacheStorageManager
2026-10-05 23:18:35.331 WARNING streamlit.runtime.caching.cache_data_api: No runtime found, using MemoryCacheStorageManager
2026-10-05 23:18:35.331 WARNING streamlit.runtime.caching.cache_data_api: No runtime found, using MemoryCacheStorageManager
2026-10-05 23:18:35.332 WARNING streamlit.runtime.caching.cache_data_api: No runtime found, using MemoryCacheStorageManager
2026-10-05 23:18:35.333 WARNING streamlit.runtime.caching.cache_data_api: No runtime found, using MemoryCacheStorageManager
2026-10-05 23:18:35.333 WARNING streamlit.runtime.caching.cache_data_api: No runtime found, using MemoryCacheStorageManager
2026-10-05 23:18:35.335 WARNING streamlit.runtime.caching.cache_data_api: No runtime found, using MemoryCacheStorageManager
2026-10-05 23:18:35.357 WARNING streamlit.runtime.caching.cache_data_api: No runtime found, using MemoryCacheStorageManager
2026-10-05 23:18:35.357 WARNING streamlit.runtime.caching.cache_data_api: No runtime found, using MemoryCacheStorageManager
2026-10-05 23:18:35.358 WARNING streamlit.runtime.caching.cache_data_api: No runtime found, using MemoryCacheStorageManager
2026-10-05 23:18:35.358 WARNING streamlit.runtime.caching.cache_data_api: No runtime found, using MemoryCacheStorageManager
2026-10-05 23:18:35.359 WARNING streamlit.runtime.caching.cache_data_api: No runtime found, using MemoryCacheStorageManager
2026-10-05 23:18:35.359 WARNING streamlit.runtime.caching.cache_data_api: No runtime found, using MemoryCacheStorageManager
2026-10-05 23:18:35.360 WARNING streamlit.runtime.caching.cache_data_api: No runtime found, using MemoryCacheStorageManager
2026-10-05 23:18:35.360 WARNING streamlit.runtime.caching.cache_data_api: No runtime found, using MemoryCacheStorageManager
2026-10-05 23:18:35.361 WARNING streamlit.runtime.caching.cache_data_api: No runtime found, using MemoryCacheStorageManager
2026-10-05 23:18:35.375 WARNING streamlit.runtime.caching.cache_data_api: No runtime found, using MemoryCacheStorageManager
2026-10-05 23:18:35.377 WARNING streamlit.runtime.caching.cache_data_api: No runtime found, using MemoryCacheStorageManager
dump [2021, 2022, 2023, 2024, 2025] wk1-18  (90 builds)

2026-10-05 23:18:35.406 WARNING streamlit.runtime.caching.cache_data_api: No runtime found, using MemoryCacheStorageManager
2026-10-05 23:18:35.406 WARNING streamlit.runtime.scriptrunner_utils.script_run_context: Thread 'MainThread': missing ScriptRunContext! This warning can be ignored when running in bare mode.
2026-10-05 23:18:35.406 WARNING streamlit.runtime.caching.cache_data_api: No runtime found, using MemoryCacheStorageManager
2026-10-05 23:18:35.900 WARNING streamlit.runtime.caching.cache_data_api: No runtime found, using MemoryCacheStorageManager
2026-10-05 23:18:36.588 WARNING streamlit.runtime.caching.cache_data_api: No runtime found, using MemoryCacheStorageManager
2026-10-05 23:18:36.588 WARNING streamlit.runtime.scriptrunner_utils.script_run_context: Thread 'MainThread': missing ScriptRunContext! This warning can be ignored when running in bare mode.
2026-10-05 23:18:36.924 WARNING streamlit.runtime.caching.cache_data_api: No runtime found, using MemoryCacheStorageManager
2026-10-05 23:18:36.939 WARNING streamlit.runtime.caching.cache_data_api: No runtime found, using MemoryCacheStorageManager
2026-10-05 23:18:39.787 WARNING streamlit.runtime.caching.cache_data_api: No runtime found, using MemoryCacheStorageManager
2026-10-05 23:18:39.794 WARNING streamlit.runtime.caching.cache_data_api: No runtime found, using MemoryCacheStorageManager
2026-10-05 23:18:39.816 WARNING streamlit.runtime.caching.cache_data_api: No runtime found, using MemoryCacheStorageManager
2026-10-05 23:19:17.510 WARNING streamlit.runtime.caching.cache_data_api: No runtime found, using MemoryCacheStorageManager
2026-10-05 23:19:17.510 WARNING streamlit.runtime.caching.cache_data_api: No runtime found, using MemoryCacheStorageManager
2026-10-05 23:19:30.476 WARNING streamlit.runtime.caching.cache_data_api: No runtime found, using MemoryCacheStorageManager
2021 w1 done  (316 rows)
2021 w2 done  (414 rows)
2021 w3 done  (424 rows)
2021 w4 done  (439 rows)
2021 w5 done  (436 rows)
2021 w6 done  (387 rows)
2021 w7 done  (359 rows)
2021 w8 done  (431 rows)
2021 w9 done  (400 rows)
2021 w10 done  (415 rows)
2021 w11 done  (461 rows)
2021 w12 done  (464 rows)
2021 w13 done  (422 rows)
2021 w14 done  (423 rows)
2021 w15 done  (487 rows)
2021 w16 done  (485 rows)
2021 w17 done  (499 rows)
2021 w18 done  (521 rows)
2026-10-05 23:33:02.675 WARNING streamlit.runtime.scriptrunner_utils.script_run_context: Thread 'MainThread': missing ScriptRunContext! This warning can be ignored when running in bare mode.
2026-10-05 23:33:03.679 WARNING streamlit.runtime.scriptrunner_utils.script_run_context: Thread 'MainThread': missing ScriptRunContext! This warning can be ignored when running in bare mode.
2022 w1 done  (306 rows)
2022 w2 done  (402 rows)
2022 w3 done  (426 rows)
2022 w4 done  (433 rows)
2022 w5 done  (436 rows)
2022 w6 done  (400 rows)
2022 w7 done  (403 rows)
2022 w8 done  (434 rows)
2022 w9 done  (379 rows)
2022 w10 done  (419 rows)
2022 w11 done  (433 rows)
2022 w12 done  (492 rows)
2022 w13 done  (471 rows)
2022 w14 done  (409 rows)
2022 w15 done  (499 rows)
2022 w16 done  (500 rows)
2022 w17 done  (469 rows)
2022 w18 done  (510 rows)
2026-10-05 23:46:00.015 WARNING streamlit.runtime.scriptrunner_utils.script_run_context: Thread 'MainThread': missing ScriptRunContext! This warning can be ignored when running in bare mode.
2026-10-05 23:46:01.051 WARNING streamlit.runtime.scriptrunner_utils.script_run_context: Thread 'MainThread': missing ScriptRunContext! This warning can be ignored when running in bare mode.
2023 w1 done  (317 rows)
2023 w2 done  (395 rows)
2023 w3 done  (397 rows)
2023 w4 done  (416 rows)
2023 w5 done  (386 rows)
2023 w6 done  (410 rows)
2023 w7 done  (361 rows)
2023 w8 done  (449 rows)
2023 w9 done  (390 rows)
2023 w10 done  (400 rows)
2023 w11 done  (413 rows)
2023 w12 done  (468 rows)
2023 w13 done  (384 rows)
2023 w14 done  (453 rows)
2023 w15 done  (485 rows)
2023 w16 done  (490 rows)
2023 w17 done  (482 rows)
2023 w18 done  (481 rows)
2026-10-05 23:58:44.823 WARNING streamlit.runtime.scriptrunner_utils.script_run_context: Thread 'MainThread': missing ScriptRunContext! This warning can be ignored when running in bare mode.
2026-10-05 23:58:45.825 WARNING streamlit.runtime.scriptrunner_utils.script_run_context: Thread 'MainThread': missing ScriptRunContext! This warning can be ignored when running in bare mode.
2024 w1 done  (316 rows)
2024 w2 done  (394 rows)
2024 w3 done  (410 rows)
2024 w4 done  (424 rows)
2024 w5 done  (373 rows)
2024 w6 done  (382 rows)
2024 w7 done  (425 rows)
2024 w8 done  (456 rows)
2024 w9 done  (424 rows)
2024 w10 done  (411 rows)
2024 w11 done  (413 rows)
2024 w12 done  (391 rows)
2024 w13 done  (480 rows)
2024 w14 done  (397 rows)
2024 w15 done  (481 rows)
2024 w16 done  (478 rows)
2024 w17 done  (488 rows)
2024 w18 done  (479 rows)
2026-10-06 00:20:25.970 WARNING streamlit.runtime.scriptrunner_utils.script_run_context: Thread 'MainThread': missing ScriptRunContext! This warning can be ignored when running in bare mode.
2026-10-06 00:20:27.084 WARNING streamlit.runtime.scriptrunner_utils.script_run_context: Thread 'MainThread': missing ScriptRunContext! This warning can be ignored when running in bare mode.
2025 w1 done  (356 rows)
2025 w2 done  (420 rows)
2025 w3 done  (438 rows)
2025 w4 done  (441 rows)
2025 w5 done  (392 rows)
2025 w6 done  (427 rows)
2025 w7 done  (429 rows)
2025 w8 done  (374 rows)
2025 w9 done  (416 rows)
2025 w10 done  (417 rows)
2025 w11 done  (446 rows)
2025 w12 done  (426 rows)
2025 w13 done  (502 rows)
2025 w14 done  (434 rows)
2025 w15 done  (506 rows)
2025 w16 done  (506 rows)
2025 w17 done  (496 rows)
2025 w18 done  (490 rows)

wrote 38,719 player-weeks -> .sweeps\seasonal_calibration_allrows_v6.csv
