========================================================================================
HELD-OUT 2025: startable MAE / |bias|   (fit on 2021-2024)
========================================================================================
pos        shipped single        refit single      WR/TE 2-bucket
QB           6.723/+0.695        6.711/+0.372        6.711/+0.372
RB           5.977/+0.183        5.931/-0.065        5.931/-0.065
WR           6.128/+0.635        6.054/+0.233        6.043/+0.235
TE           5.229/-0.524        5.227/-0.728        5.183/-0.717

========================================================================================
SHIP THESE  (fit on 2021-2025, half-strength, two-sided)
========================================================================================
WEEKLY_CALIBRATION = {
    'QB'  : (0.873, 1.543),
    'RB'  : (0.951, 0.269),
    'WR'  : (0.974, 0.219),
    'TE'  : (0.992, 0.117),
}

WEEKLY_CALIBRATION_COLD_MAX_WEEK = 4
WEEKLY_CALIBRATION_BY_BUCKET = {
    'cold': {
        'WR'  : (0.927, 0.583),
        'TE'  : (0.891, 0.325),
    },
    'rest': {
        'WR'  : (0.989, 0.120),
        'TE'  : (1.029, 0.046),
    },
}

(QB/RB fall through to WEEKLY_CALIBRATION - no phase split. WR/TE 'rest'
 bucket is the in-season line; 'cold' is weeks 1-4.)
