2026-09-30 15:15:59.735 WARNING streamlit.runtime.caching.cache_data_api: No runtime found, using MemoryCacheStorageManager
2026-09-30 15:15:59.736 WARNING streamlit.runtime.caching.cache_data_api: No runtime found, using MemoryCacheStorageManager
2026-09-30 15:15:59.736 WARNING streamlit.runtime.caching.cache_data_api: No runtime found, using MemoryCacheStorageManager
2026-09-30 15:15:59.737 WARNING streamlit.runtime.caching.cache_data_api: No runtime found, using MemoryCacheStorageManager
2026-09-30 15:15:59.739 WARNING streamlit.runtime.caching.cache_data_api: No runtime found, using MemoryCacheStorageManager
2026-09-30 15:15:59.740 WARNING streamlit.runtime.caching.cache_data_api: No runtime found, using MemoryCacheStorageManager
2026-09-30 15:15:59.740 WARNING streamlit.runtime.caching.cache_data_api: No runtime found, using MemoryCacheStorageManager
2026-09-30 15:15:59.741 WARNING streamlit.runtime.caching.cache_data_api: No runtime found, using MemoryCacheStorageManager
2026-09-30 15:15:59.742 WARNING streamlit.runtime.caching.cache_data_api: No runtime found, using MemoryCacheStorageManager
2026-09-30 15:15:59.742 WARNING streamlit.runtime.caching.cache_data_api: No runtime found, using MemoryCacheStorageManager
2026-09-30 15:15:59.742 WARNING streamlit.runtime.caching.cache_data_api: No runtime found, using MemoryCacheStorageManager
2026-09-30 15:15:59.742 WARNING streamlit.runtime.caching.cache_data_api: No runtime found, using MemoryCacheStorageManager
2026-09-30 15:15:59.742 WARNING streamlit.runtime.caching.cache_data_api: No runtime found, using MemoryCacheStorageManager
2026-09-30 15:15:59.743 WARNING streamlit.runtime.caching.cache_data_api: No runtime found, using MemoryCacheStorageManager
2026-09-30 15:15:59.743 WARNING streamlit.runtime.caching.cache_data_api: No runtime found, using MemoryCacheStorageManager
2026-09-30 15:15:59.743 WARNING streamlit.runtime.caching.cache_data_api: No runtime found, using MemoryCacheStorageManager
2026-09-30 15:15:59.744 WARNING streamlit.runtime.caching.cache_data_api: No runtime found, using MemoryCacheStorageManager
2026-09-30 15:15:59.744 WARNING streamlit.runtime.caching.cache_data_api: No runtime found, using MemoryCacheStorageManager
2026-09-30 15:15:59.744 WARNING streamlit.runtime.caching.cache_data_api: No runtime found, using MemoryCacheStorageManager
2026-09-30 15:15:59.745 WARNING streamlit.runtime.caching.cache_data_api: No runtime found, using MemoryCacheStorageManager
2026-09-30 15:15:59.745 WARNING streamlit.runtime.caching.cache_data_api: No runtime found, using MemoryCacheStorageManager
2026-09-30 15:15:59.745 WARNING streamlit.runtime.caching.cache_data_api: No runtime found, using MemoryCacheStorageManager
2026-09-30 15:15:59.746 WARNING streamlit.runtime.caching.cache_data_api: No runtime found, using MemoryCacheStorageManager
2026-09-30 15:15:59.746 WARNING streamlit.runtime.caching.cache_data_api: No runtime found, using MemoryCacheStorageManager
2026-09-30 15:15:59.746 WARNING streamlit.runtime.caching.cache_data_api: No runtime found, using MemoryCacheStorageManager
2026-09-30 15:15:59.747 WARNING streamlit.runtime.caching.cache_data_api: No runtime found, using MemoryCacheStorageManager
2026-09-30 15:15:59.747 WARNING streamlit.runtime.caching.cache_data_api: No runtime found, using MemoryCacheStorageManager
2026-09-30 15:15:59.747 WARNING streamlit.runtime.caching.cache_data_api: No runtime found, using MemoryCacheStorageManager
2026-09-30 15:15:59.748 WARNING streamlit.runtime.caching.cache_data_api: No runtime found, using MemoryCacheStorageManager
2026-09-30 15:15:59.749 WARNING streamlit.runtime.caching.cache_data_api: No runtime found, using MemoryCacheStorageManager
2026-09-30 15:15:59.749 WARNING streamlit.runtime.caching.cache_data_api: No runtime found, using MemoryCacheStorageManager
2026-09-30 15:15:59.750 WARNING streamlit.runtime.caching.cache_data_api: No runtime found, using MemoryCacheStorageManager
2026-09-30 15:15:59.752 WARNING streamlit.runtime.caching.cache_data_api: No runtime found, using MemoryCacheStorageManager
2026-09-30 15:15:59.773 WARNING streamlit.runtime.caching.cache_data_api: No runtime found, using MemoryCacheStorageManager
2026-09-30 15:15:59.773 WARNING streamlit.runtime.caching.cache_data_api: No runtime found, using MemoryCacheStorageManager
2026-09-30 15:15:59.773 WARNING streamlit.runtime.caching.cache_data_api: No runtime found, using MemoryCacheStorageManager
2026-09-30 15:15:59.774 WARNING streamlit.runtime.caching.cache_data_api: No runtime found, using MemoryCacheStorageManager
2026-09-30 15:15:59.774 WARNING streamlit.runtime.caching.cache_data_api: No runtime found, using MemoryCacheStorageManager
2026-09-30 15:15:59.775 WARNING streamlit.runtime.caching.cache_data_api: No runtime found, using MemoryCacheStorageManager
2026-09-30 15:15:59.775 WARNING streamlit.runtime.caching.cache_data_api: No runtime found, using MemoryCacheStorageManager
2026-09-30 15:15:59.776 WARNING streamlit.runtime.caching.cache_data_api: No runtime found, using MemoryCacheStorageManager
2026-09-30 15:15:59.776 WARNING streamlit.runtime.caching.cache_data_api: No runtime found, using MemoryCacheStorageManager
2026-09-30 15:15:59.780 WARNING streamlit.runtime.caching.cache_data_api: No runtime found, using MemoryCacheStorageManager
2026-09-30 15:15:59.783 WARNING streamlit.runtime.caching.cache_data_api: No runtime found, using MemoryCacheStorageManager
dump [2021, 2022, 2023, 2024, 2025] wk1-18  (90 builds)

2026-09-30 15:15:59.811 WARNING streamlit.runtime.caching.cache_data_api: No runtime found, using MemoryCacheStorageManager
2026-09-30 15:15:59.811 WARNING streamlit.runtime.scriptrunner_utils.script_run_context: Thread 'MainThread': missing ScriptRunContext! This warning can be ignored when running in bare mode.
2026-09-30 15:15:59.812 WARNING streamlit.runtime.caching.cache_data_api: No runtime found, using MemoryCacheStorageManager
2026-09-30 15:16:00.302 WARNING streamlit.runtime.caching.cache_data_api: No runtime found, using MemoryCacheStorageManager
2026-09-30 15:16:00.830 WARNING streamlit.runtime.caching.cache_data_api: No runtime found, using MemoryCacheStorageManager
2026-09-30 15:16:00.830 WARNING streamlit.runtime.scriptrunner_utils.script_run_context: Thread 'MainThread': missing ScriptRunContext! This warning can be ignored when running in bare mode.
2026-09-30 15:16:01.160 WARNING streamlit.runtime.caching.cache_data_api: No runtime found, using MemoryCacheStorageManager
2026-09-30 15:16:01.174 WARNING streamlit.runtime.caching.cache_data_api: No runtime found, using MemoryCacheStorageManager
2026-09-30 15:16:03.776 WARNING streamlit.runtime.caching.cache_data_api: No runtime found, using MemoryCacheStorageManager
2026-09-30 15:16:03.788 WARNING streamlit.runtime.caching.cache_data_api: No runtime found, using MemoryCacheStorageManager
2026-09-30 15:16:03.811 WARNING streamlit.runtime.caching.cache_data_api: No runtime found, using MemoryCacheStorageManager
2026-09-30 15:16:26.468 WARNING streamlit.runtime.caching.cache_data_api: No runtime found, using MemoryCacheStorageManager
2026-09-30 15:16:26.468 WARNING streamlit.runtime.caching.cache_data_api: No runtime found, using MemoryCacheStorageManager
2026-09-30 15:16:33.398 WARNING streamlit.runtime.caching.cache_data_api: No runtime found, using MemoryCacheStorageManager
2021 w1 done  (325 rows)
2021 w2 done  (440 rows)
2021 w3 done  (465 rows)
2021 w4 done  (481 rows)
2021 w5 done  (493 rows)
2021 w6 done  (434 rows)
2021 w7 done  (419 rows)
2021 w8 done  (495 rows)
2021 w9 done  (461 rows)
2021 w10 done  (479 rows)
2021 w11 done  (522 rows)
2021 w12 done  (532 rows)
2021 w13 done  (490 rows)
2021 w14 done  (508 rows)
2021 w15 done  (588 rows)
2021 w16 done  (599 rows)
2021 w17 done  (608 rows)
2021 w18 done  (616 rows)
2026-09-30 15:25:32.452 WARNING streamlit.runtime.scriptrunner_utils.script_run_context: Thread 'MainThread': missing ScriptRunContext! This warning can be ignored when running in bare mode.
2026-09-30 15:25:33.427 WARNING streamlit.runtime.scriptrunner_utils.script_run_context: Thread 'MainThread': missing ScriptRunContext! This warning can be ignored when running in bare mode.
2022 w1 done  (311 rows)
2022 w2 done  (422 rows)
2022 w3 done  (450 rows)
2022 w4 done  (469 rows)
2022 w5 done  (484 rows)
2022 w6 done  (442 rows)
2022 w7 done  (452 rows)
2022 w8 done  (486 rows)
2022 w9 done  (431 rows)
2022 w10 done  (468 rows)
2022 w11 done  (486 rows)
2022 w12 done  (554 rows)
2022 w13 done  (529 rows)
2022 w14 done  (466 rows)
2022 w15 done  (574 rows)
2022 w16 done  (579 rows)
2022 w17 done  (545 rows)
2022 w18 done  (587 rows)
2026-09-30 15:35:01.340 WARNING streamlit.runtime.scriptrunner_utils.script_run_context: Thread 'MainThread': missing ScriptRunContext! This warning can be ignored when running in bare mode.
2026-09-30 15:35:02.300 WARNING streamlit.runtime.scriptrunner_utils.script_run_context: Thread 'MainThread': missing ScriptRunContext! This warning can be ignored when running in bare mode.
2023 w1 done  (320 rows)
2023 w2 done  (416 rows)
2023 w3 done  (435 rows)
2023 w4 done  (454 rows)
2023 w5 done  (413 rows)
2023 w6 done  (453 rows)
2023 w7 done  (399 rows)
2023 w8 done  (502 rows)
2023 w9 done  (444 rows)
2023 w10 done  (450 rows)
2023 w11 done  (459 rows)
2023 w12 done  (526 rows)
2023 w13 done  (426 rows)
2023 w14 done  (507 rows)
2023 w15 done  (541 rows)
2023 w16 done  (550 rows)
2023 w17 done  (555 rows)
2023 w18 done  (562 rows)
2026-09-30 15:44:18.404 WARNING streamlit.runtime.scriptrunner_utils.script_run_context: Thread 'MainThread': missing ScriptRunContext! This warning can be ignored when running in bare mode.
2026-09-30 15:44:19.474 WARNING streamlit.runtime.scriptrunner_utils.script_run_context: Thread 'MainThread': missing ScriptRunContext! This warning can be ignored when running in bare mode.
2024 w1 done  (321 rows)
2024 w2 done  (416 rows)
2024 w3 done  (447 rows)
2024 w4 done  (460 rows)
2024 w5 done  (415 rows)
2024 w6 done  (415 rows)
2024 w7 done  (470 rows)
2024 w8 done  (509 rows)
2024 w9 done  (479 rows)
2024 w10 done  (458 rows)
2024 w11 done  (463 rows)
2024 w12 done  (434 rows)
2024 w13 done  (538 rows)
2024 w14 done  (450 rows)
2024 w15 done  (556 rows)
2024 w16 done  (560 rows)
2024 w17 done  (566 rows)
2024 w18 done  (572 rows)
2026-09-30 16:02:22.726 WARNING streamlit.runtime.scriptrunner_utils.script_run_context: Thread 'MainThread': missing ScriptRunContext! This warning can be ignored when running in bare mode.
2026-09-30 16:02:23.928 WARNING streamlit.runtime.scriptrunner_utils.script_run_context: Thread 'MainThread': missing ScriptRunContext! This warning can be ignored when running in bare mode.
2025 w1 done  (358 rows)
2025 w2 done  (449 rows)
2025 w3 done  (471 rows)
2025 w4 done  (485 rows)
2025 w5 done  (439 rows)
2025 w6 done  (478 rows)
2025 w7 done  (486 rows)
2025 w8 done  (425 rows)
2025 w9 done  (470 rows)
2025 w10 done  (475 rows)
2025 w11 done  (514 rows)
2025 w12 done  (486 rows)
2025 w13 done  (570 rows)
2025 w14 done  (496 rows)
2025 w15 done  (577 rows)
2025 w16 done  (582 rows)
2025 w17 done  (586 rows)
2025 w18 done  (592 rows)

wrote 27,918 player-weeks -> .sweeps\seasonal_calibration_predictions.csv
