2026-10-05 18:35:26.708 WARNING streamlit.runtime.caching.cache_data_api: No runtime found, using MemoryCacheStorageManager
2026-10-05 18:35:26.708 WARNING streamlit.runtime.caching.cache_data_api: No runtime found, using MemoryCacheStorageManager
2026-10-05 18:35:26.709 WARNING streamlit.runtime.caching.cache_data_api: No runtime found, using MemoryCacheStorageManager
2026-10-05 18:35:26.709 WARNING streamlit.runtime.caching.cache_data_api: No runtime found, using MemoryCacheStorageManager
2026-10-05 18:35:26.710 WARNING streamlit.runtime.caching.cache_data_api: No runtime found, using MemoryCacheStorageManager
2026-10-05 18:35:26.710 WARNING streamlit.runtime.caching.cache_data_api: No runtime found, using MemoryCacheStorageManager
2026-10-05 18:35:26.711 WARNING streamlit.runtime.caching.cache_data_api: No runtime found, using MemoryCacheStorageManager
2026-10-05 18:35:26.711 WARNING streamlit.runtime.caching.cache_data_api: No runtime found, using MemoryCacheStorageManager
2026-10-05 18:35:26.712 WARNING streamlit.runtime.caching.cache_data_api: No runtime found, using MemoryCacheStorageManager
2026-10-05 18:35:26.712 WARNING streamlit.runtime.caching.cache_data_api: No runtime found, using MemoryCacheStorageManager
2026-10-05 18:35:26.714 WARNING streamlit.runtime.caching.cache_data_api: No runtime found, using MemoryCacheStorageManager
2026-10-05 18:35:26.714 WARNING streamlit.runtime.caching.cache_data_api: No runtime found, using MemoryCacheStorageManager
2026-10-05 18:35:26.715 WARNING streamlit.runtime.caching.cache_data_api: No runtime found, using MemoryCacheStorageManager
2026-10-05 18:35:26.716 WARNING streamlit.runtime.caching.cache_data_api: No runtime found, using MemoryCacheStorageManager
2026-10-05 18:35:27.118 WARNING streamlit.runtime.caching.cache_data_api: No runtime found, using MemoryCacheStorageManager
2026-10-05 18:35:27.119 WARNING streamlit.runtime.caching.cache_data_api: No runtime found, using MemoryCacheStorageManager
2026-10-05 18:35:27.119 WARNING streamlit.runtime.caching.cache_data_api: No runtime found, using MemoryCacheStorageManager
2026-10-05 18:35:27.120 WARNING streamlit.runtime.caching.cache_data_api: No runtime found, using MemoryCacheStorageManager
2026-10-05 18:35:27.122 WARNING streamlit.runtime.caching.cache_data_api: No runtime found, using MemoryCacheStorageManager
2026-10-05 18:35:27.123 WARNING streamlit.runtime.caching.cache_data_api: No runtime found, using MemoryCacheStorageManager
2026-10-05 18:35:27.123 WARNING streamlit.runtime.caching.cache_data_api: No runtime found, using MemoryCacheStorageManager
2026-10-05 18:35:27.123 WARNING streamlit.runtime.caching.cache_data_api: No runtime found, using MemoryCacheStorageManager
2026-10-05 18:35:27.124 WARNING streamlit.runtime.caching.cache_data_api: No runtime found, using MemoryCacheStorageManager
2026-10-05 18:35:27.125 WARNING streamlit.runtime.caching.cache_data_api: No runtime found, using MemoryCacheStorageManager
2026-10-05 18:35:27.125 WARNING streamlit.runtime.caching.cache_data_api: No runtime found, using MemoryCacheStorageManager
2026-10-05 18:35:27.125 WARNING streamlit.runtime.caching.cache_data_api: No runtime found, using MemoryCacheStorageManager
2026-10-05 18:35:27.125 WARNING streamlit.runtime.caching.cache_data_api: No runtime found, using MemoryCacheStorageManager
2026-10-05 18:35:27.126 WARNING streamlit.runtime.caching.cache_data_api: No runtime found, using MemoryCacheStorageManager
2026-10-05 18:35:27.126 WARNING streamlit.runtime.caching.cache_data_api: No runtime found, using MemoryCacheStorageManager
2026-10-05 18:35:27.126 WARNING streamlit.runtime.caching.cache_data_api: No runtime found, using MemoryCacheStorageManager
2026-10-05 18:35:27.126 WARNING streamlit.runtime.caching.cache_data_api: No runtime found, using MemoryCacheStorageManager
2026-10-05 18:35:27.127 WARNING streamlit.runtime.caching.cache_data_api: No runtime found, using MemoryCacheStorageManager
2026-10-05 18:35:27.127 WARNING streamlit.runtime.caching.cache_data_api: No runtime found, using MemoryCacheStorageManager
2026-10-05 18:35:27.128 WARNING streamlit.runtime.caching.cache_data_api: No runtime found, using MemoryCacheStorageManager
2026-10-05 18:35:27.128 WARNING streamlit.runtime.caching.cache_data_api: No runtime found, using MemoryCacheStorageManager
2026-10-05 18:35:27.128 WARNING streamlit.runtime.caching.cache_data_api: No runtime found, using MemoryCacheStorageManager
2026-10-05 18:35:27.128 WARNING streamlit.runtime.caching.cache_data_api: No runtime found, using MemoryCacheStorageManager
2026-10-05 18:35:27.129 WARNING streamlit.runtime.caching.cache_data_api: No runtime found, using MemoryCacheStorageManager
2026-10-05 18:35:27.129 WARNING streamlit.runtime.caching.cache_data_api: No runtime found, using MemoryCacheStorageManager
2026-10-05 18:35:27.130 WARNING streamlit.runtime.caching.cache_data_api: No runtime found, using MemoryCacheStorageManager
2026-10-05 18:35:27.130 WARNING streamlit.runtime.caching.cache_data_api: No runtime found, using MemoryCacheStorageManager
2026-10-05 18:35:27.130 WARNING streamlit.runtime.caching.cache_data_api: No runtime found, using MemoryCacheStorageManager
2026-10-05 18:35:27.131 WARNING streamlit.runtime.caching.cache_data_api: No runtime found, using MemoryCacheStorageManager
2026-10-05 18:35:27.131 WARNING streamlit.runtime.caching.cache_data_api: No runtime found, using MemoryCacheStorageManager
2026-10-05 18:35:27.132 WARNING streamlit.runtime.caching.cache_data_api: No runtime found, using MemoryCacheStorageManager
2026-10-05 18:35:27.133 WARNING streamlit.runtime.caching.cache_data_api: No runtime found, using MemoryCacheStorageManager
2026-10-05 18:35:27.134 WARNING streamlit.runtime.caching.cache_data_api: No runtime found, using MemoryCacheStorageManager
2026-10-05 18:35:27.164 WARNING streamlit.runtime.caching.cache_data_api: No runtime found, using MemoryCacheStorageManager
2026-10-05 18:35:27.167 WARNING streamlit.runtime.caching.cache_data_api: No runtime found, using MemoryCacheStorageManager
2026-10-05 18:35:27.198 WARNING streamlit.runtime.caching.cache_data_api: No runtime found, using MemoryCacheStorageManager
2026-10-05 18:35:27.199 WARNING streamlit.runtime.caching.cache_data_api: No runtime found, using MemoryCacheStorageManager
2026-10-05 18:35:27.199 WARNING streamlit.runtime.caching.cache_data_api: No runtime found, using MemoryCacheStorageManager
2026-10-05 18:35:27.200 WARNING streamlit.runtime.caching.cache_data_api: No runtime found, using MemoryCacheStorageManager
2026-10-05 18:35:27.200 WARNING streamlit.runtime.caching.cache_data_api: No runtime found, using MemoryCacheStorageManager
2026-10-05 18:35:27.201 WARNING streamlit.runtime.caching.cache_data_api: No runtime found, using MemoryCacheStorageManager
2026-10-05 18:35:27.201 WARNING streamlit.runtime.caching.cache_data_api: No runtime found, using MemoryCacheStorageManager
2026-10-05 18:35:27.202 WARNING streamlit.runtime.caching.cache_data_api: No runtime found, using MemoryCacheStorageManager
2026-10-05 18:35:27.203 WARNING streamlit.runtime.caching.cache_data_api: No runtime found, using MemoryCacheStorageManager
2026-10-05 18:35:27.204 WARNING streamlit.runtime.caching.cache_data_api: No runtime found, using MemoryCacheStorageManager
2026-10-05 18:35:27.204 WARNING streamlit.runtime.caching.cache_data_api: No runtime found, using MemoryCacheStorageManager
2026-10-05 18:35:27.208 WARNING streamlit.runtime.caching.cache_data_api: No runtime found, using MemoryCacheStorageManager
2026-10-05 18:35:27.209 WARNING streamlit.runtime.caching.cache_data_api: No runtime found, using MemoryCacheStorageManager
2026-10-05 18:35:27.210 WARNING streamlit.runtime.caching.cache_data_api: No runtime found, using MemoryCacheStorageManager
2026-10-05 18:35:27.210 WARNING streamlit.runtime.caching.cache_data_api: No runtime found, using MemoryCacheStorageManager
2026-10-05 18:35:27.248 WARNING streamlit.runtime.scriptrunner_utils.script_run_context: Thread 'MainThread': missing ScriptRunContext! This warning can be ignored when running in bare mode.
2026-10-05 18:35:27.248 WARNING streamlit.runtime.scriptrunner_utils.script_run_context: Thread 'MainThread': missing ScriptRunContext! This warning can be ignored when running in bare mode.
2026-10-05 18:35:27.248 WARNING streamlit.runtime.scriptrunner_utils.script_run_context: Thread 'MainThread': missing ScriptRunContext! This warning can be ignored when running in bare mode.

== QB (137s) exceptions [] stub_calls 1
2026-10-05 18:37:43.835 Thread 'MainThread': missing ScriptRunContext! This warning can be ignored when running in bare mode.
2026-10-05 18:37:43.835 Thread 'MainThread': missing ScriptRunContext! This warning can be ignored when running in bare mode.
2026-10-05 18:37:43.835 Thread 'MainThread': missing ScriptRunContext! This warning can be ignored when running in bare mode.
['Player', 'Rank', 'Team', 'Opponent', 'Def Rank', 'Wind', 'Temp', 'Precip', 'Market Proj Pts', 'Model Proj Pts', 'Last 5 Weeks', 'Pass Yds', 'Pass TDs', 'Pass Att', 'Pass Cmp', 'INT', 'Rush Att', 'Rush Yds', 'Rush TDs', 'Injury Status', 'Season Snap %', 'Last 5 Snaps', 'Model Rank', 'Market Rank', 'Market Coverage']
labels: {'Market Proj Pts': 'Market Proj', 'Model Proj Pts': 'Model Proj', 'Injury Status': 'Injury', 'Season Snap %': 'Snap Share'}
Precip values: ['Dry', '\U0001f3df\ufe0f']

== RB (18s) exceptions [] stub_calls 2
2026-10-05 18:38:01.803 Thread 'MainThread': missing ScriptRunContext! This warning can be ignored when running in bare mode.
2026-10-05 18:38:01.803 Thread 'MainThread': missing ScriptRunContext! This warning can be ignored when running in bare mode.
2026-10-05 18:38:01.803 Thread 'MainThread': missing ScriptRunContext! This warning can be ignored when running in bare mode.
['Player', 'Rank', 'Team', 'Opponent', 'Def Rank', 'Wind', 'Temp', 'Precip', 'Market Proj Pts', 'Model Proj Pts', 'Last 5 Weeks', 'Rush Att', 'Rush Yds', 'Rush TDs', 'Tgt', 'Rec', 'Rec Yds', 'Rec TDs', 'Injury Status', 'Season Snap %', 'Last 5 Snaps', 'Model Rank', 'Market Rank', 'Market Coverage']
labels: {'Market Proj Pts': 'Market Proj', 'Model Proj Pts': 'Model Proj', 'Injury Status': 'Injury', 'Season Snap %': 'Snap Share'}
Precip values: ['Dry', '\U0001f3df\ufe0f']

== WR (19s) exceptions [] stub_calls 3
2026-10-05 18:38:20.893 Thread 'MainThread': missing ScriptRunContext! This warning can be ignored when running in bare mode.
2026-10-05 18:38:20.893 Thread 'MainThread': missing ScriptRunContext! This warning can be ignored when running in bare mode.
2026-10-05 18:38:20.893 Thread 'MainThread': missing ScriptRunContext! This warning can be ignored when running in bare mode.
['Player', 'Rank', 'Team', 'Opponent', 'Def Rank', 'Wind', 'Temp', 'Precip', 'Market Proj Pts', 'Model Proj Pts', 'Last 5 Weeks', 'Tgt', 'Rec', 'Rec Yds', 'Rec TDs', 'Injury Status', 'Season Snap %', 'Last 5 Snaps', 'Model Rank', 'Market Rank', 'Market Coverage']
labels: {'Market Proj Pts': 'Market Proj', 'Model Proj Pts': 'Model Proj', 'Injury Status': 'Injury', 'Season Snap %': 'Snap Share'}
Precip values: ['Dry', '\U0001f3df\ufe0f']

== TE (22s) exceptions [] stub_calls 4
2026-10-05 18:38:42.565 Thread 'MainThread': missing ScriptRunContext! This warning can be ignored when running in bare mode.
2026-10-05 18:38:42.565 Thread 'MainThread': missing ScriptRunContext! This warning can be ignored when running in bare mode.
2026-10-05 18:38:42.565 Thread 'MainThread': missing ScriptRunContext! This warning can be ignored when running in bare mode.
['Player', 'Rank', 'Team', 'Opponent', 'Def Rank', 'Wind', 'Temp', 'Precip', 'Market Proj Pts', 'Model Proj Pts', 'Last 5 Weeks', 'Tgt', 'Rec', 'Rec Yds', 'Rec TDs', 'Injury Status', 'Season Snap %', 'Last 5 Snaps', 'Model Rank', 'Market Rank', 'Market Coverage']
labels: {'Market Proj Pts': 'Market Proj', 'Model Proj Pts': 'Model Proj', 'Injury Status': 'Injury', 'Season Snap %': 'Snap Share'}
Precip values: ['Dry', '\U0001f3df\ufe0f']

== FLEX (18s) exceptions [] stub_calls 5
['Player', 'Rank', 'Team', 'Opponent', 'Def Rank', 'Wind', 'Temp', 'Precip', 'Market Proj Pts', 'Model Proj Pts', 'Last 5 Weeks', 'Rush Att', 'Rush Yds', 'Rush TDs', 'Tgt', 'Rec', 'Rec Yds', 'Rec TDs', 'Injury Status', 'Season Snap %', 'Last 5 Snaps', 'Model Rank', 'Market Rank', 'Market Coverage']
labels: {'Market Proj Pts': 'Market Proj', 'Model Proj Pts': 'Model Proj', 'Injury Status': 'Injury', 'Season Snap %': 'Snap Share'}
Precip values: ['Dry', '\U0001f3df\ufe0f']
ledger dir contents (temp): []
