2026-09-29 15:28:59.490 WARNING streamlit.runtime.caching.cache_data_api: No runtime found, using MemoryCacheStorageManager
2026-09-29 15:28:59.502 WARNING streamlit.runtime.caching.cache_data_api: No runtime found, using MemoryCacheStorageManager
2026-09-29 15:28:59.502 WARNING streamlit.runtime.caching.cache_data_api: No runtime found, using MemoryCacheStorageManager
2026-09-29 15:28:59.503 WARNING streamlit.runtime.caching.cache_data_api: No runtime found, using MemoryCacheStorageManager
2026-09-29 15:28:59.506 WARNING streamlit.runtime.caching.cache_data_api: No runtime found, using MemoryCacheStorageManager
2026-09-29 15:28:59.506 WARNING streamlit.runtime.caching.cache_data_api: No runtime found, using MemoryCacheStorageManager
2026-09-29 15:28:59.507 WARNING streamlit.runtime.caching.cache_data_api: No runtime found, using MemoryCacheStorageManager
2026-09-29 15:28:59.507 WARNING streamlit.runtime.caching.cache_data_api: No runtime found, using MemoryCacheStorageManager
2026-09-29 15:28:59.508 WARNING streamlit.runtime.caching.cache_data_api: No runtime found, using MemoryCacheStorageManager
2026-09-29 15:28:59.508 WARNING streamlit.runtime.caching.cache_data_api: No runtime found, using MemoryCacheStorageManager
2026-09-29 15:28:59.508 WARNING streamlit.runtime.caching.cache_data_api: No runtime found, using MemoryCacheStorageManager
2026-09-29 15:28:59.509 WARNING streamlit.runtime.caching.cache_data_api: No runtime found, using MemoryCacheStorageManager
2026-09-29 15:28:59.509 WARNING streamlit.runtime.caching.cache_data_api: No runtime found, using MemoryCacheStorageManager
2026-09-29 15:28:59.509 WARNING streamlit.runtime.caching.cache_data_api: No runtime found, using MemoryCacheStorageManager
2026-09-29 15:28:59.510 WARNING streamlit.runtime.caching.cache_data_api: No runtime found, using MemoryCacheStorageManager
2026-09-29 15:28:59.510 WARNING streamlit.runtime.caching.cache_data_api: No runtime found, using MemoryCacheStorageManager
2026-09-29 15:28:59.510 WARNING streamlit.runtime.caching.cache_data_api: No runtime found, using MemoryCacheStorageManager
2026-09-29 15:28:59.511 WARNING streamlit.runtime.caching.cache_data_api: No runtime found, using MemoryCacheStorageManager
2026-09-29 15:28:59.511 WARNING streamlit.runtime.caching.cache_data_api: No runtime found, using MemoryCacheStorageManager
2026-09-29 15:28:59.512 WARNING streamlit.runtime.caching.cache_data_api: No runtime found, using MemoryCacheStorageManager
2026-09-29 15:28:59.512 WARNING streamlit.runtime.caching.cache_data_api: No runtime found, using MemoryCacheStorageManager
2026-09-29 15:28:59.512 WARNING streamlit.runtime.caching.cache_data_api: No runtime found, using MemoryCacheStorageManager
2026-09-29 15:28:59.513 WARNING streamlit.runtime.caching.cache_data_api: No runtime found, using MemoryCacheStorageManager
2026-09-29 15:28:59.513 WARNING streamlit.runtime.caching.cache_data_api: No runtime found, using MemoryCacheStorageManager
2026-09-29 15:28:59.530 WARNING streamlit.runtime.caching.cache_data_api: No runtime found, using MemoryCacheStorageManager
2026-09-29 15:28:59.530 WARNING streamlit.runtime.caching.cache_data_api: No runtime found, using MemoryCacheStorageManager
2026-09-29 15:28:59.531 WARNING streamlit.runtime.caching.cache_data_api: No runtime found, using MemoryCacheStorageManager
2026-09-29 15:28:59.531 WARNING streamlit.runtime.caching.cache_data_api: No runtime found, using MemoryCacheStorageManager
2026-09-29 15:28:59.532 WARNING streamlit.runtime.caching.cache_data_api: No runtime found, using MemoryCacheStorageManager
2026-09-29 15:28:59.533 WARNING streamlit.runtime.caching.cache_data_api: No runtime found, using MemoryCacheStorageManager
2026-09-29 15:28:59.534 WARNING streamlit.runtime.caching.cache_data_api: No runtime found, using MemoryCacheStorageManager
2026-09-29 15:28:59.535 WARNING streamlit.runtime.caching.cache_data_api: No runtime found, using MemoryCacheStorageManager
2026-09-29 15:28:59.538 WARNING streamlit.runtime.caching.cache_data_api: No runtime found, using MemoryCacheStorageManager
2026-09-29 15:28:59.564 WARNING streamlit.runtime.caching.cache_data_api: No runtime found, using MemoryCacheStorageManager
2026-09-29 15:28:59.576 WARNING streamlit.runtime.caching.cache_data_api: No runtime found, using MemoryCacheStorageManager
2026-09-29 15:28:59.576 WARNING streamlit.runtime.caching.cache_data_api: No runtime found, using MemoryCacheStorageManager
2026-09-29 15:28:59.576 WARNING streamlit.runtime.caching.cache_data_api: No runtime found, using MemoryCacheStorageManager
2026-09-29 15:28:59.577 WARNING streamlit.runtime.caching.cache_data_api: No runtime found, using MemoryCacheStorageManager
2026-09-29 15:28:59.578 WARNING streamlit.runtime.caching.cache_data_api: No runtime found, using MemoryCacheStorageManager
2026-09-29 15:28:59.578 WARNING streamlit.runtime.caching.cache_data_api: No runtime found, using MemoryCacheStorageManager
2026-09-29 15:28:59.579 WARNING streamlit.runtime.caching.cache_data_api: No runtime found, using MemoryCacheStorageManager
2026-09-29 15:28:59.579 WARNING streamlit.runtime.caching.cache_data_api: No runtime found, using MemoryCacheStorageManager
2026-09-29 15:28:59.584 WARNING streamlit.runtime.caching.cache_data_api: No runtime found, using MemoryCacheStorageManager
2026-09-29 15:28:59.586 WARNING streamlit.runtime.caching.cache_data_api: No runtime found, using MemoryCacheStorageManager
2026-09-29 15:28:59.612 WARNING streamlit.runtime.caching.cache_data_api: No runtime found, using MemoryCacheStorageManager
2026-09-29 15:28:59.613 WARNING streamlit.runtime.scriptrunner_utils.script_run_context: Thread 'MainThread': missing ScriptRunContext! This warning can be ignored when running in bare mode.
2026-09-29 15:28:59.614 WARNING streamlit.runtime.caching.cache_data_api: No runtime found, using MemoryCacheStorageManager
2026-09-29 15:29:00.150 WARNING streamlit.runtime.caching.cache_data_api: No runtime found, using MemoryCacheStorageManager
2026-09-29 15:29:00.741 WARNING streamlit.runtime.caching.cache_data_api: No runtime found, using MemoryCacheStorageManager
2026-09-29 15:29:00.742 WARNING streamlit.runtime.scriptrunner_utils.script_run_context: Thread 'MainThread': missing ScriptRunContext! This warning can be ignored when running in bare mode.
2026-09-29 15:29:01.093 WARNING streamlit.runtime.caching.cache_data_api: No runtime found, using MemoryCacheStorageManager
2026-09-29 15:29:01.106 WARNING streamlit.runtime.caching.cache_data_api: No runtime found, using MemoryCacheStorageManager
2026-09-29 15:29:14.688 WARNING streamlit.runtime.caching.cache_data_api: No runtime found, using MemoryCacheStorageManager
2026-09-29 15:29:14.703 WARNING streamlit.runtime.caching.cache_data_api: No runtime found, using MemoryCacheStorageManager
2026-09-29 15:29:32.193 WARNING streamlit.runtime.caching.cache_data_api: No runtime found, using MemoryCacheStorageManager
2026-09-29 15:29:32.193 WARNING streamlit.runtime.caching.cache_data_api: No runtime found, using MemoryCacheStorageManager
2026-09-29 15:29:34.853 WARNING streamlit.runtime.caching.cache_data_api: No runtime found, using MemoryCacheStorageManager
2024 w3 done (294 WR/TE rows)
2024 w4 done (301 WR/TE rows)
2024 w5 done (269 WR/TE rows)
2024 w6 done (264 WR/TE rows)
2024 w7 done (299 WR/TE rows)
2024 w8 done (322 WR/TE rows)
2024 w9 done (304 WR/TE rows)
2024 w10 done (296 WR/TE rows)
2024 w11 done (296 WR/TE rows)
2024 w12 done (280 WR/TE rows)
2024 w13 done (343 WR/TE rows)
2024 w14 done (288 WR/TE rows)
2024 w15 done (353 WR/TE rows)
2024 w16 done (353 WR/TE rows)
2024 w17 done (356 WR/TE rows)
2026-09-29 15:46:44.593 WARNING streamlit.runtime.scriptrunner_utils.script_run_context: Thread 'MainThread': missing ScriptRunContext! This warning can be ignored when running in bare mode.
2026-09-29 15:46:45.735 WARNING streamlit.runtime.scriptrunner_utils.script_run_context: Thread 'MainThread': missing ScriptRunContext! This warning can be ignored when running in bare mode.
2025 w3 done (307 WR/TE rows)
2025 w4 done (311 WR/TE rows)
2025 w5 done (281 WR/TE rows)
2025 w6 done (309 WR/TE rows)
2025 w7 done (314 WR/TE rows)
2025 w8 done (272 WR/TE rows)
2025 w9 done (301 WR/TE rows)
2025 w10 done (303 WR/TE rows)
2025 w11 done (330 WR/TE rows)
2025 w12 done (308 WR/TE rows)
2025 w13 done (362 WR/TE rows)
2025 w14 done (313 WR/TE rows)
2025 w15 done (365 WR/TE rows)
2025 w16 done (367 WR/TE rows)
2025 w17 done (369 WR/TE rows)
########## replay-clean rooms ##########
clean WR/TE rooms: 553 team-weeks, 5700 player-rows

=== share slope (actual share ~ projected share; 1.0 = right spread, >1 = too flat) ===
  blend    1.085
  pre_cap  1.020
  final    1.020

=== by projected room rank: mean targets and shares per stage ===
        n    act  final  pre_cap  played  act_sh  sh_blend  sh_pre_cap  sh_final  final_err
rb                                                                                         
1     553  6.944  7.033    9.175   0.897   0.277     0.262       0.278     0.278      0.089
2     553  5.754  5.384    7.038   0.937   0.226     0.203       0.211     0.211     -0.370
3     553  3.989  4.045    5.326   0.852   0.158     0.157       0.159     0.159      0.056
4-5  1106  2.529  2.548    3.382   0.783   0.100     0.104       0.100     0.100      0.019
6-8  1640  0.946  1.064    1.431   0.560   0.037     0.047       0.042     0.042      0.118
9+   1295  0.337  0.294    0.425   0.380   0.013     0.013       0.011     0.011     -0.043

=== by prior source (player prior vs position fallback) ===
  player prior         n=  4560  share slope(final) 1.002  target bias +0.017
  position fallback    n=  1140  share slope(final) 1.209  target bias -0.038
                          n   proj    act    err
rb  psrc                                        
1   player prior        515  7.064  6.870  0.194
    position fallback    38  6.614  7.947 -1.334
2   player prior        502  5.426  5.719 -0.293
    position fallback    51  4.971  6.098 -1.127
3   player prior        491  4.039  3.998  0.041
    position fallback    62  4.096  3.919  0.177
4-5 player prior        901  2.562  2.479  0.083
    position fallback   205  2.486  2.746 -0.261
6-8 player prior       1292  1.076  0.989  0.087
    position fallback   348  1.016  0.784  0.232
9+  player prior        859  0.279  0.375 -0.096
    position fallback   436  0.323  0.261  0.061

=== played vs not (tail over-projection from inactives?) ===
              n   proj    act    err
rb  played                          
1   False    57  6.319  0.000  6.319
    True    496  7.115  7.742 -0.627
2   False    35  5.038  0.000  5.038
    True    518  5.407  6.143 -0.735
3   False    82  3.617  0.000  3.617
    True    471  4.120  4.684 -0.564
4-5 False   240  2.182  0.000  2.182
    True    866  2.650  3.230 -0.580
6-8 False   722  0.945  0.000  0.945
    True    918  1.157  1.690 -0.533
9+  False   803  0.263  0.000  0.263
    True    492  0.343  0.886 -0.543

=== blend components among players with BOTH an own in-season rate and a player prior ===
games    n  model_w  lsq_w  slope_blend  slope_cur  slope_prior
  0-2 1303    0.229  0.340        0.700      0.590        0.683
  3-4  922    0.541  0.582        0.641      0.606        0.604
  5-6  730    0.661  0.661        0.743      0.717        0.682
  7-9  841    0.745  0.644        0.703      0.676        0.636
  10+  764    0.812  0.776        0.863      0.840        0.720

=== snap-share channel: projected expected_snap_share vs actual snap % by rank ===
     exp_snap   act_snap
rb                      
1       0.823  81.222000
2       0.778  76.542000
3       0.695  67.088997
4-5     0.553  53.070000
6-8     0.307  34.648998
9+      0.102  17.525999

########## strict-clean rooms (every >=1.5-target player played) ##########
strict clean WR/TE rooms: 229 team-weeks, 2216 player-rows

=== share slope (actual share ~ projected share; 1.0 = right spread, >1 = too flat) ===
  blend    1.087
  pre_cap  1.023
  final    1.023

=== by projected room rank: mean targets and shares per stage ===
       n    act  final  pre_cap  played  act_sh  sh_blend  sh_pre_cap  sh_final  final_err
rb                                                                                        
1    229  7.738  7.232    9.034   1.000   0.296     0.279       0.295     0.295     -0.506
2    229  6.022  5.530    6.902   1.000   0.230     0.216       0.224     0.224     -0.491
3    229  4.830  4.270    5.336   1.000   0.183     0.170       0.173     0.173     -0.560
4-5  458  2.592  2.407    3.016   0.900   0.100     0.103       0.098     0.098     -0.184
6-8  676  0.732  0.822    1.040   0.555   0.028     0.039       0.034     0.034      0.089
9+   395  0.147  0.185    0.251   0.367   0.005     0.009       0.008     0.008      0.038

=== by prior source (player prior vs position fallback) ===
  player prior         n=  1815  share slope(final) 1.021  target bias -0.177
  position fallback    n=   401  share slope(final) 1.094  target bias -0.112
                         n   proj    act    err
rb  psrc                                       
1   player prior       227  7.229  7.722 -0.493
    position fallback    2  7.589  9.500 -1.911
2   player prior       209  5.560  6.086 -0.526
    position fallback   20  5.217  5.350 -0.133
3   player prior       207  4.205  4.797 -0.593
    position fallback   22  4.881  5.136 -0.255
4-5 player prior       380  2.409  2.482 -0.073
    position fallback   78  2.400  3.128 -0.728
6-8 player prior       536  0.817  0.724  0.093
    position fallback  140  0.840  0.764  0.076
9+  player prior       256  0.174  0.168  0.006
    position fallback  139  0.205  0.108  0.097

=== played vs not (tail over-projection from inactives?) ===
              n   proj    act    err
rb  played                          
1   True    229  7.232  7.738 -0.506
2   True    229  5.530  6.022 -0.491
3   True    229  4.270  4.830 -0.560
4-5 False    46  1.159  0.000  1.159
    True    412  2.547  2.881 -0.334
6-8 False   301  0.646  0.000  0.646
    True    375  0.962  1.320 -0.358
9+  False   250  0.167  0.000  0.167
    True    145  0.217  0.400 -0.183

=== blend components among players with BOTH an own in-season rate and a player prior ===
games   n  model_w  lsq_w  slope_blend  slope_cur  slope_prior
  0-2 590    0.229  0.203        0.752      0.624        0.741
  3-4 360    0.548  0.610        0.817      0.785        0.763
  5-6 283    0.662  0.873        0.861      0.844        0.790
  7-9 305    0.744  0.617        0.827      0.790        0.773
  10+ 277    0.814  0.783        0.931      0.910        0.784

=== snap-share channel: projected expected_snap_share vs actual snap % by rank ===
     exp_snap   act_snap
rb                      
1       0.835  82.633003
2       0.794  77.003998
3       0.718  69.139999
4-5     0.529  49.456001
6-8     0.246  29.052000
9+      0.068  10.807000
