2026-09-29 22:01:30.706 WARNING streamlit.runtime.caching.cache_data_api: No runtime found, using MemoryCacheStorageManager
2026-09-29 22:01:30.708 WARNING streamlit.runtime.caching.cache_data_api: No runtime found, using MemoryCacheStorageManager
2026-09-29 22:01:30.708 WARNING streamlit.runtime.caching.cache_data_api: No runtime found, using MemoryCacheStorageManager
2026-09-29 22:01:30.708 WARNING streamlit.runtime.caching.cache_data_api: No runtime found, using MemoryCacheStorageManager
2026-09-29 22:01:30.711 WARNING streamlit.runtime.caching.cache_data_api: No runtime found, using MemoryCacheStorageManager
2026-09-29 22:01:30.711 WARNING streamlit.runtime.caching.cache_data_api: No runtime found, using MemoryCacheStorageManager
2026-09-29 22:01:30.712 WARNING streamlit.runtime.caching.cache_data_api: No runtime found, using MemoryCacheStorageManager
2026-09-29 22:01:30.712 WARNING streamlit.runtime.caching.cache_data_api: No runtime found, using MemoryCacheStorageManager
2026-09-29 22:01:30.713 WARNING streamlit.runtime.caching.cache_data_api: No runtime found, using MemoryCacheStorageManager
2026-09-29 22:01:30.714 WARNING streamlit.runtime.caching.cache_data_api: No runtime found, using MemoryCacheStorageManager
2026-09-29 22:01:30.714 WARNING streamlit.runtime.caching.cache_data_api: No runtime found, using MemoryCacheStorageManager
2026-09-29 22:01:30.714 WARNING streamlit.runtime.caching.cache_data_api: No runtime found, using MemoryCacheStorageManager
2026-09-29 22:01:30.714 WARNING streamlit.runtime.caching.cache_data_api: No runtime found, using MemoryCacheStorageManager
2026-09-29 22:01:30.715 WARNING streamlit.runtime.caching.cache_data_api: No runtime found, using MemoryCacheStorageManager
2026-09-29 22:01:30.715 WARNING streamlit.runtime.caching.cache_data_api: No runtime found, using MemoryCacheStorageManager
2026-09-29 22:01:30.715 WARNING streamlit.runtime.caching.cache_data_api: No runtime found, using MemoryCacheStorageManager
2026-09-29 22:01:30.715 WARNING streamlit.runtime.caching.cache_data_api: No runtime found, using MemoryCacheStorageManager
2026-09-29 22:01:30.716 WARNING streamlit.runtime.caching.cache_data_api: No runtime found, using MemoryCacheStorageManager
2026-09-29 22:01:30.716 WARNING streamlit.runtime.caching.cache_data_api: No runtime found, using MemoryCacheStorageManager
2026-09-29 22:01:30.716 WARNING streamlit.runtime.caching.cache_data_api: No runtime found, using MemoryCacheStorageManager
2026-09-29 22:01:30.717 WARNING streamlit.runtime.caching.cache_data_api: No runtime found, using MemoryCacheStorageManager
2026-09-29 22:01:30.717 WARNING streamlit.runtime.caching.cache_data_api: No runtime found, using MemoryCacheStorageManager
2026-09-29 22:01:30.717 WARNING streamlit.runtime.caching.cache_data_api: No runtime found, using MemoryCacheStorageManager
2026-09-29 22:01:30.717 WARNING streamlit.runtime.caching.cache_data_api: No runtime found, using MemoryCacheStorageManager
2026-09-29 22:01:30.718 WARNING streamlit.runtime.caching.cache_data_api: No runtime found, using MemoryCacheStorageManager
2026-09-29 22:01:30.719 WARNING streamlit.runtime.caching.cache_data_api: No runtime found, using MemoryCacheStorageManager
2026-09-29 22:01:30.719 WARNING streamlit.runtime.caching.cache_data_api: No runtime found, using MemoryCacheStorageManager
2026-09-29 22:01:30.719 WARNING streamlit.runtime.caching.cache_data_api: No runtime found, using MemoryCacheStorageManager
2026-09-29 22:01:30.720 WARNING streamlit.runtime.caching.cache_data_api: No runtime found, using MemoryCacheStorageManager
2026-09-29 22:01:30.720 WARNING streamlit.runtime.caching.cache_data_api: No runtime found, using MemoryCacheStorageManager
2026-09-29 22:01:30.721 WARNING streamlit.runtime.caching.cache_data_api: No runtime found, using MemoryCacheStorageManager
2026-09-29 22:01:30.722 WARNING streamlit.runtime.caching.cache_data_api: No runtime found, using MemoryCacheStorageManager
2026-09-29 22:01:30.724 WARNING streamlit.runtime.caching.cache_data_api: No runtime found, using MemoryCacheStorageManager
2026-09-29 22:01:30.745 WARNING streamlit.runtime.caching.cache_data_api: No runtime found, using MemoryCacheStorageManager
2026-09-29 22:01:30.746 WARNING streamlit.runtime.caching.cache_data_api: No runtime found, using MemoryCacheStorageManager
2026-09-29 22:01:30.746 WARNING streamlit.runtime.caching.cache_data_api: No runtime found, using MemoryCacheStorageManager
2026-09-29 22:01:30.747 WARNING streamlit.runtime.caching.cache_data_api: No runtime found, using MemoryCacheStorageManager
2026-09-29 22:01:30.747 WARNING streamlit.runtime.caching.cache_data_api: No runtime found, using MemoryCacheStorageManager
2026-09-29 22:01:30.748 WARNING streamlit.runtime.caching.cache_data_api: No runtime found, using MemoryCacheStorageManager
2026-09-29 22:01:30.749 WARNING streamlit.runtime.caching.cache_data_api: No runtime found, using MemoryCacheStorageManager
2026-09-29 22:01:30.749 WARNING streamlit.runtime.caching.cache_data_api: No runtime found, using MemoryCacheStorageManager
2026-09-29 22:01:30.749 WARNING streamlit.runtime.caching.cache_data_api: No runtime found, using MemoryCacheStorageManager
2026-09-29 22:01:30.753 WARNING streamlit.runtime.caching.cache_data_api: No runtime found, using MemoryCacheStorageManager
2026-09-29 22:01:30.755 WARNING streamlit.runtime.caching.cache_data_api: No runtime found, using MemoryCacheStorageManager
2026-09-29 22:01:30.780 WARNING streamlit.runtime.caching.cache_data_api: No runtime found, using MemoryCacheStorageManager
2026-09-29 22:01:30.780 WARNING streamlit.runtime.scriptrunner_utils.script_run_context: Thread 'MainThread': missing ScriptRunContext! This warning can be ignored when running in bare mode.
2026-09-29 22:01:30.781 WARNING streamlit.runtime.caching.cache_data_api: No runtime found, using MemoryCacheStorageManager
2026-09-29 22:01:31.292 WARNING streamlit.runtime.caching.cache_data_api: No runtime found, using MemoryCacheStorageManager
2026-09-29 22:01:31.877 WARNING streamlit.runtime.caching.cache_data_api: No runtime found, using MemoryCacheStorageManager
2026-09-29 22:01:31.878 WARNING streamlit.runtime.scriptrunner_utils.script_run_context: Thread 'MainThread': missing ScriptRunContext! This warning can be ignored when running in bare mode.
2026-09-29 22:01:32.240 WARNING streamlit.runtime.caching.cache_data_api: No runtime found, using MemoryCacheStorageManager
2026-09-29 22:01:32.254 WARNING streamlit.runtime.caching.cache_data_api: No runtime found, using MemoryCacheStorageManager
2026-09-29 22:01:51.326 WARNING streamlit.runtime.caching.cache_data_api: No runtime found, using MemoryCacheStorageManager
2026-09-29 22:01:51.336 WARNING streamlit.runtime.caching.cache_data_api: No runtime found, using MemoryCacheStorageManager
2026-09-29 22:02:14.024 WARNING streamlit.runtime.caching.cache_data_api: No runtime found, using MemoryCacheStorageManager
2026-09-29 22:02:14.037 WARNING streamlit.runtime.caching.cache_data_api: No runtime found, using MemoryCacheStorageManager
2024 w4 done (122 RBs)
2024 w6 done (112 RBs)
2024 w8 done (135 RBs)
2024 w10 done (118 RBs)
2024 w12 done (112 RBs)
2024 w14 done (115 RBs)
2024 w16 done (144 RBs)
2026-09-29 22:10:38.897 WARNING streamlit.runtime.scriptrunner_utils.script_run_context: Thread 'MainThread': missing ScriptRunContext! This warning can be ignored when running in bare mode.
2026-09-29 22:10:40.070 WARNING streamlit.runtime.scriptrunner_utils.script_run_context: Thread 'MainThread': missing ScriptRunContext! This warning can be ignored when running in bare mode.
2025 w4 done (130 RBs)
2025 w6 done (125 RBs)
2025 w8 done (110 RBs)
2025 w10 done (124 RBs)
2025 w12 done (127 RBs)
2025 w14 done (132 RBs)
2025 w16 done (151 RBs)
clean RB rooms: 283 team-weeks, 1122 RB rows

=== STAGE DECOMPOSITION, clean rooms: room sums per team-week ===
  blended rate (per game, pre-multiplier)          24.09
  after multipliers (pre-vacancy)                  23.41
  final board                                      23.41
  ACTUAL room carries (board RBs)                  21.48
  ACTUAL team RB carries (all RBs)                 21.97
  ACTUAL team rush attempts (all positions)        26.82
  carry-weighted multiplier blended->pre-vacancy: x0.972
     matchup_multiplier           weighted mean 0.998
     script_multiplier            weighted mean 0.985
     script_neutral_multiplier    weighted mean 1.000
     pace_multiplier              weighted mean 0.987
     environment_multiplier       weighted mean 1.000
     availability_multiplier      weighted mean 1.000

=== TEAM budget, clean rooms: projected vs actual rush attempts by position group ===
             proj     actual   err
QB           3.54   3.940000 -0.40
RB          23.41  21.969999  1.43
WR+TE        0.00   0.850000 -0.85
TEAM TOTAL  26.94  26.820000  0.13

=== does the over-projection scale with roster depth or with the lead back? (clean rooms) ===
           n   proj        act   err
n_rb                                
(2, 3]    84  23.16  22.330000  0.83
(3, 4]   137  22.77  20.860001  1.91
(4, 5]    52  25.01  21.400000  3.61
(5, 20]   10  25.74  23.299999  2.44
                  n  lead_proj   proj        act   err
lead                                                  
(3.069, 12.535]  71      10.21  18.69  19.700001 -1.01
(12.535, 14.47]  71      13.57  22.79  21.889999  0.90
(14.47, 16.635]  70      15.59  25.04  21.610001  3.42
(16.635, 29.36]  71      19.20  27.13  22.730000  4.40

=== calibration: actual carries vs projected carries by projection bin (clean rooms, all RB rows) ===
                n    proj        act  played  ratio
bin                                                
(-0.01, 0.5]  191   0.133   0.267000   0.450  2.012
(0.5, 2.0]    232   1.192   0.759000   0.487  0.637
(2.0, 5.0]    245   3.247   2.776000   0.682  0.855
(5.0, 9.0]    139   6.878   6.640000   0.942  0.965
(9.0, 13.0]   109  11.160  11.248000   0.945  1.008
(13.0, 17.0]  148  14.926  13.770000   0.980  0.923
(17.0, 21.0]   44  18.743  16.068001   0.977  0.857
(21.0, 40.0]   14  22.862  19.929001   1.000  0.872

=== by season-week bucket (structural vs early/late?) ===
year   2024  2025
wb               
3-5   -0.42 -0.71
6-9    2.24  2.28
10-13  3.64  2.16
14-17  3.71  0.52

=== RB points: is the carry error hidden by the calibration line? (clean rooms, played) ===
  carries            proj    7.57  actual    7.58  bias -0.01
  rush yards         proj   33.46  actual   34.64  bias -1.18
  rush TDs           proj    0.24  actual    0.27  bias -0.04
  RAW points         proj    7.65  actual    8.07  bias -0.43
  CALIBRATED points  proj    7.97  actual    8.07  bias -0.11
  yards per carry: projected 4.42  actual 4.57
