2026-09-30 10:57:11.683 WARNING streamlit.runtime.caching.cache_data_api: No runtime found, using MemoryCacheStorageManager
2026-09-30 10:57:11.694 WARNING streamlit.runtime.caching.cache_data_api: No runtime found, using MemoryCacheStorageManager
2026-09-30 10:57:11.694 WARNING streamlit.runtime.caching.cache_data_api: No runtime found, using MemoryCacheStorageManager
2026-09-30 10:57:11.695 WARNING streamlit.runtime.caching.cache_data_api: No runtime found, using MemoryCacheStorageManager
2026-09-30 10:57:11.698 WARNING streamlit.runtime.caching.cache_data_api: No runtime found, using MemoryCacheStorageManager
2026-09-30 10:57:11.698 WARNING streamlit.runtime.caching.cache_data_api: No runtime found, using MemoryCacheStorageManager
2026-09-30 10:57:11.698 WARNING streamlit.runtime.caching.cache_data_api: No runtime found, using MemoryCacheStorageManager
2026-09-30 10:57:11.699 WARNING streamlit.runtime.caching.cache_data_api: No runtime found, using MemoryCacheStorageManager
2026-09-30 10:57:11.700 WARNING streamlit.runtime.caching.cache_data_api: No runtime found, using MemoryCacheStorageManager
2026-09-30 10:57:11.700 WARNING streamlit.runtime.caching.cache_data_api: No runtime found, using MemoryCacheStorageManager
2026-09-30 10:57:11.700 WARNING streamlit.runtime.caching.cache_data_api: No runtime found, using MemoryCacheStorageManager
2026-09-30 10:57:11.700 WARNING streamlit.runtime.caching.cache_data_api: No runtime found, using MemoryCacheStorageManager
2026-09-30 10:57:11.701 WARNING streamlit.runtime.caching.cache_data_api: No runtime found, using MemoryCacheStorageManager
2026-09-30 10:57:11.701 WARNING streamlit.runtime.caching.cache_data_api: No runtime found, using MemoryCacheStorageManager
2026-09-30 10:57:11.702 WARNING streamlit.runtime.caching.cache_data_api: No runtime found, using MemoryCacheStorageManager
2026-09-30 10:57:11.702 WARNING streamlit.runtime.caching.cache_data_api: No runtime found, using MemoryCacheStorageManager
2026-09-30 10:57:11.702 WARNING streamlit.runtime.caching.cache_data_api: No runtime found, using MemoryCacheStorageManager
2026-09-30 10:57:11.702 WARNING streamlit.runtime.caching.cache_data_api: No runtime found, using MemoryCacheStorageManager
2026-09-30 10:57:11.703 WARNING streamlit.runtime.caching.cache_data_api: No runtime found, using MemoryCacheStorageManager
2026-09-30 10:57:11.703 WARNING streamlit.runtime.caching.cache_data_api: No runtime found, using MemoryCacheStorageManager
2026-09-30 10:57:11.703 WARNING streamlit.runtime.caching.cache_data_api: No runtime found, using MemoryCacheStorageManager
2026-09-30 10:57:11.704 WARNING streamlit.runtime.caching.cache_data_api: No runtime found, using MemoryCacheStorageManager
2026-09-30 10:57:11.704 WARNING streamlit.runtime.caching.cache_data_api: No runtime found, using MemoryCacheStorageManager
2026-09-30 10:57:11.704 WARNING streamlit.runtime.caching.cache_data_api: No runtime found, using MemoryCacheStorageManager
2026-09-30 10:57:11.713 WARNING streamlit.runtime.caching.cache_data_api: No runtime found, using MemoryCacheStorageManager
2026-09-30 10:57:11.714 WARNING streamlit.runtime.caching.cache_data_api: No runtime found, using MemoryCacheStorageManager
2026-09-30 10:57:11.714 WARNING streamlit.runtime.caching.cache_data_api: No runtime found, using MemoryCacheStorageManager
2026-09-30 10:57:11.714 WARNING streamlit.runtime.caching.cache_data_api: No runtime found, using MemoryCacheStorageManager
2026-09-30 10:57:11.715 WARNING streamlit.runtime.caching.cache_data_api: No runtime found, using MemoryCacheStorageManager
2026-09-30 10:57:11.715 WARNING streamlit.runtime.caching.cache_data_api: No runtime found, using MemoryCacheStorageManager
2026-09-30 10:57:11.716 WARNING streamlit.runtime.caching.cache_data_api: No runtime found, using MemoryCacheStorageManager
2026-09-30 10:57:11.717 WARNING streamlit.runtime.caching.cache_data_api: No runtime found, using MemoryCacheStorageManager
2026-09-30 10:57:11.718 WARNING streamlit.runtime.caching.cache_data_api: No runtime found, using MemoryCacheStorageManager
2026-09-30 10:57:11.748 WARNING streamlit.runtime.caching.cache_data_api: No runtime found, using MemoryCacheStorageManager
2026-09-30 10:57:11.755 WARNING streamlit.runtime.caching.cache_data_api: No runtime found, using MemoryCacheStorageManager
2026-09-30 10:57:11.755 WARNING streamlit.runtime.caching.cache_data_api: No runtime found, using MemoryCacheStorageManager
2026-09-30 10:57:11.755 WARNING streamlit.runtime.caching.cache_data_api: No runtime found, using MemoryCacheStorageManager
2026-09-30 10:57:11.756 WARNING streamlit.runtime.caching.cache_data_api: No runtime found, using MemoryCacheStorageManager
2026-09-30 10:57:11.757 WARNING streamlit.runtime.caching.cache_data_api: No runtime found, using MemoryCacheStorageManager
2026-09-30 10:57:11.757 WARNING streamlit.runtime.caching.cache_data_api: No runtime found, using MemoryCacheStorageManager
2026-09-30 10:57:11.758 WARNING streamlit.runtime.caching.cache_data_api: No runtime found, using MemoryCacheStorageManager
2026-09-30 10:57:11.758 WARNING streamlit.runtime.caching.cache_data_api: No runtime found, using MemoryCacheStorageManager
2026-09-30 10:57:11.762 WARNING streamlit.runtime.caching.cache_data_api: No runtime found, using MemoryCacheStorageManager
2026-09-30 10:57:11.765 WARNING streamlit.runtime.caching.cache_data_api: No runtime found, using MemoryCacheStorageManager
2026-09-30 10:57:11.792 WARNING streamlit.runtime.caching.cache_data_api: No runtime found, using MemoryCacheStorageManager
2026-09-30 10:57:11.792 WARNING streamlit.runtime.scriptrunner_utils.script_run_context: Thread 'MainThread': missing ScriptRunContext! This warning can be ignored when running in bare mode.
2026-09-30 10:57:11.792 WARNING streamlit.runtime.caching.cache_data_api: No runtime found, using MemoryCacheStorageManager
2026-09-30 10:57:12.291 WARNING streamlit.runtime.caching.cache_data_api: No runtime found, using MemoryCacheStorageManager
2026-09-30 10:57:12.856 WARNING streamlit.runtime.caching.cache_data_api: No runtime found, using MemoryCacheStorageManager
2026-09-30 10:57:12.856 WARNING streamlit.runtime.scriptrunner_utils.script_run_context: Thread 'MainThread': missing ScriptRunContext! This warning can be ignored when running in bare mode.
2026-09-30 10:57:13.208 WARNING streamlit.runtime.caching.cache_data_api: No runtime found, using MemoryCacheStorageManager
2026-09-30 10:57:13.222 WARNING streamlit.runtime.caching.cache_data_api: No runtime found, using MemoryCacheStorageManager
2026-09-30 10:57:28.336 WARNING streamlit.runtime.caching.cache_data_api: No runtime found, using MemoryCacheStorageManager
2026-09-30 10:57:28.350 WARNING streamlit.runtime.caching.cache_data_api: No runtime found, using MemoryCacheStorageManager
2026-09-30 10:57:47.281 WARNING streamlit.runtime.caching.cache_data_api: No runtime found, using MemoryCacheStorageManager
2026-09-30 10:57:47.281 WARNING streamlit.runtime.caching.cache_data_api: No runtime found, using MemoryCacheStorageManager
2026-09-30 10:57:50.081 WARNING streamlit.runtime.caching.cache_data_api: No runtime found, using MemoryCacheStorageManager
2024 w4 done (122 RBs)
2024 w6 done (112 RBs)
2024 w8 done (135 RBs)
2024 w10 done (118 RBs)
2024 w12 done (112 RBs)
2024 w14 done (115 RBs)
2024 w16 done (144 RBs)
2026-09-30 11:05:44.359 WARNING streamlit.runtime.scriptrunner_utils.script_run_context: Thread 'MainThread': missing ScriptRunContext! This warning can be ignored when running in bare mode.
2026-09-30 11:05:45.446 WARNING streamlit.runtime.scriptrunner_utils.script_run_context: Thread 'MainThread': missing ScriptRunContext! This warning can be ignored when running in bare mode.
2025 w4 done (130 RBs)
2025 w6 done (125 RBs)
2025 w8 done (110 RBs)
2025 w10 done (124 RBs)
2025 w12 done (127 RBs)
2025 w14 done (132 RBs)
2025 w16 done (151 RBs)
clean RB rooms: 283 team-weeks, 1122 RB rows

=== STAGE DECOMPOSITION, clean rooms: room sums per team-week ===
  blended rate (per game, pre-multiplier)          24.43
  after multipliers (pre-vacancy)                  23.12
  final board                                      22.29
  ACTUAL room carries (board RBs)                  21.48
  ACTUAL team RB carries (all RBs)                 21.97
  ACTUAL team rush attempts (all positions)        26.82
  carry-weighted multiplier blended->pre-vacancy: x0.947
     matchup_multiplier           weighted mean 0.999
     script_multiplier            weighted mean 1.000
     script_neutral_multiplier    weighted mean 1.001
     pace_multiplier              weighted mean 0.987
     environment_multiplier       weighted mean 1.000
     availability_multiplier      weighted mean 1.000

=== TEAM budget, clean rooms: projected vs actual rush attempts by position group ===
             proj     actual   err
QB           3.54   3.940000 -0.40
RB          22.29  21.969999  0.32
WR+TE        0.00   0.850000 -0.85
TEAM TOTAL  25.83  26.820000 -0.99

=== does the over-projection scale with roster depth or with the lead back? (clean rooms) ===
           n   proj        act   err
n_rb                                
(2, 3]    84  22.62  22.330000  0.29
(3, 4]   137  22.12  20.860001  1.26
(4, 5]    52  21.94  21.400000  0.54
(5, 20]   10  23.50  23.299999  0.20
                   n  lead_proj   proj        act   err
lead                                                   
(7.066, 12.492]   71      10.82  21.43  19.610001  1.83
(12.492, 14.433]  71      13.43  22.40  22.480000 -0.08
(14.433, 16.617]  70      15.55  22.09  21.070000  1.02
(16.617, 21.561]  71      18.17  23.22  22.770000  0.45

=== calibration: actual carries vs projected carries by projection bin (clean rooms, all RB rows) ===
                n    proj        act  played  ratio
bin                                                
(-0.01, 0.5]  263   0.160   0.236000   0.361  1.473
(0.5, 2.0]    224   1.143   1.022000   0.549  0.894
(2.0, 5.0]    172   3.245   3.081000   0.808  0.950
(5.0, 9.0]    149   6.830   7.007000   0.946  1.026
(9.0, 13.0]   123  11.131  10.846000   0.976  0.974
(13.0, 17.0]  131  14.954  13.962000   0.947  0.934
(17.0, 21.0]   59  18.365  17.492001   1.000  0.952
(21.0, 40.0]    1  21.561  20.000000   1.000  0.928

=== by season-week bucket (structural vs early/late?) ===
year   2024  2025
wb               
3-5   -0.91 -0.62
6-9    1.79  1.97
10-13  1.30  1.17
14-17  0.47 -0.26

=== RB points: is the carry error hidden by the calibration line? (clean rooms, played) ===
  carries            proj    7.35  actual    7.58  bias -0.23
  rush yards         proj   31.60  actual   34.64  bias -3.04
  rush TDs           proj    0.22  actual    0.27  bias -0.05
  RAW points         proj    7.38  actual    8.07  bias -0.69
  CALIBRATED points  proj    7.73  actual    8.07  bias -0.35
  yards per carry: projected 4.30  actual 4.57
