2026-09-30 07:45:45.458 WARNING streamlit.runtime.caching.cache_data_api: No runtime found, using MemoryCacheStorageManager
2026-09-30 07:45:45.459 WARNING streamlit.runtime.caching.cache_data_api: No runtime found, using MemoryCacheStorageManager
2026-09-30 07:45:45.460 WARNING streamlit.runtime.caching.cache_data_api: No runtime found, using MemoryCacheStorageManager
2026-09-30 07:45:45.460 WARNING streamlit.runtime.caching.cache_data_api: No runtime found, using MemoryCacheStorageManager
2026-09-30 07:45:45.463 WARNING streamlit.runtime.caching.cache_data_api: No runtime found, using MemoryCacheStorageManager
2026-09-30 07:45:45.463 WARNING streamlit.runtime.caching.cache_data_api: No runtime found, using MemoryCacheStorageManager
2026-09-30 07:45:45.464 WARNING streamlit.runtime.caching.cache_data_api: No runtime found, using MemoryCacheStorageManager
2026-09-30 07:45:45.464 WARNING streamlit.runtime.caching.cache_data_api: No runtime found, using MemoryCacheStorageManager
2026-09-30 07:45:45.465 WARNING streamlit.runtime.caching.cache_data_api: No runtime found, using MemoryCacheStorageManager
2026-09-30 07:45:45.465 WARNING streamlit.runtime.caching.cache_data_api: No runtime found, using MemoryCacheStorageManager
2026-09-30 07:45:45.465 WARNING streamlit.runtime.caching.cache_data_api: No runtime found, using MemoryCacheStorageManager
2026-09-30 07:45:45.466 WARNING streamlit.runtime.caching.cache_data_api: No runtime found, using MemoryCacheStorageManager
2026-09-30 07:45:45.466 WARNING streamlit.runtime.caching.cache_data_api: No runtime found, using MemoryCacheStorageManager
2026-09-30 07:45:45.466 WARNING streamlit.runtime.caching.cache_data_api: No runtime found, using MemoryCacheStorageManager
2026-09-30 07:45:45.467 WARNING streamlit.runtime.caching.cache_data_api: No runtime found, using MemoryCacheStorageManager
2026-09-30 07:45:45.467 WARNING streamlit.runtime.caching.cache_data_api: No runtime found, using MemoryCacheStorageManager
2026-09-30 07:45:45.467 WARNING streamlit.runtime.caching.cache_data_api: No runtime found, using MemoryCacheStorageManager
2026-09-30 07:45:45.467 WARNING streamlit.runtime.caching.cache_data_api: No runtime found, using MemoryCacheStorageManager
2026-09-30 07:45:45.468 WARNING streamlit.runtime.caching.cache_data_api: No runtime found, using MemoryCacheStorageManager
2026-09-30 07:45:45.468 WARNING streamlit.runtime.caching.cache_data_api: No runtime found, using MemoryCacheStorageManager
2026-09-30 07:45:45.468 WARNING streamlit.runtime.caching.cache_data_api: No runtime found, using MemoryCacheStorageManager
2026-09-30 07:45:45.469 WARNING streamlit.runtime.caching.cache_data_api: No runtime found, using MemoryCacheStorageManager
2026-09-30 07:45:45.469 WARNING streamlit.runtime.caching.cache_data_api: No runtime found, using MemoryCacheStorageManager
2026-09-30 07:45:45.469 WARNING streamlit.runtime.caching.cache_data_api: No runtime found, using MemoryCacheStorageManager
2026-09-30 07:45:45.470 WARNING streamlit.runtime.caching.cache_data_api: No runtime found, using MemoryCacheStorageManager
2026-09-30 07:45:45.470 WARNING streamlit.runtime.caching.cache_data_api: No runtime found, using MemoryCacheStorageManager
2026-09-30 07:45:45.471 WARNING streamlit.runtime.caching.cache_data_api: No runtime found, using MemoryCacheStorageManager
2026-09-30 07:45:45.471 WARNING streamlit.runtime.caching.cache_data_api: No runtime found, using MemoryCacheStorageManager
2026-09-30 07:45:45.472 WARNING streamlit.runtime.caching.cache_data_api: No runtime found, using MemoryCacheStorageManager
2026-09-30 07:45:45.472 WARNING streamlit.runtime.caching.cache_data_api: No runtime found, using MemoryCacheStorageManager
2026-09-30 07:45:45.473 WARNING streamlit.runtime.caching.cache_data_api: No runtime found, using MemoryCacheStorageManager
2026-09-30 07:45:45.473 WARNING streamlit.runtime.caching.cache_data_api: No runtime found, using MemoryCacheStorageManager
2026-09-30 07:45:45.475 WARNING streamlit.runtime.caching.cache_data_api: No runtime found, using MemoryCacheStorageManager
2026-09-30 07:45:45.494 WARNING streamlit.runtime.caching.cache_data_api: No runtime found, using MemoryCacheStorageManager
2026-09-30 07:45:45.495 WARNING streamlit.runtime.caching.cache_data_api: No runtime found, using MemoryCacheStorageManager
2026-09-30 07:45:45.495 WARNING streamlit.runtime.caching.cache_data_api: No runtime found, using MemoryCacheStorageManager
2026-09-30 07:45:45.495 WARNING streamlit.runtime.caching.cache_data_api: No runtime found, using MemoryCacheStorageManager
2026-09-30 07:45:45.496 WARNING streamlit.runtime.caching.cache_data_api: No runtime found, using MemoryCacheStorageManager
2026-09-30 07:45:45.497 WARNING streamlit.runtime.caching.cache_data_api: No runtime found, using MemoryCacheStorageManager
2026-09-30 07:45:45.497 WARNING streamlit.runtime.caching.cache_data_api: No runtime found, using MemoryCacheStorageManager
2026-09-30 07:45:45.498 WARNING streamlit.runtime.caching.cache_data_api: No runtime found, using MemoryCacheStorageManager
2026-09-30 07:45:45.498 WARNING streamlit.runtime.caching.cache_data_api: No runtime found, using MemoryCacheStorageManager
2026-09-30 07:45:45.502 WARNING streamlit.runtime.caching.cache_data_api: No runtime found, using MemoryCacheStorageManager
2026-09-30 07:45:45.506 WARNING streamlit.runtime.caching.cache_data_api: No runtime found, using MemoryCacheStorageManager
2026-09-30 07:45:45.532 WARNING streamlit.runtime.caching.cache_data_api: No runtime found, using MemoryCacheStorageManager
2026-09-30 07:45:45.532 WARNING streamlit.runtime.scriptrunner_utils.script_run_context: Thread 'MainThread': missing ScriptRunContext! This warning can be ignored when running in bare mode.
2026-09-30 07:45:45.533 WARNING streamlit.runtime.caching.cache_data_api: No runtime found, using MemoryCacheStorageManager
2026-09-30 07:45:46.031 WARNING streamlit.runtime.caching.cache_data_api: No runtime found, using MemoryCacheStorageManager
2026-09-30 07:45:46.602 WARNING streamlit.runtime.caching.cache_data_api: No runtime found, using MemoryCacheStorageManager
2026-09-30 07:45:46.603 WARNING streamlit.runtime.scriptrunner_utils.script_run_context: Thread 'MainThread': missing ScriptRunContext! This warning can be ignored when running in bare mode.
2026-09-30 07:45:46.967 WARNING streamlit.runtime.caching.cache_data_api: No runtime found, using MemoryCacheStorageManager
2026-09-30 07:45:46.981 WARNING streamlit.runtime.caching.cache_data_api: No runtime found, using MemoryCacheStorageManager
2026-09-30 07:46:02.075 WARNING streamlit.runtime.caching.cache_data_api: No runtime found, using MemoryCacheStorageManager
2026-09-30 07:46:02.083 WARNING streamlit.runtime.caching.cache_data_api: No runtime found, using MemoryCacheStorageManager
2026-09-30 07:46:21.205 WARNING streamlit.runtime.caching.cache_data_api: No runtime found, using MemoryCacheStorageManager
2026-09-30 07:46:21.205 WARNING streamlit.runtime.caching.cache_data_api: No runtime found, using MemoryCacheStorageManager
2026-09-30 07:46:23.973 WARNING streamlit.runtime.caching.cache_data_api: No runtime found, using MemoryCacheStorageManager
2024 w4 done (122 RBs)
2024 w6 done (112 RBs)
2024 w8 done (135 RBs)
2024 w10 done (118 RBs)
2024 w12 done (112 RBs)
2024 w14 done (115 RBs)
2024 w16 done (144 RBs)
2026-09-30 07:54:24.980 WARNING streamlit.runtime.scriptrunner_utils.script_run_context: Thread 'MainThread': missing ScriptRunContext! This warning can be ignored when running in bare mode.
2026-09-30 07:54:26.284 WARNING streamlit.runtime.scriptrunner_utils.script_run_context: Thread 'MainThread': missing ScriptRunContext! This warning can be ignored when running in bare mode.
2025 w4 done (130 RBs)
2025 w6 done (125 RBs)
2025 w8 done (110 RBs)
2025 w10 done (124 RBs)
2025 w12 done (127 RBs)
2025 w14 done (132 RBs)
2025 w16 done (151 RBs)
clean RB rooms: 283 team-weeks, 1122 RB rows

=== STAGE DECOMPOSITION, clean rooms: room sums per team-week ===
  blended rate (per game, pre-multiplier)          24.43
  after multipliers (pre-vacancy)                  23.12
  final board                                      23.12
  ACTUAL room carries (board RBs)                  21.48
  ACTUAL team RB carries (all RBs)                 21.97
  ACTUAL team rush attempts (all positions)        26.82
  carry-weighted multiplier blended->pre-vacancy: x0.947
     matchup_multiplier           weighted mean 0.999
     script_multiplier            weighted mean 1.000
     script_neutral_multiplier    weighted mean 1.001
     pace_multiplier              weighted mean 0.987
     environment_multiplier       weighted mean 1.000
     availability_multiplier      weighted mean 1.000

=== TEAM budget, clean rooms: projected vs actual rush attempts by position group ===
             proj     actual   err
QB           3.54   3.940000 -0.40
RB          23.12  21.969999  1.15
WR+TE        0.00   0.850000 -0.85
TEAM TOTAL  26.66  26.820000 -0.15

=== does the over-projection scale with roster depth or with the lead back? (clean rooms) ===
           n   proj        act   err
n_rb                                
(2, 3]    84  23.43  22.330000  1.09
(3, 4]   137  22.46  20.860001  1.59
(4, 5]    52  24.12  21.400000  2.71
(5, 20]   10  24.54  23.299999  1.24
                              n  lead_proj   proj        act   err
lead                                                              
(2.9890000000000003, 12.92]  72      10.94  19.61  19.650000 -0.04
(12.92, 14.94]               70      14.03  22.57  22.000000  0.57
(14.94, 17.27]               72      16.08  24.32  22.059999  2.27
(17.27, 27.74]               69      19.26  26.10  22.280001  3.83

=== calibration: actual carries vs projected carries by projection bin (clean rooms, all RB rows) ===
                n    proj        act  played  ratio
bin                                                
(-0.01, 0.5]  265   0.161   0.234000   0.362  1.449
(0.5, 2.0]    223   1.153   1.045000   0.552  0.906
(2.0, 5.0]    181   3.274   2.972000   0.818  0.908
(5.0, 9.0]    130   6.911   7.031000   0.938  1.017
(9.0, 13.0]   107  11.328  11.112000   0.963  0.981
(13.0, 17.0]  138  14.909  13.486000   0.957  0.905
(17.0, 21.0]   65  18.363  16.014999   1.000  0.872
(21.0, 40.0]   13  22.291  18.615000   1.000  0.835

=== by season-week bucket (structural vs early/late?) ===
year   2024  2025
wb               
3-5   -0.36 -0.14
6-9    2.49  2.35
10-13  3.00  1.55
14-17  2.05  0.43

=== RB points: is the carry error hidden by the calibration line? (clean rooms, played) ===
  carries            proj    7.66  actual    7.58  bias +0.08
  rush yards         proj   32.97  actual   34.64  bias -1.66
  rush TDs           proj    0.23  actual    0.27  bias -0.04
  RAW points         proj    7.58  actual    8.07  bias -0.49
  CALIBRATED points  proj    7.90  actual    8.07  bias -0.17
  yards per carry: projected 4.30  actual 4.57
