2026-09-29 22:24:06.105 WARNING streamlit.runtime.caching.cache_data_api: No runtime found, using MemoryCacheStorageManager
2026-09-29 22:24:06.106 WARNING streamlit.runtime.caching.cache_data_api: No runtime found, using MemoryCacheStorageManager
2026-09-29 22:24:06.107 WARNING streamlit.runtime.caching.cache_data_api: No runtime found, using MemoryCacheStorageManager
2026-09-29 22:24:06.107 WARNING streamlit.runtime.caching.cache_data_api: No runtime found, using MemoryCacheStorageManager
2026-09-29 22:24:06.110 WARNING streamlit.runtime.caching.cache_data_api: No runtime found, using MemoryCacheStorageManager
2026-09-29 22:24:06.110 WARNING streamlit.runtime.caching.cache_data_api: No runtime found, using MemoryCacheStorageManager
2026-09-29 22:24:06.111 WARNING streamlit.runtime.caching.cache_data_api: No runtime found, using MemoryCacheStorageManager
2026-09-29 22:24:06.111 WARNING streamlit.runtime.caching.cache_data_api: No runtime found, using MemoryCacheStorageManager
2026-09-29 22:24:06.112 WARNING streamlit.runtime.caching.cache_data_api: No runtime found, using MemoryCacheStorageManager
2026-09-29 22:24:06.112 WARNING streamlit.runtime.caching.cache_data_api: No runtime found, using MemoryCacheStorageManager
2026-09-29 22:24:06.112 WARNING streamlit.runtime.caching.cache_data_api: No runtime found, using MemoryCacheStorageManager
2026-09-29 22:24:06.113 WARNING streamlit.runtime.caching.cache_data_api: No runtime found, using MemoryCacheStorageManager
2026-09-29 22:24:06.113 WARNING streamlit.runtime.caching.cache_data_api: No runtime found, using MemoryCacheStorageManager
2026-09-29 22:24:06.113 WARNING streamlit.runtime.caching.cache_data_api: No runtime found, using MemoryCacheStorageManager
2026-09-29 22:24:06.114 WARNING streamlit.runtime.caching.cache_data_api: No runtime found, using MemoryCacheStorageManager
2026-09-29 22:24:06.114 WARNING streamlit.runtime.caching.cache_data_api: No runtime found, using MemoryCacheStorageManager
2026-09-29 22:24:06.114 WARNING streamlit.runtime.caching.cache_data_api: No runtime found, using MemoryCacheStorageManager
2026-09-29 22:24:06.114 WARNING streamlit.runtime.caching.cache_data_api: No runtime found, using MemoryCacheStorageManager
2026-09-29 22:24:06.115 WARNING streamlit.runtime.caching.cache_data_api: No runtime found, using MemoryCacheStorageManager
2026-09-29 22:24:06.115 WARNING streamlit.runtime.caching.cache_data_api: No runtime found, using MemoryCacheStorageManager
2026-09-29 22:24:06.115 WARNING streamlit.runtime.caching.cache_data_api: No runtime found, using MemoryCacheStorageManager
2026-09-29 22:24:06.116 WARNING streamlit.runtime.caching.cache_data_api: No runtime found, using MemoryCacheStorageManager
2026-09-29 22:24:06.116 WARNING streamlit.runtime.caching.cache_data_api: No runtime found, using MemoryCacheStorageManager
2026-09-29 22:24:06.116 WARNING streamlit.runtime.caching.cache_data_api: No runtime found, using MemoryCacheStorageManager
2026-09-29 22:24:06.117 WARNING streamlit.runtime.caching.cache_data_api: No runtime found, using MemoryCacheStorageManager
2026-09-29 22:24:06.117 WARNING streamlit.runtime.caching.cache_data_api: No runtime found, using MemoryCacheStorageManager
2026-09-29 22:24:06.117 WARNING streamlit.runtime.caching.cache_data_api: No runtime found, using MemoryCacheStorageManager
2026-09-29 22:24:06.118 WARNING streamlit.runtime.caching.cache_data_api: No runtime found, using MemoryCacheStorageManager
2026-09-29 22:24:06.118 WARNING streamlit.runtime.caching.cache_data_api: No runtime found, using MemoryCacheStorageManager
2026-09-29 22:24:06.119 WARNING streamlit.runtime.caching.cache_data_api: No runtime found, using MemoryCacheStorageManager
2026-09-29 22:24:06.119 WARNING streamlit.runtime.caching.cache_data_api: No runtime found, using MemoryCacheStorageManager
2026-09-29 22:24:06.120 WARNING streamlit.runtime.caching.cache_data_api: No runtime found, using MemoryCacheStorageManager
2026-09-29 22:24:06.122 WARNING streamlit.runtime.caching.cache_data_api: No runtime found, using MemoryCacheStorageManager
2026-09-29 22:24:06.140 WARNING streamlit.runtime.caching.cache_data_api: No runtime found, using MemoryCacheStorageManager
2026-09-29 22:24:06.140 WARNING streamlit.runtime.caching.cache_data_api: No runtime found, using MemoryCacheStorageManager
2026-09-29 22:24:06.141 WARNING streamlit.runtime.caching.cache_data_api: No runtime found, using MemoryCacheStorageManager
2026-09-29 22:24:06.141 WARNING streamlit.runtime.caching.cache_data_api: No runtime found, using MemoryCacheStorageManager
2026-09-29 22:24:06.142 WARNING streamlit.runtime.caching.cache_data_api: No runtime found, using MemoryCacheStorageManager
2026-09-29 22:24:06.142 WARNING streamlit.runtime.caching.cache_data_api: No runtime found, using MemoryCacheStorageManager
2026-09-29 22:24:06.143 WARNING streamlit.runtime.caching.cache_data_api: No runtime found, using MemoryCacheStorageManager
2026-09-29 22:24:06.143 WARNING streamlit.runtime.caching.cache_data_api: No runtime found, using MemoryCacheStorageManager
2026-09-29 22:24:06.144 WARNING streamlit.runtime.caching.cache_data_api: No runtime found, using MemoryCacheStorageManager
2026-09-29 22:24:06.148 WARNING streamlit.runtime.caching.cache_data_api: No runtime found, using MemoryCacheStorageManager
2026-09-29 22:24:06.150 WARNING streamlit.runtime.caching.cache_data_api: No runtime found, using MemoryCacheStorageManager
2026-09-29 22:24:06.176 WARNING streamlit.runtime.caching.cache_data_api: No runtime found, using MemoryCacheStorageManager
2026-09-29 22:24:06.176 WARNING streamlit.runtime.scriptrunner_utils.script_run_context: Thread 'MainThread': missing ScriptRunContext! This warning can be ignored when running in bare mode.
2026-09-29 22:24:06.177 WARNING streamlit.runtime.caching.cache_data_api: No runtime found, using MemoryCacheStorageManager
2026-09-29 22:24:06.665 WARNING streamlit.runtime.caching.cache_data_api: No runtime found, using MemoryCacheStorageManager
2026-09-29 22:24:07.216 WARNING streamlit.runtime.caching.cache_data_api: No runtime found, using MemoryCacheStorageManager
2026-09-29 22:24:07.216 WARNING streamlit.runtime.scriptrunner_utils.script_run_context: Thread 'MainThread': missing ScriptRunContext! This warning can be ignored when running in bare mode.
2026-09-29 22:24:07.577 WARNING streamlit.runtime.caching.cache_data_api: No runtime found, using MemoryCacheStorageManager
2026-09-29 22:24:07.591 WARNING streamlit.runtime.caching.cache_data_api: No runtime found, using MemoryCacheStorageManager
2026-09-29 22:24:23.034 WARNING streamlit.runtime.caching.cache_data_api: No runtime found, using MemoryCacheStorageManager
2026-09-29 22:24:23.044 WARNING streamlit.runtime.caching.cache_data_api: No runtime found, using MemoryCacheStorageManager
2026-09-29 22:24:42.952 WARNING streamlit.runtime.caching.cache_data_api: No runtime found, using MemoryCacheStorageManager
2026-09-29 22:24:42.953 WARNING streamlit.runtime.caching.cache_data_api: No runtime found, using MemoryCacheStorageManager
2026-09-29 22:24:45.835 WARNING streamlit.runtime.caching.cache_data_api: No runtime found, using MemoryCacheStorageManager
2024 w4 done (122 RBs)
2024 w6 done (112 RBs)
2024 w8 done (135 RBs)
2024 w10 done (118 RBs)
2024 w12 done (112 RBs)
2024 w14 done (115 RBs)
2024 w16 done (144 RBs)
2026-09-29 22:33:31.425 WARNING streamlit.runtime.scriptrunner_utils.script_run_context: Thread 'MainThread': missing ScriptRunContext! This warning can be ignored when running in bare mode.
2026-09-29 22:33:32.674 WARNING streamlit.runtime.scriptrunner_utils.script_run_context: Thread 'MainThread': missing ScriptRunContext! This warning can be ignored when running in bare mode.
2025 w4 done (130 RBs)
2025 w6 done (125 RBs)
2025 w8 done (110 RBs)
2025 w10 done (124 RBs)
2025 w12 done (127 RBs)
2025 w14 done (132 RBs)
2025 w16 done (151 RBs)
clean RB rooms: 283 team-weeks, 1122 RB rows

=== STAGE DECOMPOSITION, clean rooms: room sums per team-week ===
  blended rate (per game, pre-multiplier)          24.43
  after multipliers (pre-vacancy)                  24.10
  final board                                      24.10
  ACTUAL room carries (board RBs)                  21.48
  ACTUAL team RB carries (all RBs)                 21.97
  ACTUAL team rush attempts (all positions)        26.82
  carry-weighted multiplier blended->pre-vacancy: x0.987
     matchup_multiplier           weighted mean 0.999
     script_multiplier            weighted mean 1.000
     script_neutral_multiplier    weighted mean 1.001
     pace_multiplier              weighted mean 0.987
     environment_multiplier       weighted mean 1.000
     availability_multiplier      weighted mean 1.000

=== TEAM budget, clean rooms: projected vs actual rush attempts by position group ===
             proj     actual   err
QB           3.54   3.940000 -0.40
RB          24.10  21.969999  2.13
WR+TE        0.00   0.850000 -0.85
TEAM TOTAL  27.64  26.820000  0.82

=== does the over-projection scale with roster depth or with the lead back? (clean rooms) ===
           n   proj        act   err
n_rb                                
(2, 3]    84  23.91  22.330000  1.58
(3, 4]   137  23.47  20.860001  2.61
(4, 5]    52  25.62  21.400000  4.21
(5, 20]   10  26.43  23.299999  3.13
                              n  lead_proj   proj        act   err
lead                                                              
(2.9890000000000003, 12.92]  72      10.94  20.70  19.650000  1.05
(12.92, 14.94]               70      14.03  23.64  22.000000  1.64
(14.94, 17.27]               72      16.08  25.24  22.059999  3.18
(17.27, 27.74]               69      19.26  26.92  22.280001  4.65

=== calibration: actual carries vs projected carries by projection bin (clean rooms, all RB rows) ===
                n    proj        act  played  ratio
bin                                                
(-0.01, 0.5]  188   0.128   0.255000   0.436  1.989
(0.5, 2.0]    221   1.200   0.769000   0.475  0.641
(2.0, 5.0]    248   3.238   2.347000   0.698  0.725
(5.0, 9.0]    141   6.850   6.624000   0.908  0.967
(9.0, 13.0]   108  11.309  11.130000   0.963  0.984
(13.0, 17.0]  138  14.909  13.486000   0.957  0.905
(17.0, 21.0]   65  18.363  16.014999   1.000  0.872
(21.0, 40.0]   13  22.291  18.615000   1.000  0.835

=== by season-week bucket (structural vs early/late?) ===
year   2024  2025
wb               
3-5    0.04  0.33
6-9    3.35  3.13
10-13  4.46  2.49
14-17  3.65  1.40

=== RB points: is the carry error hidden by the calibration line? (clean rooms, played) ===
  carries            proj    7.78  actual    7.58  bias +0.20
  rush yards         proj   33.47  actual   34.64  bias -1.17
  rush TDs           proj    0.24  actual    0.27  bias -0.04
  RAW points         proj    7.66  actual    8.07  bias -0.42
  CALIBRATED points  proj    7.97  actual    8.07  bias -0.10
  yards per carry: projected 4.30  actual 4.57
