2026-09-29 12:35:25.788 WARNING streamlit.runtime.caching.cache_data_api: No runtime found, using MemoryCacheStorageManager
2026-09-29 12:35:25.789 WARNING streamlit.runtime.caching.cache_data_api: No runtime found, using MemoryCacheStorageManager
2026-09-29 12:35:25.789 WARNING streamlit.runtime.caching.cache_data_api: No runtime found, using MemoryCacheStorageManager
2026-09-29 12:35:25.790 WARNING streamlit.runtime.caching.cache_data_api: No runtime found, using MemoryCacheStorageManager
2026-09-29 12:35:25.792 WARNING streamlit.runtime.caching.cache_data_api: No runtime found, using MemoryCacheStorageManager
2026-09-29 12:35:25.793 WARNING streamlit.runtime.caching.cache_data_api: No runtime found, using MemoryCacheStorageManager
2026-09-29 12:35:25.793 WARNING streamlit.runtime.caching.cache_data_api: No runtime found, using MemoryCacheStorageManager
2026-09-29 12:35:25.794 WARNING streamlit.runtime.caching.cache_data_api: No runtime found, using MemoryCacheStorageManager
2026-09-29 12:35:25.795 WARNING streamlit.runtime.caching.cache_data_api: No runtime found, using MemoryCacheStorageManager
2026-09-29 12:35:25.795 WARNING streamlit.runtime.caching.cache_data_api: No runtime found, using MemoryCacheStorageManager
2026-09-29 12:35:25.795 WARNING streamlit.runtime.caching.cache_data_api: No runtime found, using MemoryCacheStorageManager
2026-09-29 12:35:25.795 WARNING streamlit.runtime.caching.cache_data_api: No runtime found, using MemoryCacheStorageManager
2026-09-29 12:35:25.795 WARNING streamlit.runtime.caching.cache_data_api: No runtime found, using MemoryCacheStorageManager
2026-09-29 12:35:25.796 WARNING streamlit.runtime.caching.cache_data_api: No runtime found, using MemoryCacheStorageManager
2026-09-29 12:35:25.796 WARNING streamlit.runtime.caching.cache_data_api: No runtime found, using MemoryCacheStorageManager
2026-09-29 12:35:25.796 WARNING streamlit.runtime.caching.cache_data_api: No runtime found, using MemoryCacheStorageManager
2026-09-29 12:35:25.797 WARNING streamlit.runtime.caching.cache_data_api: No runtime found, using MemoryCacheStorageManager
2026-09-29 12:35:25.797 WARNING streamlit.runtime.caching.cache_data_api: No runtime found, using MemoryCacheStorageManager
2026-09-29 12:35:25.797 WARNING streamlit.runtime.caching.cache_data_api: No runtime found, using MemoryCacheStorageManager
2026-09-29 12:35:25.798 WARNING streamlit.runtime.caching.cache_data_api: No runtime found, using MemoryCacheStorageManager
2026-09-29 12:35:25.798 WARNING streamlit.runtime.caching.cache_data_api: No runtime found, using MemoryCacheStorageManager
2026-09-29 12:35:25.798 WARNING streamlit.runtime.caching.cache_data_api: No runtime found, using MemoryCacheStorageManager
2026-09-29 12:35:25.798 WARNING streamlit.runtime.caching.cache_data_api: No runtime found, using MemoryCacheStorageManager
2026-09-29 12:35:25.799 WARNING streamlit.runtime.caching.cache_data_api: No runtime found, using MemoryCacheStorageManager
2026-09-29 12:35:25.799 WARNING streamlit.runtime.caching.cache_data_api: No runtime found, using MemoryCacheStorageManager
2026-09-29 12:35:25.800 WARNING streamlit.runtime.caching.cache_data_api: No runtime found, using MemoryCacheStorageManager
2026-09-29 12:35:25.800 WARNING streamlit.runtime.caching.cache_data_api: No runtime found, using MemoryCacheStorageManager
2026-09-29 12:35:25.800 WARNING streamlit.runtime.caching.cache_data_api: No runtime found, using MemoryCacheStorageManager
2026-09-29 12:35:25.801 WARNING streamlit.runtime.caching.cache_data_api: No runtime found, using MemoryCacheStorageManager
2026-09-29 12:35:25.802 WARNING streamlit.runtime.caching.cache_data_api: No runtime found, using MemoryCacheStorageManager
2026-09-29 12:35:25.802 WARNING streamlit.runtime.caching.cache_data_api: No runtime found, using MemoryCacheStorageManager
2026-09-29 12:35:25.803 WARNING streamlit.runtime.caching.cache_data_api: No runtime found, using MemoryCacheStorageManager
2026-09-29 12:35:25.805 WARNING streamlit.runtime.caching.cache_data_api: No runtime found, using MemoryCacheStorageManager
2026-09-29 12:35:25.823 WARNING streamlit.runtime.caching.cache_data_api: No runtime found, using MemoryCacheStorageManager
2026-09-29 12:35:25.824 WARNING streamlit.runtime.caching.cache_data_api: No runtime found, using MemoryCacheStorageManager
2026-09-29 12:35:25.824 WARNING streamlit.runtime.caching.cache_data_api: No runtime found, using MemoryCacheStorageManager
2026-09-29 12:35:25.824 WARNING streamlit.runtime.caching.cache_data_api: No runtime found, using MemoryCacheStorageManager
2026-09-29 12:35:25.825 WARNING streamlit.runtime.caching.cache_data_api: No runtime found, using MemoryCacheStorageManager
2026-09-29 12:35:25.826 WARNING streamlit.runtime.caching.cache_data_api: No runtime found, using MemoryCacheStorageManager
2026-09-29 12:35:25.826 WARNING streamlit.runtime.caching.cache_data_api: No runtime found, using MemoryCacheStorageManager
2026-09-29 12:35:25.827 WARNING streamlit.runtime.caching.cache_data_api: No runtime found, using MemoryCacheStorageManager
2026-09-29 12:35:25.827 WARNING streamlit.runtime.caching.cache_data_api: No runtime found, using MemoryCacheStorageManager
2026-09-29 12:35:25.831 WARNING streamlit.runtime.caching.cache_data_api: No runtime found, using MemoryCacheStorageManager
2026-09-29 12:35:25.834 WARNING streamlit.runtime.caching.cache_data_api: No runtime found, using MemoryCacheStorageManager
2026-09-29 12:35:25.859 WARNING streamlit.runtime.caching.cache_data_api: No runtime found, using MemoryCacheStorageManager
2026-09-29 12:35:25.859 WARNING streamlit.runtime.scriptrunner_utils.script_run_context: Thread 'MainThread': missing ScriptRunContext! This warning can be ignored when running in bare mode.
2026-09-29 12:35:25.860 WARNING streamlit.runtime.caching.cache_data_api: No runtime found, using MemoryCacheStorageManager
2026-09-29 12:35:26.395 WARNING streamlit.runtime.caching.cache_data_api: No runtime found, using MemoryCacheStorageManager
2026-09-29 12:35:26.935 WARNING streamlit.runtime.caching.cache_data_api: No runtime found, using MemoryCacheStorageManager
2026-09-29 12:35:26.935 WARNING streamlit.runtime.scriptrunner_utils.script_run_context: Thread 'MainThread': missing ScriptRunContext! This warning can be ignored when running in bare mode.
2026-09-29 12:35:27.297 WARNING streamlit.runtime.caching.cache_data_api: No runtime found, using MemoryCacheStorageManager
2026-09-29 12:35:27.315 WARNING streamlit.runtime.caching.cache_data_api: No runtime found, using MemoryCacheStorageManager
2026-09-29 12:35:31.523 WARNING streamlit.runtime.caching.cache_data_api: No runtime found, using MemoryCacheStorageManager
2026-09-29 12:35:31.542 WARNING streamlit.runtime.caching.cache_data_api: No runtime found, using MemoryCacheStorageManager
2026-09-29 12:35:54.773 WARNING streamlit.runtime.caching.cache_data_api: No runtime found, using MemoryCacheStorageManager
2026-09-29 12:35:54.774 WARNING streamlit.runtime.caching.cache_data_api: No runtime found, using MemoryCacheStorageManager
2026-09-29 12:35:57.611 WARNING streamlit.runtime.caching.cache_data_api: No runtime found, using MemoryCacheStorageManager
2022 w3 done (290 WR/TE rows)
2022 w4 done (305 WR/TE rows)
2022 w5 done (317 WR/TE rows)
2022 w6 done (287 WR/TE rows)
2022 w7 done (289 WR/TE rows)
2022 w8 done (310 WR/TE rows)
2022 w9 done (276 WR/TE rows)
2022 w10 done (295 WR/TE rows)
2022 w11 done (305 WR/TE rows)
2022 w12 done (348 WR/TE rows)
2022 w13 done (330 WR/TE rows)
2022 w14 done (292 WR/TE rows)
2022 w15 done (358 WR/TE rows)
2022 w16 done (360 WR/TE rows)
2022 w17 done (335 WR/TE rows)
2026-09-29 12:48:51.728 WARNING streamlit.runtime.scriptrunner_utils.script_run_context: Thread 'MainThread': missing ScriptRunContext! This warning can be ignored when running in bare mode.
2026-09-29 12:48:52.724 WARNING streamlit.runtime.scriptrunner_utils.script_run_context: Thread 'MainThread': missing ScriptRunContext! This warning can be ignored when running in bare mode.
2023 w3 done (284 WR/TE rows)
2023 w4 done (293 WR/TE rows)
2023 w5 done (269 WR/TE rows)
2023 w6 done (295 WR/TE rows)
2023 w7 done (254 WR/TE rows)
2023 w8 done (321 WR/TE rows)
2023 w9 done (283 WR/TE rows)
2023 w10 done (286 WR/TE rows)
2023 w11 done (291 WR/TE rows)
2023 w12 done (332 WR/TE rows)
2023 w13 done (273 WR/TE rows)
2023 w14 done (319 WR/TE rows)
2023 w15 done (338 WR/TE rows)
2023 w16 done (340 WR/TE rows)
2023 w17 done (342 WR/TE rows)
2026-09-29 13:01:50.625 WARNING streamlit.runtime.scriptrunner_utils.script_run_context: Thread 'MainThread': missing ScriptRunContext! This warning can be ignored when running in bare mode.
2026-09-29 13:01:52.041 WARNING streamlit.runtime.scriptrunner_utils.script_run_context: Thread 'MainThread': missing ScriptRunContext! This warning can be ignored when running in bare mode.
2024 w3 done (294 WR/TE rows)
2024 w4 done (301 WR/TE rows)
2024 w5 done (269 WR/TE rows)
2024 w6 done (264 WR/TE rows)
2024 w7 done (299 WR/TE rows)
2024 w8 done (322 WR/TE rows)
2024 w9 done (304 WR/TE rows)
2024 w10 done (296 WR/TE rows)
2024 w11 done (296 WR/TE rows)
2024 w12 done (280 WR/TE rows)
2024 w13 done (343 WR/TE rows)
2024 w14 done (288 WR/TE rows)
2024 w15 done (353 WR/TE rows)
2024 w16 done (353 WR/TE rows)
2024 w17 done (356 WR/TE rows)
2026-09-29 13:21:22.167 WARNING streamlit.runtime.scriptrunner_utils.script_run_context: Thread 'MainThread': missing ScriptRunContext! This warning can be ignored when running in bare mode.
2026-09-29 13:21:23.364 WARNING streamlit.runtime.scriptrunner_utils.script_run_context: Thread 'MainThread': missing ScriptRunContext! This warning can be ignored when running in bare mode.
2025 w3 done (307 WR/TE rows)
2025 w4 done (311 WR/TE rows)
2025 w5 done (281 WR/TE rows)
2025 w6 done (309 WR/TE rows)
2025 w7 done (314 WR/TE rows)
2025 w8 done (272 WR/TE rows)
2025 w9 done (301 WR/TE rows)
2025 w10 done (303 WR/TE rows)
2025 w11 done (330 WR/TE rows)
2025 w12 done (308 WR/TE rows)
2025 w13 done (362 WR/TE rows)
2025 w14 done (313 WR/TE rows)
2025 w15 done (365 WR/TE rows)
2025 w16 done (367 WR/TE rows)
2025 w17 done (369 WR/TE rows)
########## replay-clean rooms ##########
clean WR/TE rooms: 1125 team-weeks, 11525 player-rows

=== share slope (actual share ~ projected share; 1.0 = right spread, >1 = too flat) ===
  blend    1.090
  pre_cap  1.087
  final    1.087

=== by projected room rank: mean targets and shares per stage ===
        n    act  final  pre_cap  played  act_sh  sh_blend  sh_pre_cap  sh_final  final_err
rb                                                                                         
1    1125  7.290  6.944    9.435   0.914   0.284     0.267       0.269     0.269     -0.345
2    1125  5.616  5.236    7.144   0.918   0.218     0.203       0.203     0.203     -0.380
3    1125  4.172  4.028    5.515   0.865   0.162     0.156       0.156     0.156     -0.144
4-5  2250  2.610  2.644    3.657   0.785   0.101     0.102       0.102     0.102      0.035
6-8  3326  0.934  1.196    1.690   0.559   0.036     0.047       0.046     0.046      0.261
9+   2574  0.315  0.365    0.554   0.343   0.012     0.014       0.014     0.014      0.050

=== by prior source (player prior vs position fallback) ===
  player prior         n=  9252  share slope(final) 1.075  target bias +0.020
  position fallback    n=  2273  share slope(final) 1.221  target bias -0.038
                          n   proj    act    err
rb  psrc                                        
1   player prior       1048  7.019  7.276 -0.257
    position fallback    77  5.926  7.481 -1.554
2   player prior        998  5.283  5.640 -0.358
    position fallback   127  4.873  5.425 -0.552
3   player prior        955  4.021  4.105 -0.084
    position fallback   170  4.066  4.547 -0.482
4-5 player prior       1852  2.658  2.573  0.085
    position fallback   398  2.581  2.779 -0.198
6-8 player prior       2570  1.206  0.933  0.273
    position fallback   756  1.161  0.940  0.221
9+  player prior       1829  0.345  0.328  0.017
    position fallback   745  0.415  0.283  0.131

=== played vs not (tail over-projection from inactives?) ===
               n   proj    act    err
rb  played                           
1   False     97  6.143  0.000  6.143
    True    1028  7.020  7.978 -0.958
2   False     92  5.020  0.000  5.020
    True    1033  5.256  6.116 -0.860
3   False    152  3.687  0.000  3.687
    True     973  4.081  4.823 -0.742
4-5 False    484  2.324  0.000  2.324
    True    1766  2.732  3.325 -0.593
6-8 False   1467  1.085  0.000  1.085
    True    1859  1.283  1.672 -0.389
9+  False   1692  0.333  0.000  0.333
    True     882  0.427  0.918 -0.491

=== blend components among players with BOTH an own in-season rate and a player prior ===
games    n  model_w  lsq_w  slope_blend  slope_cur  slope_prior
  0-2 2763    0.226  0.329        0.762      0.631        0.750
  3-4 1842    0.541  0.559        0.707      0.664        0.672
  5-6 1437    0.662  0.734        0.737      0.716        0.680
  7-9 1684    0.743  0.676        0.709      0.688        0.650
  10+ 1526    0.813  0.691        0.824      0.801        0.736

=== snap-share channel: projected expected_snap_share vs actual snap % by rank ===
     exp_snap   act_snap
rb                      
1       0.831  81.831001
2       0.774  76.023003
3       0.713  69.265999
4-5     0.546  53.041000
6-8     0.299  33.150002
9+      0.106  17.591999

########## strict-clean rooms (every >=1.5-target player played) ##########
strict clean WR/TE rooms: 414 team-weeks, 3966 player-rows

=== share slope (actual share ~ projected share; 1.0 = right spread, >1 = too flat) ===
  blend    1.074
  pre_cap  1.070
  final    1.070

=== by projected room rank: mean targets and shares per stage ===
        n    act  final  pre_cap  played  act_sh  sh_blend  sh_pre_cap  sh_final  final_err
rb                                                                                         
1     414  7.720  7.097    9.180   1.000   0.297     0.284       0.286     0.286     -0.623
2     414  5.908  5.346    6.946   1.000   0.225     0.216       0.216     0.216     -0.562
3     414  4.693  4.107    5.338   1.000   0.180     0.166       0.165     0.165     -0.587
4-5   828  2.743  2.478    3.250   0.926   0.103     0.100       0.100     0.100     -0.264
6-8  1212  0.766  0.962    1.286   0.560   0.028     0.039       0.039     0.039      0.196
9+    684  0.164  0.259    0.368   0.333   0.006     0.011       0.011     0.011      0.095

=== by prior source (player prior vs position fallback) ===
  player prior         n=  3266  share slope(final) 1.065  target bias -0.183
  position fallback    n=   700  share slope(final) 1.134  target bias -0.076
                         n   proj    act    err
rb  psrc                                       
1   player prior       394  7.165  7.774 -0.609
    position fallback   20  5.757  6.650 -0.893
2   player prior       375  5.360  5.923 -0.563
    position fallback   39  5.213  5.769 -0.556
3   player prior       348  4.098  4.672 -0.575
    position fallback   66  4.154  4.803 -0.649
4-5 player prior       692  2.485  2.721 -0.237
    position fallback  136  2.447  2.853 -0.406
6-8 player prior       960  0.970  0.772  0.198
    position fallback  252  0.930  0.742  0.188
9+  player prior       497  0.252  0.195  0.057
    position fallback  187  0.277  0.080  0.196

=== played vs not (tail over-projection from inactives?) ===
              n   proj    act    err
rb  played                          
1   True    414  7.097  7.720 -0.623
2   True    414  5.346  5.908 -0.562
3   True    414  4.107  4.693 -0.587
4-5 False    61  1.184  0.000  1.184
    True    767  2.581  2.961 -0.380
6-8 False   533  0.772  0.000  0.772
    True    679  1.111  1.367 -0.256
9+  False   456  0.249  0.000  0.249
    True    228  0.278  0.491 -0.213

=== blend components among players with BOTH an own in-season rate and a player prior ===
games    n  model_w  lsq_w  slope_blend  slope_cur  slope_prior
  0-2 1063    0.225  0.196        0.793      0.654        0.779
  3-4  681    0.545  0.489        0.817      0.765        0.782
  5-6  511    0.662  0.809        0.838      0.823        0.764
  7-9  562    0.739  0.680        0.796      0.768        0.743
  10+  449    0.813  0.677        0.872      0.845        0.775

=== snap-share channel: projected expected_snap_share vs actual snap % by rank ===
     exp_snap   act_snap
rb                      
1       0.840  82.507004
2       0.783  75.901001
3       0.726  69.459000
4-5     0.514  48.712002
6-8     0.243  27.933001
9+      0.079  12.281000
