2026-09-30 07:19:13.575 WARNING streamlit.runtime.caching.cache_data_api: No runtime found, using MemoryCacheStorageManager
2026-09-30 07:19:13.576 WARNING streamlit.runtime.caching.cache_data_api: No runtime found, using MemoryCacheStorageManager
2026-09-30 07:19:13.576 WARNING streamlit.runtime.caching.cache_data_api: No runtime found, using MemoryCacheStorageManager
2026-09-30 07:19:13.577 WARNING streamlit.runtime.caching.cache_data_api: No runtime found, using MemoryCacheStorageManager
2026-09-30 07:19:13.580 WARNING streamlit.runtime.caching.cache_data_api: No runtime found, using MemoryCacheStorageManager
2026-09-30 07:19:13.580 WARNING streamlit.runtime.caching.cache_data_api: No runtime found, using MemoryCacheStorageManager
2026-09-30 07:19:13.580 WARNING streamlit.runtime.caching.cache_data_api: No runtime found, using MemoryCacheStorageManager
2026-09-30 07:19:13.581 WARNING streamlit.runtime.caching.cache_data_api: No runtime found, using MemoryCacheStorageManager
2026-09-30 07:19:13.582 WARNING streamlit.runtime.caching.cache_data_api: No runtime found, using MemoryCacheStorageManager
2026-09-30 07:19:13.582 WARNING streamlit.runtime.caching.cache_data_api: No runtime found, using MemoryCacheStorageManager
2026-09-30 07:19:13.582 WARNING streamlit.runtime.caching.cache_data_api: No runtime found, using MemoryCacheStorageManager
2026-09-30 07:19:13.582 WARNING streamlit.runtime.caching.cache_data_api: No runtime found, using MemoryCacheStorageManager
2026-09-30 07:19:13.582 WARNING streamlit.runtime.caching.cache_data_api: No runtime found, using MemoryCacheStorageManager
2026-09-30 07:19:13.583 WARNING streamlit.runtime.caching.cache_data_api: No runtime found, using MemoryCacheStorageManager
2026-09-30 07:19:13.583 WARNING streamlit.runtime.caching.cache_data_api: No runtime found, using MemoryCacheStorageManager
2026-09-30 07:19:13.583 WARNING streamlit.runtime.caching.cache_data_api: No runtime found, using MemoryCacheStorageManager
2026-09-30 07:19:13.584 WARNING streamlit.runtime.caching.cache_data_api: No runtime found, using MemoryCacheStorageManager
2026-09-30 07:19:13.584 WARNING streamlit.runtime.caching.cache_data_api: No runtime found, using MemoryCacheStorageManager
2026-09-30 07:19:13.584 WARNING streamlit.runtime.caching.cache_data_api: No runtime found, using MemoryCacheStorageManager
2026-09-30 07:19:13.585 WARNING streamlit.runtime.caching.cache_data_api: No runtime found, using MemoryCacheStorageManager
2026-09-30 07:19:13.585 WARNING streamlit.runtime.caching.cache_data_api: No runtime found, using MemoryCacheStorageManager
2026-09-30 07:19:13.585 WARNING streamlit.runtime.caching.cache_data_api: No runtime found, using MemoryCacheStorageManager
2026-09-30 07:19:13.586 WARNING streamlit.runtime.caching.cache_data_api: No runtime found, using MemoryCacheStorageManager
2026-09-30 07:19:13.586 WARNING streamlit.runtime.caching.cache_data_api: No runtime found, using MemoryCacheStorageManager
2026-09-30 07:19:13.587 WARNING streamlit.runtime.caching.cache_data_api: No runtime found, using MemoryCacheStorageManager
2026-09-30 07:19:13.587 WARNING streamlit.runtime.caching.cache_data_api: No runtime found, using MemoryCacheStorageManager
2026-09-30 07:19:13.587 WARNING streamlit.runtime.caching.cache_data_api: No runtime found, using MemoryCacheStorageManager
2026-09-30 07:19:13.588 WARNING streamlit.runtime.caching.cache_data_api: No runtime found, using MemoryCacheStorageManager
2026-09-30 07:19:13.588 WARNING streamlit.runtime.caching.cache_data_api: No runtime found, using MemoryCacheStorageManager
2026-09-30 07:19:13.589 WARNING streamlit.runtime.caching.cache_data_api: No runtime found, using MemoryCacheStorageManager
2026-09-30 07:19:13.589 WARNING streamlit.runtime.caching.cache_data_api: No runtime found, using MemoryCacheStorageManager
2026-09-30 07:19:13.590 WARNING streamlit.runtime.caching.cache_data_api: No runtime found, using MemoryCacheStorageManager
2026-09-30 07:19:13.592 WARNING streamlit.runtime.caching.cache_data_api: No runtime found, using MemoryCacheStorageManager
2026-09-30 07:19:13.607 WARNING streamlit.runtime.caching.cache_data_api: No runtime found, using MemoryCacheStorageManager
2026-09-30 07:19:13.608 WARNING streamlit.runtime.caching.cache_data_api: No runtime found, using MemoryCacheStorageManager
2026-09-30 07:19:13.608 WARNING streamlit.runtime.caching.cache_data_api: No runtime found, using MemoryCacheStorageManager
2026-09-30 07:19:13.608 WARNING streamlit.runtime.caching.cache_data_api: No runtime found, using MemoryCacheStorageManager
2026-09-30 07:19:13.609 WARNING streamlit.runtime.caching.cache_data_api: No runtime found, using MemoryCacheStorageManager
2026-09-30 07:19:13.609 WARNING streamlit.runtime.caching.cache_data_api: No runtime found, using MemoryCacheStorageManager
2026-09-30 07:19:13.610 WARNING streamlit.runtime.caching.cache_data_api: No runtime found, using MemoryCacheStorageManager
2026-09-30 07:19:13.610 WARNING streamlit.runtime.caching.cache_data_api: No runtime found, using MemoryCacheStorageManager
2026-09-30 07:19:13.611 WARNING streamlit.runtime.caching.cache_data_api: No runtime found, using MemoryCacheStorageManager
2026-09-30 07:19:13.615 WARNING streamlit.runtime.caching.cache_data_api: No runtime found, using MemoryCacheStorageManager
2026-09-30 07:19:13.618 WARNING streamlit.runtime.caching.cache_data_api: No runtime found, using MemoryCacheStorageManager
2026-09-30 07:19:13.644 WARNING streamlit.runtime.caching.cache_data_api: No runtime found, using MemoryCacheStorageManager
2026-09-30 07:19:13.644 WARNING streamlit.runtime.scriptrunner_utils.script_run_context: Thread 'MainThread': missing ScriptRunContext! This warning can be ignored when running in bare mode.
2026-09-30 07:19:13.644 WARNING streamlit.runtime.caching.cache_data_api: No runtime found, using MemoryCacheStorageManager
2026-09-30 07:19:14.130 WARNING streamlit.runtime.caching.cache_data_api: No runtime found, using MemoryCacheStorageManager
2026-09-30 07:19:14.710 WARNING streamlit.runtime.caching.cache_data_api: No runtime found, using MemoryCacheStorageManager
2026-09-30 07:19:14.710 WARNING streamlit.runtime.scriptrunner_utils.script_run_context: Thread 'MainThread': missing ScriptRunContext! This warning can be ignored when running in bare mode.
2026-09-30 07:19:15.086 WARNING streamlit.runtime.caching.cache_data_api: No runtime found, using MemoryCacheStorageManager
2026-09-30 07:19:15.100 WARNING streamlit.runtime.caching.cache_data_api: No runtime found, using MemoryCacheStorageManager
2026-09-30 07:19:17.912 WARNING streamlit.runtime.caching.cache_data_api: No runtime found, using MemoryCacheStorageManager
2026-09-30 07:19:17.923 WARNING streamlit.runtime.caching.cache_data_api: No runtime found, using MemoryCacheStorageManager
2026-09-30 07:19:37.019 WARNING streamlit.runtime.caching.cache_data_api: No runtime found, using MemoryCacheStorageManager
2026-09-30 07:19:37.020 WARNING streamlit.runtime.caching.cache_data_api: No runtime found, using MemoryCacheStorageManager
2026-09-30 07:19:39.999 WARNING streamlit.runtime.caching.cache_data_api: No runtime found, using MemoryCacheStorageManager
2022 w3 done (127 RBs)
2022 w4 done (130 RBs)
2022 w5 done (131 RBs)
2022 w6 done (118 RBs)
2022 w7 done (125 RBs)
2022 w8 done (132 RBs)
2022 w9 done (118 RBs)
2022 w10 done (129 RBs)
2022 w11 done (133 RBs)
2022 w12 done (152 RBs)
2022 w13 done (146 RBs)
2022 w14 done (124 RBs)
2022 w15 done (155 RBs)
2022 w16 done (155 RBs)
2022 w17 done (145 RBs)
2026-09-30 07:30:35.167 WARNING streamlit.runtime.scriptrunner_utils.script_run_context: Thread 'MainThread': missing ScriptRunContext! This warning can be ignored when running in bare mode.
2026-09-30 07:30:36.135 WARNING streamlit.runtime.scriptrunner_utils.script_run_context: Thread 'MainThread': missing ScriptRunContext! This warning can be ignored when running in bare mode.
2023 w3 done (117 RBs)
2023 w4 done (124 RBs)
2023 w5 done (110 RBs)
2023 w6 done (119 RBs)
2023 w7 done (112 RBs)
2023 w8 done (137 RBs)
2023 w9 done (121 RBs)
2023 w10 done (120 RBs)
2023 w11 done (124 RBs)
2023 w12 done (142 RBs)
2023 w13 done (111 RBs)
2023 w14 done (135 RBs)
2023 w15 done (144 RBs)
2023 w16 done (146 RBs)
2023 w17 done (148 RBs)
clean RB rooms: 588 team-weeks, 2355 RB rows

=== STAGE DECOMPOSITION, clean rooms: room sums per team-week ===
  blended rate (per game, pre-multiplier)          25.12
  after multipliers (pre-vacancy)                  24.94
  final board                                      24.94
  ACTUAL room carries (board RBs)                  21.71
  ACTUAL team RB carries (all RBs)                 21.82
  ACTUAL team rush attempts (all positions)        27.00
  carry-weighted multiplier blended->pre-vacancy: x0.993
     matchup_multiplier           weighted mean 1.001
     script_multiplier            weighted mean 1.000
     script_neutral_multiplier    weighted mean 1.000
     pace_multiplier              weighted mean 0.991
     environment_multiplier       weighted mean 0.999
     availability_multiplier      weighted mean 1.000

=== TEAM budget, clean rooms: projected vs actual rush attempts by position group ===
             proj  actual   err
QB           3.65    4.06 -0.41
RB          24.94   21.82  3.12
WR+TE        0.00    1.02 -1.02
TEAM TOTAL  28.59   27.00  1.59

=== does the over-projection scale with roster depth or with the lead back? (clean rooms) ===
           n   proj        act   err
n_rb                                
(0, 2]    17  12.79  12.530000  0.26
(2, 3]   180  22.87  22.020000  0.85
(3, 4]   209  25.66  21.389999  4.27
(4, 5]   146  26.95  22.290001  4.66
(5, 20]   36  28.60  23.920000  4.68
                   n  lead_proj   proj        act   err
lead                                                   
(1.989, 12.81]   148      10.80  21.32  20.670000  0.65
(12.81, 14.795]  146      13.89  24.72  22.000000  2.72
(14.795, 17.18]  148      15.88  26.12  22.139999  3.99
(17.18, 25.18]   146      19.34  27.62  22.030001  5.59

=== calibration: actual carries vs projected carries by projection bin (clean rooms, all RB rows) ===
                n    proj     act  played  ratio
bin                                             
(-0.01, 0.5]  341   0.124   0.323   0.422  2.601
(0.5, 2.0]    471   1.174   0.747   0.465  0.637
(2.0, 5.0]    550   3.338   2.382   0.653  0.714
(5.0, 9.0]    262   6.879   5.324   0.771  0.774
(9.0, 13.0]   286  11.006  10.776   0.948  0.979
(13.0, 17.0]  290  14.842  13.766   0.986  0.927
(17.0, 21.0]  132  18.581  15.909   0.977  0.856
(21.0, 40.0]   23  22.825  18.348   0.957  0.804

=== by season-week bucket (structural vs early/late?) ===
year   2022  2023
wb               
3-5    1.67  2.84
6-9    3.56  4.24
10-13  3.33  2.84
14-17  4.17  3.29

=== RB points: is the carry error hidden by the calibration line? (clean rooms, played) ===
  carries            proj    8.00  actual    7.82  bias +0.18
  rush yards         proj   33.57  actual   33.50  bias +0.07
  rush TDs           proj    0.21  actual    0.23  bias -0.01
  RAW points         proj    7.71  actual    7.93  bias -0.21
  CALIBRATED points  proj    8.03  actual    7.93  bias +0.10
  yards per carry: projected 4.19  actual 4.28
