2026-09-29 16:39:10.025 WARNING streamlit.runtime.caching.cache_data_api: No runtime found, using MemoryCacheStorageManager
2026-09-29 16:39:10.026 WARNING streamlit.runtime.caching.cache_data_api: No runtime found, using MemoryCacheStorageManager
2026-09-29 16:39:10.026 WARNING streamlit.runtime.caching.cache_data_api: No runtime found, using MemoryCacheStorageManager
2026-09-29 16:39:10.027 WARNING streamlit.runtime.caching.cache_data_api: No runtime found, using MemoryCacheStorageManager
2026-09-29 16:39:10.029 WARNING streamlit.runtime.caching.cache_data_api: No runtime found, using MemoryCacheStorageManager
2026-09-29 16:39:10.030 WARNING streamlit.runtime.caching.cache_data_api: No runtime found, using MemoryCacheStorageManager
2026-09-29 16:39:10.030 WARNING streamlit.runtime.caching.cache_data_api: No runtime found, using MemoryCacheStorageManager
2026-09-29 16:39:10.030 WARNING streamlit.runtime.caching.cache_data_api: No runtime found, using MemoryCacheStorageManager
2026-09-29 16:39:10.031 WARNING streamlit.runtime.caching.cache_data_api: No runtime found, using MemoryCacheStorageManager
2026-09-29 16:39:10.031 WARNING streamlit.runtime.caching.cache_data_api: No runtime found, using MemoryCacheStorageManager
2026-09-29 16:39:10.032 WARNING streamlit.runtime.caching.cache_data_api: No runtime found, using MemoryCacheStorageManager
2026-09-29 16:39:10.032 WARNING streamlit.runtime.caching.cache_data_api: No runtime found, using MemoryCacheStorageManager
2026-09-29 16:39:10.032 WARNING streamlit.runtime.caching.cache_data_api: No runtime found, using MemoryCacheStorageManager
2026-09-29 16:39:10.033 WARNING streamlit.runtime.caching.cache_data_api: No runtime found, using MemoryCacheStorageManager
2026-09-29 16:39:10.033 WARNING streamlit.runtime.caching.cache_data_api: No runtime found, using MemoryCacheStorageManager
2026-09-29 16:39:10.033 WARNING streamlit.runtime.caching.cache_data_api: No runtime found, using MemoryCacheStorageManager
2026-09-29 16:39:10.033 WARNING streamlit.runtime.caching.cache_data_api: No runtime found, using MemoryCacheStorageManager
2026-09-29 16:39:10.034 WARNING streamlit.runtime.caching.cache_data_api: No runtime found, using MemoryCacheStorageManager
2026-09-29 16:39:10.034 WARNING streamlit.runtime.caching.cache_data_api: No runtime found, using MemoryCacheStorageManager
2026-09-29 16:39:10.034 WARNING streamlit.runtime.caching.cache_data_api: No runtime found, using MemoryCacheStorageManager
2026-09-29 16:39:10.035 WARNING streamlit.runtime.caching.cache_data_api: No runtime found, using MemoryCacheStorageManager
2026-09-29 16:39:10.035 WARNING streamlit.runtime.caching.cache_data_api: No runtime found, using MemoryCacheStorageManager
2026-09-29 16:39:10.035 WARNING streamlit.runtime.caching.cache_data_api: No runtime found, using MemoryCacheStorageManager
2026-09-29 16:39:10.035 WARNING streamlit.runtime.caching.cache_data_api: No runtime found, using MemoryCacheStorageManager
2026-09-29 16:39:10.036 WARNING streamlit.runtime.caching.cache_data_api: No runtime found, using MemoryCacheStorageManager
2026-09-29 16:39:10.036 WARNING streamlit.runtime.caching.cache_data_api: No runtime found, using MemoryCacheStorageManager
2026-09-29 16:39:10.037 WARNING streamlit.runtime.caching.cache_data_api: No runtime found, using MemoryCacheStorageManager
2026-09-29 16:39:10.037 WARNING streamlit.runtime.caching.cache_data_api: No runtime found, using MemoryCacheStorageManager
2026-09-29 16:39:10.037 WARNING streamlit.runtime.caching.cache_data_api: No runtime found, using MemoryCacheStorageManager
2026-09-29 16:39:10.038 WARNING streamlit.runtime.caching.cache_data_api: No runtime found, using MemoryCacheStorageManager
2026-09-29 16:39:10.039 WARNING streamlit.runtime.caching.cache_data_api: No runtime found, using MemoryCacheStorageManager
2026-09-29 16:39:10.039 WARNING streamlit.runtime.caching.cache_data_api: No runtime found, using MemoryCacheStorageManager
2026-09-29 16:39:10.041 WARNING streamlit.runtime.caching.cache_data_api: No runtime found, using MemoryCacheStorageManager
2026-09-29 16:39:10.059 WARNING streamlit.runtime.caching.cache_data_api: No runtime found, using MemoryCacheStorageManager
2026-09-29 16:39:10.060 WARNING streamlit.runtime.caching.cache_data_api: No runtime found, using MemoryCacheStorageManager
2026-09-29 16:39:10.060 WARNING streamlit.runtime.caching.cache_data_api: No runtime found, using MemoryCacheStorageManager
2026-09-29 16:39:10.060 WARNING streamlit.runtime.caching.cache_data_api: No runtime found, using MemoryCacheStorageManager
2026-09-29 16:39:10.061 WARNING streamlit.runtime.caching.cache_data_api: No runtime found, using MemoryCacheStorageManager
2026-09-29 16:39:10.061 WARNING streamlit.runtime.caching.cache_data_api: No runtime found, using MemoryCacheStorageManager
2026-09-29 16:39:10.062 WARNING streamlit.runtime.caching.cache_data_api: No runtime found, using MemoryCacheStorageManager
2026-09-29 16:39:10.062 WARNING streamlit.runtime.caching.cache_data_api: No runtime found, using MemoryCacheStorageManager
2026-09-29 16:39:10.063 WARNING streamlit.runtime.caching.cache_data_api: No runtime found, using MemoryCacheStorageManager
2026-09-29 16:39:10.068 WARNING streamlit.runtime.caching.cache_data_api: No runtime found, using MemoryCacheStorageManager
2026-09-29 16:39:10.070 WARNING streamlit.runtime.caching.cache_data_api: No runtime found, using MemoryCacheStorageManager
2026-09-29 16:39:10.095 WARNING streamlit.runtime.caching.cache_data_api: No runtime found, using MemoryCacheStorageManager
2026-09-29 16:39:10.095 WARNING streamlit.runtime.scriptrunner_utils.script_run_context: Thread 'MainThread': missing ScriptRunContext! This warning can be ignored when running in bare mode.
2026-09-29 16:39:10.096 WARNING streamlit.runtime.caching.cache_data_api: No runtime found, using MemoryCacheStorageManager
2026-09-29 16:39:10.578 WARNING streamlit.runtime.caching.cache_data_api: No runtime found, using MemoryCacheStorageManager
2026-09-29 16:39:11.124 WARNING streamlit.runtime.caching.cache_data_api: No runtime found, using MemoryCacheStorageManager
2026-09-29 16:39:11.124 WARNING streamlit.runtime.scriptrunner_utils.script_run_context: Thread 'MainThread': missing ScriptRunContext! This warning can be ignored when running in bare mode.
2026-09-29 16:39:11.509 WARNING streamlit.runtime.caching.cache_data_api: No runtime found, using MemoryCacheStorageManager
2026-09-29 16:39:11.522 WARNING streamlit.runtime.caching.cache_data_api: No runtime found, using MemoryCacheStorageManager
2026-09-29 16:39:24.643 WARNING streamlit.runtime.caching.cache_data_api: No runtime found, using MemoryCacheStorageManager
2026-09-29 16:39:24.651 WARNING streamlit.runtime.caching.cache_data_api: No runtime found, using MemoryCacheStorageManager
2026-09-29 16:39:42.301 WARNING streamlit.runtime.caching.cache_data_api: No runtime found, using MemoryCacheStorageManager
2026-09-29 16:39:42.301 WARNING streamlit.runtime.caching.cache_data_api: No runtime found, using MemoryCacheStorageManager
2026-09-29 16:39:44.926 WARNING streamlit.runtime.caching.cache_data_api: No runtime found, using MemoryCacheStorageManager
2024 w3 done
2024 w4 done
2024 w5 done
2024 w6 done
2024 w7 done
2024 w8 done
2024 w9 done
2024 w10 done
2024 w11 done
2024 w12 done
2024 w13 done
2024 w14 done
2024 w15 done
2024 w16 done
2024 w17 done
2026-09-29 17:15:10.666 WARNING streamlit.runtime.scriptrunner_utils.script_run_context: Thread 'MainThread': missing ScriptRunContext! This warning can be ignored when running in bare mode.
2026-09-29 17:15:11.739 WARNING streamlit.runtime.scriptrunner_utils.script_run_context: Thread 'MainThread': missing ScriptRunContext! This warning can be ignored when running in bare mode.
2025 w3 done
2025 w4 done
2025 w5 done
2025 w6 done
2025 w7 done
2025 w8 done
2025 w9 done
2025 w10 done
2025 w11 done
2025 w12 done
2025 w13 done
2025 w14 done
2025 w15 done
2025 w16 done
2025 w17 done
=== ROOM volume, projected - actual, per team-week ===

WR/TE targets:
                  n   proj    act   err
room_class arm                         
clean      A    552  25.64  25.57  0.07
           B    290  25.35  25.36 -0.00
extended   A    170  26.18  25.20  0.98
           B    391  26.61  25.43  1.17
fresh      A    132  25.64  25.23  0.41
           B     90  25.34  25.47 -0.13
mixed      A     42  26.63  25.88  0.75
           B    125  27.78  25.82  1.97
  arm B OUT rooms by games the source had already missed:
        n   err
gone           
0      90 -0.13
1      81  0.12
2-3   145  1.60
4+    290  1.60

RB rushing_attempts:
                  n   proj    act   err
room_class arm                         
clean      A    752  28.91  21.82  7.09
           B    537  27.59  21.89  5.70
extended   A     70  29.18  21.13  8.05
           B    267  30.38  21.73  8.65
fresh      A     68  25.08  22.47  2.61
           B     63  23.83  21.86  1.97
mixed      A      6  23.74  20.33  3.41
           B     29  25.72  20.72  4.99
  arm B OUT rooms by games the source had already missed:
        n    err
gone            
0      63   1.97
1      56   5.77
2-3    92   7.00
4+    148  10.04

RB targets:
                  n  proj   act   err
room_class arm                       
clean      A    752  5.70  5.32  0.38
           B    537  5.87  5.50  0.37
extended   A     70  4.98  5.26 -0.27
           B    267  5.28  4.95  0.33
fresh      A     68  4.60  5.46 -0.86
           B     63  4.26  5.30 -1.04
mixed      A      6  4.75  4.83 -0.08
           B     29  4.74  5.55 -0.81
  arm B OUT rooms by games the source had already missed:
        n   err
gone           
0      63 -1.04
1      56 -0.34
2-3    92 -0.09
4+    148  0.62

=== PLAYERS who played, fantasy-point bias / RMSE by room class ===
                                      n   bias   rmse   gain
room  room_class is_recipient arm                           
RB    clean      False        A    2138 -0.173  6.070  0.000
                              B    1543  0.160  6.062  0.000
      extended   False        A      68  0.709  5.208  0.000
                              B     237  0.583  4.916  0.000
                 True         A     109 -0.049  6.699  3.697
                              B     490  0.629  6.517  3.426
      fresh      False        A      55 -0.993  7.238  0.000
                              B      56 -0.541  6.891  0.000
                 True         A     110 -1.946  6.776  3.289
                              B     106 -1.523  6.773  3.606
      mixed      False        A       3  1.143  1.185  0.000
                              B      10 -0.935  5.466  0.000
                 True         A      10 -0.635  5.356  6.556
                              B      51 -1.319  7.205  7.225
WR/TE clean      False        A    3753 -0.651  5.693  0.000
                              B    1990 -0.294  5.491  0.000
      extended   False        A     119 -0.271  2.698  0.000
                              B     212  0.302  2.039  0.000
                 True         A     994 -0.523  6.234  0.505
                              B    2394 -0.163  6.067  0.622
      fresh      False        A      86 -0.549  3.183  0.000
                              B      41  0.586  1.540  0.000
                 True         A     764 -0.641  6.361  0.556
                              B     549 -0.220  6.067  0.549
      mixed      False        A      25  0.281  1.155  0.000
                              B      59 -0.652  2.701  0.000
                 True         A     240 -1.074  6.240  0.971
                              B     736 -0.338  6.430  1.264

=== arm A vs B on the SAME scored player-weeks (players who played) ===
  RB: n=2493  changed=1074   RMSE 6.132 -> 6.131   bias -0.240 -> +0.170   | changed only: RMSE 6.633 -> 6.631  bias -0.325 -> +0.628
  WR/TE: n=5981  changed=2758   RMSE 5.816 -> 5.785   bias -0.633 -> -0.217   | changed only: RMSE 6.335 -> 6.273  bias -1.106 -> -0.204

  arm B vacancy recipients by games the source had already missed:
               n   bias   gain
room  gone                    
RB    0      106 -1.523  3.606
      1      103  0.893  3.641
      2-3    165 -0.131  3.356
      4+     273  0.626  4.097
WR/TE 0      549 -0.220  0.549
      1      487 -0.249  0.612
      2-3    858 -0.207  0.659
      4+    1785 -0.191  0.872
