2026-09-29 20:59:13.768 WARNING streamlit.runtime.caching.cache_data_api: No runtime found, using MemoryCacheStorageManager
2026-09-29 20:59:13.769 WARNING streamlit.runtime.caching.cache_data_api: No runtime found, using MemoryCacheStorageManager
2026-09-29 20:59:13.769 WARNING streamlit.runtime.caching.cache_data_api: No runtime found, using MemoryCacheStorageManager
2026-09-29 20:59:13.770 WARNING streamlit.runtime.caching.cache_data_api: No runtime found, using MemoryCacheStorageManager
2026-09-29 20:59:13.773 WARNING streamlit.runtime.caching.cache_data_api: No runtime found, using MemoryCacheStorageManager
2026-09-29 20:59:13.773 WARNING streamlit.runtime.caching.cache_data_api: No runtime found, using MemoryCacheStorageManager
2026-09-29 20:59:13.773 WARNING streamlit.runtime.caching.cache_data_api: No runtime found, using MemoryCacheStorageManager
2026-09-29 20:59:13.774 WARNING streamlit.runtime.caching.cache_data_api: No runtime found, using MemoryCacheStorageManager
2026-09-29 20:59:13.775 WARNING streamlit.runtime.caching.cache_data_api: No runtime found, using MemoryCacheStorageManager
2026-09-29 20:59:13.775 WARNING streamlit.runtime.caching.cache_data_api: No runtime found, using MemoryCacheStorageManager
2026-09-29 20:59:13.775 WARNING streamlit.runtime.caching.cache_data_api: No runtime found, using MemoryCacheStorageManager
2026-09-29 20:59:13.775 WARNING streamlit.runtime.caching.cache_data_api: No runtime found, using MemoryCacheStorageManager
2026-09-29 20:59:13.776 WARNING streamlit.runtime.caching.cache_data_api: No runtime found, using MemoryCacheStorageManager
2026-09-29 20:59:13.776 WARNING streamlit.runtime.caching.cache_data_api: No runtime found, using MemoryCacheStorageManager
2026-09-29 20:59:13.776 WARNING streamlit.runtime.caching.cache_data_api: No runtime found, using MemoryCacheStorageManager
2026-09-29 20:59:13.777 WARNING streamlit.runtime.caching.cache_data_api: No runtime found, using MemoryCacheStorageManager
2026-09-29 20:59:13.777 WARNING streamlit.runtime.caching.cache_data_api: No runtime found, using MemoryCacheStorageManager
2026-09-29 20:59:13.777 WARNING streamlit.runtime.caching.cache_data_api: No runtime found, using MemoryCacheStorageManager
2026-09-29 20:59:13.778 WARNING streamlit.runtime.caching.cache_data_api: No runtime found, using MemoryCacheStorageManager
2026-09-29 20:59:13.778 WARNING streamlit.runtime.caching.cache_data_api: No runtime found, using MemoryCacheStorageManager
2026-09-29 20:59:13.778 WARNING streamlit.runtime.caching.cache_data_api: No runtime found, using MemoryCacheStorageManager
2026-09-29 20:59:13.778 WARNING streamlit.runtime.caching.cache_data_api: No runtime found, using MemoryCacheStorageManager
2026-09-29 20:59:13.779 WARNING streamlit.runtime.caching.cache_data_api: No runtime found, using MemoryCacheStorageManager
2026-09-29 20:59:13.779 WARNING streamlit.runtime.caching.cache_data_api: No runtime found, using MemoryCacheStorageManager
2026-09-29 20:59:13.780 WARNING streamlit.runtime.caching.cache_data_api: No runtime found, using MemoryCacheStorageManager
2026-09-29 20:59:13.781 WARNING streamlit.runtime.caching.cache_data_api: No runtime found, using MemoryCacheStorageManager
2026-09-29 20:59:13.781 WARNING streamlit.runtime.caching.cache_data_api: No runtime found, using MemoryCacheStorageManager
2026-09-29 20:59:13.782 WARNING streamlit.runtime.caching.cache_data_api: No runtime found, using MemoryCacheStorageManager
2026-09-29 20:59:13.783 WARNING streamlit.runtime.caching.cache_data_api: No runtime found, using MemoryCacheStorageManager
2026-09-29 20:59:13.784 WARNING streamlit.runtime.caching.cache_data_api: No runtime found, using MemoryCacheStorageManager
2026-09-29 20:59:13.784 WARNING streamlit.runtime.caching.cache_data_api: No runtime found, using MemoryCacheStorageManager
2026-09-29 20:59:13.785 WARNING streamlit.runtime.caching.cache_data_api: No runtime found, using MemoryCacheStorageManager
2026-09-29 20:59:13.787 WARNING streamlit.runtime.caching.cache_data_api: No runtime found, using MemoryCacheStorageManager
2026-09-29 20:59:13.807 WARNING streamlit.runtime.caching.cache_data_api: No runtime found, using MemoryCacheStorageManager
2026-09-29 20:59:13.807 WARNING streamlit.runtime.caching.cache_data_api: No runtime found, using MemoryCacheStorageManager
2026-09-29 20:59:13.808 WARNING streamlit.runtime.caching.cache_data_api: No runtime found, using MemoryCacheStorageManager
2026-09-29 20:59:13.808 WARNING streamlit.runtime.caching.cache_data_api: No runtime found, using MemoryCacheStorageManager
2026-09-29 20:59:13.808 WARNING streamlit.runtime.caching.cache_data_api: No runtime found, using MemoryCacheStorageManager
2026-09-29 20:59:13.809 WARNING streamlit.runtime.caching.cache_data_api: No runtime found, using MemoryCacheStorageManager
2026-09-29 20:59:13.809 WARNING streamlit.runtime.caching.cache_data_api: No runtime found, using MemoryCacheStorageManager
2026-09-29 20:59:13.810 WARNING streamlit.runtime.caching.cache_data_api: No runtime found, using MemoryCacheStorageManager
2026-09-29 20:59:13.810 WARNING streamlit.runtime.caching.cache_data_api: No runtime found, using MemoryCacheStorageManager
2026-09-29 20:59:13.814 WARNING streamlit.runtime.caching.cache_data_api: No runtime found, using MemoryCacheStorageManager
2026-09-29 20:59:13.817 WARNING streamlit.runtime.caching.cache_data_api: No runtime found, using MemoryCacheStorageManager
2026-09-29 20:59:13.842 WARNING streamlit.runtime.caching.cache_data_api: No runtime found, using MemoryCacheStorageManager
2026-09-29 20:59:13.842 WARNING streamlit.runtime.scriptrunner_utils.script_run_context: Thread 'MainThread': missing ScriptRunContext! This warning can be ignored when running in bare mode.
2026-09-29 20:59:13.843 WARNING streamlit.runtime.caching.cache_data_api: No runtime found, using MemoryCacheStorageManager
2026-09-29 20:59:14.340 WARNING streamlit.runtime.caching.cache_data_api: No runtime found, using MemoryCacheStorageManager
2026-09-29 20:59:14.894 WARNING streamlit.runtime.caching.cache_data_api: No runtime found, using MemoryCacheStorageManager
2026-09-29 20:59:14.895 WARNING streamlit.runtime.scriptrunner_utils.script_run_context: Thread 'MainThread': missing ScriptRunContext! This warning can be ignored when running in bare mode.
2026-09-29 20:59:15.275 WARNING streamlit.runtime.caching.cache_data_api: No runtime found, using MemoryCacheStorageManager
2026-09-29 20:59:15.293 WARNING streamlit.runtime.caching.cache_data_api: No runtime found, using MemoryCacheStorageManager
2026-09-29 20:59:32.630 WARNING streamlit.runtime.caching.cache_data_api: No runtime found, using MemoryCacheStorageManager
2026-09-29 20:59:32.638 WARNING streamlit.runtime.caching.cache_data_api: No runtime found, using MemoryCacheStorageManager
2026-09-29 20:59:57.888 WARNING streamlit.runtime.caching.cache_data_api: No runtime found, using MemoryCacheStorageManager
2026-09-29 20:59:57.888 WARNING streamlit.runtime.caching.cache_data_api: No runtime found, using MemoryCacheStorageManager
2026-09-29 21:00:01.845 WARNING streamlit.runtime.caching.cache_data_api: No runtime found, using MemoryCacheStorageManager
2024 w3 done (117 RBs)
2024 w4 done (122 RBs)
2024 w5 done (109 RBs)
2024 w6 done (112 RBs)
2024 w7 done (125 RBs)
2024 w8 done (135 RBs)
2024 w9 done (127 RBs)
2024 w10 done (118 RBs)
2024 w11 done (118 RBs)
2024 w12 done (112 RBs)
2024 w13 done (139 RBs)
2024 w14 done (115 RBs)
2024 w15 done (144 RBs)
2024 w16 done (144 RBs)
2024 w17 done (146 RBs)
2026-09-29 21:22:59.889 WARNING streamlit.runtime.scriptrunner_utils.script_run_context: Thread 'MainThread': missing ScriptRunContext! This warning can be ignored when running in bare mode.
2026-09-29 21:23:01.426 WARNING streamlit.runtime.scriptrunner_utils.script_run_context: Thread 'MainThread': missing ScriptRunContext! This warning can be ignored when running in bare mode.
2025 w3 done (127 RBs)
2025 w4 done (130 RBs)
2025 w5 done (117 RBs)
2025 w6 done (125 RBs)
2025 w7 done (126 RBs)
2025 w8 done (110 RBs)
2025 w9 done (119 RBs)
2025 w10 done (124 RBs)
2025 w11 done (131 RBs)
2025 w12 done (127 RBs)
2025 w13 done (148 RBs)
2025 w14 done (132 RBs)
2025 w15 done (150 RBs)
2025 w16 done (151 RBs)
2025 w17 done (152 RBs)
clean RB rooms: 609 team-weeks, 2399 RB rows

=== STAGE DECOMPOSITION, clean rooms: room sums per team-week ===
  blended rate (per game, pre-multiplier)          28.03
  after multipliers (pre-vacancy)                  27.59
  final board                                      27.59
  ACTUAL room carries (board RBs)                  21.42
  ACTUAL team RB carries (all RBs)                 21.87
  ACTUAL team rush attempts (all positions)        26.67
  carry-weighted multiplier blended->pre-vacancy: x0.984
     matchup_multiplier           weighted mean 0.998
     script_multiplier            weighted mean 1.000
     script_neutral_multiplier    weighted mean 1.000
     pace_multiplier              weighted mean 0.986
     environment_multiplier       weighted mean 0.999
     availability_multiplier      weighted mean 1.000

=== TEAM budget, clean rooms: projected vs actual rush attempts by position group ===
             proj     actual   err
QB           3.58   3.950000 -0.37
RB          27.59  21.870001  5.72
WR+TE        0.00   0.770000 -0.77
TEAM TOTAL  31.17  26.670000  4.50

=== does the over-projection scale with roster depth or with the lead back? (clean rooms) ===
           n   proj        act   err
n_rb                                
(0, 2]     3  30.18  25.000000  5.18
(2, 3]   188  27.02  22.250000  4.77
(3, 4]   285  27.16  20.980000  6.19
(4, 5]   113  29.03  20.709999  8.33
(5, 20]   20  30.51  23.299999  7.21
                  n  lead_proj   proj        act   err
lead                                                  
(3.299, 14.92]  153      12.63  23.83  20.040001  3.79
(14.92, 17.18]  154      15.99  26.57  21.360001  5.21
(17.18, 19.5]   150      18.33  29.01  21.930000  7.08
(19.5, 30.37]   152      21.87  31.01  22.350000  8.66

=== calibration: actual carries vs projected carries by projection bin (clean rooms, all RB rows) ===
                n    proj        act  played  ratio
bin                                                
(-0.01, 0.5]  374   0.111   0.299000   0.449  2.700
(0.5, 2.0]    396   1.119   0.753000   0.495  0.673
(2.0, 5.0]    548   3.265   1.889000   0.653  0.578
(5.0, 9.0]    308   6.758   5.276000   0.873  0.781
(9.0, 13.0]   182  10.893   9.143000   0.967  0.839
(13.0, 17.0]  268  15.028  12.407000   0.970  0.826
(17.0, 21.0]  235  18.744  14.894000   0.991  0.795
(21.0, 40.0]   88  23.097  16.851999   1.000  0.730

=== by season-week bucket (structural vs early/late?) ===
year   2024  2025
wb               
3-5    5.13  4.45
6-9    7.25  5.89
10-13  8.65  5.36
14-17  6.66  5.18

=== RB points: is the carry error hidden by the calibration line? (clean rooms, played) ===
  carries            proj    8.88  actual    7.46  bias +1.42
  rush yards         proj   33.33  actual   33.04  bias +0.29
  rush TDs           proj    0.23  actual    0.24  bias -0.01
  RAW points         proj    7.74  actual    7.72  bias +0.02
  CALIBRATED points  proj    8.05  actual    7.72  bias +0.33
  yards per carry: projected 3.75  actual 4.43
