2026-09-30 10:35:19.208 WARNING streamlit.runtime.caching.cache_data_api: No runtime found, using MemoryCacheStorageManager
2026-09-30 10:35:19.209 WARNING streamlit.runtime.caching.cache_data_api: No runtime found, using MemoryCacheStorageManager
2026-09-30 10:35:19.209 WARNING streamlit.runtime.caching.cache_data_api: No runtime found, using MemoryCacheStorageManager
2026-09-30 10:35:19.210 WARNING streamlit.runtime.caching.cache_data_api: No runtime found, using MemoryCacheStorageManager
2026-09-30 10:35:19.212 WARNING streamlit.runtime.caching.cache_data_api: No runtime found, using MemoryCacheStorageManager
2026-09-30 10:35:19.213 WARNING streamlit.runtime.caching.cache_data_api: No runtime found, using MemoryCacheStorageManager
2026-09-30 10:35:19.213 WARNING streamlit.runtime.caching.cache_data_api: No runtime found, using MemoryCacheStorageManager
2026-09-30 10:35:19.213 WARNING streamlit.runtime.caching.cache_data_api: No runtime found, using MemoryCacheStorageManager
2026-09-30 10:35:19.214 WARNING streamlit.runtime.caching.cache_data_api: No runtime found, using MemoryCacheStorageManager
2026-09-30 10:35:19.215 WARNING streamlit.runtime.caching.cache_data_api: No runtime found, using MemoryCacheStorageManager
2026-09-30 10:35:19.215 WARNING streamlit.runtime.caching.cache_data_api: No runtime found, using MemoryCacheStorageManager
2026-09-30 10:35:19.215 WARNING streamlit.runtime.caching.cache_data_api: No runtime found, using MemoryCacheStorageManager
2026-09-30 10:35:19.215 WARNING streamlit.runtime.caching.cache_data_api: No runtime found, using MemoryCacheStorageManager
2026-09-30 10:35:19.216 WARNING streamlit.runtime.caching.cache_data_api: No runtime found, using MemoryCacheStorageManager
2026-09-30 10:35:19.216 WARNING streamlit.runtime.caching.cache_data_api: No runtime found, using MemoryCacheStorageManager
2026-09-30 10:35:19.216 WARNING streamlit.runtime.caching.cache_data_api: No runtime found, using MemoryCacheStorageManager
2026-09-30 10:35:19.216 WARNING streamlit.runtime.caching.cache_data_api: No runtime found, using MemoryCacheStorageManager
2026-09-30 10:35:19.217 WARNING streamlit.runtime.caching.cache_data_api: No runtime found, using MemoryCacheStorageManager
2026-09-30 10:35:19.217 WARNING streamlit.runtime.caching.cache_data_api: No runtime found, using MemoryCacheStorageManager
2026-09-30 10:35:19.217 WARNING streamlit.runtime.caching.cache_data_api: No runtime found, using MemoryCacheStorageManager
2026-09-30 10:35:19.218 WARNING streamlit.runtime.caching.cache_data_api: No runtime found, using MemoryCacheStorageManager
2026-09-30 10:35:19.218 WARNING streamlit.runtime.caching.cache_data_api: No runtime found, using MemoryCacheStorageManager
2026-09-30 10:35:19.218 WARNING streamlit.runtime.caching.cache_data_api: No runtime found, using MemoryCacheStorageManager
2026-09-30 10:35:19.218 WARNING streamlit.runtime.caching.cache_data_api: No runtime found, using MemoryCacheStorageManager
2026-09-30 10:35:19.219 WARNING streamlit.runtime.caching.cache_data_api: No runtime found, using MemoryCacheStorageManager
2026-09-30 10:35:19.220 WARNING streamlit.runtime.caching.cache_data_api: No runtime found, using MemoryCacheStorageManager
2026-09-30 10:35:19.220 WARNING streamlit.runtime.caching.cache_data_api: No runtime found, using MemoryCacheStorageManager
2026-09-30 10:35:19.220 WARNING streamlit.runtime.caching.cache_data_api: No runtime found, using MemoryCacheStorageManager
2026-09-30 10:35:19.221 WARNING streamlit.runtime.caching.cache_data_api: No runtime found, using MemoryCacheStorageManager
2026-09-30 10:35:19.221 WARNING streamlit.runtime.caching.cache_data_api: No runtime found, using MemoryCacheStorageManager
2026-09-30 10:35:19.222 WARNING streamlit.runtime.caching.cache_data_api: No runtime found, using MemoryCacheStorageManager
2026-09-30 10:35:19.222 WARNING streamlit.runtime.caching.cache_data_api: No runtime found, using MemoryCacheStorageManager
2026-09-30 10:35:19.224 WARNING streamlit.runtime.caching.cache_data_api: No runtime found, using MemoryCacheStorageManager
2026-09-30 10:35:19.245 WARNING streamlit.runtime.caching.cache_data_api: No runtime found, using MemoryCacheStorageManager
2026-09-30 10:35:19.245 WARNING streamlit.runtime.caching.cache_data_api: No runtime found, using MemoryCacheStorageManager
2026-09-30 10:35:19.245 WARNING streamlit.runtime.caching.cache_data_api: No runtime found, using MemoryCacheStorageManager
2026-09-30 10:35:19.246 WARNING streamlit.runtime.caching.cache_data_api: No runtime found, using MemoryCacheStorageManager
2026-09-30 10:35:19.246 WARNING streamlit.runtime.caching.cache_data_api: No runtime found, using MemoryCacheStorageManager
2026-09-30 10:35:19.247 WARNING streamlit.runtime.caching.cache_data_api: No runtime found, using MemoryCacheStorageManager
2026-09-30 10:35:19.247 WARNING streamlit.runtime.caching.cache_data_api: No runtime found, using MemoryCacheStorageManager
2026-09-30 10:35:19.248 WARNING streamlit.runtime.caching.cache_data_api: No runtime found, using MemoryCacheStorageManager
2026-09-30 10:35:19.248 WARNING streamlit.runtime.caching.cache_data_api: No runtime found, using MemoryCacheStorageManager
2026-09-30 10:35:19.252 WARNING streamlit.runtime.caching.cache_data_api: No runtime found, using MemoryCacheStorageManager
2026-09-30 10:35:19.255 WARNING streamlit.runtime.caching.cache_data_api: No runtime found, using MemoryCacheStorageManager
2026-09-30 10:35:19.281 WARNING streamlit.runtime.caching.cache_data_api: No runtime found, using MemoryCacheStorageManager
2026-09-30 10:35:19.282 WARNING streamlit.runtime.scriptrunner_utils.script_run_context: Thread 'MainThread': missing ScriptRunContext! This warning can be ignored when running in bare mode.
2026-09-30 10:35:19.282 WARNING streamlit.runtime.caching.cache_data_api: No runtime found, using MemoryCacheStorageManager
2026-09-30 10:35:19.766 WARNING streamlit.runtime.caching.cache_data_api: No runtime found, using MemoryCacheStorageManager
2026-09-30 10:35:20.315 WARNING streamlit.runtime.caching.cache_data_api: No runtime found, using MemoryCacheStorageManager
2026-09-30 10:35:20.316 WARNING streamlit.runtime.scriptrunner_utils.script_run_context: Thread 'MainThread': missing ScriptRunContext! This warning can be ignored when running in bare mode.
2026-09-30 10:35:20.676 WARNING streamlit.runtime.caching.cache_data_api: No runtime found, using MemoryCacheStorageManager
2026-09-30 10:35:20.690 WARNING streamlit.runtime.caching.cache_data_api: No runtime found, using MemoryCacheStorageManager
2026-09-30 10:35:35.648 WARNING streamlit.runtime.caching.cache_data_api: No runtime found, using MemoryCacheStorageManager
2026-09-30 10:35:35.655 WARNING streamlit.runtime.caching.cache_data_api: No runtime found, using MemoryCacheStorageManager
2026-09-30 10:35:54.618 WARNING streamlit.runtime.caching.cache_data_api: No runtime found, using MemoryCacheStorageManager
2026-09-30 10:35:54.619 WARNING streamlit.runtime.caching.cache_data_api: No runtime found, using MemoryCacheStorageManager
2026-09-30 10:35:57.411 WARNING streamlit.runtime.caching.cache_data_api: No runtime found, using MemoryCacheStorageManager
2024 w4 done (122 RBs)
2024 w6 done (112 RBs)
2024 w8 done (135 RBs)
2024 w10 done (118 RBs)
2024 w12 done (112 RBs)
2024 w14 done (115 RBs)
2024 w16 done (144 RBs)
2026-09-30 10:43:56.091 WARNING streamlit.runtime.scriptrunner_utils.script_run_context: Thread 'MainThread': missing ScriptRunContext! This warning can be ignored when running in bare mode.
2026-09-30 10:43:57.201 WARNING streamlit.runtime.scriptrunner_utils.script_run_context: Thread 'MainThread': missing ScriptRunContext! This warning can be ignored when running in bare mode.
2025 w4 done (130 RBs)
2025 w6 done (125 RBs)
2025 w8 done (110 RBs)
2025 w10 done (124 RBs)
2025 w12 done (127 RBs)
2025 w14 done (132 RBs)
2025 w16 done (151 RBs)
clean RB rooms: 283 team-weeks, 1122 RB rows

=== STAGE DECOMPOSITION, clean rooms: room sums per team-week ===
  blended rate (per game, pre-multiplier)          24.43
  after multipliers (pre-vacancy)                  23.12
  final board                                      22.29
  ACTUAL room carries (board RBs)                  21.48
  ACTUAL team RB carries (all RBs)                 21.97
  ACTUAL team rush attempts (all positions)        26.82
  carry-weighted multiplier blended->pre-vacancy: x0.947
     matchup_multiplier           weighted mean 0.999
     script_multiplier            weighted mean 1.000
     script_neutral_multiplier    weighted mean 1.001
     pace_multiplier              weighted mean 0.987
     environment_multiplier       weighted mean 1.000
     availability_multiplier      weighted mean 1.000

=== TEAM budget, clean rooms: projected vs actual rush attempts by position group ===
             proj     actual   err
QB           3.54   3.940000 -0.40
RB          22.29  21.969999  0.32
WR+TE        0.00   0.850000 -0.85
TEAM TOTAL  25.83  26.820000 -0.99

=== does the over-projection scale with roster depth or with the lead back? (clean rooms) ===
           n   proj        act   err
n_rb                                
(2, 3]    84  22.62  22.330000  0.29
(3, 4]   137  22.12  20.860001  1.26
(4, 5]    52  21.94  21.400000  0.54
(5, 20]   10  23.50  23.299999  0.20
                              n  lead_proj   proj        act   err
lead                                                              
(7.473999999999999, 12.668]  71      11.11  21.31  19.990000  1.32
(12.668, 14.648]             71      13.63  22.19  21.459999  0.73
(14.648, 16.648]             70      15.55  22.43  21.690001  0.75
(16.648, 22.562]             71      18.18  23.22  22.799999  0.42

=== calibration: actual carries vs projected carries by projection bin (clean rooms, all RB rows) ===
                n    proj        act  played  ratio
bin                                                
(-0.01, 0.5]  257   0.157   0.245000   0.366  1.561
(0.5, 2.0]    236   1.122   1.013000   0.538  0.902
(2.0, 5.0]    168   3.238   3.161000   0.821  0.976
(5.0, 9.0]    146   6.738   6.890000   0.945  1.023
(9.0, 13.0]   117  11.178  10.530000   0.974  0.942
(13.0, 17.0]  140  14.960  14.250000   0.950  0.953
(17.0, 21.0]   57  18.415  17.438999   1.000  0.947
(21.0, 40.0]    1  22.562  20.000000   1.000  0.886

=== by season-week bucket (structural vs early/late?) ===
year   2024  2025
wb               
3-5   -0.91 -0.62
6-9    1.79  1.97
10-13  1.30  1.17
14-17  0.47 -0.25

=== RB points: is the carry error hidden by the calibration line? (clean rooms, played) ===
  carries            proj    7.36  actual    7.58  bias -0.22
  rush yards         proj   31.67  actual   34.64  bias -2.97
  rush TDs           proj    0.22  actual    0.27  bias -0.05
  RAW points         proj    7.39  actual    8.07  bias -0.68
  CALIBRATED points  proj    7.73  actual    8.07  bias -0.34
  yards per carry: projected 4.30  actual 4.57
