2026-09-25 17:48:14.536 WARNING streamlit.runtime.caching.cache_data_api: No runtime found, using MemoryCacheStorageManager
2026-09-25 17:48:14.537 WARNING streamlit.runtime.caching.cache_data_api: No runtime found, using MemoryCacheStorageManager
2026-09-25 17:48:14.537 WARNING streamlit.runtime.caching.cache_data_api: No runtime found, using MemoryCacheStorageManager
2026-09-25 17:48:14.538 WARNING streamlit.runtime.caching.cache_data_api: No runtime found, using MemoryCacheStorageManager
2026-09-25 17:48:14.540 WARNING streamlit.runtime.caching.cache_data_api: No runtime found, using MemoryCacheStorageManager
2026-09-25 17:48:14.541 WARNING streamlit.runtime.caching.cache_data_api: No runtime found, using MemoryCacheStorageManager
2026-09-25 17:48:14.541 WARNING streamlit.runtime.caching.cache_data_api: No runtime found, using MemoryCacheStorageManager
2026-09-25 17:48:14.541 WARNING streamlit.runtime.caching.cache_data_api: No runtime found, using MemoryCacheStorageManager
2026-09-25 17:48:14.542 WARNING streamlit.runtime.caching.cache_data_api: No runtime found, using MemoryCacheStorageManager
2026-09-25 17:48:14.543 WARNING streamlit.runtime.caching.cache_data_api: No runtime found, using MemoryCacheStorageManager
2026-09-25 17:48:14.543 WARNING streamlit.runtime.caching.cache_data_api: No runtime found, using MemoryCacheStorageManager
2026-09-25 17:48:14.543 WARNING streamlit.runtime.caching.cache_data_api: No runtime found, using MemoryCacheStorageManager
2026-09-25 17:48:14.543 WARNING streamlit.runtime.caching.cache_data_api: No runtime found, using MemoryCacheStorageManager
2026-09-25 17:48:14.544 WARNING streamlit.runtime.caching.cache_data_api: No runtime found, using MemoryCacheStorageManager
2026-09-25 17:48:14.544 WARNING streamlit.runtime.caching.cache_data_api: No runtime found, using MemoryCacheStorageManager
2026-09-25 17:48:14.544 WARNING streamlit.runtime.caching.cache_data_api: No runtime found, using MemoryCacheStorageManager
2026-09-25 17:48:14.544 WARNING streamlit.runtime.caching.cache_data_api: No runtime found, using MemoryCacheStorageManager
2026-09-25 17:48:14.545 WARNING streamlit.runtime.caching.cache_data_api: No runtime found, using MemoryCacheStorageManager
2026-09-25 17:48:14.545 WARNING streamlit.runtime.caching.cache_data_api: No runtime found, using MemoryCacheStorageManager
2026-09-25 17:48:14.545 WARNING streamlit.runtime.caching.cache_data_api: No runtime found, using MemoryCacheStorageManager
2026-09-25 17:48:14.546 WARNING streamlit.runtime.caching.cache_data_api: No runtime found, using MemoryCacheStorageManager
2026-09-25 17:48:14.546 WARNING streamlit.runtime.caching.cache_data_api: No runtime found, using MemoryCacheStorageManager
2026-09-25 17:48:14.546 WARNING streamlit.runtime.caching.cache_data_api: No runtime found, using MemoryCacheStorageManager
2026-09-25 17:48:14.547 WARNING streamlit.runtime.caching.cache_data_api: No runtime found, using MemoryCacheStorageManager
2026-09-25 17:48:14.547 WARNING streamlit.runtime.caching.cache_data_api: No runtime found, using MemoryCacheStorageManager
2026-09-25 17:48:14.548 WARNING streamlit.runtime.caching.cache_data_api: No runtime found, using MemoryCacheStorageManager
2026-09-25 17:48:14.548 WARNING streamlit.runtime.caching.cache_data_api: No runtime found, using MemoryCacheStorageManager
2026-09-25 17:48:14.548 WARNING streamlit.runtime.caching.cache_data_api: No runtime found, using MemoryCacheStorageManager
2026-09-25 17:48:14.549 WARNING streamlit.runtime.caching.cache_data_api: No runtime found, using MemoryCacheStorageManager
2026-09-25 17:48:14.549 WARNING streamlit.runtime.caching.cache_data_api: No runtime found, using MemoryCacheStorageManager
2026-09-25 17:48:14.550 WARNING streamlit.runtime.caching.cache_data_api: No runtime found, using MemoryCacheStorageManager
2026-09-25 17:48:14.552 WARNING streamlit.runtime.caching.cache_data_api: No runtime found, using MemoryCacheStorageManager
2026-09-25 17:48:14.569 WARNING streamlit.runtime.caching.cache_data_api: No runtime found, using MemoryCacheStorageManager
2026-09-25 17:48:14.570 WARNING streamlit.runtime.caching.cache_data_api: No runtime found, using MemoryCacheStorageManager
2026-09-25 17:48:14.570 WARNING streamlit.runtime.caching.cache_data_api: No runtime found, using MemoryCacheStorageManager
2026-09-25 17:48:14.570 WARNING streamlit.runtime.caching.cache_data_api: No runtime found, using MemoryCacheStorageManager
2026-09-25 17:48:14.571 WARNING streamlit.runtime.caching.cache_data_api: No runtime found, using MemoryCacheStorageManager
2026-09-25 17:48:14.572 WARNING streamlit.runtime.caching.cache_data_api: No runtime found, using MemoryCacheStorageManager
2026-09-25 17:48:14.572 WARNING streamlit.runtime.caching.cache_data_api: No runtime found, using MemoryCacheStorageManager
2026-09-25 17:48:14.573 WARNING streamlit.runtime.caching.cache_data_api: No runtime found, using MemoryCacheStorageManager
2026-09-25 17:48:14.573 WARNING streamlit.runtime.caching.cache_data_api: No runtime found, using MemoryCacheStorageManager
2026-09-25 17:48:14.577 WARNING streamlit.runtime.caching.cache_data_api: No runtime found, using MemoryCacheStorageManager
2026-09-25 17:48:14.604 WARNING streamlit.runtime.caching.cache_data_api: No runtime found, using MemoryCacheStorageManager
2026-09-25 17:48:14.604 WARNING streamlit.runtime.scriptrunner_utils.script_run_context: Thread 'MainThread': missing ScriptRunContext! This warning can be ignored when running in bare mode.
2026-09-25 17:48:14.604 WARNING streamlit.runtime.caching.cache_data_api: No runtime found, using MemoryCacheStorageManager
2026-09-25 17:48:15.074 WARNING streamlit.runtime.caching.cache_data_api: No runtime found, using MemoryCacheStorageManager
2026-09-25 17:48:15.597 WARNING streamlit.runtime.caching.cache_data_api: No runtime found, using MemoryCacheStorageManager
2026-09-25 17:48:15.597 WARNING streamlit.runtime.scriptrunner_utils.script_run_context: Thread 'MainThread': missing ScriptRunContext! This warning can be ignored when running in bare mode.
2026-09-25 17:48:15.932 WARNING streamlit.runtime.caching.cache_data_api: No runtime found, using MemoryCacheStorageManager
2026-09-25 17:48:15.945 WARNING streamlit.runtime.caching.cache_data_api: No runtime found, using MemoryCacheStorageManager
2026-09-25 17:48:18.612 WARNING streamlit.runtime.caching.cache_data_api: No runtime found, using MemoryCacheStorageManager
2026-09-25 17:48:18.620 WARNING streamlit.runtime.caching.cache_data_api: No runtime found, using MemoryCacheStorageManager
2022 w3 done
2022 w4 done
2022 w5 done
2022 w6 done
2022 w7 done
2022 w8 done
2022 w9 done
2022 w10 done
2022 w11 done
2022 w12 done
2022 w13 done
2022 w14 done
2022 w15 done
2022 w16 done
2022 w17 done
2026-09-25 18:07:44.837 WARNING streamlit.runtime.scriptrunner_utils.script_run_context: Thread 'MainThread': missing ScriptRunContext! This warning can be ignored when running in bare mode.
2026-09-25 18:07:45.787 WARNING streamlit.runtime.scriptrunner_utils.script_run_context: Thread 'MainThread': missing ScriptRunContext! This warning can be ignored when running in bare mode.
2023 w3 done
2023 w4 done
2023 w5 done
2023 w6 done
2023 w7 done
2023 w8 done
2023 w9 done
2023 w10 done
2023 w11 done
2023 w12 done
2023 w13 done
2023 w14 done
2023 w15 done
2023 w16 done
2023 w17 done
2026-09-25 18:28:12.153 WARNING streamlit.runtime.scriptrunner_utils.script_run_context: Thread 'MainThread': missing ScriptRunContext! This warning can be ignored when running in bare mode.
2026-09-25 18:28:13.280 WARNING streamlit.runtime.scriptrunner_utils.script_run_context: Thread 'MainThread': missing ScriptRunContext! This warning can be ignored when running in bare mode.
2024 w3 done
2024 w4 done
2024 w5 done
2024 w6 done
2024 w7 done
2024 w8 done
2024 w9 done
2024 w10 done
2024 w11 done
2024 w12 done
2024 w13 done
2024 w14 done
2024 w15 done
2024 w16 done
2024 w17 done
2026-09-25 19:04:42.085 WARNING streamlit.runtime.scriptrunner_utils.script_run_context: Thread 'MainThread': missing ScriptRunContext! This warning can be ignored when running in bare mode.
2026-09-25 19:04:43.242 WARNING streamlit.runtime.scriptrunner_utils.script_run_context: Thread 'MainThread': missing ScriptRunContext! This warning can be ignored when running in bare mode.
2025 w3 done
2025 w4 done
2025 w5 done
2025 w6 done
2025 w7 done
2025 w8 done
2025 w9 done
2025 w10 done
2025 w11 done
2025 w12 done
2025 w13 done
2025 w14 done
2025 w15 done
2025 w16 done
2025 w17 done

=== TEAM-ROOM TARGET TOTALS: projected vs actual (mean per team-week) ===
                            n   proj  budget  actual  proj_minus_actual  budget_minus_actual  vacated
room  room_has_out arm                                                                               
RB    False        base  1572   5.63    5.61    5.72              -0.08                -0.11     0.00
                   fix   1572   5.63    5.61    5.72              -0.09                -0.11     0.00
      True         base   218   6.35    4.61    5.33               1.01                -0.73     2.34
                   fix    218   4.55    4.61    5.33              -0.78                -0.73     2.34
WR/TE False        base  1129  25.45   25.45   25.98              -0.53                -0.53     0.00
                   fix   1129  25.45   25.45   25.98              -0.53                -0.53     0.00
      True         base   661  28.85   25.18   25.42               3.44                -0.24     4.60
                   fix    661  25.40   25.18   25.42              -0.02                -0.24     4.60

=== QB pass attempts: projected vs actual (base arm, per team-week) ===
  n=1609  proj 31.97  actual 33.14  proj-actual -1.17

=== PLAYER fantasy-point bias (pred - actual), players who played ===
                                               n    pred  actual   bias   rmse  tgt_pred  tgt_act  tgt_bias
cat                             room  arm                                                                  
OUT room: other teammate        RB    base   310   4.585   5.272 -0.686  7.935     1.096    1.326    -0.230
                                      fix    310   4.199   5.272 -1.072  7.949     0.802    1.326    -0.524
                                WR/TE base  3566   6.380   6.190  0.190  5.641     3.295    3.544    -0.249
                                      fix   3566   5.730   6.190 -0.460  5.631     2.898    3.544    -0.646
OUT room: top vacancy recipient RB    base   191  15.966  15.121  0.845  8.519     4.236    3.550     0.686
                                      fix    191  14.235  15.121 -0.886  8.412     2.987    3.550    -0.563
                                WR/TE base   667  11.361  10.299  1.062  7.665     6.269    5.837     0.432
                                      fix    667  10.150  10.299 -0.149  7.515     5.540    5.837    -0.296
clean room                      RB    base  4409   7.685   7.868 -0.184  6.210     1.681    2.010    -0.328
                                      fix   4409   7.684   7.868 -0.184  6.210     1.681    2.010    -0.329
                                WR/TE base  7564   6.182   6.829 -0.647  5.947     3.153    3.846    -0.693
                                      fix   7564   6.182   6.829 -0.647  5.947     3.153    3.846    -0.693

=== same, base-arm projection >= 8 pts ===
                                               n   bias   rmse  tgt_pred  tgt_act  tgt_bias
cat                             room  arm                                                  
OUT room: other teammate        RB    base    43  1.953  6.589     2.485    2.326     0.160
                                      fix     43  1.002  6.474     1.858    2.326    -0.467
                                WR/TE base  1073  0.462  7.979     6.594    6.609    -0.014
                                      fix   1073 -1.007  7.966     5.736    6.609    -0.873
OUT room: top vacancy recipient RB    base   182  0.958  8.532     4.321    3.593     0.727
                                      fix    182 -0.789  8.398     3.068    3.593    -0.526
                                WR/TE base   535  1.421  8.159     6.799    6.222     0.577
                                      fix    535  0.022  7.975     5.971    6.222    -0.251
clean room                      RB    base  1842 -0.446  7.996     2.858    3.265    -0.407
                                      fix   1842 -0.448  7.996     2.857    3.265    -0.408
                                WR/TE base  2214 -1.201  7.985     6.009    6.923    -0.914
                                      fix   2214 -1.201  7.985     6.009    6.923    -0.914
