2026-10-05 17:55:05.139 WARNING streamlit.runtime.caching.cache_data_api: No runtime found, using MemoryCacheStorageManager
2026-10-05 17:55:05.140 WARNING streamlit.runtime.caching.cache_data_api: No runtime found, using MemoryCacheStorageManager
2026-10-05 17:55:05.140 WARNING streamlit.runtime.caching.cache_data_api: No runtime found, using MemoryCacheStorageManager
2026-10-05 17:55:05.140 WARNING streamlit.runtime.caching.cache_data_api: No runtime found, using MemoryCacheStorageManager
2026-10-05 17:55:05.143 WARNING streamlit.runtime.caching.cache_data_api: No runtime found, using MemoryCacheStorageManager
2026-10-05 17:55:05.144 WARNING streamlit.runtime.caching.cache_data_api: No runtime found, using MemoryCacheStorageManager
2026-10-05 17:55:05.144 WARNING streamlit.runtime.caching.cache_data_api: No runtime found, using MemoryCacheStorageManager
2026-10-05 17:55:05.144 WARNING streamlit.runtime.caching.cache_data_api: No runtime found, using MemoryCacheStorageManager
2026-10-05 17:55:05.145 WARNING streamlit.runtime.caching.cache_data_api: No runtime found, using MemoryCacheStorageManager
2026-10-05 17:55:05.145 WARNING streamlit.runtime.caching.cache_data_api: No runtime found, using MemoryCacheStorageManager
2026-10-05 17:55:05.146 WARNING streamlit.runtime.caching.cache_data_api: No runtime found, using MemoryCacheStorageManager
2026-10-05 17:55:05.146 WARNING streamlit.runtime.caching.cache_data_api: No runtime found, using MemoryCacheStorageManager
2026-10-05 17:55:05.146 WARNING streamlit.runtime.caching.cache_data_api: No runtime found, using MemoryCacheStorageManager
2026-10-05 17:55:05.146 WARNING streamlit.runtime.caching.cache_data_api: No runtime found, using MemoryCacheStorageManager
2026-10-05 17:55:05.147 WARNING streamlit.runtime.caching.cache_data_api: No runtime found, using MemoryCacheStorageManager
2026-10-05 17:55:05.147 WARNING streamlit.runtime.caching.cache_data_api: No runtime found, using MemoryCacheStorageManager
2026-10-05 17:55:05.147 WARNING streamlit.runtime.caching.cache_data_api: No runtime found, using MemoryCacheStorageManager
2026-10-05 17:55:05.148 WARNING streamlit.runtime.caching.cache_data_api: No runtime found, using MemoryCacheStorageManager
2026-10-05 17:55:05.148 WARNING streamlit.runtime.caching.cache_data_api: No runtime found, using MemoryCacheStorageManager
2026-10-05 17:55:05.148 WARNING streamlit.runtime.caching.cache_data_api: No runtime found, using MemoryCacheStorageManager
2026-10-05 17:55:05.149 WARNING streamlit.runtime.caching.cache_data_api: No runtime found, using MemoryCacheStorageManager
2026-10-05 17:55:05.149 WARNING streamlit.runtime.caching.cache_data_api: No runtime found, using MemoryCacheStorageManager
2026-10-05 17:55:05.149 WARNING streamlit.runtime.caching.cache_data_api: No runtime found, using MemoryCacheStorageManager
2026-10-05 17:55:05.149 WARNING streamlit.runtime.caching.cache_data_api: No runtime found, using MemoryCacheStorageManager
2026-10-05 17:55:05.150 WARNING streamlit.runtime.caching.cache_data_api: No runtime found, using MemoryCacheStorageManager
2026-10-05 17:55:05.151 WARNING streamlit.runtime.caching.cache_data_api: No runtime found, using MemoryCacheStorageManager
2026-10-05 17:55:05.151 WARNING streamlit.runtime.caching.cache_data_api: No runtime found, using MemoryCacheStorageManager
2026-10-05 17:55:05.151 WARNING streamlit.runtime.caching.cache_data_api: No runtime found, using MemoryCacheStorageManager
2026-10-05 17:55:05.152 WARNING streamlit.runtime.caching.cache_data_api: No runtime found, using MemoryCacheStorageManager
2026-10-05 17:55:05.152 WARNING streamlit.runtime.caching.cache_data_api: No runtime found, using MemoryCacheStorageManager
2026-10-05 17:55:05.153 WARNING streamlit.runtime.caching.cache_data_api: No runtime found, using MemoryCacheStorageManager
2026-10-05 17:55:05.153 WARNING streamlit.runtime.caching.cache_data_api: No runtime found, using MemoryCacheStorageManager
2026-10-05 17:55:05.155 WARNING streamlit.runtime.caching.cache_data_api: No runtime found, using MemoryCacheStorageManager
2026-10-05 17:55:05.174 WARNING streamlit.runtime.caching.cache_data_api: No runtime found, using MemoryCacheStorageManager
2026-10-05 17:55:05.174 WARNING streamlit.runtime.caching.cache_data_api: No runtime found, using MemoryCacheStorageManager
2026-10-05 17:55:05.175 WARNING streamlit.runtime.caching.cache_data_api: No runtime found, using MemoryCacheStorageManager
2026-10-05 17:55:05.175 WARNING streamlit.runtime.caching.cache_data_api: No runtime found, using MemoryCacheStorageManager
2026-10-05 17:55:05.175 WARNING streamlit.runtime.caching.cache_data_api: No runtime found, using MemoryCacheStorageManager
2026-10-05 17:55:05.176 WARNING streamlit.runtime.caching.cache_data_api: No runtime found, using MemoryCacheStorageManager
2026-10-05 17:55:05.177 WARNING streamlit.runtime.caching.cache_data_api: No runtime found, using MemoryCacheStorageManager
2026-10-05 17:55:05.177 WARNING streamlit.runtime.caching.cache_data_api: No runtime found, using MemoryCacheStorageManager
2026-10-05 17:55:05.178 WARNING streamlit.runtime.caching.cache_data_api: No runtime found, using MemoryCacheStorageManager
2026-10-05 17:55:05.182 WARNING streamlit.runtime.caching.cache_data_api: No runtime found, using MemoryCacheStorageManager
2026-10-05 17:55:05.184 WARNING streamlit.runtime.caching.cache_data_api: No runtime found, using MemoryCacheStorageManager
2026-10-05 17:55:05.211 WARNING streamlit.runtime.caching.cache_data_api: No runtime found, using MemoryCacheStorageManager
2026-10-05 17:55:05.211 WARNING streamlit.runtime.scriptrunner_utils.script_run_context: Thread 'MainThread': missing ScriptRunContext! This warning can be ignored when running in bare mode.
2026-10-05 17:55:05.211 WARNING streamlit.runtime.caching.cache_data_api: No runtime found, using MemoryCacheStorageManager
2026-10-05 17:55:05.683 WARNING streamlit.runtime.caching.cache_data_api: No runtime found, using MemoryCacheStorageManager
2026-10-05 17:55:06.200 WARNING streamlit.runtime.caching.cache_data_api: No runtime found, using MemoryCacheStorageManager
2026-10-05 17:55:06.201 WARNING streamlit.runtime.scriptrunner_utils.script_run_context: Thread 'MainThread': missing ScriptRunContext! This warning can be ignored when running in bare mode.
2026-10-05 17:55:06.585 WARNING streamlit.runtime.scriptrunner_utils.script_run_context: Thread 'MainThread': missing ScriptRunContext! This warning can be ignored when running in bare mode.
2026-10-05 17:55:08.076 WARNING streamlit.runtime.scriptrunner_utils.script_run_context: Thread 'MainThread': missing ScriptRunContext! This warning can be ignored when running in bare mode.
2026-10-05 17:55:08.504 WARNING streamlit.runtime.caching.cache_data_api: No runtime found, using MemoryCacheStorageManager
2026-10-05 17:55:08.505 WARNING streamlit.runtime.scriptrunner_utils.script_run_context: Thread 'MainThread': missing ScriptRunContext! This warning can be ignored when running in bare mode.
2026-10-05 17:55:08.542 WARNING streamlit.runtime.scriptrunner_utils.script_run_context: Thread 'MainThread': missing ScriptRunContext! This warning can be ignored when running in bare mode.
2022 wk3 done
2022 wk4 done
2022 wk5 done
2022 wk6 done
2022 wk7 done
2022 wk8 done
2022 wk9 done
2022 wk10 done
2022 wk11 done
2022 wk12 done
2022 wk13 done
2022 wk14 done
2022 wk15 done
2022 wk16 done
2022 wk17 done
2026-10-05 17:56:22.675 WARNING streamlit.runtime.scriptrunner_utils.script_run_context: Thread 'MainThread': missing ScriptRunContext! This warning can be ignored when running in bare mode.
2026-10-05 17:56:23.674 WARNING streamlit.runtime.scriptrunner_utils.script_run_context: Thread 'MainThread': missing ScriptRunContext! This warning can be ignored when running in bare mode.
2026-10-05 17:56:24.030 WARNING streamlit.runtime.scriptrunner_utils.script_run_context: Thread 'MainThread': missing ScriptRunContext! This warning can be ignored when running in bare mode.
2023 wk3 done
2023 wk4 done
2023 wk5 done
2023 wk6 done
2023 wk7 done
2023 wk8 done
2023 wk9 done
2023 wk10 done
2023 wk11 done
2023 wk12 done
2023 wk13 done
2023 wk14 done
2023 wk15 done
2023 wk16 done
2023 wk17 done
2026-10-05 17:57:34.322 WARNING streamlit.runtime.scriptrunner_utils.script_run_context: Thread 'MainThread': missing ScriptRunContext! This warning can be ignored when running in bare mode.
2026-10-05 17:57:35.818 WARNING streamlit.runtime.scriptrunner_utils.script_run_context: Thread 'MainThread': missing ScriptRunContext! This warning can be ignored when running in bare mode.
2026-10-05 17:57:36.270 WARNING streamlit.runtime.scriptrunner_utils.script_run_context: Thread 'MainThread': missing ScriptRunContext! This warning can be ignored when running in bare mode.
2024 wk3 done
2024 wk4 done
2024 wk5 done
2024 wk6 done
2024 wk7 done
2024 wk8 done
2024 wk9 done
2024 wk10 done
2024 wk11 done
2024 wk12 done
2024 wk13 done
2024 wk14 done
2024 wk15 done
2024 wk16 done
2024 wk17 done
2026-10-05 17:58:45.738 WARNING streamlit.runtime.scriptrunner_utils.script_run_context: Thread 'MainThread': missing ScriptRunContext! This warning can be ignored when running in bare mode.
2026-10-05 17:58:47.341 WARNING streamlit.runtime.scriptrunner_utils.script_run_context: Thread 'MainThread': missing ScriptRunContext! This warning can be ignored when running in bare mode.
2026-10-05 17:58:47.784 WARNING streamlit.runtime.scriptrunner_utils.script_run_context: Thread 'MainThread': missing ScriptRunContext! This warning can be ignored when running in bare mode.
2025 wk3 done
2025 wk4 done
2025 wk5 done
2025 wk6 done
2025 wk7 done
2025 wk8 done
2025 wk9 done
2025 wk10 done
2025 wk11 done
2025 wk12 done
2025 wk13 done
2025 wk14 done
2025 wk15 done
2025 wk16 done
2025 wk17 done
base: team-weeks 1790 | resolved 1602 | correct 1476 (82.5% of all) | wrong 126 | unresolved 188
flag: team-weeks 1790 | resolved 1612 | correct 1487 (83.1% of all) | wrong 125 | unresolved 178

changed picks: 38 | flag right & base wrong: 23 | base right & flag wrong: 12 | both wrong: 3
 year  week team             actual       base_pick              base_status          flag_pick       flag_status
 2022     6  DAL        Cooper Rush     Cooper Rush observed_current_starter       Dak Prescott returning_starter
 2022     6   NE       Bailey Zappe    Bailey Zappe observed_current_starter          Mac Jones returning_starter
 2022     6   NO        Andy Dalton     Andy Dalton observed_current_starter     Jameis Winston returning_starter
 2022     7  MIA     Tua Tagovailoa Skylar Thompson observed_current_starter     Tua Tagovailoa returning_starter
 2022    10  IND          Matt Ryan    Sam Ehlinger observed_current_starter          Matt Ryan returning_starter
 2022    15  WAS    Taylor Heinicke Taylor Heinicke observed_current_starter       Carson Wentz returning_starter
 2022    16  DEN     Russell Wilson             NaN       selection_required     Russell Wilson returning_starter
 2023     4  CAR        Bryce Young             NaN       selection_required        Bryce Young returning_starter
 2023     4  IND Anthony Richardson Gardner Minshew observed_current_starter Anthony Richardson returning_starter
 2023     7  CLE          PJ Walker       PJ Walker observed_current_starter     Deshaun Watson returning_starter
 2023     7  NYG       Tyrod Taylor    Tyrod Taylor observed_current_starter       Daniel Jones returning_starter
 2023     8   LV    Jimmy Garoppolo             NaN       selection_required    Jimmy Garoppolo returning_starter
 2023     9  CLE     Deshaun Watson       PJ Walker observed_current_starter     Deshaun Watson returning_starter
 2023     9  NYG       Tommy DeVito             NaN       selection_required       Daniel Jones returning_starter
 2023    10  TEN         Will Levis      Will Levis observed_current_starter     Ryan Tannehill returning_starter
 2023    11  CHI      Justin Fields    Tyson Bagent observed_current_starter      Justin Fields returning_starter
 2023    17  HOU        C.J. Stroud     Case Keenum observed_current_starter        C.J. Stroud returning_starter
 2023    17  PIT      Mason Rudolph             NaN       selection_required      Kenny Pickett returning_starter
 2024     8  MIA     Tua Tagovailoa             NaN       selection_required     Tua Tagovailoa returning_starter
 2024     9   NO         Derek Carr Spencer Rattler observed_current_starter         Derek Carr returning_starter
 2024    13  JAX          Mac Jones       Mac Jones observed_current_starter    Trevor Lawrence returning_starter
 2024    13   LV    Aidan O'Connell             NaN       selection_required    Aidan O'Connell returning_starter
 2024    13   SF        Brock Purdy             NaN       selection_required        Brock Purdy returning_starter
 2024    17  PIT     Russell Wilson  Russell Wilson observed_current_starter      Justin Fields returning_starter
 2025     3   SF          Mac Jones             NaN       selection_required        Brock Purdy returning_starter
 2025     4  NYJ      Justin Fields    Tyrod Taylor observed_current_starter      Justin Fields returning_starter
 2025     5  WAS     Jayden Daniels  Marcus Mariota observed_current_starter     Jayden Daniels returning_starter
 2025     7  MIN       Carson Wentz    Carson Wentz observed_current_starter      J.J. McCarthy returning_starter
 2025     9  BAL      Lamar Jackson   Tyler Huntley observed_current_starter      Lamar Jackson returning_starter
 2025     9  CAR        Bryce Young     Andy Dalton observed_current_starter        Bryce Young returning_starter
 2025     9   SF          Mac Jones       Mac Jones observed_current_starter        Brock Purdy returning_starter
 2025     9  WAS     Jayden Daniels  Marcus Mariota observed_current_starter     Jayden Daniels returning_starter
 2025    13  CIN         Joe Burrow      Joe Flacco observed_current_starter         Joe Burrow returning_starter
 2025    13  HOU        C.J. Stroud     Davis Mills observed_current_starter        C.J. Stroud returning_starter
 2025    14  MIN      J.J. McCarthy             NaN       selection_required      J.J. McCarthy returning_starter
 2025    14  WAS     Jayden Daniels  Marcus Mariota observed_current_starter     Jayden Daniels returning_starter
 2025    16   LV         Geno Smith   Kenny Pickett observed_current_starter         Geno Smith returning_starter
 2025    16  NYJ         Brady Cook      Brady Cook observed_current_starter      Justin Fields returning_starter
