2026-09-29 18:17:54.525 WARNING streamlit.runtime.caching.cache_data_api: No runtime found, using MemoryCacheStorageManager
2026-09-29 18:17:54.527 WARNING streamlit.runtime.caching.cache_data_api: No runtime found, using MemoryCacheStorageManager
2026-09-29 18:17:54.527 WARNING streamlit.runtime.caching.cache_data_api: No runtime found, using MemoryCacheStorageManager
2026-09-29 18:17:54.527 WARNING streamlit.runtime.caching.cache_data_api: No runtime found, using MemoryCacheStorageManager
2026-09-29 18:17:54.530 WARNING streamlit.runtime.caching.cache_data_api: No runtime found, using MemoryCacheStorageManager
2026-09-29 18:17:54.530 WARNING streamlit.runtime.caching.cache_data_api: No runtime found, using MemoryCacheStorageManager
2026-09-29 18:17:54.531 WARNING streamlit.runtime.caching.cache_data_api: No runtime found, using MemoryCacheStorageManager
2026-09-29 18:17:54.531 WARNING streamlit.runtime.caching.cache_data_api: No runtime found, using MemoryCacheStorageManager
2026-09-29 18:17:54.532 WARNING streamlit.runtime.caching.cache_data_api: No runtime found, using MemoryCacheStorageManager
2026-09-29 18:17:54.532 WARNING streamlit.runtime.caching.cache_data_api: No runtime found, using MemoryCacheStorageManager
2026-09-29 18:17:54.533 WARNING streamlit.runtime.caching.cache_data_api: No runtime found, using MemoryCacheStorageManager
2026-09-29 18:17:54.533 WARNING streamlit.runtime.caching.cache_data_api: No runtime found, using MemoryCacheStorageManager
2026-09-29 18:17:54.533 WARNING streamlit.runtime.caching.cache_data_api: No runtime found, using MemoryCacheStorageManager
2026-09-29 18:17:54.533 WARNING streamlit.runtime.caching.cache_data_api: No runtime found, using MemoryCacheStorageManager
2026-09-29 18:17:54.534 WARNING streamlit.runtime.caching.cache_data_api: No runtime found, using MemoryCacheStorageManager
2026-09-29 18:17:54.534 WARNING streamlit.runtime.caching.cache_data_api: No runtime found, using MemoryCacheStorageManager
2026-09-29 18:17:54.534 WARNING streamlit.runtime.caching.cache_data_api: No runtime found, using MemoryCacheStorageManager
2026-09-29 18:17:54.534 WARNING streamlit.runtime.caching.cache_data_api: No runtime found, using MemoryCacheStorageManager
2026-09-29 18:17:54.535 WARNING streamlit.runtime.caching.cache_data_api: No runtime found, using MemoryCacheStorageManager
2026-09-29 18:17:54.535 WARNING streamlit.runtime.caching.cache_data_api: No runtime found, using MemoryCacheStorageManager
2026-09-29 18:17:54.535 WARNING streamlit.runtime.caching.cache_data_api: No runtime found, using MemoryCacheStorageManager
2026-09-29 18:17:54.536 WARNING streamlit.runtime.caching.cache_data_api: No runtime found, using MemoryCacheStorageManager
2026-09-29 18:17:54.536 WARNING streamlit.runtime.caching.cache_data_api: No runtime found, using MemoryCacheStorageManager
2026-09-29 18:17:54.536 WARNING streamlit.runtime.caching.cache_data_api: No runtime found, using MemoryCacheStorageManager
2026-09-29 18:17:54.537 WARNING streamlit.runtime.caching.cache_data_api: No runtime found, using MemoryCacheStorageManager
2026-09-29 18:17:54.537 WARNING streamlit.runtime.caching.cache_data_api: No runtime found, using MemoryCacheStorageManager
2026-09-29 18:17:54.538 WARNING streamlit.runtime.caching.cache_data_api: No runtime found, using MemoryCacheStorageManager
2026-09-29 18:17:54.538 WARNING streamlit.runtime.caching.cache_data_api: No runtime found, using MemoryCacheStorageManager
2026-09-29 18:17:54.538 WARNING streamlit.runtime.caching.cache_data_api: No runtime found, using MemoryCacheStorageManager
2026-09-29 18:17:54.539 WARNING streamlit.runtime.caching.cache_data_api: No runtime found, using MemoryCacheStorageManager
2026-09-29 18:17:54.540 WARNING streamlit.runtime.caching.cache_data_api: No runtime found, using MemoryCacheStorageManager
2026-09-29 18:17:54.540 WARNING streamlit.runtime.caching.cache_data_api: No runtime found, using MemoryCacheStorageManager
2026-09-29 18:17:54.542 WARNING streamlit.runtime.caching.cache_data_api: No runtime found, using MemoryCacheStorageManager
2026-09-29 18:17:54.562 WARNING streamlit.runtime.caching.cache_data_api: No runtime found, using MemoryCacheStorageManager
2026-09-29 18:17:54.563 WARNING streamlit.runtime.caching.cache_data_api: No runtime found, using MemoryCacheStorageManager
2026-09-29 18:17:54.563 WARNING streamlit.runtime.caching.cache_data_api: No runtime found, using MemoryCacheStorageManager
2026-09-29 18:17:54.563 WARNING streamlit.runtime.caching.cache_data_api: No runtime found, using MemoryCacheStorageManager
2026-09-29 18:17:54.564 WARNING streamlit.runtime.caching.cache_data_api: No runtime found, using MemoryCacheStorageManager
2026-09-29 18:17:54.564 WARNING streamlit.runtime.caching.cache_data_api: No runtime found, using MemoryCacheStorageManager
2026-09-29 18:17:54.565 WARNING streamlit.runtime.caching.cache_data_api: No runtime found, using MemoryCacheStorageManager
2026-09-29 18:17:54.565 WARNING streamlit.runtime.caching.cache_data_api: No runtime found, using MemoryCacheStorageManager
2026-09-29 18:17:54.566 WARNING streamlit.runtime.caching.cache_data_api: No runtime found, using MemoryCacheStorageManager
2026-09-29 18:17:54.572 WARNING streamlit.runtime.caching.cache_data_api: No runtime found, using MemoryCacheStorageManager
2026-09-29 18:17:54.574 WARNING streamlit.runtime.caching.cache_data_api: No runtime found, using MemoryCacheStorageManager
2026-09-29 18:17:54.603 WARNING streamlit.runtime.caching.cache_data_api: No runtime found, using MemoryCacheStorageManager
2026-09-29 18:17:54.603 WARNING streamlit.runtime.scriptrunner_utils.script_run_context: Thread 'MainThread': missing ScriptRunContext! This warning can be ignored when running in bare mode.
2026-09-29 18:17:54.603 WARNING streamlit.runtime.caching.cache_data_api: No runtime found, using MemoryCacheStorageManager
2026-09-29 18:17:55.090 WARNING streamlit.runtime.caching.cache_data_api: No runtime found, using MemoryCacheStorageManager
2026-09-29 18:17:55.635 WARNING streamlit.runtime.caching.cache_data_api: No runtime found, using MemoryCacheStorageManager
2026-09-29 18:17:55.636 WARNING streamlit.runtime.scriptrunner_utils.script_run_context: Thread 'MainThread': missing ScriptRunContext! This warning can be ignored when running in bare mode.
2026-09-29 18:17:55.977 WARNING streamlit.runtime.caching.cache_data_api: No runtime found, using MemoryCacheStorageManager
2026-09-29 18:17:55.994 WARNING streamlit.runtime.caching.cache_data_api: No runtime found, using MemoryCacheStorageManager
2026-09-29 18:18:01.314 WARNING streamlit.runtime.caching.cache_data_api: No runtime found, using MemoryCacheStorageManager
2026-09-29 18:18:01.331 WARNING streamlit.runtime.caching.cache_data_api: No runtime found, using MemoryCacheStorageManager
2026-09-29 18:18:20.029 WARNING streamlit.runtime.caching.cache_data_api: No runtime found, using MemoryCacheStorageManager
2026-09-29 18:18:20.029 WARNING streamlit.runtime.caching.cache_data_api: No runtime found, using MemoryCacheStorageManager
2026-09-29 18:18:22.281 WARNING streamlit.runtime.caching.cache_data_api: No runtime found, using MemoryCacheStorageManager
2026-09-29 18:43:16.406 WARNING streamlit.runtime.scriptrunner_utils.script_run_context: Thread 'MainThread': missing ScriptRunContext! This warning can be ignored when running in bare mode.
2026-09-29 18:43:17.783 WARNING streamlit.runtime.scriptrunner_utils.script_run_context: Thread 'MainThread': missing ScriptRunContext! This warning can be ignored when running in bare mode.
2026-09-29 19:05:56.583 WARNING streamlit.runtime.scriptrunner_utils.script_run_context: Thread 'MainThread': missing ScriptRunContext! This warning can be ignored when running in bare mode.
2026-09-29 19:05:57.669 WARNING streamlit.runtime.scriptrunner_utils.script_run_context: Thread 'MainThread': missing ScriptRunContext! This warning can be ignored when running in bare mode.
2026-09-29 19:42:52.711 WARNING streamlit.runtime.scriptrunner_utils.script_run_context: Thread 'MainThread': missing ScriptRunContext! This warning can be ignored when running in bare mode.
2026-09-29 19:42:53.926 WARNING streamlit.runtime.scriptrunner_utils.script_run_context: Thread 'MainThread': missing ScriptRunContext! This warning can be ignored when running in bare mode.
years=[2022, 2023, 2024, 2025] weeks=3-17 scoring=Full PPR harness=v2
ablating: []
adding as candidate: ['v2_vacancy_absence_decay']
add-features (forced on in both arms): ['v2_historical_injury_replay', 'v2_historical_reserve_replay']
DEFAULT_FEATURES size: 37

==============================================================================
v2_vacancy_absence_decay  [add mode, harness v2]
==============================================================================
  ALL        n=18577  RMSE 6.263->6.244 (Δ-0.019 CI[-0.026,-0.011])  pairwiseAcc 0.752->0.753 (Δ+0.001 CI[+0.001,+0.001])  bias -0.199->-0.268  MAE(secondary) 4.476->4.453  weeks-var-better(RMSE) 46-14
  QB         n=1870   RMSE 7.892->7.892 (Δ+0.000 CI[+0.000,+0.000])  pairwiseAcc 0.653->0.653 (Δ+0.000 CI[+0.000,+0.000])  bias -0.668->-0.668  MAE(secondary) 6.250->6.250  weeks-var-better(RMSE) 0-0
  RB         n=4910   RMSE 6.311->6.294 (Δ-0.017 CI[-0.032,-0.002])  pairwiseAcc 0.766->0.767 (Δ+0.000 CI[-0.000,+0.001])  bias +0.063->-0.051  MAE(secondary) 4.491->4.467  weeks-var-better(RMSE) 36-24
  WR         n=7844   RMSE 6.253->6.224 (Δ-0.030 CI[-0.041,-0.018])  pairwiseAcc 0.742->0.744 (Δ+0.002 CI[+0.001,+0.003])  bias -0.130->-0.213  MAE(secondary) 4.511->4.475  weeks-var-better(RMSE) 46-14
  TE         n=3953   RMSE 5.048->5.037 (Δ-0.011 CI[-0.019,-0.003])  pairwiseAcc 0.719->0.720 (Δ+0.000 CI[-0.000,+0.001])  bias -0.440->-0.455  MAE(secondary) 3.550->3.541  weeks-var-better(RMSE) 38-22
  START-QB   n=1375   RMSE 7.469->7.469 (Δ+0.000 CI[+0.000,+0.000])  pairwiseAcc 0.610->0.610 (Δ+0.000 CI[+0.000,+0.000])  bias +0.174->+0.174  MAE(secondary) 6.007->6.007  weeks-var-better(RMSE) 0-0
  START-RB   n=2347   RMSE 7.748->7.720 (Δ-0.028 CI[-0.054,-0.003])  pairwiseAcc 0.643->0.645 (Δ+0.002 CI[-0.001,+0.004])  bias +0.115->-0.079  MAE(secondary) 6.082->6.047  weeks-var-better(RMSE) 36-24
  START-WR   n=3261   RMSE 7.988->7.937 (Δ-0.052 CI[-0.071,-0.031])  pairwiseAcc 0.606->0.614 (Δ+0.008 CI[+0.005,+0.011])  bias -0.415->-0.541  MAE(secondary) 6.233->6.172  weeks-var-better(RMSE) 44-16
  START-TE   n=1185   RMSE 6.649->6.630 (Δ-0.019 CI[-0.038,+0.002])  pairwiseAcc 0.598->0.600 (Δ+0.002 CI[-0.003,+0.007])  bias -0.756->-0.789  MAE(secondary) 5.167->5.149  weeks-var-better(RMSE) 35-25
  START-ALL  n=8168   RMSE 7.711->7.680 (Δ-0.031 CI[-0.043,-0.017])  pairwiseAcc 0.643->0.646 (Δ+0.003 CI[+0.002,+0.005])  bias -0.213->-0.324  MAE(secondary) 5.997->5.960  weeks-var-better(RMSE) 43-17
  VERDICT (add): SHIP-ELIGIBLE   [bias growth +0.111, Holm-adjusted per-position p [np.float64(1.0), np.float64(1.0), np.float64(1.0), np.float64(1.0)]]
  RECOMMENDATION: candidate 'v2_vacancy_absence_decay' measurably HELPED when added - consider promoting it into DEFAULT_FEATURES.

======================================================================
TOP 25 LARGEST MISSES - shipped model (DEFAULT_FEATURES), startable cut, 8015 player-weeks scored
======================================================================
 year  wk  pos  player                     pred  actual   error  note
 2023  11   WR  Tank Dell                  11.0    57.8   -46.8  UNDERPROJECTED (boom)
 2023   9   WR  Tank Dell                  12.7    59.2   -46.5  UNDERPROJECTED (boom)
 2023   4   RB  De'Von Achane               8.8    54.0   -45.2  UNDERPROJECTED (boom)
 2023  13   RB  De'Von Achane               9.4    50.6   -41.2  UNDERPROJECTED (boom)
 2022   9   RB  Joe Mixon                  14.4    55.1   -40.6  UNDERPROJECTED (boom)
 2023  17   RB  De'Von Achane               9.5    47.4   -37.9  UNDERPROJECTED (boom)
 2025  15   TE  Kyle Pitts                  7.8    45.6   -37.8  UNDERPROJECTED (boom)
 2022  17   WR  Mike Evans                 11.7    48.7   -37.1  UNDERPROJECTED (boom)
 2023   5   WR  Ja'Marr Chase              15.2    52.2   -37.0  UNDERPROJECTED (boom)
 2023   5   WR  DJ Moore                   12.4    49.0   -36.6  UNDERPROJECTED (boom)
 2023  16   WR  Amari Cooper               15.9    51.5   -35.6  UNDERPROJECTED (boom)
 2024  10   WR  Ja'Marr Chase              20.9    55.4   -34.6  UNDERPROJECTED (boom)
 2022   4   TE  T.J. Hockenson              6.5    39.9   -33.4  UNDERPROJECTED (boom)
 2025   9   TE  Brock Bowers               10.5    43.3   -32.8  UNDERPROJECTED (boom)
 2024  14   RB  Zach Charbonnet             6.1    38.3   -32.2  UNDERPROJECTED (boom)
 2024   3   WR  Jauan Jennings             14.7    46.5   -31.8  UNDERPROJECTED (boom)
 2023   3   RB  Raheem Mostert             14.1    45.2   -31.1  UNDERPROJECTED (boom)
 2022  12   RB  Josh Jacobs                17.5    48.3   -30.8  UNDERPROJECTED (boom)
 2023  14   WR  Odell Beckham Jr.           9.2    39.4   -30.2  UNDERPROJECTED (boom)
 2023  16   RB  Breece Hall                13.6    43.1   -29.5  UNDERPROJECTED (boom)
 2023   3   WR  Davante Adams              13.0    42.2   -29.2  UNDERPROJECTED (boom)
 2025  16   WR  Puka Nacua                 17.5    46.5   -29.0  UNDERPROJECTED (boom)
 2024  15   WR  Davante Adams              13.8    42.8   -29.0  UNDERPROJECTED (boom)
 2024  14   WR  Puka Nacua                 12.8    41.8   -29.0  UNDERPROJECTED (boom)
 2023   5   RB  De'Von Achane              14.5    43.0   -28.5  UNDERPROJECTED (boom)

-- top 8 per position --

  QB:
    2025 w15 Trevor Lawrence         pred   16.4  actual   44.3  err  -27.9  (boom)
    2022 w9  Justin Fields           pred   16.6  actual   42.7  err  -26.1  (boom)
    2023 w9  C.J. Stroud             pred   16.4  actual   41.8  err  -25.4  (boom)
    2024 w15 Jared Goff              pred   16.9  actual   41.1  err  -24.1  (boom)
    2025 w7  Bo Nix                  pred   16.3  actual   40.0  err  -23.7  (boom)
    2025 w11 Josh Allen              pred   19.9  actual   42.7  err  -22.8  (boom)
    2025 w9  Caleb Williams          pred   16.2  actual   38.7  err  -22.5  (boom)
    2022 w17 Tom Brady               pred   16.9  actual   37.7  err  -20.8  (boom)

  RB:
    2023 w4  De'Von Achane           pred    8.8  actual   54.0  err  -45.2  (boom)
    2023 w13 De'Von Achane           pred    9.4  actual   50.6  err  -41.2  (boom)
    2022 w9  Joe Mixon               pred   14.4  actual   55.1  err  -40.6  (boom)
    2023 w17 De'Von Achane           pred    9.5  actual   47.4  err  -37.9  (boom)
    2024 w14 Zach Charbonnet         pred    6.1  actual   38.3  err  -32.2  (boom)
    2023 w3  Raheem Mostert          pred   14.1  actual   45.2  err  -31.1  (boom)
    2022 w12 Josh Jacobs             pred   17.5  actual   48.3  err  -30.8  (boom)
    2023 w16 Breece Hall             pred   13.6  actual   43.1  err  -29.5  (boom)

  WR:
    2023 w11 Tank Dell               pred   11.0  actual   57.8  err  -46.8  (boom)
    2023 w9  Tank Dell               pred   12.7  actual   59.2  err  -46.5  (boom)
    2022 w17 Mike Evans              pred   11.7  actual   48.7  err  -37.1  (boom)
    2023 w5  Ja'Marr Chase           pred   15.2  actual   52.2  err  -37.0  (boom)
    2023 w5  DJ Moore                pred   12.4  actual   49.0  err  -36.6  (boom)
    2023 w16 Amari Cooper            pred   15.9  actual   51.5  err  -35.6  (boom)
    2024 w10 Ja'Marr Chase           pred   20.9  actual   55.4  err  -34.6  (boom)
    2024 w3  Jauan Jennings          pred   14.7  actual   46.5  err  -31.8  (boom)

  TE:
    2025 w15 Kyle Pitts              pred    7.8  actual   45.6  err  -37.8  (boom)
    2022 w4  T.J. Hockenson          pred    6.5  actual   39.9  err  -33.4  (boom)
    2025 w9  Brock Bowers            pred   10.5  actual   43.3  err  -32.8  (boom)
    2022 w16 Tyler Higbee            pred    6.7  actual   30.4  err  -23.7  (boom)
    2023 w14 Evan Engram             pred    8.9  actual   32.5  err  -23.6  (boom)
    2025 w15 Trey McBride            pred   14.7  actual   37.4  err  -22.7  (boom)
    2024 w11 Brock Bowers            pred    8.8  actual   31.3  err  -22.5  (boom)
    2025 w8  Tucker Kraft            pred   11.2  actual   33.3  err  -22.1  (boom)
