2026-10-06 18:18:15.443 WARNING streamlit.runtime.caching.cache_data_api: No runtime found, using MemoryCacheStorageManager
2026-10-06 18:18:15.445 WARNING streamlit.runtime.caching.cache_data_api: No runtime found, using MemoryCacheStorageManager
2026-10-06 18:18:15.445 WARNING streamlit.runtime.caching.cache_data_api: No runtime found, using MemoryCacheStorageManager
2026-10-06 18:18:15.445 WARNING streamlit.runtime.caching.cache_data_api: No runtime found, using MemoryCacheStorageManager
2026-10-06 18:18:15.448 WARNING streamlit.runtime.caching.cache_data_api: No runtime found, using MemoryCacheStorageManager
2026-10-06 18:18:15.448 WARNING streamlit.runtime.caching.cache_data_api: No runtime found, using MemoryCacheStorageManager
2026-10-06 18:18:15.449 WARNING streamlit.runtime.caching.cache_data_api: No runtime found, using MemoryCacheStorageManager
2026-10-06 18:18:15.449 WARNING streamlit.runtime.caching.cache_data_api: No runtime found, using MemoryCacheStorageManager
2026-10-06 18:18:15.450 WARNING streamlit.runtime.caching.cache_data_api: No runtime found, using MemoryCacheStorageManager
2026-10-06 18:18:15.450 WARNING streamlit.runtime.caching.cache_data_api: No runtime found, using MemoryCacheStorageManager
2026-10-06 18:18:15.451 WARNING streamlit.runtime.caching.cache_data_api: No runtime found, using MemoryCacheStorageManager
2026-10-06 18:18:15.451 WARNING streamlit.runtime.caching.cache_data_api: No runtime found, using MemoryCacheStorageManager
2026-10-06 18:18:15.451 WARNING streamlit.runtime.caching.cache_data_api: No runtime found, using MemoryCacheStorageManager
2026-10-06 18:18:15.451 WARNING streamlit.runtime.caching.cache_data_api: No runtime found, using MemoryCacheStorageManager
2026-10-06 18:18:15.452 WARNING streamlit.runtime.caching.cache_data_api: No runtime found, using MemoryCacheStorageManager
2026-10-06 18:18:15.452 WARNING streamlit.runtime.caching.cache_data_api: No runtime found, using MemoryCacheStorageManager
2026-10-06 18:18:15.452 WARNING streamlit.runtime.caching.cache_data_api: No runtime found, using MemoryCacheStorageManager
2026-10-06 18:18:15.453 WARNING streamlit.runtime.caching.cache_data_api: No runtime found, using MemoryCacheStorageManager
2026-10-06 18:18:15.453 WARNING streamlit.runtime.caching.cache_data_api: No runtime found, using MemoryCacheStorageManager
2026-10-06 18:18:15.453 WARNING streamlit.runtime.caching.cache_data_api: No runtime found, using MemoryCacheStorageManager
2026-10-06 18:18:15.454 WARNING streamlit.runtime.caching.cache_data_api: No runtime found, using MemoryCacheStorageManager
2026-10-06 18:18:15.454 WARNING streamlit.runtime.caching.cache_data_api: No runtime found, using MemoryCacheStorageManager
2026-10-06 18:18:15.454 WARNING streamlit.runtime.caching.cache_data_api: No runtime found, using MemoryCacheStorageManager
2026-10-06 18:18:15.454 WARNING streamlit.runtime.caching.cache_data_api: No runtime found, using MemoryCacheStorageManager
2026-10-06 18:18:15.455 WARNING streamlit.runtime.caching.cache_data_api: No runtime found, using MemoryCacheStorageManager
2026-10-06 18:18:15.455 WARNING streamlit.runtime.caching.cache_data_api: No runtime found, using MemoryCacheStorageManager
2026-10-06 18:18:15.456 WARNING streamlit.runtime.caching.cache_data_api: No runtime found, using MemoryCacheStorageManager
2026-10-06 18:18:15.456 WARNING streamlit.runtime.caching.cache_data_api: No runtime found, using MemoryCacheStorageManager
2026-10-06 18:18:15.456 WARNING streamlit.runtime.caching.cache_data_api: No runtime found, using MemoryCacheStorageManager
2026-10-06 18:18:15.457 WARNING streamlit.runtime.caching.cache_data_api: No runtime found, using MemoryCacheStorageManager
2026-10-06 18:18:15.458 WARNING streamlit.runtime.caching.cache_data_api: No runtime found, using MemoryCacheStorageManager
2026-10-06 18:18:15.458 WARNING streamlit.runtime.caching.cache_data_api: No runtime found, using MemoryCacheStorageManager
2026-10-06 18:18:15.460 WARNING streamlit.runtime.caching.cache_data_api: No runtime found, using MemoryCacheStorageManager
2026-10-06 18:18:15.478 WARNING streamlit.runtime.caching.cache_data_api: No runtime found, using MemoryCacheStorageManager
2026-10-06 18:18:15.479 WARNING streamlit.runtime.caching.cache_data_api: No runtime found, using MemoryCacheStorageManager
2026-10-06 18:18:15.479 WARNING streamlit.runtime.caching.cache_data_api: No runtime found, using MemoryCacheStorageManager
2026-10-06 18:18:15.479 WARNING streamlit.runtime.caching.cache_data_api: No runtime found, using MemoryCacheStorageManager
2026-10-06 18:18:15.480 WARNING streamlit.runtime.caching.cache_data_api: No runtime found, using MemoryCacheStorageManager
2026-10-06 18:18:15.480 WARNING streamlit.runtime.caching.cache_data_api: No runtime found, using MemoryCacheStorageManager
2026-10-06 18:18:15.481 WARNING streamlit.runtime.caching.cache_data_api: No runtime found, using MemoryCacheStorageManager
2026-10-06 18:18:15.481 WARNING streamlit.runtime.caching.cache_data_api: No runtime found, using MemoryCacheStorageManager
2026-10-06 18:18:15.482 WARNING streamlit.runtime.caching.cache_data_api: No runtime found, using MemoryCacheStorageManager
2026-10-06 18:18:15.486 WARNING streamlit.runtime.caching.cache_data_api: No runtime found, using MemoryCacheStorageManager
2026-10-06 18:18:15.489 WARNING streamlit.runtime.caching.cache_data_api: No runtime found, using MemoryCacheStorageManager
2026-10-06 18:18:15.519 WARNING streamlit.runtime.caching.cache_data_api: No runtime found, using MemoryCacheStorageManager
2026-10-06 18:18:15.519 WARNING streamlit.runtime.scriptrunner_utils.script_run_context: Thread 'MainThread': missing ScriptRunContext! This warning can be ignored when running in bare mode.
2026-10-06 18:18:15.519 WARNING streamlit.runtime.caching.cache_data_api: No runtime found, using MemoryCacheStorageManager
2026-10-06 18:18:15.983 WARNING streamlit.runtime.caching.cache_data_api: No runtime found, using MemoryCacheStorageManager
2026-10-06 18:18:16.499 WARNING streamlit.runtime.caching.cache_data_api: No runtime found, using MemoryCacheStorageManager
2026-10-06 18:18:16.500 WARNING streamlit.runtime.scriptrunner_utils.script_run_context: Thread 'MainThread': missing ScriptRunContext! This warning can be ignored when running in bare mode.
2026-10-06 18:18:16.822 WARNING streamlit.runtime.caching.cache_data_api: No runtime found, using MemoryCacheStorageManager
2026-10-06 18:18:16.836 WARNING streamlit.runtime.caching.cache_data_api: No runtime found, using MemoryCacheStorageManager
2026-10-06 18:18:20.900 WARNING streamlit.runtime.caching.cache_data_api: No runtime found, using MemoryCacheStorageManager
2026-10-06 18:18:21.138 WARNING streamlit.runtime.caching.cache_data_api: No runtime found, using MemoryCacheStorageManager
2026-10-06 18:18:39.817 WARNING streamlit.runtime.caching.cache_data_api: No runtime found, using MemoryCacheStorageManager
2026-10-06 18:18:39.818 WARNING streamlit.runtime.caching.cache_data_api: No runtime found, using MemoryCacheStorageManager
2026-10-06 18:18:44.306 WARNING streamlit.runtime.caching.cache_data_api: No runtime found, using MemoryCacheStorageManager
2026-10-06 18:40:56.030 WARNING streamlit.runtime.scriptrunner_utils.script_run_context: Thread 'MainThread': missing ScriptRunContext! This warning can be ignored when running in bare mode.
2026-10-06 18:40:57.002 WARNING streamlit.runtime.scriptrunner_utils.script_run_context: Thread 'MainThread': missing ScriptRunContext! This warning can be ignored when running in bare mode.
2026-10-06 19:01:48.574 WARNING streamlit.runtime.scriptrunner_utils.script_run_context: Thread 'MainThread': missing ScriptRunContext! This warning can be ignored when running in bare mode.
2026-10-06 19:01:49.599 WARNING streamlit.runtime.scriptrunner_utils.script_run_context: Thread 'MainThread': missing ScriptRunContext! This warning can be ignored when running in bare mode.
2026-10-06 19:38:26.561 WARNING streamlit.runtime.scriptrunner_utils.script_run_context: Thread 'MainThread': missing ScriptRunContext! This warning can be ignored when running in bare mode.
2026-10-06 19:38:27.774 WARNING streamlit.runtime.scriptrunner_utils.script_run_context: Thread 'MainThread': missing ScriptRunContext! This warning can be ignored when running in bare mode.
years=[2022, 2023, 2024, 2025] weeks=3-17 scoring=Full PPR harness=v2
ablating: []
adding as candidate: ['v2_qb_td_blend']
add-features (forced on in both arms): ['v2_historical_injury_replay', 'v2_historical_reserve_replay']
DEFAULT_FEATURES size: 50

==============================================================================
v2_qb_td_blend  [add mode, harness v2]
==============================================================================
  ALL        n=18577  RMSE 6.258->6.257 (Δ-0.001 CI[-0.004,+0.001])  pairwiseAcc 0.751->0.751 (Δ+0.000 CI[-0.000,+0.000])  bias -0.276->-0.277  MAE(secondary) 4.411->4.411  weeks-var-better(RMSE) 34-26
  QB         n=1870   RMSE 8.391->8.382 (Δ-0.009 CI[-0.026,+0.008])  pairwiseAcc 0.654->0.656 (Δ+0.002 CI[-0.001,+0.004])  bias -1.438->-1.446  MAE(secondary) 6.448->6.452  weeks-var-better(RMSE) 33-27
  RB         n=4910   RMSE 6.233->6.233 (Δ-0.000 CI[-0.000,+0.000])  pairwiseAcc 0.769->0.769 (Δ+0.000 CI[+0.000,+0.000])  bias -0.214->-0.214  MAE(secondary) 4.376->4.376  weeks-var-better(RMSE) 1-0
  WR         n=7844   RMSE 6.165->6.165 (Δ+0.000 CI[-0.000,+0.000])  pairwiseAcc 0.747->0.747 (Δ-0.000 CI[-0.000,+0.000])  bias +0.015->+0.015  MAE(secondary) 4.414->4.414  weeks-var-better(RMSE) 3-5
  TE         n=3953   RMSE 4.966->4.967 (Δ+0.000 CI[-0.000,+0.001])  pairwiseAcc 0.723->0.723 (Δ-0.000 CI[-0.000,+0.000])  bias -0.379->-0.379  MAE(secondary) 3.484->3.484  weeks-var-better(RMSE) 4-4
  START-QB   n=1389   RMSE 7.481->7.466 (Δ-0.015 CI[-0.042,+0.009])  pairwiseAcc 0.609->0.611 (Δ+0.003 CI[-0.002,+0.007])  bias +0.029->-0.016  MAE(secondary) 6.012->6.015  weeks-var-better(RMSE) 31-29
  START-RB   n=2320   RMSE 7.626->7.626 (Δ-0.000 CI[-0.000,+0.000])  pairwiseAcc 0.652->0.652 (Δ+0.000 CI[+0.000,+0.000])  bias -0.094->-0.094  MAE(secondary) 5.989->5.989  weeks-var-better(RMSE) 1-0
  START-WR   n=3199   RMSE 7.902->7.902 (Δ-0.000 CI[-0.001,+0.001])  pairwiseAcc 0.620->0.620 (Δ-0.000 CI[-0.000,+0.000])  bias +0.216->+0.215  MAE(secondary) 6.205->6.205  weeks-var-better(RMSE) 3-5
  START-TE   n=1162   RMSE 6.632->6.632 (Δ+0.000 CI[-0.001,+0.002])  pairwiseAcc 0.596->0.596 (Δ-0.000 CI[-0.001,+0.000])  bias -0.463->-0.463  MAE(secondary) 5.212->5.213  weeks-var-better(RMSE) 4-3
  START-ALL  n=8070   RMSE 7.640->7.637 (Δ-0.003 CI[-0.007,+0.001])  pairwiseAcc 0.648->0.648 (Δ+0.000 CI[-0.000,+0.000])  bias -0.003->-0.011  MAE(secondary) 5.967->5.967  weeks-var-better(RMSE) 31-29
  VERDICT (add): INCONCLUSIVE   [bias growth +0.008, Holm-adjusted per-position p [np.float64(1.0), np.float64(1.0), np.float64(1.0), np.float64(1.0)]]
  RECOMMENDATION: no significant effect from adding 'v2_qb_td_blend' - stays unshipped, no evidence to promote it.

======================================================================
TOP 25 LARGEST MISSES - shipped model (DEFAULT_FEATURES), startable cut, 8055 player-weeks scored
======================================================================
 year  wk  pos  player                     pred  actual   error  note
 2023   9   WR  Tank Dell                  12.2    59.2   -47.1  UNDERPROJECTED (boom)
 2023  11   WR  Tank Dell                  12.3    57.8   -45.5  UNDERPROJECTED (boom)
 2023   4   RB  De'Von Achane              12.7    54.0   -41.3  UNDERPROJECTED (boom)
 2023   3   WR  Tank Dell                  10.6    51.0   -40.5  UNDERPROJECTED (boom)
 2022   9   RB  Joe Mixon                  15.8    55.1   -39.3  UNDERPROJECTED (boom)
 2023  13   RB  De'Von Achane              11.7    50.6   -38.9  UNDERPROJECTED (boom)
 2023  16   WR  Amari Cooper               14.7    51.5   -36.8  UNDERPROJECTED (boom)
 2023   5   WR  Ja'Marr Chase              15.5    52.2   -36.7  UNDERPROJECTED (boom)
 2025  15   TE  Kyle Pitts                  9.0    45.6   -36.6  UNDERPROJECTED (boom)
 2022  17   WR  Mike Evans                 13.0    48.7   -35.7  UNDERPROJECTED (boom)
 2023  17   RB  De'Von Achane              11.9    47.4   -35.5  UNDERPROJECTED (boom)
 2024  10   WR  Ja'Marr Chase              20.6    55.4   -34.9  UNDERPROJECTED (boom)
 2023   5   WR  DJ Moore                   14.8    49.0   -34.2  UNDERPROJECTED (boom)
 2024   3   WR  Jauan Jennings             12.6    46.5   -33.9  UNDERPROJECTED (boom)
 2025  12   RB  Jahmyr Gibbs               22.1    55.4   -33.3  UNDERPROJECTED (boom)
 2025   9   TE  Brock Bowers               10.8    43.3   -32.4  UNDERPROJECTED (boom)
 2022   4   TE  T.J. Hockenson              7.5    39.9   -32.4  UNDERPROJECTED (boom)
 2022  14   TE  Evan Engram                 6.9    39.2   -32.3  UNDERPROJECTED (boom)
 2023  14   WR  Odell Beckham Jr.           7.7    39.4   -31.7  UNDERPROJECTED (boom)
 2024  14   RB  Zach Charbonnet             7.2    38.3   -31.1  UNDERPROJECTED (boom)
 2025  17   RB  Derrick Henry              14.7    45.6   -30.9  UNDERPROJECTED (boom)
 2022  12   RB  Josh Jacobs                19.8    48.3   -28.5  UNDERPROJECTED (boom)
 2022   8   RB  Alvin Kamara               14.6    42.8   -28.2  UNDERPROJECTED (boom)
 2025  15   QB  Trevor Lawrence            16.2    44.3   -28.1  UNDERPROJECTED (boom)
 2025  10   RB  Jonathan Taylor            21.6    49.6   -28.0  UNDERPROJECTED (boom)

-- top 8 per position --

  QB:
    2025 w15 Trevor Lawrence         pred   16.2  actual   44.3  err  -28.1  (boom)
    2022 w9  Justin Fields           pred   15.6  actual   42.7  err  -27.1  (boom)
    2023 w9  C.J. Stroud             pred   15.4  actual   41.8  err  -26.4  (boom)
    2024 w15 Jared Goff              pred   17.2  actual   41.1  err  -23.8  (boom)
    2025 w7  Bo Nix                  pred   16.6  actual   40.0  err  -23.4  (boom)
    2025 w9  Caleb Williams          pred   15.9  actual   38.7  err  -22.8  (boom)
    2025 w11 Josh Allen              pred   20.8  actual   42.7  err  -21.9  (boom)
    2022 w10 Justin Fields           pred   18.8  actual   39.4  err  -20.6  (boom)

  RB:
    2023 w4  De'Von Achane           pred   12.7  actual   54.0  err  -41.3  (boom)
    2022 w9  Joe Mixon               pred   15.8  actual   55.1  err  -39.3  (boom)
    2023 w13 De'Von Achane           pred   11.7  actual   50.6  err  -38.9  (boom)
    2023 w17 De'Von Achane           pred   11.9  actual   47.4  err  -35.5  (boom)
    2025 w12 Jahmyr Gibbs            pred   22.1  actual   55.4  err  -33.3  (boom)
    2024 w14 Zach Charbonnet         pred    7.2  actual   38.3  err  -31.1  (boom)
    2025 w17 Derrick Henry           pred   14.7  actual   45.6  err  -30.9  (boom)
    2022 w12 Josh Jacobs             pred   19.8  actual   48.3  err  -28.5  (boom)

  WR:
    2023 w9  Tank Dell               pred   12.2  actual   59.2  err  -47.1  (boom)
    2023 w11 Tank Dell               pred   12.3  actual   57.8  err  -45.5  (boom)
    2023 w3  Tank Dell               pred   10.6  actual   51.0  err  -40.5  (boom)
    2023 w16 Amari Cooper            pred   14.7  actual   51.5  err  -36.8  (boom)
    2023 w5  Ja'Marr Chase           pred   15.5  actual   52.2  err  -36.7  (boom)
    2022 w17 Mike Evans              pred   13.0  actual   48.7  err  -35.7  (boom)
    2024 w10 Ja'Marr Chase           pred   20.6  actual   55.4  err  -34.9  (boom)
    2023 w5  DJ Moore                pred   14.8  actual   49.0  err  -34.2  (boom)

  TE:
    2025 w15 Kyle Pitts              pred    9.0  actual   45.6  err  -36.6  (boom)
    2025 w9  Brock Bowers            pred   10.8  actual   43.3  err  -32.4  (boom)
    2022 w4  T.J. Hockenson          pred    7.5  actual   39.9  err  -32.4  (boom)
    2022 w14 Evan Engram             pred    6.9  actual   39.2  err  -32.3  (boom)
    2022 w16 T.J. Hockenson          pred   12.0  actual   35.9  err  -23.9  (boom)
    2022 w16 Tyler Higbee            pred    8.6  actual   30.4  err  -21.8  (boom)
    2023 w14 Evan Engram             pred   10.8  actual   32.5  err  -21.7  (boom)
    2025 w15 Trey McBride            pred   16.4  actual   37.4  err  -21.0  (boom)
