2026-10-06 03:04:59.178 WARNING streamlit.runtime.caching.cache_data_api: No runtime found, using MemoryCacheStorageManager
2026-10-06 03:04:59.179 WARNING streamlit.runtime.caching.cache_data_api: No runtime found, using MemoryCacheStorageManager
2026-10-06 03:04:59.180 WARNING streamlit.runtime.caching.cache_data_api: No runtime found, using MemoryCacheStorageManager
2026-10-06 03:04:59.180 WARNING streamlit.runtime.caching.cache_data_api: No runtime found, using MemoryCacheStorageManager
2026-10-06 03:04:59.183 WARNING streamlit.runtime.caching.cache_data_api: No runtime found, using MemoryCacheStorageManager
2026-10-06 03:04:59.183 WARNING streamlit.runtime.caching.cache_data_api: No runtime found, using MemoryCacheStorageManager
2026-10-06 03:04:59.184 WARNING streamlit.runtime.caching.cache_data_api: No runtime found, using MemoryCacheStorageManager
2026-10-06 03:04:59.184 WARNING streamlit.runtime.caching.cache_data_api: No runtime found, using MemoryCacheStorageManager
2026-10-06 03:04:59.185 WARNING streamlit.runtime.caching.cache_data_api: No runtime found, using MemoryCacheStorageManager
2026-10-06 03:04:59.185 WARNING streamlit.runtime.caching.cache_data_api: No runtime found, using MemoryCacheStorageManager
2026-10-06 03:04:59.186 WARNING streamlit.runtime.caching.cache_data_api: No runtime found, using MemoryCacheStorageManager
2026-10-06 03:04:59.186 WARNING streamlit.runtime.caching.cache_data_api: No runtime found, using MemoryCacheStorageManager
2026-10-06 03:04:59.186 WARNING streamlit.runtime.caching.cache_data_api: No runtime found, using MemoryCacheStorageManager
2026-10-06 03:04:59.186 WARNING streamlit.runtime.caching.cache_data_api: No runtime found, using MemoryCacheStorageManager
2026-10-06 03:04:59.187 WARNING streamlit.runtime.caching.cache_data_api: No runtime found, using MemoryCacheStorageManager
2026-10-06 03:04:59.187 WARNING streamlit.runtime.caching.cache_data_api: No runtime found, using MemoryCacheStorageManager
2026-10-06 03:04:59.187 WARNING streamlit.runtime.caching.cache_data_api: No runtime found, using MemoryCacheStorageManager
2026-10-06 03:04:59.187 WARNING streamlit.runtime.caching.cache_data_api: No runtime found, using MemoryCacheStorageManager
2026-10-06 03:04:59.188 WARNING streamlit.runtime.caching.cache_data_api: No runtime found, using MemoryCacheStorageManager
2026-10-06 03:04:59.188 WARNING streamlit.runtime.caching.cache_data_api: No runtime found, using MemoryCacheStorageManager
2026-10-06 03:04:59.189 WARNING streamlit.runtime.caching.cache_data_api: No runtime found, using MemoryCacheStorageManager
2026-10-06 03:04:59.189 WARNING streamlit.runtime.caching.cache_data_api: No runtime found, using MemoryCacheStorageManager
2026-10-06 03:04:59.189 WARNING streamlit.runtime.caching.cache_data_api: No runtime found, using MemoryCacheStorageManager
2026-10-06 03:04:59.189 WARNING streamlit.runtime.caching.cache_data_api: No runtime found, using MemoryCacheStorageManager
2026-10-06 03:04:59.190 WARNING streamlit.runtime.caching.cache_data_api: No runtime found, using MemoryCacheStorageManager
2026-10-06 03:04:59.190 WARNING streamlit.runtime.caching.cache_data_api: No runtime found, using MemoryCacheStorageManager
2026-10-06 03:04:59.191 WARNING streamlit.runtime.caching.cache_data_api: No runtime found, using MemoryCacheStorageManager
2026-10-06 03:04:59.191 WARNING streamlit.runtime.caching.cache_data_api: No runtime found, using MemoryCacheStorageManager
2026-10-06 03:04:59.191 WARNING streamlit.runtime.caching.cache_data_api: No runtime found, using MemoryCacheStorageManager
2026-10-06 03:04:59.192 WARNING streamlit.runtime.caching.cache_data_api: No runtime found, using MemoryCacheStorageManager
2026-10-06 03:04:59.193 WARNING streamlit.runtime.caching.cache_data_api: No runtime found, using MemoryCacheStorageManager
2026-10-06 03:04:59.193 WARNING streamlit.runtime.caching.cache_data_api: No runtime found, using MemoryCacheStorageManager
2026-10-06 03:04:59.195 WARNING streamlit.runtime.caching.cache_data_api: No runtime found, using MemoryCacheStorageManager
2026-10-06 03:04:59.216 WARNING streamlit.runtime.caching.cache_data_api: No runtime found, using MemoryCacheStorageManager
2026-10-06 03:04:59.216 WARNING streamlit.runtime.caching.cache_data_api: No runtime found, using MemoryCacheStorageManager
2026-10-06 03:04:59.217 WARNING streamlit.runtime.caching.cache_data_api: No runtime found, using MemoryCacheStorageManager
2026-10-06 03:04:59.217 WARNING streamlit.runtime.caching.cache_data_api: No runtime found, using MemoryCacheStorageManager
2026-10-06 03:04:59.218 WARNING streamlit.runtime.caching.cache_data_api: No runtime found, using MemoryCacheStorageManager
2026-10-06 03:04:59.218 WARNING streamlit.runtime.caching.cache_data_api: No runtime found, using MemoryCacheStorageManager
2026-10-06 03:04:59.219 WARNING streamlit.runtime.caching.cache_data_api: No runtime found, using MemoryCacheStorageManager
2026-10-06 03:04:59.219 WARNING streamlit.runtime.caching.cache_data_api: No runtime found, using MemoryCacheStorageManager
2026-10-06 03:04:59.220 WARNING streamlit.runtime.caching.cache_data_api: No runtime found, using MemoryCacheStorageManager
2026-10-06 03:04:59.234 WARNING streamlit.runtime.caching.cache_data_api: No runtime found, using MemoryCacheStorageManager
2026-10-06 03:04:59.236 WARNING streamlit.runtime.caching.cache_data_api: No runtime found, using MemoryCacheStorageManager
2026-10-06 03:04:59.266 WARNING streamlit.runtime.caching.cache_data_api: No runtime found, using MemoryCacheStorageManager
2026-10-06 03:04:59.267 WARNING streamlit.runtime.scriptrunner_utils.script_run_context: Thread 'MainThread': missing ScriptRunContext! This warning can be ignored when running in bare mode.
2026-10-06 03:04:59.267 WARNING streamlit.runtime.caching.cache_data_api: No runtime found, using MemoryCacheStorageManager
2026-10-06 03:04:59.736 WARNING streamlit.runtime.caching.cache_data_api: No runtime found, using MemoryCacheStorageManager
2026-10-06 03:05:00.268 WARNING streamlit.runtime.caching.cache_data_api: No runtime found, using MemoryCacheStorageManager
2026-10-06 03:05:00.269 WARNING streamlit.runtime.scriptrunner_utils.script_run_context: Thread 'MainThread': missing ScriptRunContext! This warning can be ignored when running in bare mode.
2026-10-06 03:05:00.602 WARNING streamlit.runtime.caching.cache_data_api: No runtime found, using MemoryCacheStorageManager
2026-10-06 03:05:00.617 WARNING streamlit.runtime.caching.cache_data_api: No runtime found, using MemoryCacheStorageManager
2026-10-06 03:05:03.344 WARNING streamlit.runtime.caching.cache_data_api: No runtime found, using MemoryCacheStorageManager
2026-10-06 03:05:03.351 WARNING streamlit.runtime.caching.cache_data_api: No runtime found, using MemoryCacheStorageManager
2026-10-06 03:05:22.258 WARNING streamlit.runtime.caching.cache_data_api: No runtime found, using MemoryCacheStorageManager
2026-10-06 03:05:22.258 WARNING streamlit.runtime.caching.cache_data_api: No runtime found, using MemoryCacheStorageManager
2026-10-06 03:05:24.756 WARNING streamlit.runtime.caching.cache_data_api: No runtime found, using MemoryCacheStorageManager
2026-10-06 03:26:26.332 WARNING streamlit.runtime.scriptrunner_utils.script_run_context: Thread 'MainThread': missing ScriptRunContext! This warning can be ignored when running in bare mode.
2026-10-06 03:26:27.301 WARNING streamlit.runtime.scriptrunner_utils.script_run_context: Thread 'MainThread': missing ScriptRunContext! This warning can be ignored when running in bare mode.
2026-10-06 03:47:31.922 WARNING streamlit.runtime.scriptrunner_utils.script_run_context: Thread 'MainThread': missing ScriptRunContext! This warning can be ignored when running in bare mode.
2026-10-06 03:47:32.987 WARNING streamlit.runtime.scriptrunner_utils.script_run_context: Thread 'MainThread': missing ScriptRunContext! This warning can be ignored when running in bare mode.
2026-10-06 04:24:22.374 WARNING streamlit.runtime.scriptrunner_utils.script_run_context: Thread 'MainThread': missing ScriptRunContext! This warning can be ignored when running in bare mode.
2026-10-06 04:24:23.464 WARNING streamlit.runtime.scriptrunner_utils.script_run_context: Thread 'MainThread': missing ScriptRunContext! This warning can be ignored when running in bare mode.
years=[2022, 2023, 2024, 2025] weeks=3-17 scoring=Full PPR harness=v2
ablating: []
adding as candidate: ['v2_own_tempo_regression']
add-features (forced on in both arms): ['v2_historical_injury_replay', 'v2_historical_reserve_replay']
DEFAULT_FEATURES size: 47

==============================================================================
v2_own_tempo_regression  [add mode, harness v2]
==============================================================================
  ALL        n=18577  RMSE 6.190->6.191 (Δ+0.001 CI[-0.001,+0.004])  pairwiseAcc 0.755->0.755 (Δ+0.000 CI[-0.000,+0.000])  bias -0.179->-0.183  MAE(secondary) 4.415->4.414  weeks-var-better(RMSE) 17-19
  QB         n=1870   RMSE 7.830->7.834 (Δ+0.005 CI[-0.006,+0.014])  pairwiseAcc 0.654->0.653 (Δ-0.000 CI[-0.002,+0.001])  bias -0.689->-0.697  MAE(secondary) 6.202->6.203  weeks-var-better(RMSE) 12-24
  RB         n=4910   RMSE 6.236->6.237 (Δ+0.001 CI[-0.001,+0.003])  pairwiseAcc 0.769->0.769 (Δ+0.000 CI[-0.000,+0.000])  bias -0.179->-0.181  MAE(secondary) 4.401->4.400  weeks-var-better(RMSE) 19-17
  WR         n=7844   RMSE 6.175->6.174 (Δ-0.000 CI[-0.005,+0.004])  pairwiseAcc 0.746->0.746 (Δ-0.000 CI[-0.000,+0.000])  bias +0.044->+0.039  MAE(secondary) 4.462->4.461  weeks-var-better(RMSE) 18-18
  TE         n=3953   RMSE 4.974->4.976 (Δ+0.002 CI[-0.002,+0.005])  pairwiseAcc 0.723->0.723 (Δ+0.000 CI[-0.000,+0.001])  bias -0.381->-0.385  MAE(secondary) 3.492->3.492  weeks-var-better(RMSE) 16-20
  START-QB   n=1385   RMSE 7.496->7.500 (Δ+0.004 CI[-0.010,+0.017])  pairwiseAcc 0.608->0.608 (Δ-0.001 CI[-0.003,+0.002])  bias +0.031->+0.016  MAE(secondary) 6.026->6.027  weeks-var-better(RMSE) 13-23
  START-RB   n=2330   RMSE 7.667->7.668 (Δ+0.001 CI[-0.003,+0.005])  pairwiseAcc 0.652->0.652 (Δ+0.000 CI[-0.001,+0.001])  bias -0.173->-0.177  MAE(secondary) 6.020->6.018  weeks-var-better(RMSE) 21-15
  START-WR   n=3212   RMSE 7.900->7.899 (Δ-0.001 CI[-0.009,+0.007])  pairwiseAcc 0.616->0.616 (Δ+0.000 CI[-0.001,+0.001])  bias +0.106->+0.094  MAE(secondary) 6.219->6.216  weeks-var-better(RMSE) 17-19
  START-TE   n=1169   RMSE 6.645->6.650 (Δ+0.005 CI[-0.004,+0.015])  pairwiseAcc 0.596->0.595 (Δ-0.001 CI[-0.004,+0.003])  bias -0.488->-0.511  MAE(secondary) 5.214->5.216  weeks-var-better(RMSE) 17-18
  START-ALL  n=8096   RMSE 7.657->7.658 (Δ+0.002 CI[-0.003,+0.006])  pairwiseAcc 0.646->0.646 (Δ+0.000 CI[-0.000,+0.000])  bias -0.073->-0.085  MAE(secondary) 5.984->5.982  weeks-var-better(RMSE) 16-20
  VERDICT (add): INCONCLUSIVE   [bias growth +0.012, Holm-adjusted per-position p [np.float64(0.265), np.float64(1.0), np.float64(1.0), np.float64(1.0)]]
  RECOMMENDATION: no significant effect from adding 'v2_own_tempo_regression' - stays unshipped, no evidence to promote it.

======================================================================
TOP 25 LARGEST MISSES - shipped model (DEFAULT_FEATURES), startable cut, 8050 player-weeks scored
======================================================================
 year  wk  pos  player                     pred  actual   error  note
 2023   9   WR  Tank Dell                  12.3    59.2   -46.9  UNDERPROJECTED (boom)
 2023  11   WR  Tank Dell                  11.0    57.8   -46.8  UNDERPROJECTED (boom)
 2023   4   RB  De'Von Achane               8.0    54.0   -46.0  UNDERPROJECTED (boom)
 2023  13   RB  De'Von Achane               8.6    50.6   -42.0  UNDERPROJECTED (boom)
 2023   3   WR  Tank Dell                   9.2    51.0   -41.8  UNDERPROJECTED (boom)
 2022   9   RB  Joe Mixon                  16.4    55.1   -38.6  UNDERPROJECTED (boom)
 2023  17   RB  De'Von Achane              10.0    47.4   -37.4  UNDERPROJECTED (boom)
 2025  15   TE  Kyle Pitts                  8.7    45.6   -36.9  UNDERPROJECTED (boom)
 2023   5   WR  Ja'Marr Chase              15.9    52.2   -36.3  UNDERPROJECTED (boom)
 2023  16   WR  Amari Cooper               15.4    51.5   -36.1  UNDERPROJECTED (boom)
 2022  17   WR  Mike Evans                 13.2    48.7   -35.5  UNDERPROJECTED (boom)
 2024  10   WR  Ja'Marr Chase              21.1    55.4   -34.3  UNDERPROJECTED (boom)
 2023   5   WR  DJ Moore                   14.8    49.0   -34.2  UNDERPROJECTED (boom)
 2025  12   RB  Jahmyr Gibbs               22.9    55.4   -32.5  UNDERPROJECTED (boom)
 2022  14   TE  Evan Engram                 6.8    39.2   -32.4  UNDERPROJECTED (boom)
 2022   4   TE  T.J. Hockenson              7.5    39.9   -32.4  UNDERPROJECTED (boom)
 2025   9   TE  Brock Bowers               11.0    43.3   -32.3  UNDERPROJECTED (boom)
 2024   3   WR  Jauan Jennings             14.4    46.5   -32.1  UNDERPROJECTED (boom)
 2024  14   RB  Zach Charbonnet             6.4    38.3   -31.9  UNDERPROJECTED (boom)
 2025  17   RB  Derrick Henry              14.5    45.6   -31.1  UNDERPROJECTED (boom)
 2023   5   RB  De'Von Achane              13.5    43.0   -29.5  UNDERPROJECTED (boom)
 2025  10   RB  Jonathan Taylor            20.2    49.6   -29.4  UNDERPROJECTED (boom)
 2025  16   WR  Puka Nacua                 17.2    46.5   -29.3  UNDERPROJECTED (boom)
 2022   8   RB  Alvin Kamara               14.2    42.8   -28.6  UNDERPROJECTED (boom)
 2025  15   QB  Trevor Lawrence            16.3    44.3   -28.0  UNDERPROJECTED (boom)

-- top 8 per position --

  QB:
    2025 w15 Trevor Lawrence         pred   16.3  actual   44.3  err  -28.0  (boom)
    2022 w9  Justin Fields           pred   15.6  actual   42.7  err  -27.1  (boom)
    2023 w9  C.J. Stroud             pred   15.3  actual   41.8  err  -26.5  (boom)
    2024 w15 Jared Goff              pred   17.3  actual   41.1  err  -23.8  (boom)
    2025 w7  Bo Nix                  pred   16.7  actual   40.0  err  -23.3  (boom)
    2025 w9  Caleb Williams          pred   16.1  actual   38.7  err  -22.6  (boom)
    2025 w11 Josh Allen              pred   20.8  actual   42.7  err  -21.9  (boom)
    2022 w17 Tom Brady               pred   17.2  actual   37.7  err  -20.5  (boom)

  RB:
    2023 w4  De'Von Achane           pred    8.0  actual   54.0  err  -46.0  (boom)
    2023 w13 De'Von Achane           pred    8.6  actual   50.6  err  -42.0  (boom)
    2022 w9  Joe Mixon               pred   16.4  actual   55.1  err  -38.6  (boom)
    2023 w17 De'Von Achane           pred   10.0  actual   47.4  err  -37.4  (boom)
    2025 w12 Jahmyr Gibbs            pred   22.9  actual   55.4  err  -32.5  (boom)
    2024 w14 Zach Charbonnet         pred    6.4  actual   38.3  err  -31.9  (boom)
    2025 w17 Derrick Henry           pred   14.5  actual   45.6  err  -31.1  (boom)
    2023 w5  De'Von Achane           pred   13.5  actual   43.0  err  -29.5  (boom)

  WR:
    2023 w9  Tank Dell               pred   12.3  actual   59.2  err  -46.9  (boom)
    2023 w11 Tank Dell               pred   11.0  actual   57.8  err  -46.8  (boom)
    2023 w3  Tank Dell               pred    9.2  actual   51.0  err  -41.8  (boom)
    2023 w5  Ja'Marr Chase           pred   15.9  actual   52.2  err  -36.3  (boom)
    2023 w16 Amari Cooper            pred   15.4  actual   51.5  err  -36.1  (boom)
    2022 w17 Mike Evans              pred   13.2  actual   48.7  err  -35.5  (boom)
    2024 w10 Ja'Marr Chase           pred   21.1  actual   55.4  err  -34.3  (boom)
    2023 w5  DJ Moore                pred   14.8  actual   49.0  err  -34.2  (boom)

  TE:
    2025 w15 Kyle Pitts              pred    8.7  actual   45.6  err  -36.9  (boom)
    2022 w14 Evan Engram             pred    6.8  actual   39.2  err  -32.4  (boom)
    2022 w4  T.J. Hockenson          pred    7.5  actual   39.9  err  -32.4  (boom)
    2025 w9  Brock Bowers            pred   11.0  actual   43.3  err  -32.3  (boom)
    2022 w16 T.J. Hockenson          pred   12.1  actual   35.9  err  -23.8  (boom)
    2023 w14 Evan Engram             pred   10.1  actual   32.5  err  -22.4  (boom)
    2025 w15 Trey McBride            pred   15.7  actual   37.4  err  -21.7  (boom)
    2022 w16 Tyler Higbee            pred    8.8  actual   30.4  err  -21.6  (boom)
