2026-10-05 18:33:34.935 WARNING streamlit.runtime.caching.cache_data_api: No runtime found, using MemoryCacheStorageManager
2026-10-05 18:33:34.936 WARNING streamlit.runtime.caching.cache_data_api: No runtime found, using MemoryCacheStorageManager
2026-10-05 18:33:34.936 WARNING streamlit.runtime.caching.cache_data_api: No runtime found, using MemoryCacheStorageManager
2026-10-05 18:33:34.937 WARNING streamlit.runtime.caching.cache_data_api: No runtime found, using MemoryCacheStorageManager
2026-10-05 18:33:34.939 WARNING streamlit.runtime.caching.cache_data_api: No runtime found, using MemoryCacheStorageManager
2026-10-05 18:33:34.940 WARNING streamlit.runtime.caching.cache_data_api: No runtime found, using MemoryCacheStorageManager
2026-10-05 18:33:34.940 WARNING streamlit.runtime.caching.cache_data_api: No runtime found, using MemoryCacheStorageManager
2026-10-05 18:33:34.940 WARNING streamlit.runtime.caching.cache_data_api: No runtime found, using MemoryCacheStorageManager
2026-10-05 18:33:34.941 WARNING streamlit.runtime.caching.cache_data_api: No runtime found, using MemoryCacheStorageManager
2026-10-05 18:33:34.941 WARNING streamlit.runtime.caching.cache_data_api: No runtime found, using MemoryCacheStorageManager
2026-10-05 18:33:34.942 WARNING streamlit.runtime.caching.cache_data_api: No runtime found, using MemoryCacheStorageManager
2026-10-05 18:33:34.942 WARNING streamlit.runtime.caching.cache_data_api: No runtime found, using MemoryCacheStorageManager
2026-10-05 18:33:34.942 WARNING streamlit.runtime.caching.cache_data_api: No runtime found, using MemoryCacheStorageManager
2026-10-05 18:33:34.943 WARNING streamlit.runtime.caching.cache_data_api: No runtime found, using MemoryCacheStorageManager
2026-10-05 18:33:34.943 WARNING streamlit.runtime.caching.cache_data_api: No runtime found, using MemoryCacheStorageManager
2026-10-05 18:33:34.943 WARNING streamlit.runtime.caching.cache_data_api: No runtime found, using MemoryCacheStorageManager
2026-10-05 18:33:34.943 WARNING streamlit.runtime.caching.cache_data_api: No runtime found, using MemoryCacheStorageManager
2026-10-05 18:33:34.944 WARNING streamlit.runtime.caching.cache_data_api: No runtime found, using MemoryCacheStorageManager
2026-10-05 18:33:34.944 WARNING streamlit.runtime.caching.cache_data_api: No runtime found, using MemoryCacheStorageManager
2026-10-05 18:33:34.945 WARNING streamlit.runtime.caching.cache_data_api: No runtime found, using MemoryCacheStorageManager
2026-10-05 18:33:34.945 WARNING streamlit.runtime.caching.cache_data_api: No runtime found, using MemoryCacheStorageManager
2026-10-05 18:33:34.945 WARNING streamlit.runtime.caching.cache_data_api: No runtime found, using MemoryCacheStorageManager
2026-10-05 18:33:34.945 WARNING streamlit.runtime.caching.cache_data_api: No runtime found, using MemoryCacheStorageManager
2026-10-05 18:33:34.946 WARNING streamlit.runtime.caching.cache_data_api: No runtime found, using MemoryCacheStorageManager
2026-10-05 18:33:34.947 WARNING streamlit.runtime.caching.cache_data_api: No runtime found, using MemoryCacheStorageManager
2026-10-05 18:33:34.947 WARNING streamlit.runtime.caching.cache_data_api: No runtime found, using MemoryCacheStorageManager
2026-10-05 18:33:34.947 WARNING streamlit.runtime.caching.cache_data_api: No runtime found, using MemoryCacheStorageManager
2026-10-05 18:33:34.948 WARNING streamlit.runtime.caching.cache_data_api: No runtime found, using MemoryCacheStorageManager
2026-10-05 18:33:34.948 WARNING streamlit.runtime.caching.cache_data_api: No runtime found, using MemoryCacheStorageManager
2026-10-05 18:33:34.949 WARNING streamlit.runtime.caching.cache_data_api: No runtime found, using MemoryCacheStorageManager
2026-10-05 18:33:34.949 WARNING streamlit.runtime.caching.cache_data_api: No runtime found, using MemoryCacheStorageManager
2026-10-05 18:33:34.950 WARNING streamlit.runtime.caching.cache_data_api: No runtime found, using MemoryCacheStorageManager
2026-10-05 18:33:34.952 WARNING streamlit.runtime.caching.cache_data_api: No runtime found, using MemoryCacheStorageManager
2026-10-05 18:33:34.968 WARNING streamlit.runtime.caching.cache_data_api: No runtime found, using MemoryCacheStorageManager
2026-10-05 18:33:34.969 WARNING streamlit.runtime.caching.cache_data_api: No runtime found, using MemoryCacheStorageManager
2026-10-05 18:33:34.969 WARNING streamlit.runtime.caching.cache_data_api: No runtime found, using MemoryCacheStorageManager
2026-10-05 18:33:34.969 WARNING streamlit.runtime.caching.cache_data_api: No runtime found, using MemoryCacheStorageManager
2026-10-05 18:33:34.970 WARNING streamlit.runtime.caching.cache_data_api: No runtime found, using MemoryCacheStorageManager
2026-10-05 18:33:34.971 WARNING streamlit.runtime.caching.cache_data_api: No runtime found, using MemoryCacheStorageManager
2026-10-05 18:33:34.971 WARNING streamlit.runtime.caching.cache_data_api: No runtime found, using MemoryCacheStorageManager
2026-10-05 18:33:34.972 WARNING streamlit.runtime.caching.cache_data_api: No runtime found, using MemoryCacheStorageManager
2026-10-05 18:33:34.972 WARNING streamlit.runtime.caching.cache_data_api: No runtime found, using MemoryCacheStorageManager
2026-10-05 18:33:34.976 WARNING streamlit.runtime.caching.cache_data_api: No runtime found, using MemoryCacheStorageManager
2026-10-05 18:33:34.979 WARNING streamlit.runtime.caching.cache_data_api: No runtime found, using MemoryCacheStorageManager
2026-10-05 18:33:35.010 WARNING streamlit.runtime.caching.cache_data_api: No runtime found, using MemoryCacheStorageManager
2026-10-05 18:33:35.010 WARNING streamlit.runtime.scriptrunner_utils.script_run_context: Thread 'MainThread': missing ScriptRunContext! This warning can be ignored when running in bare mode.
2026-10-05 18:33:35.010 WARNING streamlit.runtime.caching.cache_data_api: No runtime found, using MemoryCacheStorageManager
2026-10-05 18:33:35.537 WARNING streamlit.runtime.caching.cache_data_api: No runtime found, using MemoryCacheStorageManager
2026-10-05 18:33:36.130 WARNING streamlit.runtime.caching.cache_data_api: No runtime found, using MemoryCacheStorageManager
2026-10-05 18:33:36.130 WARNING streamlit.runtime.scriptrunner_utils.script_run_context: Thread 'MainThread': missing ScriptRunContext! This warning can be ignored when running in bare mode.
2026-10-05 18:33:36.595 WARNING streamlit.runtime.caching.cache_data_api: No runtime found, using MemoryCacheStorageManager
2026-10-05 18:33:36.613 WARNING streamlit.runtime.caching.cache_data_api: No runtime found, using MemoryCacheStorageManager
2026-10-05 18:33:40.035 WARNING streamlit.runtime.caching.cache_data_api: No runtime found, using MemoryCacheStorageManager
2026-10-05 18:33:40.044 WARNING streamlit.runtime.caching.cache_data_api: No runtime found, using MemoryCacheStorageManager
2026-10-05 18:34:06.765 WARNING streamlit.runtime.caching.cache_data_api: No runtime found, using MemoryCacheStorageManager
2026-10-05 18:34:06.766 WARNING streamlit.runtime.caching.cache_data_api: No runtime found, using MemoryCacheStorageManager
2026-10-05 18:34:09.833 WARNING streamlit.runtime.caching.cache_data_api: No runtime found, using MemoryCacheStorageManager
2026-10-05 19:03:21.542 WARNING streamlit.runtime.scriptrunner_utils.script_run_context: Thread 'MainThread': missing ScriptRunContext! This warning can be ignored when running in bare mode.
2026-10-05 19:03:22.570 WARNING streamlit.runtime.scriptrunner_utils.script_run_context: Thread 'MainThread': missing ScriptRunContext! This warning can be ignored when running in bare mode.
2026-10-05 19:25:36.675 WARNING streamlit.runtime.scriptrunner_utils.script_run_context: Thread 'MainThread': missing ScriptRunContext! This warning can be ignored when running in bare mode.
2026-10-05 19:25:37.764 WARNING streamlit.runtime.scriptrunner_utils.script_run_context: Thread 'MainThread': missing ScriptRunContext! This warning can be ignored when running in bare mode.
2026-10-05 20:03:19.220 WARNING streamlit.runtime.scriptrunner_utils.script_run_context: Thread 'MainThread': missing ScriptRunContext! This warning can be ignored when running in bare mode.
2026-10-05 20:03:22.200 WARNING streamlit.runtime.scriptrunner_utils.script_run_context: Thread 'MainThread': missing ScriptRunContext! This warning can be ignored when running in bare mode.
years=[2022, 2023, 2024, 2025] weeks=3-17 scoring=Full PPR harness=v2
ablating: []
adding as candidate: ['v2_qb1_returning_starter']
add-features (forced on in both arms): ['v2_historical_injury_replay', 'v2_historical_reserve_replay']
DEFAULT_FEATURES size: 45

==============================================================================
v2_qb1_returning_starter  [add mode, harness v2]
==============================================================================
  ALL        n=18577  RMSE 6.223->6.216 (Δ-0.007 CI[-0.017,+0.005])  pairwiseAcc 0.754->0.754 (Δ+0.000 CI[-0.000,+0.001])  bias -0.353->-0.342  MAE(secondary) 4.411->4.408  weeks-var-better(RMSE) 16-8
  QB         n=1870   RMSE 7.890->7.845 (Δ-0.046 CI[-0.120,+0.036])  pairwiseAcc 0.653->0.653 (Δ+0.000 CI[-0.003,+0.003])  bias -0.903->-0.805  MAE(secondary) 6.243->6.220  weeks-var-better(RMSE) 15-8
  RB         n=4910   RMSE 6.263->6.261 (Δ-0.002 CI[-0.005,+0.000])  pairwiseAcc 0.768->0.768 (Δ+0.000 CI[-0.000,+0.000])  bias -0.278->-0.278  MAE(secondary) 4.399->4.399  weeks-var-better(RMSE) 15-9
  WR         n=7844   RMSE 6.199->6.199 (Δ-0.000 CI[-0.004,+0.003])  pairwiseAcc 0.745->0.745 (Δ+0.000 CI[-0.000,+0.000])  bias -0.177->-0.176  MAE(secondary) 4.441->4.442  weeks-var-better(RMSE) 12-12
  TE         n=3953   RMSE 5.018->5.017 (Δ-0.001 CI[-0.005,+0.003])  pairwiseAcc 0.722->0.722 (Δ-0.000 CI[-0.000,+0.000])  bias -0.534->-0.534  MAE(secondary) 3.498->3.497  weeks-var-better(RMSE) 11-12
  START-QB   n=1393   RMSE 7.575->7.500 (Δ-0.076 CI[-0.177,+0.030])  pairwiseAcc 0.609->0.609 (Δ-0.000 CI[-0.004,+0.003])  bias -0.263->-0.141  MAE(secondary) 6.065->6.031  weeks-var-better(RMSE) 15-7
  START-RB   n=2325   RMSE 7.702->7.698 (Δ-0.004 CI[-0.008,+0.000])  pairwiseAcc 0.648->0.648 (Δ-0.000 CI[-0.001,+0.001])  bias -0.320->-0.320  MAE(secondary) 6.016->6.015  weeks-var-better(RMSE) 15-9
  START-WR   n=3198   RMSE 7.925->7.925 (Δ+0.000 CI[-0.006,+0.007])  pairwiseAcc 0.612->0.612 (Δ-0.000 CI[-0.001,+0.001])  bias -0.265->-0.265  MAE(secondary) 6.178->6.178  weeks-var-better(RMSE) 11-13
  START-TE   n=1167   RMSE 6.699->6.697 (Δ-0.002 CI[-0.011,+0.007])  pairwiseAcc 0.603->0.603 (Δ+0.000 CI[-0.001,+0.002])  bias -0.691->-0.692  MAE(secondary) 5.222->5.217  weeks-var-better(RMSE) 9-8
  START-ALL  n=8083   RMSE 7.697->7.683 (Δ-0.014 CI[-0.033,+0.004])  pairwiseAcc 0.645->0.645 (Δ+0.001 CI[-0.001,+0.002])  bias -0.342->-0.321  MAE(secondary) 5.974->5.967  weeks-var-better(RMSE) 17-7
  VERDICT (add): INCONCLUSIVE   [bias growth -0.021, Holm-adjusted per-position p [np.float64(1.0), np.float64(1.0), np.float64(1.0), np.float64(1.0)]]
  RECOMMENDATION: no significant effect from adding 'v2_qb1_returning_starter' - stays unshipped, no evidence to promote it.

======================================================================
TOP 25 LARGEST MISSES - shipped model (DEFAULT_FEATURES), startable cut, 8041 player-weeks scored
======================================================================
 year  wk  pos  player                     pred  actual   error  note
 2023  11   WR  Tank Dell                  11.4    57.8   -46.4  UNDERPROJECTED (boom)
 2023   9   WR  Tank Dell                  12.8    59.2   -46.4  UNDERPROJECTED (boom)
 2023   4   RB  De'Von Achane               7.7    54.0   -46.3  UNDERPROJECTED (boom)
 2023  13   RB  De'Von Achane               7.9    50.6   -42.7  UNDERPROJECTED (boom)
 2023   3   WR  Tank Dell                   8.9    51.0   -42.1  UNDERPROJECTED (boom)
 2022   9   RB  Joe Mixon                  15.1    55.1   -40.0  UNDERPROJECTED (boom)
 2023  17   RB  De'Von Achane               9.4    47.4   -38.0  UNDERPROJECTED (boom)
 2025  15   TE  Kyle Pitts                  8.4    45.6   -37.2  UNDERPROJECTED (boom)
 2022  17   WR  Mike Evans                 12.1    48.7   -36.6  UNDERPROJECTED (boom)
 2023   5   WR  Ja'Marr Chase              16.2    52.2   -36.0  UNDERPROJECTED (boom)
 2023  16   WR  Amari Cooper               15.7    51.5   -35.8  UNDERPROJECTED (boom)
 2023   5   WR  DJ Moore                   13.3    49.0   -35.7  UNDERPROJECTED (boom)
 2022  14   TE  Evan Engram                 6.0    39.2   -33.2  UNDERPROJECTED (boom)
 2022   4   TE  T.J. Hockenson              6.7    39.9   -33.2  UNDERPROJECTED (boom)
 2024  10   WR  Ja'Marr Chase              22.4    55.4   -33.0  UNDERPROJECTED (boom)
 2024  14   RB  Zach Charbonnet             6.3    38.3   -32.0  UNDERPROJECTED (boom)
 2025  12   RB  Jahmyr Gibbs               23.5    55.4   -31.9  UNDERPROJECTED (boom)
 2024   3   WR  Jauan Jennings             14.8    46.5   -31.7  UNDERPROJECTED (boom)
 2025   9   TE  Brock Bowers               11.7    43.3   -31.6  UNDERPROJECTED (boom)
 2023   5   RB  De'Von Achane              12.5    43.0   -30.5  UNDERPROJECTED (boom)
 2025  17   RB  Derrick Henry              16.1    45.6   -29.5  UNDERPROJECTED (boom)
 2022  12   RB  Josh Jacobs                18.8    48.3   -29.5  UNDERPROJECTED (boom)
 2022   8   RB  Alvin Kamara               13.6    42.8   -29.2  UNDERPROJECTED (boom)
 2024  14   WR  Puka Nacua                 13.0    41.8   -28.8  UNDERPROJECTED (boom)
 2025  10   RB  Jonathan Taylor            20.9    49.6   -28.7  UNDERPROJECTED (boom)

-- top 8 per position --

  QB:
    2025 w15 Trevor Lawrence         pred   16.0  actual   44.3  err  -28.3  (boom)
    2022 w9  Justin Fields           pred   16.4  actual   42.7  err  -26.3  (boom)
    2023 w9  C.J. Stroud             pred   16.1  actual   41.8  err  -25.7  (boom)
    2024 w15 Jared Goff              pred   16.5  actual   41.1  err  -24.6  (boom)
    2025 w7  Bo Nix                  pred   16.0  actual   40.0  err  -23.9  (boom)
    2025 w11 Josh Allen              pred   19.4  actual   42.7  err  -23.3  (boom)
    2025 w9  Caleb Williams          pred   15.8  actual   38.7  err  -22.9  (boom)
    2022 w17 Tom Brady               pred   16.5  actual   37.7  err  -21.2  (boom)

  RB:
    2023 w4  De'Von Achane           pred    7.7  actual   54.0  err  -46.3  (boom)
    2023 w13 De'Von Achane           pred    7.9  actual   50.6  err  -42.7  (boom)
    2022 w9  Joe Mixon               pred   15.1  actual   55.1  err  -40.0  (boom)
    2023 w17 De'Von Achane           pred    9.4  actual   47.4  err  -38.0  (boom)
    2024 w14 Zach Charbonnet         pred    6.3  actual   38.3  err  -32.0  (boom)
    2025 w12 Jahmyr Gibbs            pred   23.5  actual   55.4  err  -31.9  (boom)
    2023 w5  De'Von Achane           pred   12.5  actual   43.0  err  -30.5  (boom)
    2025 w17 Derrick Henry           pred   16.1  actual   45.6  err  -29.5  (boom)

  WR:
    2023 w11 Tank Dell               pred   11.4  actual   57.8  err  -46.4  (boom)
    2023 w9  Tank Dell               pred   12.8  actual   59.2  err  -46.4  (boom)
    2023 w3  Tank Dell               pred    8.9  actual   51.0  err  -42.1  (boom)
    2022 w17 Mike Evans              pred   12.1  actual   48.7  err  -36.6  (boom)
    2023 w5  Ja'Marr Chase           pred   16.2  actual   52.2  err  -36.0  (boom)
    2023 w16 Amari Cooper            pred   15.7  actual   51.5  err  -35.8  (boom)
    2023 w5  DJ Moore                pred   13.3  actual   49.0  err  -35.7  (boom)
    2024 w10 Ja'Marr Chase           pred   22.4  actual   55.4  err  -33.0  (boom)

  TE:
    2025 w15 Kyle Pitts              pred    8.4  actual   45.6  err  -37.2  (boom)
    2022 w14 Evan Engram             pred    6.0  actual   39.2  err  -33.2  (boom)
    2022 w4  T.J. Hockenson          pred    6.7  actual   39.9  err  -33.2  (boom)
    2025 w9  Brock Bowers            pred   11.7  actual   43.3  err  -31.6  (boom)
    2025 w15 Trey McBride            pred   13.9  actual   37.4  err  -23.5  (boom)
    2022 w16 Tyler Higbee            pred    7.2  actual   30.4  err  -23.2  (boom)
    2022 w16 T.J. Hockenson          pred   12.9  actual   35.9  err  -23.0  (boom)
    2023 w14 Evan Engram             pred    9.9  actual   32.5  err  -22.6  (boom)
