2026-10-06 06:58:01.411 WARNING streamlit.runtime.caching.cache_data_api: No runtime found, using MemoryCacheStorageManager
2026-10-06 06:58:01.412 WARNING streamlit.runtime.caching.cache_data_api: No runtime found, using MemoryCacheStorageManager
2026-10-06 06:58:01.412 WARNING streamlit.runtime.caching.cache_data_api: No runtime found, using MemoryCacheStorageManager
2026-10-06 06:58:01.413 WARNING streamlit.runtime.caching.cache_data_api: No runtime found, using MemoryCacheStorageManager
2026-10-06 06:58:01.416 WARNING streamlit.runtime.caching.cache_data_api: No runtime found, using MemoryCacheStorageManager
2026-10-06 06:58:01.416 WARNING streamlit.runtime.caching.cache_data_api: No runtime found, using MemoryCacheStorageManager
2026-10-06 06:58:01.416 WARNING streamlit.runtime.caching.cache_data_api: No runtime found, using MemoryCacheStorageManager
2026-10-06 06:58:01.417 WARNING streamlit.runtime.caching.cache_data_api: No runtime found, using MemoryCacheStorageManager
2026-10-06 06:58:01.418 WARNING streamlit.runtime.caching.cache_data_api: No runtime found, using MemoryCacheStorageManager
2026-10-06 06:58:01.418 WARNING streamlit.runtime.caching.cache_data_api: No runtime found, using MemoryCacheStorageManager
2026-10-06 06:58:01.418 WARNING streamlit.runtime.caching.cache_data_api: No runtime found, using MemoryCacheStorageManager
2026-10-06 06:58:01.419 WARNING streamlit.runtime.caching.cache_data_api: No runtime found, using MemoryCacheStorageManager
2026-10-06 06:58:01.419 WARNING streamlit.runtime.caching.cache_data_api: No runtime found, using MemoryCacheStorageManager
2026-10-06 06:58:01.420 WARNING streamlit.runtime.caching.cache_data_api: No runtime found, using MemoryCacheStorageManager
2026-10-06 06:58:01.420 WARNING streamlit.runtime.caching.cache_data_api: No runtime found, using MemoryCacheStorageManager
2026-10-06 06:58:01.420 WARNING streamlit.runtime.caching.cache_data_api: No runtime found, using MemoryCacheStorageManager
2026-10-06 06:58:01.421 WARNING streamlit.runtime.caching.cache_data_api: No runtime found, using MemoryCacheStorageManager
2026-10-06 06:58:01.421 WARNING streamlit.runtime.caching.cache_data_api: No runtime found, using MemoryCacheStorageManager
2026-10-06 06:58:01.421 WARNING streamlit.runtime.caching.cache_data_api: No runtime found, using MemoryCacheStorageManager
2026-10-06 06:58:01.422 WARNING streamlit.runtime.caching.cache_data_api: No runtime found, using MemoryCacheStorageManager
2026-10-06 06:58:01.422 WARNING streamlit.runtime.caching.cache_data_api: No runtime found, using MemoryCacheStorageManager
2026-10-06 06:58:01.422 WARNING streamlit.runtime.caching.cache_data_api: No runtime found, using MemoryCacheStorageManager
2026-10-06 06:58:01.422 WARNING streamlit.runtime.caching.cache_data_api: No runtime found, using MemoryCacheStorageManager
2026-10-06 06:58:01.423 WARNING streamlit.runtime.caching.cache_data_api: No runtime found, using MemoryCacheStorageManager
2026-10-06 06:58:01.423 WARNING streamlit.runtime.caching.cache_data_api: No runtime found, using MemoryCacheStorageManager
2026-10-06 06:58:01.424 WARNING streamlit.runtime.caching.cache_data_api: No runtime found, using MemoryCacheStorageManager
2026-10-06 06:58:01.424 WARNING streamlit.runtime.caching.cache_data_api: No runtime found, using MemoryCacheStorageManager
2026-10-06 06:58:01.424 WARNING streamlit.runtime.caching.cache_data_api: No runtime found, using MemoryCacheStorageManager
2026-10-06 06:58:01.425 WARNING streamlit.runtime.caching.cache_data_api: No runtime found, using MemoryCacheStorageManager
2026-10-06 06:58:01.425 WARNING streamlit.runtime.caching.cache_data_api: No runtime found, using MemoryCacheStorageManager
2026-10-06 06:58:01.426 WARNING streamlit.runtime.caching.cache_data_api: No runtime found, using MemoryCacheStorageManager
2026-10-06 06:58:01.427 WARNING streamlit.runtime.caching.cache_data_api: No runtime found, using MemoryCacheStorageManager
2026-10-06 06:58:01.429 WARNING streamlit.runtime.caching.cache_data_api: No runtime found, using MemoryCacheStorageManager
2026-10-06 06:58:01.457 WARNING streamlit.runtime.caching.cache_data_api: No runtime found, using MemoryCacheStorageManager
2026-10-06 06:58:01.457 WARNING streamlit.runtime.caching.cache_data_api: No runtime found, using MemoryCacheStorageManager
2026-10-06 06:58:01.458 WARNING streamlit.runtime.caching.cache_data_api: No runtime found, using MemoryCacheStorageManager
2026-10-06 06:58:01.458 WARNING streamlit.runtime.caching.cache_data_api: No runtime found, using MemoryCacheStorageManager
2026-10-06 06:58:01.459 WARNING streamlit.runtime.caching.cache_data_api: No runtime found, using MemoryCacheStorageManager
2026-10-06 06:58:01.459 WARNING streamlit.runtime.caching.cache_data_api: No runtime found, using MemoryCacheStorageManager
2026-10-06 06:58:01.460 WARNING streamlit.runtime.caching.cache_data_api: No runtime found, using MemoryCacheStorageManager
2026-10-06 06:58:01.460 WARNING streamlit.runtime.caching.cache_data_api: No runtime found, using MemoryCacheStorageManager
2026-10-06 06:58:01.461 WARNING streamlit.runtime.caching.cache_data_api: No runtime found, using MemoryCacheStorageManager
2026-10-06 06:58:01.481 WARNING streamlit.runtime.caching.cache_data_api: No runtime found, using MemoryCacheStorageManager
2026-10-06 06:58:01.484 WARNING streamlit.runtime.caching.cache_data_api: No runtime found, using MemoryCacheStorageManager
2026-10-06 06:58:01.527 WARNING streamlit.runtime.caching.cache_data_api: No runtime found, using MemoryCacheStorageManager
2026-10-06 06:58:01.528 WARNING streamlit.runtime.scriptrunner_utils.script_run_context: Thread 'MainThread': missing ScriptRunContext! This warning can be ignored when running in bare mode.
2026-10-06 06:58:01.528 WARNING streamlit.runtime.caching.cache_data_api: No runtime found, using MemoryCacheStorageManager
2026-10-06 06:58:02.252 WARNING streamlit.runtime.caching.cache_data_api: No runtime found, using MemoryCacheStorageManager
2026-10-06 06:58:02.930 WARNING streamlit.runtime.caching.cache_data_api: No runtime found, using MemoryCacheStorageManager
2026-10-06 06:58:02.930 WARNING streamlit.runtime.scriptrunner_utils.script_run_context: Thread 'MainThread': missing ScriptRunContext! This warning can be ignored when running in bare mode.
2026-10-06 06:58:03.366 WARNING streamlit.runtime.caching.cache_data_api: No runtime found, using MemoryCacheStorageManager
2026-10-06 06:58:03.387 WARNING streamlit.runtime.caching.cache_data_api: No runtime found, using MemoryCacheStorageManager
2026-10-06 06:58:54.600 WARNING streamlit.runtime.caching.cache_data_api: No runtime found, using MemoryCacheStorageManager
2026-10-06 06:58:54.612 WARNING streamlit.runtime.caching.cache_data_api: No runtime found, using MemoryCacheStorageManager
2026-10-06 06:59:15.428 WARNING streamlit.runtime.caching.cache_data_api: No runtime found, using MemoryCacheStorageManager
2026-10-06 06:59:15.429 WARNING streamlit.runtime.caching.cache_data_api: No runtime found, using MemoryCacheStorageManager
2026-10-06 06:59:18.517 WARNING streamlit.runtime.caching.cache_data_api: No runtime found, using MemoryCacheStorageManager
years=[2025] weeks=9-17 scoring=Full PPR harness=v2
ablating: []
adding as candidate: ['v2_pace_alpha_cap']
add-features (forced on in both arms): ['v2_historical_injury_replay', 'v2_historical_reserve_replay']
DEFAULT_FEATURES size: 47

==============================================================================
v2_pace_alpha_cap  [add mode, harness v2]
==============================================================================
  ALL        n=2905   RMSE 6.031->6.030 (Δ-0.001 CI[-0.007,+0.005])  pairwiseAcc 0.763->0.763 (Δ+0.000 CI[-0.000,+0.000])  bias +0.053->+0.052  MAE(secondary) 4.295->4.294  weeks-var-better(RMSE) 4-5
  QB         n=295    RMSE 8.330->8.343 (Δ+0.013 CI[-0.009,+0.036])  pairwiseAcc 0.635->0.636 (Δ+0.001 CI[-0.001,+0.005])  bias -0.168->-0.165  MAE(secondary) 6.664->6.669  weeks-var-better(RMSE) 4-5
  RB         n=758    RMSE 6.084->6.078 (Δ-0.006 CI[-0.017,+0.005])  pairwiseAcc 0.791->0.791 (Δ+0.000 CI[-0.001,+0.001])  bias -0.104->-0.103  MAE(secondary) 4.228->4.226  weeks-var-better(RMSE) 8-1
  WR         n=1218   RMSE 5.766->5.764 (Δ-0.003 CI[-0.011,+0.006])  pairwiseAcc 0.748->0.748 (Δ+0.000 CI[-0.000,+0.000])  bias +0.360->+0.357  MAE(secondary) 4.246->4.245  weeks-var-better(RMSE) 5-4
  TE         n=634    RMSE 4.926->4.928 (Δ+0.002 CI[-0.008,+0.013])  pairwiseAcc 0.742->0.742 (Δ+0.000 CI[-0.001,+0.001])  bias -0.247->-0.249  MAE(secondary) 3.365->3.364  weeks-var-better(RMSE) 4-5
  START-QB   n=211    RMSE 8.341->8.353 (Δ+0.013 CI[-0.020,+0.047])  pairwiseAcc 0.550->0.553 (Δ+0.003 CI[-0.002,+0.009])  bias +0.499->+0.500  MAE(secondary) 6.754->6.758  weeks-var-better(RMSE) 4-5
  START-RB   n=356    RMSE 7.681->7.672 (Δ-0.009 CI[-0.029,+0.011])  pairwiseAcc 0.667->0.670 (Δ+0.002 CI[-0.001,+0.006])  bias -0.196->-0.197  MAE(secondary) 5.862->5.855  weeks-var-better(RMSE) 4-5
  START-WR   n=480    RMSE 7.461->7.455 (Δ-0.006 CI[-0.024,+0.012])  pairwiseAcc 0.633->0.634 (Δ+0.001 CI[-0.001,+0.003])  bias +0.530->+0.520  MAE(secondary) 5.948->5.942  weeks-var-better(RMSE) 4-5
  START-TE   n=177    RMSE 6.797->6.806 (Δ+0.010 CI[-0.013,+0.032])  pairwiseAcc 0.577->0.580 (Δ+0.004 CI[-0.005,+0.012])  bias -0.647->-0.656  MAE(secondary) 5.132->5.133  weeks-var-better(RMSE) 3-6
  START-ALL  n=1224   RMSE 7.667->7.666 (Δ-0.001 CI[-0.014,+0.010])  pairwiseAcc 0.650->0.650 (Δ-0.000 CI[-0.001,+0.001])  bias +0.143->+0.138  MAE(secondary) 5.944->5.940  weeks-var-better(RMSE) 4-5
  VERDICT (add): INCONCLUSIVE   [bias growth -0.005, Holm-adjusted per-position p [np.float64(1.0), np.float64(1.0), np.float64(1.0), np.float64(1.0)]]
  RECOMMENDATION: no significant effect from adding 'v2_pace_alpha_cap' - stays unshipped, no evidence to promote it.

======================================================================
TOP 25 LARGEST MISSES - shipped model (DEFAULT_FEATURES), startable cut, 1215 player-weeks scored
======================================================================
 year  wk  pos  player                     pred  actual   error  note
 2025  15   TE  Kyle Pitts                  8.7    45.6   -36.9  UNDERPROJECTED (boom)
 2025  12   RB  Jahmyr Gibbs               22.9    55.4   -32.5  UNDERPROJECTED (boom)
 2025   9   TE  Brock Bowers               11.0    43.3   -32.3  UNDERPROJECTED (boom)
 2025  17   RB  Derrick Henry              14.5    45.6   -31.1  UNDERPROJECTED (boom)
 2025  10   RB  Jonathan Taylor            20.2    49.6   -29.4  UNDERPROJECTED (boom)
 2025  16   WR  Puka Nacua                 17.2    46.5   -29.3  UNDERPROJECTED (boom)
 2025  15   QB  Trevor Lawrence            16.3    44.3   -28.0  UNDERPROJECTED (boom)
 2025  16   WR  Chris Olave                12.5    36.8   -24.3  UNDERPROJECTED (boom)
 2025  11   WR  Tetairoa McMillan           9.3    33.0   -23.7  UNDERPROJECTED (boom)
 2025   9   WR  Drake London               15.5    38.8   -23.3  UNDERPROJECTED (boom)
 2025  17   RB  Bijan Robinson             16.9    39.9   -23.0  UNDERPROJECTED (boom)
 2025   9   QB  Caleb Williams             16.1    38.7   -22.6  UNDERPROJECTED (boom)
 2025  13   WR  A.J. Brown                 13.1    35.2   -22.1  UNDERPROJECTED (boom)
 2025  15   WR  Amon-Ra St. Brown          19.5    41.4   -21.9  UNDERPROJECTED (boom)
 2025  11   QB  Josh Allen                 20.8    42.7   -21.9  UNDERPROJECTED (boom)
 2025  15   TE  Trey McBride               15.7    37.4   -21.7  UNDERPROJECTED (boom)
 2025  10   RB  TreVeyon Henderson          6.6    28.0   -21.4  UNDERPROJECTED (boom)
 2025  16   RB  Ashton Jeanty              10.8    31.8   -21.0  UNDERPROJECTED (boom)
 2025  11   RB  Kenny Gainwell              8.8    29.5   -20.7  UNDERPROJECTED (boom)
 2025  10   RB  De'Von Achane              20.0    40.5   -20.5  UNDERPROJECTED (boom)
 2025   9   WR  Tee Higgins                12.6    33.1   -20.5  UNDERPROJECTED (boom)
 2025  14   QB  Shedeur Sanders            13.1    33.5   -20.4  UNDERPROJECTED (boom)
 2025  14   WR  Michael Wilson             17.7    37.2   -19.5  UNDERPROJECTED (boom)
 2025  12   QB  Jameis Winston             12.8    32.2   -19.5  UNDERPROJECTED (boom)
 2025  12   WR  Wan'Dale Robinson          11.2    30.6   -19.4  UNDERPROJECTED (boom)

-- top 8 per position --

  QB:
    2025 w15 Trevor Lawrence         pred   16.3  actual   44.3  err  -28.0  (boom)
    2025 w9  Caleb Williams          pred   16.1  actual   38.7  err  -22.6  (boom)
    2025 w11 Josh Allen              pred   20.8  actual   42.7  err  -21.9  (boom)
    2025 w14 Shedeur Sanders         pred   13.1  actual   33.5  err  -20.4  (boom)
    2025 w12 Jameis Winston          pred   12.8  actual   32.2  err  -19.5  (boom)
    2025 w17 Brock Purdy             pred   19.3  actual   36.9  err  -17.6  (boom)
    2025 w11 Justin Herbert          pred   20.7  actual    3.3  err  +17.4  (bust)
    2025 w14 Daniel Jones            pred   18.1  actual    0.8  err  +17.3  (bust)

  RB:
    2025 w12 Jahmyr Gibbs            pred   22.9  actual   55.4  err  -32.5  (boom)
    2025 w17 Derrick Henry           pred   14.5  actual   45.6  err  -31.1  (boom)
    2025 w10 Jonathan Taylor         pred   20.2  actual   49.6  err  -29.4  (boom)
    2025 w17 Bijan Robinson          pred   16.9  actual   39.9  err  -23.0  (boom)
    2025 w10 TreVeyon Henderson      pred    6.6  actual   28.0  err  -21.4  (boom)
    2025 w16 Ashton Jeanty           pred   10.8  actual   31.8  err  -21.0  (boom)
    2025 w11 Kenny Gainwell          pred    8.8  actual   29.5  err  -20.7  (boom)
    2025 w10 De'Von Achane           pred   20.0  actual   40.5  err  -20.5  (boom)

  WR:
    2025 w16 Puka Nacua              pred   17.2  actual   46.5  err  -29.3  (boom)
    2025 w16 Chris Olave             pred   12.5  actual   36.8  err  -24.3  (boom)
    2025 w11 Tetairoa McMillan       pred    9.3  actual   33.0  err  -23.7  (boom)
    2025 w9  Drake London            pred   15.5  actual   38.8  err  -23.3  (boom)
    2025 w13 A.J. Brown              pred   13.1  actual   35.2  err  -22.1  (boom)
    2025 w15 Amon-Ra St. Brown       pred   19.5  actual   41.4  err  -21.9  (boom)
    2025 w9  Tee Higgins             pred   12.6  actual   33.1  err  -20.5  (boom)
    2025 w14 Michael Wilson          pred   17.7  actual   37.2  err  -19.5  (boom)

  TE:
    2025 w15 Kyle Pitts              pred    8.7  actual   45.6  err  -36.9  (boom)
    2025 w9  Brock Bowers            pred   11.0  actual   43.3  err  -32.3  (boom)
    2025 w15 Trey McBride            pred   15.7  actual   37.4  err  -21.7  (boom)
    2025 w14 Harold Fannin Jr.       pred    7.8  actual   25.4  err  -17.5  (boom)
    2025 w15 Dallas Goedert          pred    8.6  actual   25.0  err  -16.4  (boom)
    2025 w15 Colby Parkinson         pred    8.4  actual   24.5  err  -16.1  (boom)
    2025 w12 Hunter Henry            pred   10.1  actual   24.5  err  -14.4  (boom)
    2025 w11 George Kittle           pred   11.2  actual   24.7  err  -13.5  (boom)
