2026-09-30 08:09:50.117 WARNING streamlit.runtime.caching.cache_data_api: No runtime found, using MemoryCacheStorageManager
2026-09-30 08:09:50.119 WARNING streamlit.runtime.caching.cache_data_api: No runtime found, using MemoryCacheStorageManager
2026-09-30 08:09:50.119 WARNING streamlit.runtime.caching.cache_data_api: No runtime found, using MemoryCacheStorageManager
2026-09-30 08:09:50.119 WARNING streamlit.runtime.caching.cache_data_api: No runtime found, using MemoryCacheStorageManager
2026-09-30 08:09:50.122 WARNING streamlit.runtime.caching.cache_data_api: No runtime found, using MemoryCacheStorageManager
2026-09-30 08:09:50.122 WARNING streamlit.runtime.caching.cache_data_api: No runtime found, using MemoryCacheStorageManager
2026-09-30 08:09:50.123 WARNING streamlit.runtime.caching.cache_data_api: No runtime found, using MemoryCacheStorageManager
2026-09-30 08:09:50.123 WARNING streamlit.runtime.caching.cache_data_api: No runtime found, using MemoryCacheStorageManager
2026-09-30 08:09:50.124 WARNING streamlit.runtime.caching.cache_data_api: No runtime found, using MemoryCacheStorageManager
2026-09-30 08:09:50.124 WARNING streamlit.runtime.caching.cache_data_api: No runtime found, using MemoryCacheStorageManager
2026-09-30 08:09:50.124 WARNING streamlit.runtime.caching.cache_data_api: No runtime found, using MemoryCacheStorageManager
2026-09-30 08:09:50.125 WARNING streamlit.runtime.caching.cache_data_api: No runtime found, using MemoryCacheStorageManager
2026-09-30 08:09:50.125 WARNING streamlit.runtime.caching.cache_data_api: No runtime found, using MemoryCacheStorageManager
2026-09-30 08:09:50.126 WARNING streamlit.runtime.caching.cache_data_api: No runtime found, using MemoryCacheStorageManager
2026-09-30 08:09:50.126 WARNING streamlit.runtime.caching.cache_data_api: No runtime found, using MemoryCacheStorageManager
2026-09-30 08:09:50.127 WARNING streamlit.runtime.caching.cache_data_api: No runtime found, using MemoryCacheStorageManager
2026-09-30 08:09:50.127 WARNING streamlit.runtime.caching.cache_data_api: No runtime found, using MemoryCacheStorageManager
2026-09-30 08:09:50.127 WARNING streamlit.runtime.caching.cache_data_api: No runtime found, using MemoryCacheStorageManager
2026-09-30 08:09:50.128 WARNING streamlit.runtime.caching.cache_data_api: No runtime found, using MemoryCacheStorageManager
2026-09-30 08:09:50.128 WARNING streamlit.runtime.caching.cache_data_api: No runtime found, using MemoryCacheStorageManager
2026-09-30 08:09:50.128 WARNING streamlit.runtime.caching.cache_data_api: No runtime found, using MemoryCacheStorageManager
2026-09-30 08:09:50.129 WARNING streamlit.runtime.caching.cache_data_api: No runtime found, using MemoryCacheStorageManager
2026-09-30 08:09:50.129 WARNING streamlit.runtime.caching.cache_data_api: No runtime found, using MemoryCacheStorageManager
2026-09-30 08:09:50.129 WARNING streamlit.runtime.caching.cache_data_api: No runtime found, using MemoryCacheStorageManager
2026-09-30 08:09:50.130 WARNING streamlit.runtime.caching.cache_data_api: No runtime found, using MemoryCacheStorageManager
2026-09-30 08:09:50.130 WARNING streamlit.runtime.caching.cache_data_api: No runtime found, using MemoryCacheStorageManager
2026-09-30 08:09:50.131 WARNING streamlit.runtime.caching.cache_data_api: No runtime found, using MemoryCacheStorageManager
2026-09-30 08:09:50.131 WARNING streamlit.runtime.caching.cache_data_api: No runtime found, using MemoryCacheStorageManager
2026-09-30 08:09:50.131 WARNING streamlit.runtime.caching.cache_data_api: No runtime found, using MemoryCacheStorageManager
2026-09-30 08:09:50.132 WARNING streamlit.runtime.caching.cache_data_api: No runtime found, using MemoryCacheStorageManager
2026-09-30 08:09:50.133 WARNING streamlit.runtime.caching.cache_data_api: No runtime found, using MemoryCacheStorageManager
2026-09-30 08:09:50.133 WARNING streamlit.runtime.caching.cache_data_api: No runtime found, using MemoryCacheStorageManager
2026-09-30 08:09:50.135 WARNING streamlit.runtime.caching.cache_data_api: No runtime found, using MemoryCacheStorageManager
2026-09-30 08:09:50.160 WARNING streamlit.runtime.caching.cache_data_api: No runtime found, using MemoryCacheStorageManager
2026-09-30 08:09:50.161 WARNING streamlit.runtime.caching.cache_data_api: No runtime found, using MemoryCacheStorageManager
2026-09-30 08:09:50.161 WARNING streamlit.runtime.caching.cache_data_api: No runtime found, using MemoryCacheStorageManager
2026-09-30 08:09:50.161 WARNING streamlit.runtime.caching.cache_data_api: No runtime found, using MemoryCacheStorageManager
2026-09-30 08:09:50.162 WARNING streamlit.runtime.caching.cache_data_api: No runtime found, using MemoryCacheStorageManager
2026-09-30 08:09:50.163 WARNING streamlit.runtime.caching.cache_data_api: No runtime found, using MemoryCacheStorageManager
2026-09-30 08:09:50.163 WARNING streamlit.runtime.caching.cache_data_api: No runtime found, using MemoryCacheStorageManager
2026-09-30 08:09:50.164 WARNING streamlit.runtime.caching.cache_data_api: No runtime found, using MemoryCacheStorageManager
2026-09-30 08:09:50.164 WARNING streamlit.runtime.caching.cache_data_api: No runtime found, using MemoryCacheStorageManager
2026-09-30 08:09:50.168 WARNING streamlit.runtime.caching.cache_data_api: No runtime found, using MemoryCacheStorageManager
2026-09-30 08:09:50.171 WARNING streamlit.runtime.caching.cache_data_api: No runtime found, using MemoryCacheStorageManager
2026-09-30 08:09:50.202 WARNING streamlit.runtime.caching.cache_data_api: No runtime found, using MemoryCacheStorageManager
2026-09-30 08:09:50.202 WARNING streamlit.runtime.scriptrunner_utils.script_run_context: Thread 'MainThread': missing ScriptRunContext! This warning can be ignored when running in bare mode.
2026-09-30 08:09:50.202 WARNING streamlit.runtime.caching.cache_data_api: No runtime found, using MemoryCacheStorageManager
2026-09-30 08:09:50.700 WARNING streamlit.runtime.caching.cache_data_api: No runtime found, using MemoryCacheStorageManager
2026-09-30 08:09:51.422 WARNING streamlit.runtime.caching.cache_data_api: No runtime found, using MemoryCacheStorageManager
2026-09-30 08:09:51.422 WARNING streamlit.runtime.scriptrunner_utils.script_run_context: Thread 'MainThread': missing ScriptRunContext! This warning can be ignored when running in bare mode.
2026-09-30 08:09:51.784 WARNING streamlit.runtime.caching.cache_data_api: No runtime found, using MemoryCacheStorageManager
2026-09-30 08:09:51.800 WARNING streamlit.runtime.caching.cache_data_api: No runtime found, using MemoryCacheStorageManager
2026-09-30 08:09:55.709 WARNING streamlit.runtime.caching.cache_data_api: No runtime found, using MemoryCacheStorageManager
2026-09-30 08:09:55.717 WARNING streamlit.runtime.caching.cache_data_api: No runtime found, using MemoryCacheStorageManager
2026-09-30 08:10:18.752 WARNING streamlit.runtime.caching.cache_data_api: No runtime found, using MemoryCacheStorageManager
2026-09-30 08:10:18.752 WARNING streamlit.runtime.caching.cache_data_api: No runtime found, using MemoryCacheStorageManager
2026-09-30 08:10:21.427 WARNING streamlit.runtime.caching.cache_data_api: No runtime found, using MemoryCacheStorageManager
2026-09-30 08:32:20.047 WARNING streamlit.runtime.scriptrunner_utils.script_run_context: Thread 'MainThread': missing ScriptRunContext! This warning can be ignored when running in bare mode.
2026-09-30 08:32:21.038 WARNING streamlit.runtime.scriptrunner_utils.script_run_context: Thread 'MainThread': missing ScriptRunContext! This warning can be ignored when running in bare mode.
2026-09-30 08:53:07.557 WARNING streamlit.runtime.scriptrunner_utils.script_run_context: Thread 'MainThread': missing ScriptRunContext! This warning can be ignored when running in bare mode.
2026-09-30 08:53:10.009 WARNING streamlit.runtime.scriptrunner_utils.script_run_context: Thread 'MainThread': missing ScriptRunContext! This warning can be ignored when running in bare mode.
2026-09-30 09:29:27.798 WARNING streamlit.runtime.scriptrunner_utils.script_run_context: Thread 'MainThread': missing ScriptRunContext! This warning can be ignored when running in bare mode.
2026-09-30 09:29:29.969 WARNING streamlit.runtime.scriptrunner_utils.script_run_context: Thread 'MainThread': missing ScriptRunContext! This warning can be ignored when running in bare mode.
years=[2022, 2023, 2024, 2025] weeks=3-17 scoring=Full PPR harness=v2
ablating: []
adding as candidate: ['v2_rb_participation']
add-features (forced on in both arms): ['v2_historical_injury_replay', 'v2_historical_reserve_replay']
DEFAULT_FEATURES size: 40

==============================================================================
v2_rb_participation  [add mode, harness v2]
==============================================================================
  ALL        n=18577  RMSE 6.232->6.230 (Δ-0.002 CI[-0.004,+0.001])  pairwiseAcc 0.754->0.754 (Δ+0.000 CI[-0.000,+0.000])  bias -0.334->-0.334  MAE(secondary) 4.424->4.417  weeks-var-better(RMSE) 37-23
  QB         n=1870   RMSE 7.890->7.890 (Δ+0.000 CI[+0.000,+0.000])  pairwiseAcc 0.653->0.653 (Δ+0.000 CI[+0.000,+0.000])  bias -0.925->-0.925  MAE(secondary) 6.242->6.242  weeks-var-better(RMSE) 0-0
  RB         n=4910   RMSE 6.294->6.293 (Δ-0.001 CI[-0.008,+0.007])  pairwiseAcc 0.767->0.767 (Δ-0.000 CI[-0.001,+0.001])  bias -0.110->-0.199  MAE(secondary) 4.455->4.421  weeks-var-better(RMSE) 37-23
  WR         n=7844   RMSE 6.201->6.199 (Δ-0.002 CI[-0.005,+0.001])  pairwiseAcc 0.745->0.745 (Δ+0.000 CI[-0.000,+0.000])  bias -0.218->-0.177  MAE(secondary) 4.438->4.442  weeks-var-better(RMSE) 35-25
  TE         n=3953   RMSE 5.020->5.018 (Δ-0.002 CI[-0.006,+0.001])  pairwiseAcc 0.722->0.722 (Δ+0.000 CI[-0.000,+0.000])  bias -0.565->-0.535  MAE(secondary) 3.495->3.498  weeks-var-better(RMSE) 35-25
  START-QB   n=1375   RMSE 7.473->7.473 (Δ+0.000 CI[+0.000,+0.000])  pairwiseAcc 0.610->0.610 (Δ+0.000 CI[+0.000,+0.000])  bias -0.152->-0.152  MAE(secondary) 5.996->5.996  weeks-var-better(RMSE) 0-0
  START-RB   n=2344   RMSE 7.729->7.725 (Δ-0.004 CI[-0.009,+0.001])  pairwiseAcc 0.644->0.644 (Δ+0.000 CI[-0.001,+0.001])  bias -0.185->-0.156  MAE(secondary) 6.043->6.041  weeks-var-better(RMSE) 34-26
  START-WR   n=3209   RMSE 7.945->7.941 (Δ-0.004 CI[-0.010,+0.002])  pairwiseAcc 0.611->0.611 (Δ+0.000 CI[-0.001,+0.001])  bias -0.350->-0.279  MAE(secondary) 6.186->6.189  weeks-var-better(RMSE) 35-25
  START-TE   n=1172   RMSE 6.704->6.702 (Δ-0.003 CI[-0.010,+0.005])  pairwiseAcc 0.602->0.601 (Δ-0.000 CI[-0.002,+0.002])  bias -0.779->-0.718  MAE(secondary) 5.218->5.221  weeks-var-better(RMSE) 35-25
  START-ALL  n=8100   RMSE 7.695->7.691 (Δ-0.003 CI[-0.006,-0.001])  pairwiseAcc 0.644->0.645 (Δ+0.000 CI[-0.000,+0.000])  bias -0.331->-0.286  MAE(secondary) 5.972->5.973  weeks-var-better(RMSE) 33-27
  VERDICT (add): SHIP-ELIGIBLE   [bias growth -0.045, Holm-adjusted per-position p [np.float64(1.0), np.float64(1.0), np.float64(1.0), np.float64(1.0)]]
  RECOMMENDATION: candidate 'v2_rb_participation' measurably HELPED when added - consider promoting it into DEFAULT_FEATURES.

======================================================================
TOP 25 LARGEST MISSES - shipped model (DEFAULT_FEATURES), startable cut, 8036 player-weeks scored
======================================================================
 year  wk  pos  player                     pred  actual   error  note
 2023  11   WR  Tank Dell                  11.4    57.8   -46.4  UNDERPROJECTED (boom)
 2023   9   WR  Tank Dell                  13.0    59.2   -46.2  UNDERPROJECTED (boom)
 2023   4   RB  De'Von Achane               8.1    54.0   -45.9  UNDERPROJECTED (boom)
 2023   3   WR  Tank Dell                   8.9    51.0   -42.1  UNDERPROJECTED (boom)
 2023  13   RB  De'Von Achane               8.7    50.6   -41.9  UNDERPROJECTED (boom)
 2022   9   RB  Joe Mixon                  13.9    55.1   -41.2  UNDERPROJECTED (boom)
 2023  17   RB  De'Von Achane               8.8    47.4   -38.6  UNDERPROJECTED (boom)
 2025  15   TE  Kyle Pitts                  8.4    45.6   -37.2  UNDERPROJECTED (boom)
 2022  17   WR  Mike Evans                 12.0    48.7   -36.7  UNDERPROJECTED (boom)
 2023   5   WR  Ja'Marr Chase              16.0    52.2   -36.2  UNDERPROJECTED (boom)
 2023   5   WR  DJ Moore                   12.9    49.0   -36.1  UNDERPROJECTED (boom)
 2023  16   WR  Amari Cooper               15.7    51.5   -35.8  UNDERPROJECTED (boom)
 2022  14   TE  Evan Engram                 5.9    39.2   -33.3  UNDERPROJECTED (boom)
 2022   4   TE  T.J. Hockenson              6.7    39.9   -33.2  UNDERPROJECTED (boom)
 2024  10   WR  Ja'Marr Chase              22.4    55.4   -33.0  UNDERPROJECTED (boom)
 2024  14   RB  Zach Charbonnet             6.0    38.3   -32.3  UNDERPROJECTED (boom)
 2025   9   TE  Brock Bowers               11.4    43.3   -31.9  UNDERPROJECTED (boom)
 2024   3   WR  Jauan Jennings             14.8    46.5   -31.7  UNDERPROJECTED (boom)
 2022  12   RB  Josh Jacobs                17.1    48.3   -31.2  UNDERPROJECTED (boom)
 2023   5   RB  De'Von Achane              13.2    43.0   -29.8  UNDERPROJECTED (boom)
 2023  16   RB  Breece Hall                13.6    43.1   -29.5  UNDERPROJECTED (boom)
 2025  12   RB  Jahmyr Gibbs               26.2    55.4   -29.2  UNDERPROJECTED (boom)
 2024  14   WR  Puka Nacua                 12.9    41.8   -28.9  UNDERPROJECTED (boom)
 2024  15   WR  Davante Adams              14.1    42.8   -28.7  UNDERPROJECTED (boom)
 2023   3   WR  Davante Adams              13.9    42.2   -28.3  UNDERPROJECTED (boom)

-- top 8 per position --

  QB:
    2025 w15 Trevor Lawrence         pred   16.0  actual   44.3  err  -28.3  (boom)
    2022 w9  Justin Fields           pred   16.3  actual   42.7  err  -26.4  (boom)
    2023 w9  C.J. Stroud             pred   16.0  actual   41.8  err  -25.8  (boom)
    2024 w15 Jared Goff              pred   16.5  actual   41.1  err  -24.6  (boom)
    2025 w7  Bo Nix                  pred   16.0  actual   40.0  err  -24.0  (boom)
    2025 w11 Josh Allen              pred   19.4  actual   42.7  err  -23.3  (boom)
    2025 w9  Caleb Williams          pred   15.8  actual   38.7  err  -22.9  (boom)
    2022 w17 Tom Brady               pred   16.5  actual   37.7  err  -21.2  (boom)

  RB:
    2023 w4  De'Von Achane           pred    8.1  actual   54.0  err  -45.9  (boom)
    2023 w13 De'Von Achane           pred    8.7  actual   50.6  err  -41.9  (boom)
    2022 w9  Joe Mixon               pred   13.9  actual   55.1  err  -41.2  (boom)
    2023 w17 De'Von Achane           pred    8.8  actual   47.4  err  -38.6  (boom)
    2024 w14 Zach Charbonnet         pred    6.0  actual   38.3  err  -32.3  (boom)
    2022 w12 Josh Jacobs             pred   17.1  actual   48.3  err  -31.2  (boom)
    2023 w5  De'Von Achane           pred   13.2  actual   43.0  err  -29.8  (boom)
    2023 w16 Breece Hall             pred   13.6  actual   43.1  err  -29.5  (boom)

  WR:
    2023 w11 Tank Dell               pred   11.4  actual   57.8  err  -46.4  (boom)
    2023 w9  Tank Dell               pred   13.0  actual   59.2  err  -46.2  (boom)
    2023 w3  Tank Dell               pred    8.9  actual   51.0  err  -42.1  (boom)
    2022 w17 Mike Evans              pred   12.0  actual   48.7  err  -36.7  (boom)
    2023 w5  Ja'Marr Chase           pred   16.0  actual   52.2  err  -36.2  (boom)
    2023 w5  DJ Moore                pred   12.9  actual   49.0  err  -36.1  (boom)
    2023 w16 Amari Cooper            pred   15.7  actual   51.5  err  -35.8  (boom)
    2024 w10 Ja'Marr Chase           pred   22.4  actual   55.4  err  -33.0  (boom)

  TE:
    2025 w15 Kyle Pitts              pred    8.4  actual   45.6  err  -37.2  (boom)
    2022 w14 Evan Engram             pred    5.9  actual   39.2  err  -33.3  (boom)
    2022 w4  T.J. Hockenson          pred    6.7  actual   39.9  err  -33.2  (boom)
    2025 w9  Brock Bowers            pred   11.4  actual   43.3  err  -31.9  (boom)
    2022 w16 Tyler Higbee            pred    7.1  actual   30.4  err  -23.3  (boom)
    2025 w15 Trey McBride            pred   14.4  actual   37.4  err  -23.0  (boom)
    2022 w16 T.J. Hockenson          pred   12.9  actual   35.9  err  -23.0  (boom)
    2023 w14 Evan Engram             pred    9.9  actual   32.5  err  -22.6  (boom)
