2026-10-06 10:19:12.882 WARNING streamlit.runtime.caching.cache_data_api: No runtime found, using MemoryCacheStorageManager
2026-10-06 10:19:12.883 WARNING streamlit.runtime.caching.cache_data_api: No runtime found, using MemoryCacheStorageManager
2026-10-06 10:19:12.884 WARNING streamlit.runtime.caching.cache_data_api: No runtime found, using MemoryCacheStorageManager
2026-10-06 10:19:12.884 WARNING streamlit.runtime.caching.cache_data_api: No runtime found, using MemoryCacheStorageManager
2026-10-06 10:19:12.887 WARNING streamlit.runtime.caching.cache_data_api: No runtime found, using MemoryCacheStorageManager
2026-10-06 10:19:12.887 WARNING streamlit.runtime.caching.cache_data_api: No runtime found, using MemoryCacheStorageManager
2026-10-06 10:19:12.888 WARNING streamlit.runtime.caching.cache_data_api: No runtime found, using MemoryCacheStorageManager
2026-10-06 10:19:12.888 WARNING streamlit.runtime.caching.cache_data_api: No runtime found, using MemoryCacheStorageManager
2026-10-06 10:19:12.889 WARNING streamlit.runtime.caching.cache_data_api: No runtime found, using MemoryCacheStorageManager
2026-10-06 10:19:12.889 WARNING streamlit.runtime.caching.cache_data_api: No runtime found, using MemoryCacheStorageManager
2026-10-06 10:19:12.890 WARNING streamlit.runtime.caching.cache_data_api: No runtime found, using MemoryCacheStorageManager
2026-10-06 10:19:12.890 WARNING streamlit.runtime.caching.cache_data_api: No runtime found, using MemoryCacheStorageManager
2026-10-06 10:19:12.890 WARNING streamlit.runtime.caching.cache_data_api: No runtime found, using MemoryCacheStorageManager
2026-10-06 10:19:12.890 WARNING streamlit.runtime.caching.cache_data_api: No runtime found, using MemoryCacheStorageManager
2026-10-06 10:19:12.891 WARNING streamlit.runtime.caching.cache_data_api: No runtime found, using MemoryCacheStorageManager
2026-10-06 10:19:12.891 WARNING streamlit.runtime.caching.cache_data_api: No runtime found, using MemoryCacheStorageManager
2026-10-06 10:19:12.891 WARNING streamlit.runtime.caching.cache_data_api: No runtime found, using MemoryCacheStorageManager
2026-10-06 10:19:12.892 WARNING streamlit.runtime.caching.cache_data_api: No runtime found, using MemoryCacheStorageManager
2026-10-06 10:19:12.892 WARNING streamlit.runtime.caching.cache_data_api: No runtime found, using MemoryCacheStorageManager
2026-10-06 10:19:12.892 WARNING streamlit.runtime.caching.cache_data_api: No runtime found, using MemoryCacheStorageManager
2026-10-06 10:19:12.893 WARNING streamlit.runtime.caching.cache_data_api: No runtime found, using MemoryCacheStorageManager
2026-10-06 10:19:12.893 WARNING streamlit.runtime.caching.cache_data_api: No runtime found, using MemoryCacheStorageManager
2026-10-06 10:19:12.893 WARNING streamlit.runtime.caching.cache_data_api: No runtime found, using MemoryCacheStorageManager
2026-10-06 10:19:12.893 WARNING streamlit.runtime.caching.cache_data_api: No runtime found, using MemoryCacheStorageManager
2026-10-06 10:19:12.894 WARNING streamlit.runtime.caching.cache_data_api: No runtime found, using MemoryCacheStorageManager
2026-10-06 10:19:12.895 WARNING streamlit.runtime.caching.cache_data_api: No runtime found, using MemoryCacheStorageManager
2026-10-06 10:19:12.895 WARNING streamlit.runtime.caching.cache_data_api: No runtime found, using MemoryCacheStorageManager
2026-10-06 10:19:12.895 WARNING streamlit.runtime.caching.cache_data_api: No runtime found, using MemoryCacheStorageManager
2026-10-06 10:19:12.896 WARNING streamlit.runtime.caching.cache_data_api: No runtime found, using MemoryCacheStorageManager
2026-10-06 10:19:12.896 WARNING streamlit.runtime.caching.cache_data_api: No runtime found, using MemoryCacheStorageManager
2026-10-06 10:19:12.897 WARNING streamlit.runtime.caching.cache_data_api: No runtime found, using MemoryCacheStorageManager
2026-10-06 10:19:12.897 WARNING streamlit.runtime.caching.cache_data_api: No runtime found, using MemoryCacheStorageManager
2026-10-06 10:19:12.899 WARNING streamlit.runtime.caching.cache_data_api: No runtime found, using MemoryCacheStorageManager
2026-10-06 10:19:12.921 WARNING streamlit.runtime.caching.cache_data_api: No runtime found, using MemoryCacheStorageManager
2026-10-06 10:19:12.921 WARNING streamlit.runtime.caching.cache_data_api: No runtime found, using MemoryCacheStorageManager
2026-10-06 10:19:12.922 WARNING streamlit.runtime.caching.cache_data_api: No runtime found, using MemoryCacheStorageManager
2026-10-06 10:19:12.922 WARNING streamlit.runtime.caching.cache_data_api: No runtime found, using MemoryCacheStorageManager
2026-10-06 10:19:12.922 WARNING streamlit.runtime.caching.cache_data_api: No runtime found, using MemoryCacheStorageManager
2026-10-06 10:19:12.923 WARNING streamlit.runtime.caching.cache_data_api: No runtime found, using MemoryCacheStorageManager
2026-10-06 10:19:12.923 WARNING streamlit.runtime.caching.cache_data_api: No runtime found, using MemoryCacheStorageManager
2026-10-06 10:19:12.924 WARNING streamlit.runtime.caching.cache_data_api: No runtime found, using MemoryCacheStorageManager
2026-10-06 10:19:12.924 WARNING streamlit.runtime.caching.cache_data_api: No runtime found, using MemoryCacheStorageManager
2026-10-06 10:19:12.938 WARNING streamlit.runtime.caching.cache_data_api: No runtime found, using MemoryCacheStorageManager
2026-10-06 10:19:12.941 WARNING streamlit.runtime.caching.cache_data_api: No runtime found, using MemoryCacheStorageManager
2026-10-06 10:19:12.970 WARNING streamlit.runtime.caching.cache_data_api: No runtime found, using MemoryCacheStorageManager
2026-10-06 10:19:12.970 WARNING streamlit.runtime.scriptrunner_utils.script_run_context: Thread 'MainThread': missing ScriptRunContext! This warning can be ignored when running in bare mode.
2026-10-06 10:19:12.970 WARNING streamlit.runtime.caching.cache_data_api: No runtime found, using MemoryCacheStorageManager
2026-10-06 10:19:13.442 WARNING streamlit.runtime.caching.cache_data_api: No runtime found, using MemoryCacheStorageManager
2026-10-06 10:19:13.954 WARNING streamlit.runtime.caching.cache_data_api: No runtime found, using MemoryCacheStorageManager
2026-10-06 10:19:13.955 WARNING streamlit.runtime.scriptrunner_utils.script_run_context: Thread 'MainThread': missing ScriptRunContext! This warning can be ignored when running in bare mode.
2026-10-06 10:19:14.283 WARNING streamlit.runtime.caching.cache_data_api: No runtime found, using MemoryCacheStorageManager
2026-10-06 10:19:14.297 WARNING streamlit.runtime.caching.cache_data_api: No runtime found, using MemoryCacheStorageManager
2026-10-06 10:19:16.964 WARNING streamlit.runtime.caching.cache_data_api: No runtime found, using MemoryCacheStorageManager
2026-10-06 10:19:16.971 WARNING streamlit.runtime.caching.cache_data_api: No runtime found, using MemoryCacheStorageManager
2026-10-06 10:19:35.457 WARNING streamlit.runtime.caching.cache_data_api: No runtime found, using MemoryCacheStorageManager
2026-10-06 10:19:35.458 WARNING streamlit.runtime.caching.cache_data_api: No runtime found, using MemoryCacheStorageManager
2026-10-06 10:19:37.407 WARNING streamlit.runtime.caching.cache_data_api: No runtime found, using MemoryCacheStorageManager
2026-10-06 10:40:11.104 WARNING streamlit.runtime.scriptrunner_utils.script_run_context: Thread 'MainThread': missing ScriptRunContext! This warning can be ignored when running in bare mode.
2026-10-06 10:40:12.108 WARNING streamlit.runtime.scriptrunner_utils.script_run_context: Thread 'MainThread': missing ScriptRunContext! This warning can be ignored when running in bare mode.
2026-10-06 11:00:50.336 WARNING streamlit.runtime.scriptrunner_utils.script_run_context: Thread 'MainThread': missing ScriptRunContext! This warning can be ignored when running in bare mode.
2026-10-06 11:00:51.398 WARNING streamlit.runtime.scriptrunner_utils.script_run_context: Thread 'MainThread': missing ScriptRunContext! This warning can be ignored when running in bare mode.
2026-10-06 11:37:09.682 WARNING streamlit.runtime.scriptrunner_utils.script_run_context: Thread 'MainThread': missing ScriptRunContext! This warning can be ignored when running in bare mode.
2026-10-06 11:37:10.814 WARNING streamlit.runtime.scriptrunner_utils.script_run_context: Thread 'MainThread': missing ScriptRunContext! This warning can be ignored when running in bare mode.
years=[2022, 2023, 2024, 2025] weeks=3-17 scoring=Full PPR harness=v2
ablating: []
adding as candidate: ['v2_season_anchor']
add-features (forced on in both arms): ['v2_historical_injury_replay', 'v2_historical_reserve_replay']
DEFAULT_FEATURES size: 49

==============================================================================
v2_season_anchor  [add mode, harness v2]
==============================================================================
  ALL        n=18577  RMSE 6.266->6.258 (Δ-0.008 CI[-0.019,+0.003])  pairwiseAcc 0.751->0.751 (Δ+0.001 CI[+0.000,+0.001])  bias -0.282->-0.276  MAE(secondary) 4.423->4.410  weeks-var-better(RMSE) 36-24
  QB         n=1870   RMSE 8.389->8.389 (Δ+0.000 CI[+0.000,+0.000])  pairwiseAcc 0.654->0.654 (Δ+0.000 CI[+0.000,+0.000])  bias -1.440->-1.440  MAE(secondary) 6.446->6.446  weeks-var-better(RMSE) 0-0
  RB         n=4910   RMSE 6.238->6.232 (Δ-0.006 CI[-0.028,+0.014])  pairwiseAcc 0.769->0.769 (Δ-0.000 CI[-0.001,+0.001])  bias -0.224->-0.215  MAE(secondary) 4.378->4.376  weeks-var-better(RMSE) 30-30
  WR         n=7844   RMSE 6.175->6.165 (Δ-0.010 CI[-0.032,+0.013])  pairwiseAcc 0.746->0.747 (Δ+0.001 CI[-0.000,+0.002])  bias +0.014->+0.014  MAE(secondary) 4.442->4.414  weeks-var-better(RMSE) 33-27
  TE         n=3953   RMSE 4.975->4.966 (Δ-0.008 CI[-0.019,+0.003])  pairwiseAcc 0.723->0.723 (Δ+0.000 CI[-0.001,+0.002])  bias -0.392->-0.378  MAE(secondary) 3.484->3.484  weeks-var-better(RMSE) 34-26
  START-QB   n=1382   RMSE 7.598->7.598 (Δ+0.000 CI[+0.000,+0.000])  pairwiseAcc 0.607->0.607 (Δ+0.000 CI[+0.000,+0.000])  bias -0.032->-0.032  MAE(secondary) 6.043->6.043  weeks-var-better(RMSE) 0-0
  START-RB   n=2384   RMSE 7.618->7.605 (Δ-0.012 CI[-0.046,+0.019])  pairwiseAcc 0.656->0.656 (Δ-0.000 CI[-0.003,+0.003])  bias -0.159->-0.096  MAE(secondary) 5.976->5.977  weeks-var-better(RMSE) 28-32
  START-WR   n=3321   RMSE 7.862->7.844 (Δ-0.018 CI[-0.054,+0.019])  pairwiseAcc 0.621->0.624 (Δ+0.003 CI[-0.000,+0.007])  bias +0.102->+0.213  MAE(secondary) 6.177->6.155  weeks-var-better(RMSE) 37-23
  START-TE   n=1199   RMSE 6.635->6.634 (Δ-0.001 CI[-0.019,+0.018])  pairwiseAcc 0.599->0.598 (Δ-0.002 CI[-0.006,+0.002])  bias -0.487->-0.474  MAE(secondary) 5.198->5.207  weeks-var-better(RMSE) 27-33
  START-ALL  n=8286   RMSE 7.642->7.631 (Δ-0.012 CI[-0.030,+0.007])  pairwiseAcc 0.650->0.651 (Δ+0.001 CI[-0.000,+0.003])  bias -0.081->-0.016  MAE(secondary) 5.955->5.948  weeks-var-better(RMSE) 33-27
  VERDICT (add): INCONCLUSIVE   [bias growth -0.064, Holm-adjusted per-position p [np.float64(1.0), np.float64(1.0), np.float64(1.0), np.float64(1.0)]]
  RECOMMENDATION: no significant effect from adding 'v2_season_anchor' - stays unshipped, no evidence to promote it.

======================================================================
TOP 25 LARGEST MISSES - shipped model (DEFAULT_FEATURES), startable cut, 8051 player-weeks scored
======================================================================
 year  wk  pos  player                     pred  actual   error  note
 2024  14   QB  Josh Allen                  0.0    51.9   -51.9  UNDERPROJECTED (boom)
 2023   9   WR  Tank Dell                  12.3    59.2   -46.9  UNDERPROJECTED (boom)
 2023  11   WR  Tank Dell                  11.0    57.8   -46.8  UNDERPROJECTED (boom)
 2023   4   RB  De'Von Achane               8.0    54.0   -46.0  UNDERPROJECTED (boom)
 2023  13   RB  De'Von Achane               8.7    50.6   -41.9  UNDERPROJECTED (boom)
 2023   3   WR  Tank Dell                   9.2    51.0   -41.8  UNDERPROJECTED (boom)
 2022   9   RB  Joe Mixon                  16.2    55.1   -38.9  UNDERPROJECTED (boom)
 2023  17   RB  De'Von Achane              10.0    47.4   -37.4  UNDERPROJECTED (boom)
 2025  15   TE  Kyle Pitts                  8.8    45.6   -36.8  UNDERPROJECTED (boom)
 2023   5   WR  Ja'Marr Chase              15.9    52.2   -36.3  UNDERPROJECTED (boom)
 2023  16   WR  Amari Cooper               15.5    51.5   -36.0  UNDERPROJECTED (boom)
 2022  17   WR  Mike Evans                 13.0    48.7   -35.7  UNDERPROJECTED (boom)
 2024  10   WR  Ja'Marr Chase              21.1    55.4   -34.3  UNDERPROJECTED (boom)
 2023   5   WR  DJ Moore                   14.8    49.0   -34.2  UNDERPROJECTED (boom)
 2025  12   RB  Jahmyr Gibbs               22.7    55.4   -32.7  UNDERPROJECTED (boom)
 2022  14   TE  Evan Engram                 6.7    39.2   -32.5  UNDERPROJECTED (boom)
 2022   4   TE  T.J. Hockenson              7.5    39.9   -32.5  UNDERPROJECTED (boom)
 2025   9   TE  Brock Bowers               10.9    43.3   -32.4  UNDERPROJECTED (boom)
 2024   3   WR  Jauan Jennings             14.4    46.5   -32.1  UNDERPROJECTED (boom)
 2024  14   RB  Zach Charbonnet             6.4    38.3   -31.9  UNDERPROJECTED (boom)
 2025  17   RB  Derrick Henry              14.5    45.6   -31.1  UNDERPROJECTED (boom)
 2023   5   RB  De'Von Achane              13.5    43.0   -29.5  UNDERPROJECTED (boom)
 2025  16   WR  Puka Nacua                 17.1    46.5   -29.4  UNDERPROJECTED (boom)
 2025  10   RB  Jonathan Taylor            20.5    49.6   -29.1  UNDERPROJECTED (boom)
 2022   8   RB  Alvin Kamara               14.2    42.8   -28.6  UNDERPROJECTED (boom)

-- top 8 per position --

  QB:
    2024 w14 Josh Allen              pred    0.0  actual   51.9  err  -51.9  (boom)
    2025 w15 Trevor Lawrence         pred   16.2  actual   44.3  err  -28.1  (boom)
    2022 w9  Justin Fields           pred   15.6  actual   42.7  err  -27.1  (boom)
    2023 w9  C.J. Stroud             pred   15.3  actual   41.8  err  -26.5  (boom)
    2024 w15 Jared Goff              pred   17.4  actual   41.1  err  -23.7  (boom)
    2025 w7  Bo Nix                  pred   16.6  actual   40.0  err  -23.4  (boom)
    2025 w9  Caleb Williams          pred   15.9  actual   38.7  err  -22.8  (boom)
    2025 w11 Josh Allen              pred   20.8  actual   42.7  err  -21.9  (boom)

  RB:
    2023 w4  De'Von Achane           pred    8.0  actual   54.0  err  -46.0  (boom)
    2023 w13 De'Von Achane           pred    8.7  actual   50.6  err  -41.9  (boom)
    2022 w9  Joe Mixon               pred   16.2  actual   55.1  err  -38.9  (boom)
    2023 w17 De'Von Achane           pred   10.0  actual   47.4  err  -37.4  (boom)
    2025 w12 Jahmyr Gibbs            pred   22.7  actual   55.4  err  -32.7  (boom)
    2024 w14 Zach Charbonnet         pred    6.4  actual   38.3  err  -31.9  (boom)
    2025 w17 Derrick Henry           pred   14.5  actual   45.6  err  -31.1  (boom)
    2023 w5  De'Von Achane           pred   13.5  actual   43.0  err  -29.5  (boom)

  WR:
    2023 w9  Tank Dell               pred   12.3  actual   59.2  err  -46.9  (boom)
    2023 w11 Tank Dell               pred   11.0  actual   57.8  err  -46.8  (boom)
    2023 w3  Tank Dell               pred    9.2  actual   51.0  err  -41.8  (boom)
    2023 w5  Ja'Marr Chase           pred   15.9  actual   52.2  err  -36.3  (boom)
    2023 w16 Amari Cooper            pred   15.5  actual   51.5  err  -36.0  (boom)
    2022 w17 Mike Evans              pred   13.0  actual   48.7  err  -35.7  (boom)
    2024 w10 Ja'Marr Chase           pred   21.1  actual   55.4  err  -34.3  (boom)
    2023 w5  DJ Moore                pred   14.8  actual   49.0  err  -34.2  (boom)

  TE:
    2025 w15 Kyle Pitts              pred    8.8  actual   45.6  err  -36.8  (boom)
    2022 w14 Evan Engram             pred    6.7  actual   39.2  err  -32.5  (boom)
    2022 w4  T.J. Hockenson          pred    7.5  actual   39.9  err  -32.5  (boom)
    2025 w9  Brock Bowers            pred   10.9  actual   43.3  err  -32.4  (boom)
    2022 w16 T.J. Hockenson          pred   12.1  actual   35.9  err  -23.8  (boom)
    2023 w14 Evan Engram             pred   10.6  actual   32.5  err  -21.9  (boom)
    2022 w16 Tyler Higbee            pred    8.6  actual   30.4  err  -21.8  (boom)
    2025 w15 Trey McBride            pred   16.1  actual   37.4  err  -21.3  (boom)
