2026-09-30 19:07:13.621 WARNING streamlit.runtime.caching.cache_data_api: No runtime found, using MemoryCacheStorageManager
2026-09-30 19:07:13.623 WARNING streamlit.runtime.caching.cache_data_api: No runtime found, using MemoryCacheStorageManager
2026-09-30 19:07:13.623 WARNING streamlit.runtime.caching.cache_data_api: No runtime found, using MemoryCacheStorageManager
2026-09-30 19:07:13.624 WARNING streamlit.runtime.caching.cache_data_api: No runtime found, using MemoryCacheStorageManager
2026-09-30 19:07:13.626 WARNING streamlit.runtime.caching.cache_data_api: No runtime found, using MemoryCacheStorageManager
2026-09-30 19:07:13.627 WARNING streamlit.runtime.caching.cache_data_api: No runtime found, using MemoryCacheStorageManager
2026-09-30 19:07:13.627 WARNING streamlit.runtime.caching.cache_data_api: No runtime found, using MemoryCacheStorageManager
2026-09-30 19:07:13.627 WARNING streamlit.runtime.caching.cache_data_api: No runtime found, using MemoryCacheStorageManager
2026-09-30 19:07:13.628 WARNING streamlit.runtime.caching.cache_data_api: No runtime found, using MemoryCacheStorageManager
2026-09-30 19:07:13.628 WARNING streamlit.runtime.caching.cache_data_api: No runtime found, using MemoryCacheStorageManager
2026-09-30 19:07:13.629 WARNING streamlit.runtime.caching.cache_data_api: No runtime found, using MemoryCacheStorageManager
2026-09-30 19:07:13.629 WARNING streamlit.runtime.caching.cache_data_api: No runtime found, using MemoryCacheStorageManager
2026-09-30 19:07:13.629 WARNING streamlit.runtime.caching.cache_data_api: No runtime found, using MemoryCacheStorageManager
2026-09-30 19:07:13.630 WARNING streamlit.runtime.caching.cache_data_api: No runtime found, using MemoryCacheStorageManager
2026-09-30 19:07:13.630 WARNING streamlit.runtime.caching.cache_data_api: No runtime found, using MemoryCacheStorageManager
2026-09-30 19:07:13.630 WARNING streamlit.runtime.caching.cache_data_api: No runtime found, using MemoryCacheStorageManager
2026-09-30 19:07:13.630 WARNING streamlit.runtime.caching.cache_data_api: No runtime found, using MemoryCacheStorageManager
2026-09-30 19:07:13.631 WARNING streamlit.runtime.caching.cache_data_api: No runtime found, using MemoryCacheStorageManager
2026-09-30 19:07:13.631 WARNING streamlit.runtime.caching.cache_data_api: No runtime found, using MemoryCacheStorageManager
2026-09-30 19:07:13.631 WARNING streamlit.runtime.caching.cache_data_api: No runtime found, using MemoryCacheStorageManager
2026-09-30 19:07:13.632 WARNING streamlit.runtime.caching.cache_data_api: No runtime found, using MemoryCacheStorageManager
2026-09-30 19:07:13.632 WARNING streamlit.runtime.caching.cache_data_api: No runtime found, using MemoryCacheStorageManager
2026-09-30 19:07:13.632 WARNING streamlit.runtime.caching.cache_data_api: No runtime found, using MemoryCacheStorageManager
2026-09-30 19:07:13.632 WARNING streamlit.runtime.caching.cache_data_api: No runtime found, using MemoryCacheStorageManager
2026-09-30 19:07:13.634 WARNING streamlit.runtime.caching.cache_data_api: No runtime found, using MemoryCacheStorageManager
2026-09-30 19:07:13.634 WARNING streamlit.runtime.caching.cache_data_api: No runtime found, using MemoryCacheStorageManager
2026-09-30 19:07:13.634 WARNING streamlit.runtime.caching.cache_data_api: No runtime found, using MemoryCacheStorageManager
2026-09-30 19:07:13.635 WARNING streamlit.runtime.caching.cache_data_api: No runtime found, using MemoryCacheStorageManager
2026-09-30 19:07:13.635 WARNING streamlit.runtime.caching.cache_data_api: No runtime found, using MemoryCacheStorageManager
2026-09-30 19:07:13.636 WARNING streamlit.runtime.caching.cache_data_api: No runtime found, using MemoryCacheStorageManager
2026-09-30 19:07:13.636 WARNING streamlit.runtime.caching.cache_data_api: No runtime found, using MemoryCacheStorageManager
2026-09-30 19:07:13.637 WARNING streamlit.runtime.caching.cache_data_api: No runtime found, using MemoryCacheStorageManager
2026-09-30 19:07:13.639 WARNING streamlit.runtime.caching.cache_data_api: No runtime found, using MemoryCacheStorageManager
2026-09-30 19:07:13.665 WARNING streamlit.runtime.caching.cache_data_api: No runtime found, using MemoryCacheStorageManager
2026-09-30 19:07:13.666 WARNING streamlit.runtime.caching.cache_data_api: No runtime found, using MemoryCacheStorageManager
2026-09-30 19:07:13.667 WARNING streamlit.runtime.caching.cache_data_api: No runtime found, using MemoryCacheStorageManager
2026-09-30 19:07:13.667 WARNING streamlit.runtime.caching.cache_data_api: No runtime found, using MemoryCacheStorageManager
2026-09-30 19:07:13.667 WARNING streamlit.runtime.caching.cache_data_api: No runtime found, using MemoryCacheStorageManager
2026-09-30 19:07:13.668 WARNING streamlit.runtime.caching.cache_data_api: No runtime found, using MemoryCacheStorageManager
2026-09-30 19:07:13.669 WARNING streamlit.runtime.caching.cache_data_api: No runtime found, using MemoryCacheStorageManager
2026-09-30 19:07:13.669 WARNING streamlit.runtime.caching.cache_data_api: No runtime found, using MemoryCacheStorageManager
2026-09-30 19:07:13.669 WARNING streamlit.runtime.caching.cache_data_api: No runtime found, using MemoryCacheStorageManager
2026-09-30 19:07:13.675 WARNING streamlit.runtime.caching.cache_data_api: No runtime found, using MemoryCacheStorageManager
2026-09-30 19:07:13.677 WARNING streamlit.runtime.caching.cache_data_api: No runtime found, using MemoryCacheStorageManager
2026-09-30 19:07:13.708 WARNING streamlit.runtime.caching.cache_data_api: No runtime found, using MemoryCacheStorageManager
2026-09-30 19:07:13.708 WARNING streamlit.runtime.scriptrunner_utils.script_run_context: Thread 'MainThread': missing ScriptRunContext! This warning can be ignored when running in bare mode.
2026-09-30 19:07:13.708 WARNING streamlit.runtime.caching.cache_data_api: No runtime found, using MemoryCacheStorageManager
2026-09-30 19:07:14.193 WARNING streamlit.runtime.caching.cache_data_api: No runtime found, using MemoryCacheStorageManager
2026-09-30 19:07:14.906 WARNING streamlit.runtime.caching.cache_data_api: No runtime found, using MemoryCacheStorageManager
2026-09-30 19:07:14.907 WARNING streamlit.runtime.scriptrunner_utils.script_run_context: Thread 'MainThread': missing ScriptRunContext! This warning can be ignored when running in bare mode.
2026-09-30 19:07:15.284 WARNING streamlit.runtime.caching.cache_data_api: No runtime found, using MemoryCacheStorageManager
2026-09-30 19:07:15.300 WARNING streamlit.runtime.caching.cache_data_api: No runtime found, using MemoryCacheStorageManager
2026-09-30 19:07:18.417 WARNING streamlit.runtime.caching.cache_data_api: No runtime found, using MemoryCacheStorageManager
2026-09-30 19:07:18.426 WARNING streamlit.runtime.caching.cache_data_api: No runtime found, using MemoryCacheStorageManager
2026-09-30 19:07:41.628 WARNING streamlit.runtime.caching.cache_data_api: No runtime found, using MemoryCacheStorageManager
2026-09-30 19:07:41.629 WARNING streamlit.runtime.caching.cache_data_api: No runtime found, using MemoryCacheStorageManager
2026-09-30 19:07:44.581 WARNING streamlit.runtime.caching.cache_data_api: No runtime found, using MemoryCacheStorageManager
2026-09-30 19:30:36.045 WARNING streamlit.runtime.scriptrunner_utils.script_run_context: Thread 'MainThread': missing ScriptRunContext! This warning can be ignored when running in bare mode.
2026-09-30 19:30:37.039 WARNING streamlit.runtime.scriptrunner_utils.script_run_context: Thread 'MainThread': missing ScriptRunContext! This warning can be ignored when running in bare mode.
2026-09-30 19:51:40.534 WARNING streamlit.runtime.scriptrunner_utils.script_run_context: Thread 'MainThread': missing ScriptRunContext! This warning can be ignored when running in bare mode.
2026-09-30 19:51:41.569 WARNING streamlit.runtime.scriptrunner_utils.script_run_context: Thread 'MainThread': missing ScriptRunContext! This warning can be ignored when running in bare mode.
2026-09-30 20:29:29.960 WARNING streamlit.runtime.scriptrunner_utils.script_run_context: Thread 'MainThread': missing ScriptRunContext! This warning can be ignored when running in bare mode.
2026-09-30 20:29:31.104 WARNING streamlit.runtime.scriptrunner_utils.script_run_context: Thread 'MainThread': missing ScriptRunContext! This warning can be ignored when running in bare mode.
years=[2022, 2023, 2024, 2025] weeks=3-17 scoring=Full PPR harness=v2
ablating: []
adding as candidate: ['v2_rb_rush_yards_script_neutral']
add-features (forced on in both arms): ['v2_historical_injury_replay', 'v2_historical_reserve_replay']
DEFAULT_FEATURES size: 42

==============================================================================
v2_rb_rush_yards_script_neutral  [add mode, harness v2]
==============================================================================
  ALL        n=18577  RMSE 6.229->6.227 (Δ-0.002 CI[-0.006,+0.002])  pairwiseAcc 0.754->0.754 (Δ+0.000 CI[-0.000,+0.000])  bias -0.417->-0.396  MAE(secondary) 4.406->4.408  weeks-var-better(RMSE) 34-26
  QB         n=1870   RMSE 7.890->7.890 (Δ+0.000 CI[+0.000,+0.000])  pairwiseAcc 0.653->0.653 (Δ+0.000 CI[+0.000,+0.000])  bias -0.925->-0.925  MAE(secondary) 6.242->6.242  weeks-var-better(RMSE) 0-0
  RB         n=4910   RMSE 6.284->6.274 (Δ-0.010 CI[-0.026,+0.006])  pairwiseAcc 0.768->0.768 (Δ+0.000 CI[-0.001,+0.001])  bias -0.511->-0.434  MAE(secondary) 4.379->4.387  weeks-var-better(RMSE) 33-27
  WR         n=7844   RMSE 6.199->6.200 (Δ+0.001 CI[-0.001,+0.003])  pairwiseAcc 0.745->0.745 (Δ-0.000 CI[-0.000,+0.000])  bias -0.177->-0.177  MAE(secondary) 4.442->4.442  weeks-var-better(RMSE) 16-16
  TE         n=3953   RMSE 5.018->5.017 (Δ-0.000 CI[-0.002,+0.001])  pairwiseAcc 0.722->0.722 (Δ-0.000 CI[-0.000,+0.000])  bias -0.535->-0.535  MAE(secondary) 3.498->3.498  weeks-var-better(RMSE) 13-13
  START-QB   n=1377   RMSE 7.470->7.470 (Δ+0.000 CI[+0.000,+0.000])  pairwiseAcc 0.611->0.611 (Δ+0.000 CI[+0.000,+0.000])  bias -0.170->-0.170  MAE(secondary) 5.994->5.994  weeks-var-better(RMSE) 0-0
  START-RB   n=2361   RMSE 7.705->7.689 (Δ-0.016 CI[-0.044,+0.011])  pairwiseAcc 0.650->0.651 (Δ+0.001 CI[-0.002,+0.004])  bias -0.695->-0.577  MAE(secondary) 5.979->5.981  weeks-var-better(RMSE) 33-27
  START-WR   n=3199   RMSE 7.946->7.948 (Δ+0.002 CI[-0.001,+0.006])  pairwiseAcc 0.611->0.611 (Δ-0.000 CI[-0.001,+0.001])  bias -0.282->-0.281  MAE(secondary) 6.195->6.194  weeks-var-better(RMSE) 15-13
  START-TE   n=1169   RMSE 6.676->6.677 (Δ+0.001 CI[-0.003,+0.004])  pairwiseAcc 0.605->0.605 (Δ-0.000 CI[-0.001,+0.001])  bias -0.679->-0.680  MAE(secondary) 5.206->5.208  weeks-var-better(RMSE) 8-11
  START-ALL  n=8106   RMSE 7.686->7.683 (Δ-0.004 CI[-0.012,+0.004])  pairwiseAcc 0.646->0.646 (Δ+0.000 CI[-0.000,+0.001])  bias -0.441->-0.406  MAE(secondary) 5.955->5.956  weeks-var-better(RMSE) 33-27
  VERDICT (add): INCONCLUSIVE   [bias growth -0.035, Holm-adjusted per-position p [np.float64(1.0), np.float64(1.0), np.float64(1.0), np.float64(1.0)]]
  RECOMMENDATION: no significant effect from adding 'v2_rb_rush_yards_script_neutral' - stays unshipped, no evidence to promote it.

======================================================================
TOP 25 LARGEST MISSES - shipped model (DEFAULT_FEATURES), startable cut, 8046 player-weeks scored
======================================================================
 year  wk  pos  player                     pred  actual   error  note
 2023  11   WR  Tank Dell                  11.4    57.8   -46.4  UNDERPROJECTED (boom)
 2023   9   WR  Tank Dell                  12.8    59.2   -46.4  UNDERPROJECTED (boom)
 2023   4   RB  De'Von Achane               7.9    54.0   -46.1  UNDERPROJECTED (boom)
 2023  13   RB  De'Von Achane               8.1    50.6   -42.5  UNDERPROJECTED (boom)
 2023   3   WR  Tank Dell                   8.9    51.0   -42.1  UNDERPROJECTED (boom)
 2022   9   RB  Joe Mixon                  14.5    55.1   -40.6  UNDERPROJECTED (boom)
 2023  17   RB  De'Von Achane               9.3    47.4   -38.1  UNDERPROJECTED (boom)
 2025  15   TE  Kyle Pitts                  8.4    45.6   -37.2  UNDERPROJECTED (boom)
 2022  17   WR  Mike Evans                 12.1    48.7   -36.6  UNDERPROJECTED (boom)
 2023   5   WR  Ja'Marr Chase              16.2    52.2   -36.0  UNDERPROJECTED (boom)
 2023  16   WR  Amari Cooper               15.7    51.5   -35.8  UNDERPROJECTED (boom)
 2023   5   WR  DJ Moore                   13.3    49.0   -35.7  UNDERPROJECTED (boom)
 2022  14   TE  Evan Engram                 6.0    39.2   -33.2  UNDERPROJECTED (boom)
 2022   4   TE  T.J. Hockenson              6.7    39.9   -33.2  UNDERPROJECTED (boom)
 2024  10   WR  Ja'Marr Chase              22.4    55.4   -33.0  UNDERPROJECTED (boom)
 2024  14   RB  Zach Charbonnet             6.0    38.3   -32.3  UNDERPROJECTED (boom)
 2023  14   WR  Odell Beckham Jr.           7.5    39.4   -31.9  UNDERPROJECTED (boom)
 2024   3   WR  Jauan Jennings             14.8    46.5   -31.7  UNDERPROJECTED (boom)
 2025   9   TE  Brock Bowers               11.7    43.3   -31.6  UNDERPROJECTED (boom)
 2025  12   RB  Jahmyr Gibbs               24.2    55.4   -31.2  UNDERPROJECTED (boom)
 2022  12   RB  Josh Jacobs                17.6    48.3   -30.7  UNDERPROJECTED (boom)
 2023   5   RB  De'Von Achane              13.2    43.0   -29.8  UNDERPROJECTED (boom)
 2022   8   RB  Alvin Kamara               13.1    42.8   -29.7  UNDERPROJECTED (boom)
 2025  17   RB  Derrick Henry              16.2    45.6   -29.4  UNDERPROJECTED (boom)
 2024  14   WR  Puka Nacua                 13.0    41.8   -28.8  UNDERPROJECTED (boom)

-- top 8 per position --

  QB:
    2025 w15 Trevor Lawrence         pred   16.0  actual   44.3  err  -28.3  (boom)
    2022 w9  Justin Fields           pred   16.3  actual   42.7  err  -26.4  (boom)
    2023 w9  C.J. Stroud             pred   16.0  actual   41.8  err  -25.8  (boom)
    2024 w15 Jared Goff              pred   16.5  actual   41.1  err  -24.6  (boom)
    2025 w7  Bo Nix                  pred   16.0  actual   40.0  err  -24.0  (boom)
    2025 w11 Josh Allen              pred   19.4  actual   42.7  err  -23.3  (boom)
    2025 w9  Caleb Williams          pred   15.8  actual   38.7  err  -22.9  (boom)
    2022 w17 Tom Brady               pred   16.5  actual   37.7  err  -21.2  (boom)

  RB:
    2023 w4  De'Von Achane           pred    7.9  actual   54.0  err  -46.1  (boom)
    2023 w13 De'Von Achane           pred    8.1  actual   50.6  err  -42.5  (boom)
    2022 w9  Joe Mixon               pred   14.5  actual   55.1  err  -40.6  (boom)
    2023 w17 De'Von Achane           pred    9.3  actual   47.4  err  -38.1  (boom)
    2024 w14 Zach Charbonnet         pred    6.0  actual   38.3  err  -32.3  (boom)
    2025 w12 Jahmyr Gibbs            pred   24.2  actual   55.4  err  -31.2  (boom)
    2022 w12 Josh Jacobs             pred   17.6  actual   48.3  err  -30.7  (boom)
    2023 w5  De'Von Achane           pred   13.2  actual   43.0  err  -29.8  (boom)

  WR:
    2023 w11 Tank Dell               pred   11.4  actual   57.8  err  -46.4  (boom)
    2023 w9  Tank Dell               pred   12.8  actual   59.2  err  -46.4  (boom)
    2023 w3  Tank Dell               pred    8.9  actual   51.0  err  -42.1  (boom)
    2022 w17 Mike Evans              pred   12.1  actual   48.7  err  -36.6  (boom)
    2023 w5  Ja'Marr Chase           pred   16.2  actual   52.2  err  -36.0  (boom)
    2023 w16 Amari Cooper            pred   15.7  actual   51.5  err  -35.8  (boom)
    2023 w5  DJ Moore                pred   13.3  actual   49.0  err  -35.7  (boom)
    2024 w10 Ja'Marr Chase           pred   22.4  actual   55.4  err  -33.0  (boom)

  TE:
    2025 w15 Kyle Pitts              pred    8.4  actual   45.6  err  -37.2  (boom)
    2022 w14 Evan Engram             pred    6.0  actual   39.2  err  -33.2  (boom)
    2022 w4  T.J. Hockenson          pred    6.7  actual   39.9  err  -33.2  (boom)
    2025 w9  Brock Bowers            pred   11.7  actual   43.3  err  -31.6  (boom)
    2025 w15 Trey McBride            pred   14.0  actual   37.4  err  -23.4  (boom)
    2022 w16 Tyler Higbee            pred    7.2  actual   30.4  err  -23.2  (boom)
    2022 w16 T.J. Hockenson          pred   12.9  actual   35.9  err  -23.0  (boom)
    2023 w14 Evan Engram             pred    9.8  actual   32.5  err  -22.7  (boom)
