2026-09-29 13:58:24.658 WARNING streamlit.runtime.caching.cache_data_api: No runtime found, using MemoryCacheStorageManager
2026-09-29 13:58:24.659 WARNING streamlit.runtime.caching.cache_data_api: No runtime found, using MemoryCacheStorageManager
2026-09-29 13:58:24.660 WARNING streamlit.runtime.caching.cache_data_api: No runtime found, using MemoryCacheStorageManager
2026-09-29 13:58:24.660 WARNING streamlit.runtime.caching.cache_data_api: No runtime found, using MemoryCacheStorageManager
2026-09-29 13:58:24.663 WARNING streamlit.runtime.caching.cache_data_api: No runtime found, using MemoryCacheStorageManager
2026-09-29 13:58:24.663 WARNING streamlit.runtime.caching.cache_data_api: No runtime found, using MemoryCacheStorageManager
2026-09-29 13:58:24.664 WARNING streamlit.runtime.caching.cache_data_api: No runtime found, using MemoryCacheStorageManager
2026-09-29 13:58:24.664 WARNING streamlit.runtime.caching.cache_data_api: No runtime found, using MemoryCacheStorageManager
2026-09-29 13:58:24.665 WARNING streamlit.runtime.caching.cache_data_api: No runtime found, using MemoryCacheStorageManager
2026-09-29 13:58:24.665 WARNING streamlit.runtime.caching.cache_data_api: No runtime found, using MemoryCacheStorageManager
2026-09-29 13:58:24.665 WARNING streamlit.runtime.caching.cache_data_api: No runtime found, using MemoryCacheStorageManager
2026-09-29 13:58:24.665 WARNING streamlit.runtime.caching.cache_data_api: No runtime found, using MemoryCacheStorageManager
2026-09-29 13:58:24.666 WARNING streamlit.runtime.caching.cache_data_api: No runtime found, using MemoryCacheStorageManager
2026-09-29 13:58:24.666 WARNING streamlit.runtime.caching.cache_data_api: No runtime found, using MemoryCacheStorageManager
2026-09-29 13:58:24.666 WARNING streamlit.runtime.caching.cache_data_api: No runtime found, using MemoryCacheStorageManager
2026-09-29 13:58:24.667 WARNING streamlit.runtime.caching.cache_data_api: No runtime found, using MemoryCacheStorageManager
2026-09-29 13:58:24.667 WARNING streamlit.runtime.caching.cache_data_api: No runtime found, using MemoryCacheStorageManager
2026-09-29 13:58:24.667 WARNING streamlit.runtime.caching.cache_data_api: No runtime found, using MemoryCacheStorageManager
2026-09-29 13:58:24.668 WARNING streamlit.runtime.caching.cache_data_api: No runtime found, using MemoryCacheStorageManager
2026-09-29 13:58:24.668 WARNING streamlit.runtime.caching.cache_data_api: No runtime found, using MemoryCacheStorageManager
2026-09-29 13:58:24.668 WARNING streamlit.runtime.caching.cache_data_api: No runtime found, using MemoryCacheStorageManager
2026-09-29 13:58:24.668 WARNING streamlit.runtime.caching.cache_data_api: No runtime found, using MemoryCacheStorageManager
2026-09-29 13:58:24.669 WARNING streamlit.runtime.caching.cache_data_api: No runtime found, using MemoryCacheStorageManager
2026-09-29 13:58:24.669 WARNING streamlit.runtime.caching.cache_data_api: No runtime found, using MemoryCacheStorageManager
2026-09-29 13:58:24.670 WARNING streamlit.runtime.caching.cache_data_api: No runtime found, using MemoryCacheStorageManager
2026-09-29 13:58:24.670 WARNING streamlit.runtime.caching.cache_data_api: No runtime found, using MemoryCacheStorageManager
2026-09-29 13:58:24.670 WARNING streamlit.runtime.caching.cache_data_api: No runtime found, using MemoryCacheStorageManager
2026-09-29 13:58:24.671 WARNING streamlit.runtime.caching.cache_data_api: No runtime found, using MemoryCacheStorageManager
2026-09-29 13:58:24.671 WARNING streamlit.runtime.caching.cache_data_api: No runtime found, using MemoryCacheStorageManager
2026-09-29 13:58:24.672 WARNING streamlit.runtime.caching.cache_data_api: No runtime found, using MemoryCacheStorageManager
2026-09-29 13:58:24.672 WARNING streamlit.runtime.caching.cache_data_api: No runtime found, using MemoryCacheStorageManager
2026-09-29 13:58:24.673 WARNING streamlit.runtime.caching.cache_data_api: No runtime found, using MemoryCacheStorageManager
2026-09-29 13:58:24.675 WARNING streamlit.runtime.caching.cache_data_api: No runtime found, using MemoryCacheStorageManager
2026-09-29 13:58:24.692 WARNING streamlit.runtime.caching.cache_data_api: No runtime found, using MemoryCacheStorageManager
2026-09-29 13:58:24.693 WARNING streamlit.runtime.caching.cache_data_api: No runtime found, using MemoryCacheStorageManager
2026-09-29 13:58:24.693 WARNING streamlit.runtime.caching.cache_data_api: No runtime found, using MemoryCacheStorageManager
2026-09-29 13:58:24.694 WARNING streamlit.runtime.caching.cache_data_api: No runtime found, using MemoryCacheStorageManager
2026-09-29 13:58:24.694 WARNING streamlit.runtime.caching.cache_data_api: No runtime found, using MemoryCacheStorageManager
2026-09-29 13:58:24.695 WARNING streamlit.runtime.caching.cache_data_api: No runtime found, using MemoryCacheStorageManager
2026-09-29 13:58:24.695 WARNING streamlit.runtime.caching.cache_data_api: No runtime found, using MemoryCacheStorageManager
2026-09-29 13:58:24.696 WARNING streamlit.runtime.caching.cache_data_api: No runtime found, using MemoryCacheStorageManager
2026-09-29 13:58:24.696 WARNING streamlit.runtime.caching.cache_data_api: No runtime found, using MemoryCacheStorageManager
2026-09-29 13:58:24.700 WARNING streamlit.runtime.caching.cache_data_api: No runtime found, using MemoryCacheStorageManager
2026-09-29 13:58:24.702 WARNING streamlit.runtime.caching.cache_data_api: No runtime found, using MemoryCacheStorageManager
2026-09-29 13:58:24.731 WARNING streamlit.runtime.caching.cache_data_api: No runtime found, using MemoryCacheStorageManager
2026-09-29 13:58:24.732 WARNING streamlit.runtime.scriptrunner_utils.script_run_context: Thread 'MainThread': missing ScriptRunContext! This warning can be ignored when running in bare mode.
2026-09-29 13:58:24.732 WARNING streamlit.runtime.caching.cache_data_api: No runtime found, using MemoryCacheStorageManager
2026-09-29 13:58:25.209 WARNING streamlit.runtime.caching.cache_data_api: No runtime found, using MemoryCacheStorageManager
2026-09-29 13:58:25.752 WARNING streamlit.runtime.caching.cache_data_api: No runtime found, using MemoryCacheStorageManager
2026-09-29 13:58:25.752 WARNING streamlit.runtime.scriptrunner_utils.script_run_context: Thread 'MainThread': missing ScriptRunContext! This warning can be ignored when running in bare mode.
2026-09-29 13:58:26.086 WARNING streamlit.runtime.caching.cache_data_api: No runtime found, using MemoryCacheStorageManager
2026-09-29 13:58:26.099 WARNING streamlit.runtime.caching.cache_data_api: No runtime found, using MemoryCacheStorageManager
2026-09-29 13:58:39.255 WARNING streamlit.runtime.caching.cache_data_api: No runtime found, using MemoryCacheStorageManager
2026-09-29 13:58:39.263 WARNING streamlit.runtime.caching.cache_data_api: No runtime found, using MemoryCacheStorageManager
2026-09-29 13:58:56.796 WARNING streamlit.runtime.caching.cache_data_api: No runtime found, using MemoryCacheStorageManager
2026-09-29 13:58:56.796 WARNING streamlit.runtime.caching.cache_data_api: No runtime found, using MemoryCacheStorageManager
2026-09-29 13:58:59.546 WARNING streamlit.runtime.caching.cache_data_api: No runtime found, using MemoryCacheStorageManager
2026-09-29 14:33:38.159 WARNING streamlit.runtime.scriptrunner_utils.script_run_context: Thread 'MainThread': missing ScriptRunContext! This warning can be ignored when running in bare mode.
2026-09-29 14:33:39.260 WARNING streamlit.runtime.scriptrunner_utils.script_run_context: Thread 'MainThread': missing ScriptRunContext! This warning can be ignored when running in bare mode.
years=[2024, 2025] weeks=3-17 scoring=Full PPR harness=v2
ablating: []
adding as candidate: ['v2_wrte_participation']
add-features (forced on in both arms): ['v2_historical_injury_replay']
DEFAULT_FEATURES size: 37

==============================================================================
v2_wrte_participation  [add mode, harness v2]
==============================================================================
  ALL        n=9427   RMSE 6.192->6.175 (Δ-0.017 CI[-0.025,-0.009])  pairwiseAcc 0.758->0.759 (Δ+0.001 CI[+0.000,+0.001])  bias -0.561->-0.538  MAE(secondary) 4.388->4.370  weeks-var-better(RMSE) 22-8
  QB         n=953    RMSE 8.292->8.292 (Δ+0.000 CI[+0.000,+0.000])  pairwiseAcc 0.641->0.641 (Δ+0.000 CI[+0.000,+0.000])  bias -0.948->-0.948  MAE(secondary) 6.546->6.546  weeks-var-better(RMSE) 0-0
  RB         n=2493   RMSE 6.092->6.094 (Δ+0.001 CI[-0.009,+0.011])  pairwiseAcc 0.776->0.776 (Δ-0.000 CI[-0.000,+0.000])  bias -0.240->-0.141  MAE(secondary) 4.322->4.340  weeks-var-better(RMSE) 9-21
  WR         n=3959   RMSE 6.107->6.073 (Δ-0.033 CI[-0.049,-0.018])  pairwiseAcc 0.747->0.749 (Δ+0.001 CI[+0.000,+0.002])  bias -0.576->-0.552  MAE(secondary) 4.353->4.315  weeks-var-better(RMSE) 23-7
  TE         n=2022   RMSE 5.053->5.033 (Δ-0.020 CI[-0.034,-0.005])  pairwiseAcc 0.730->0.733 (Δ+0.003 CI[+0.001,+0.004])  bias -0.744->-0.808  MAE(secondary) 3.522->3.487  weeks-var-better(RMSE) 19-11
  START-QB   n=685    RMSE 7.720->7.720 (Δ+0.000 CI[+0.000,+0.000])  pairwiseAcc 0.592->0.592 (Δ+0.000 CI[+0.000,+0.000])  bias -0.085->-0.085  MAE(secondary) 6.239->6.239  weeks-var-better(RMSE) 0-0
  START-RB   n=1100   RMSE 7.679->7.683 (Δ+0.004 CI[-0.013,+0.020])  pairwiseAcc 0.650->0.650 (Δ+0.000 CI[-0.001,+0.001])  bias -0.316->-0.144  MAE(secondary) 6.012->6.039  weeks-var-better(RMSE) 11-19
  START-WR   n=1519   RMSE 7.855->7.792 (Δ-0.062 CI[-0.090,-0.034])  pairwiseAcc 0.608->0.611 (Δ+0.003 CI[-0.000,+0.007])  bias -1.132->-0.837  MAE(secondary) 6.117->6.094  weeks-var-better(RMSE) 24-6
  START-TE   n=567    RMSE 6.859->6.817 (Δ-0.042 CI[-0.071,-0.013])  pairwiseAcc 0.579->0.589 (Δ+0.010 CI[+0.003,+0.017])  bias -1.572->-1.406  MAE(secondary) 5.348->5.323  weeks-var-better(RMSE) 23-7
  START-ALL  n=3871   RMSE 7.705->7.674 (Δ-0.031 CI[-0.045,-0.017])  pairwiseAcc 0.643->0.645 (Δ+0.002 CI[+0.001,+0.003])  bias -0.779->-0.590  MAE(secondary) 5.996->5.991  weeks-var-better(RMSE) 23-7
  VERDICT (add): SHIP-ELIGIBLE   [bias growth -0.189, Holm-adjusted per-position p [np.float64(1.0), np.float64(0.401), np.float64(1.0), np.float64(1.0)]]
  RECOMMENDATION: candidate 'v2_wrte_participation' measurably HELPED when added - consider promoting it into DEFAULT_FEATURES.

======================================================================
TOP 25 LARGEST MISSES - shipped model (DEFAULT_FEATURES), startable cut, 3811 player-weeks scored
======================================================================
 year  wk  pos  player                     pred  actual   error  note
 2025  15   TE  Kyle Pitts                  7.8    45.6   -37.8  UNDERPROJECTED (boom)
 2024  10   WR  Ja'Marr Chase              19.3    55.4   -36.1  UNDERPROJECTED (boom)
 2025   9   TE  Brock Bowers               10.5    43.3   -32.8  UNDERPROJECTED (boom)
 2024  14   RB  Zach Charbonnet             6.1    38.3   -32.2  UNDERPROJECTED (boom)
 2024   3   WR  Jauan Jennings             14.7    46.5   -31.8  UNDERPROJECTED (boom)
 2025  12   RB  Jahmyr Gibbs               25.5    55.4   -29.9  UNDERPROJECTED (boom)
 2024  15   WR  Davante Adams              13.8    42.8   -29.0  UNDERPROJECTED (boom)
 2024  14   WR  Puka Nacua                 12.8    41.8   -29.0  UNDERPROJECTED (boom)
 2025  16   WR  Puka Nacua                 17.7    46.5   -28.8  UNDERPROJECTED (boom)
 2025  17   RB  Derrick Henry              17.4    45.6   -28.1  UNDERPROJECTED (boom)
 2025  15   QB  Trevor Lawrence            16.4    44.3   -27.9  UNDERPROJECTED (boom)
 2025  11   RB  Sean Tucker                 7.0    34.0   -27.0  UNDERPROJECTED (boom)
 2025  16   WR  Chris Olave                 9.9    36.8   -26.9  UNDERPROJECTED (boom)
 2025  10   RB  Jonathan Taylor            22.9    49.6   -26.7  UNDERPROJECTED (boom)
 2024  14   WR  Ja'Marr Chase              18.5    45.1   -26.6  UNDERPROJECTED (boom)
 2025  15   WR  Amon-Ra St. Brown          14.9    41.4   -26.5  UNDERPROJECTED (boom)
 2024   8   WR  CeeDee Lamb                13.2    39.6   -26.4  UNDERPROJECTED (boom)
 2024   5   WR  Ja'Marr Chase              14.9    41.3   -26.4  UNDERPROJECTED (boom)
 2024  12   RB  Saquon Barkley             20.0    46.2   -26.2  UNDERPROJECTED (boom)
 2024  16   RB  Jonathan Taylor            13.7    39.8   -26.1  UNDERPROJECTED (boom)
 2024  13   WR  Jerry Jeudy                14.8    40.5   -25.8  UNDERPROJECTED (boom)
 2024   3   RB  De'Von Achane              34.5     8.8   +25.7  OVERPROJECTED (bust)
 2024  17   WR  Tee Higgins                14.6    40.1   -25.5  UNDERPROJECTED (boom)
 2025  17   RB  Bijan Robinson             14.6    39.9   -25.3  UNDERPROJECTED (boom)
 2025  15   TE  Trey McBride               12.6    37.4   -24.8  UNDERPROJECTED (boom)

-- top 8 per position --

  QB:
    2025 w15 Trevor Lawrence         pred   16.4  actual   44.3  err  -27.9  (boom)
    2024 w15 Jared Goff              pred   16.9  actual   41.1  err  -24.1  (boom)
    2025 w7  Bo Nix                  pred   16.3  actual   40.0  err  -23.7  (boom)
    2025 w11 Josh Allen              pred   19.9  actual   42.7  err  -22.8  (boom)
    2025 w9  Caleb Williams          pred   16.2  actual   38.7  err  -22.5  (boom)
    2025 w14 Shedeur Sanders         pred   14.1  actual   33.5  err  -19.3  (boom)
    2025 w14 Daniel Jones            pred   19.9  actual    0.8  err  +19.1  (bust)
    2025 w11 Justin Herbert          pred   22.4  actual    3.3  err  +19.0  (bust)

  RB:
    2024 w14 Zach Charbonnet         pred    6.1  actual   38.3  err  -32.2  (boom)
    2025 w12 Jahmyr Gibbs            pred   25.5  actual   55.4  err  -29.9  (boom)
    2025 w17 Derrick Henry           pred   17.4  actual   45.6  err  -28.1  (boom)
    2025 w11 Sean Tucker             pred    7.0  actual   34.0  err  -27.0  (boom)
    2025 w10 Jonathan Taylor         pred   22.9  actual   49.6  err  -26.7  (boom)
    2024 w12 Saquon Barkley          pred   20.0  actual   46.2  err  -26.2  (boom)
    2024 w16 Jonathan Taylor         pred   13.7  actual   39.8  err  -26.1  (boom)
    2024 w3  De'Von Achane           pred   34.5  actual    8.8  err  +25.7  (bust)

  WR:
    2024 w10 Ja'Marr Chase           pred   19.3  actual   55.4  err  -36.1  (boom)
    2024 w3  Jauan Jennings          pred   14.7  actual   46.5  err  -31.8  (boom)
    2024 w15 Davante Adams           pred   13.8  actual   42.8  err  -29.0  (boom)
    2024 w14 Puka Nacua              pred   12.8  actual   41.8  err  -29.0  (boom)
    2025 w16 Puka Nacua              pred   17.7  actual   46.5  err  -28.8  (boom)
    2025 w16 Chris Olave             pred    9.9  actual   36.8  err  -26.9  (boom)
    2024 w14 Ja'Marr Chase           pred   18.5  actual   45.1  err  -26.6  (boom)
    2025 w15 Amon-Ra St. Brown       pred   14.9  actual   41.4  err  -26.5  (boom)

  TE:
    2025 w15 Kyle Pitts              pred    7.8  actual   45.6  err  -37.8  (boom)
    2025 w9  Brock Bowers            pred   10.5  actual   43.3  err  -32.8  (boom)
    2025 w15 Trey McBride            pred   12.6  actual   37.4  err  -24.8  (boom)
    2024 w11 Brock Bowers            pred    8.8  actual   31.3  err  -22.5  (boom)
    2025 w8  Tucker Kraft            pred   11.0  actual   33.3  err  -22.3  (boom)
    2025 w3  Hunter Henry            pred    7.5  actual   29.0  err  -21.6  (boom)
    2024 w11 Jonnu Smith             pred    6.6  actual   28.1  err  -21.5  (boom)
    2024 w8  Cade Otton              pred    9.1  actual   29.1  err  -20.0  (boom)
