2026-10-06 08:04:52.382 WARNING streamlit.runtime.caching.cache_data_api: No runtime found, using MemoryCacheStorageManager
2026-10-06 08:04:52.383 WARNING streamlit.runtime.caching.cache_data_api: No runtime found, using MemoryCacheStorageManager
2026-10-06 08:04:52.383 WARNING streamlit.runtime.caching.cache_data_api: No runtime found, using MemoryCacheStorageManager
2026-10-06 08:04:52.384 WARNING streamlit.runtime.caching.cache_data_api: No runtime found, using MemoryCacheStorageManager
2026-10-06 08:04:52.387 WARNING streamlit.runtime.caching.cache_data_api: No runtime found, using MemoryCacheStorageManager
2026-10-06 08:04:52.387 WARNING streamlit.runtime.caching.cache_data_api: No runtime found, using MemoryCacheStorageManager
2026-10-06 08:04:52.388 WARNING streamlit.runtime.caching.cache_data_api: No runtime found, using MemoryCacheStorageManager
2026-10-06 08:04:52.388 WARNING streamlit.runtime.caching.cache_data_api: No runtime found, using MemoryCacheStorageManager
2026-10-06 08:04:52.389 WARNING streamlit.runtime.caching.cache_data_api: No runtime found, using MemoryCacheStorageManager
2026-10-06 08:04:52.389 WARNING streamlit.runtime.caching.cache_data_api: No runtime found, using MemoryCacheStorageManager
2026-10-06 08:04:52.389 WARNING streamlit.runtime.caching.cache_data_api: No runtime found, using MemoryCacheStorageManager
2026-10-06 08:04:52.389 WARNING streamlit.runtime.caching.cache_data_api: No runtime found, using MemoryCacheStorageManager
2026-10-06 08:04:52.390 WARNING streamlit.runtime.caching.cache_data_api: No runtime found, using MemoryCacheStorageManager
2026-10-06 08:04:52.390 WARNING streamlit.runtime.caching.cache_data_api: No runtime found, using MemoryCacheStorageManager
2026-10-06 08:04:52.391 WARNING streamlit.runtime.caching.cache_data_api: No runtime found, using MemoryCacheStorageManager
2026-10-06 08:04:52.391 WARNING streamlit.runtime.caching.cache_data_api: No runtime found, using MemoryCacheStorageManager
2026-10-06 08:04:52.391 WARNING streamlit.runtime.caching.cache_data_api: No runtime found, using MemoryCacheStorageManager
2026-10-06 08:04:52.391 WARNING streamlit.runtime.caching.cache_data_api: No runtime found, using MemoryCacheStorageManager
2026-10-06 08:04:52.392 WARNING streamlit.runtime.caching.cache_data_api: No runtime found, using MemoryCacheStorageManager
2026-10-06 08:04:52.392 WARNING streamlit.runtime.caching.cache_data_api: No runtime found, using MemoryCacheStorageManager
2026-10-06 08:04:52.392 WARNING streamlit.runtime.caching.cache_data_api: No runtime found, using MemoryCacheStorageManager
2026-10-06 08:04:52.392 WARNING streamlit.runtime.caching.cache_data_api: No runtime found, using MemoryCacheStorageManager
2026-10-06 08:04:52.393 WARNING streamlit.runtime.caching.cache_data_api: No runtime found, using MemoryCacheStorageManager
2026-10-06 08:04:52.393 WARNING streamlit.runtime.caching.cache_data_api: No runtime found, using MemoryCacheStorageManager
2026-10-06 08:04:52.394 WARNING streamlit.runtime.caching.cache_data_api: No runtime found, using MemoryCacheStorageManager
2026-10-06 08:04:52.394 WARNING streamlit.runtime.caching.cache_data_api: No runtime found, using MemoryCacheStorageManager
2026-10-06 08:04:52.394 WARNING streamlit.runtime.caching.cache_data_api: No runtime found, using MemoryCacheStorageManager
2026-10-06 08:04:52.395 WARNING streamlit.runtime.caching.cache_data_api: No runtime found, using MemoryCacheStorageManager
2026-10-06 08:04:52.395 WARNING streamlit.runtime.caching.cache_data_api: No runtime found, using MemoryCacheStorageManager
2026-10-06 08:04:52.396 WARNING streamlit.runtime.caching.cache_data_api: No runtime found, using MemoryCacheStorageManager
2026-10-06 08:04:52.396 WARNING streamlit.runtime.caching.cache_data_api: No runtime found, using MemoryCacheStorageManager
2026-10-06 08:04:52.397 WARNING streamlit.runtime.caching.cache_data_api: No runtime found, using MemoryCacheStorageManager
2026-10-06 08:04:52.399 WARNING streamlit.runtime.caching.cache_data_api: No runtime found, using MemoryCacheStorageManager
2026-10-06 08:04:52.422 WARNING streamlit.runtime.caching.cache_data_api: No runtime found, using MemoryCacheStorageManager
2026-10-06 08:04:52.423 WARNING streamlit.runtime.caching.cache_data_api: No runtime found, using MemoryCacheStorageManager
2026-10-06 08:04:52.423 WARNING streamlit.runtime.caching.cache_data_api: No runtime found, using MemoryCacheStorageManager
2026-10-06 08:04:52.423 WARNING streamlit.runtime.caching.cache_data_api: No runtime found, using MemoryCacheStorageManager
2026-10-06 08:04:52.424 WARNING streamlit.runtime.caching.cache_data_api: No runtime found, using MemoryCacheStorageManager
2026-10-06 08:04:52.424 WARNING streamlit.runtime.caching.cache_data_api: No runtime found, using MemoryCacheStorageManager
2026-10-06 08:04:52.425 WARNING streamlit.runtime.caching.cache_data_api: No runtime found, using MemoryCacheStorageManager
2026-10-06 08:04:52.425 WARNING streamlit.runtime.caching.cache_data_api: No runtime found, using MemoryCacheStorageManager
2026-10-06 08:04:52.426 WARNING streamlit.runtime.caching.cache_data_api: No runtime found, using MemoryCacheStorageManager
2026-10-06 08:04:52.440 WARNING streamlit.runtime.caching.cache_data_api: No runtime found, using MemoryCacheStorageManager
2026-10-06 08:04:52.442 WARNING streamlit.runtime.caching.cache_data_api: No runtime found, using MemoryCacheStorageManager
2026-10-06 08:04:52.472 WARNING streamlit.runtime.caching.cache_data_api: No runtime found, using MemoryCacheStorageManager
2026-10-06 08:04:52.472 WARNING streamlit.runtime.scriptrunner_utils.script_run_context: Thread 'MainThread': missing ScriptRunContext! This warning can be ignored when running in bare mode.
2026-10-06 08:04:52.472 WARNING streamlit.runtime.caching.cache_data_api: No runtime found, using MemoryCacheStorageManager
2026-10-06 08:04:52.974 WARNING streamlit.runtime.caching.cache_data_api: No runtime found, using MemoryCacheStorageManager
2026-10-06 08:04:53.508 WARNING streamlit.runtime.caching.cache_data_api: No runtime found, using MemoryCacheStorageManager
2026-10-06 08:04:53.509 WARNING streamlit.runtime.scriptrunner_utils.script_run_context: Thread 'MainThread': missing ScriptRunContext! This warning can be ignored when running in bare mode.
2026-10-06 08:04:53.843 WARNING streamlit.runtime.caching.cache_data_api: No runtime found, using MemoryCacheStorageManager
2026-10-06 08:04:53.858 WARNING streamlit.runtime.caching.cache_data_api: No runtime found, using MemoryCacheStorageManager
2026-10-06 08:04:57.521 WARNING streamlit.runtime.caching.cache_data_api: No runtime found, using MemoryCacheStorageManager
2026-10-06 08:04:57.529 WARNING streamlit.runtime.caching.cache_data_api: No runtime found, using MemoryCacheStorageManager
2026-10-06 08:05:16.529 WARNING streamlit.runtime.caching.cache_data_api: No runtime found, using MemoryCacheStorageManager
2026-10-06 08:05:16.529 WARNING streamlit.runtime.caching.cache_data_api: No runtime found, using MemoryCacheStorageManager
2026-10-06 08:05:18.641 WARNING streamlit.runtime.caching.cache_data_api: No runtime found, using MemoryCacheStorageManager
2026-10-06 08:26:46.050 WARNING streamlit.runtime.scriptrunner_utils.script_run_context: Thread 'MainThread': missing ScriptRunContext! This warning can be ignored when running in bare mode.
2026-10-06 08:26:47.097 WARNING streamlit.runtime.scriptrunner_utils.script_run_context: Thread 'MainThread': missing ScriptRunContext! This warning can be ignored when running in bare mode.
2026-10-06 08:47:29.126 WARNING streamlit.runtime.scriptrunner_utils.script_run_context: Thread 'MainThread': missing ScriptRunContext! This warning can be ignored when running in bare mode.
2026-10-06 08:47:30.142 WARNING streamlit.runtime.scriptrunner_utils.script_run_context: Thread 'MainThread': missing ScriptRunContext! This warning can be ignored when running in bare mode.
2026-10-06 09:23:28.745 WARNING streamlit.runtime.scriptrunner_utils.script_run_context: Thread 'MainThread': missing ScriptRunContext! This warning can be ignored when running in bare mode.
2026-10-06 09:23:29.901 WARNING streamlit.runtime.scriptrunner_utils.script_run_context: Thread 'MainThread': missing ScriptRunContext! This warning can be ignored when running in bare mode.
years=[2022, 2023, 2024, 2025] weeks=3-17 scoring=Full PPR harness=v2
ablating: ['v2_pace_alpha_cap']
adding as candidate: []
add-features (forced on in both arms): ['v2_historical_injury_replay', 'v2_historical_reserve_replay']
DEFAULT_FEATURES size: 48

==============================================================================
v2_pace_alpha_cap  [ablate mode, harness v2]
==============================================================================
  ALL        n=18577  RMSE 6.191->6.190 (Δ-0.001 CI[-0.003,+0.002])  pairwiseAcc 0.755->0.755 (Δ+0.000 CI[-0.000,+0.000])  bias -0.179->-0.179  MAE(secondary) 4.414->4.415  weeks-var-better(RMSE) 29-27
  QB         n=1870   RMSE 7.833->7.830 (Δ-0.004 CI[-0.012,+0.004])  pairwiseAcc 0.654->0.654 (Δ-0.000 CI[-0.001,+0.001])  bias -0.688->-0.689  MAE(secondary) 6.202->6.202  weeks-var-better(RMSE) 32-24
  RB         n=4910   RMSE 6.236->6.236 (Δ+0.000 CI[-0.003,+0.003])  pairwiseAcc 0.769->0.769 (Δ-0.000 CI[-0.000,+0.000])  bias -0.180->-0.179  MAE(secondary) 4.401->4.401  weeks-var-better(RMSE) 31-25
  WR         n=7844   RMSE 6.174->6.175 (Δ+0.001 CI[-0.004,+0.005])  pairwiseAcc 0.746->0.746 (Δ+0.000 CI[-0.000,+0.000])  bias +0.043->+0.044  MAE(secondary) 4.461->4.462  weeks-var-better(RMSE) 30-26
  TE         n=3953   RMSE 4.976->4.974 (Δ-0.002 CI[-0.005,+0.002])  pairwiseAcc 0.723->0.723 (Δ-0.000 CI[-0.001,+0.000])  bias -0.380->-0.381  MAE(secondary) 3.492->3.492  weeks-var-better(RMSE) 32-24
  START-QB   n=1382   RMSE 7.487->7.483 (Δ-0.004 CI[-0.014,+0.007])  pairwiseAcc 0.608->0.608 (Δ-0.000 CI[-0.003,+0.002])  bias +0.019->+0.018  MAE(secondary) 6.008->6.010  weeks-var-better(RMSE) 31-25
  START-RB   n=2334   RMSE 7.658->7.659 (Δ+0.001 CI[-0.004,+0.006])  pairwiseAcc 0.653->0.653 (Δ-0.000 CI[-0.001,+0.001])  bias -0.165->-0.163  MAE(secondary) 6.010->6.011  weeks-var-better(RMSE) 34-22
  START-WR   n=3214   RMSE 7.910->7.911 (Δ+0.001 CI[-0.007,+0.008])  pairwiseAcc 0.615->0.615 (Δ+0.000 CI[-0.001,+0.001])  bias +0.088->+0.093  MAE(secondary) 6.230->6.230  weeks-var-better(RMSE) 30-26
  START-TE   n=1173   RMSE 6.676->6.674 (Δ-0.002 CI[-0.011,+0.006])  pairwiseAcc 0.598->0.596 (Δ-0.002 CI[-0.005,+0.001])  bias -0.494->-0.495  MAE(secondary) 5.233->5.234  weeks-var-better(RMSE) 32-24
  START-ALL  n=8103   RMSE 7.660->7.659 (Δ-0.001 CI[-0.005,+0.004])  pairwiseAcc 0.646->0.647 (Δ+0.000 CI[-0.000,+0.000])  bias -0.081->-0.079  MAE(secondary) 5.984->5.985  weeks-var-better(RMSE) 28-28
  VERDICT (ablate): INCONCLUSIVE   [bias growth -0.002, Holm-adjusted per-position p [np.float64(1.0), np.float64(1.0), np.float64(1.0), np.float64(1.0)]]
  RECOMMENDATION: no significant effect from removing 'v2_pace_alpha_cap' at this scope/window - keep it shipped as-is (status quo); a narrower or position-specific test may still find one.

======================================================================
TOP 25 LARGEST MISSES - shipped model (DEFAULT_FEATURES), startable cut, 8047 player-weeks scored
======================================================================
 year  wk  pos  player                     pred  actual   error  note
 2023   9   WR  Tank Dell                  12.3    59.2   -46.9  UNDERPROJECTED (boom)
 2023  11   WR  Tank Dell                  11.0    57.8   -46.8  UNDERPROJECTED (boom)
 2023   4   RB  De'Von Achane               8.0    54.0   -46.0  UNDERPROJECTED (boom)
 2023  13   RB  De'Von Achane               8.7    50.6   -41.9  UNDERPROJECTED (boom)
 2023   3   WR  Tank Dell                   9.2    51.0   -41.8  UNDERPROJECTED (boom)
 2022   9   RB  Joe Mixon                  16.2    55.1   -38.9  UNDERPROJECTED (boom)
 2023  17   RB  De'Von Achane              10.0    47.4   -37.4  UNDERPROJECTED (boom)
 2025  15   TE  Kyle Pitts                  8.8    45.6   -36.8  UNDERPROJECTED (boom)
 2023   5   WR  Ja'Marr Chase              15.9    52.2   -36.3  UNDERPROJECTED (boom)
 2023  16   WR  Amari Cooper               15.5    51.5   -36.0  UNDERPROJECTED (boom)
 2022  17   WR  Mike Evans                 13.0    48.7   -35.7  UNDERPROJECTED (boom)
 2024  10   WR  Ja'Marr Chase              21.1    55.4   -34.3  UNDERPROJECTED (boom)
 2023   5   WR  DJ Moore                   14.8    49.0   -34.2  UNDERPROJECTED (boom)
 2025  12   RB  Jahmyr Gibbs               22.7    55.4   -32.7  UNDERPROJECTED (boom)
 2022  14   TE  Evan Engram                 6.7    39.2   -32.5  UNDERPROJECTED (boom)
 2022   4   TE  T.J. Hockenson              7.5    39.9   -32.5  UNDERPROJECTED (boom)
 2025   9   TE  Brock Bowers               10.9    43.3   -32.4  UNDERPROJECTED (boom)
 2024   3   WR  Jauan Jennings             14.4    46.5   -32.1  UNDERPROJECTED (boom)
 2024  14   RB  Zach Charbonnet             6.4    38.3   -31.9  UNDERPROJECTED (boom)
 2025  17   RB  Derrick Henry              14.5    45.6   -31.1  UNDERPROJECTED (boom)
 2023   5   RB  De'Von Achane              13.5    43.0   -29.5  UNDERPROJECTED (boom)
 2025  16   WR  Puka Nacua                 17.1    46.5   -29.4  UNDERPROJECTED (boom)
 2025  10   RB  Jonathan Taylor            20.5    49.6   -29.1  UNDERPROJECTED (boom)
 2022   8   RB  Alvin Kamara               14.2    42.8   -28.6  UNDERPROJECTED (boom)
 2022  12   RB  Josh Jacobs                19.9    48.3   -28.4  UNDERPROJECTED (boom)

-- top 8 per position --

  QB:
    2025 w15 Trevor Lawrence         pred   16.2  actual   44.3  err  -28.1  (boom)
    2022 w9  Justin Fields           pred   15.6  actual   42.7  err  -27.1  (boom)
    2023 w9  C.J. Stroud             pred   15.3  actual   41.8  err  -26.5  (boom)
    2024 w15 Jared Goff              pred   17.4  actual   41.1  err  -23.7  (boom)
    2025 w7  Bo Nix                  pred   16.6  actual   40.0  err  -23.4  (boom)
    2025 w9  Caleb Williams          pred   15.9  actual   38.7  err  -22.8  (boom)
    2025 w11 Josh Allen              pred   20.8  actual   42.7  err  -21.9  (boom)
    2022 w10 Justin Fields           pred   18.8  actual   39.4  err  -20.6  (boom)

  RB:
    2023 w4  De'Von Achane           pred    8.0  actual   54.0  err  -46.0  (boom)
    2023 w13 De'Von Achane           pred    8.7  actual   50.6  err  -41.9  (boom)
    2022 w9  Joe Mixon               pred   16.2  actual   55.1  err  -38.9  (boom)
    2023 w17 De'Von Achane           pred   10.0  actual   47.4  err  -37.4  (boom)
    2025 w12 Jahmyr Gibbs            pred   22.7  actual   55.4  err  -32.7  (boom)
    2024 w14 Zach Charbonnet         pred    6.4  actual   38.3  err  -31.9  (boom)
    2025 w17 Derrick Henry           pred   14.5  actual   45.6  err  -31.1  (boom)
    2023 w5  De'Von Achane           pred   13.5  actual   43.0  err  -29.5  (boom)

  WR:
    2023 w9  Tank Dell               pred   12.3  actual   59.2  err  -46.9  (boom)
    2023 w11 Tank Dell               pred   11.0  actual   57.8  err  -46.8  (boom)
    2023 w3  Tank Dell               pred    9.2  actual   51.0  err  -41.8  (boom)
    2023 w5  Ja'Marr Chase           pred   15.9  actual   52.2  err  -36.3  (boom)
    2023 w16 Amari Cooper            pred   15.5  actual   51.5  err  -36.0  (boom)
    2022 w17 Mike Evans              pred   13.0  actual   48.7  err  -35.7  (boom)
    2024 w10 Ja'Marr Chase           pred   21.1  actual   55.4  err  -34.3  (boom)
    2023 w5  DJ Moore                pred   14.8  actual   49.0  err  -34.2  (boom)

  TE:
    2025 w15 Kyle Pitts              pred    8.8  actual   45.6  err  -36.8  (boom)
    2022 w14 Evan Engram             pred    6.7  actual   39.2  err  -32.5  (boom)
    2022 w4  T.J. Hockenson          pred    7.5  actual   39.9  err  -32.5  (boom)
    2025 w9  Brock Bowers            pred   10.9  actual   43.3  err  -32.4  (boom)
    2022 w16 T.J. Hockenson          pred   12.1  actual   35.9  err  -23.8  (boom)
    2025 w15 Trey McBride            pred   15.1  actual   37.4  err  -22.3  (boom)
    2023 w14 Evan Engram             pred   10.7  actual   32.5  err  -21.8  (boom)
    2022 w16 Tyler Higbee            pred    8.6  actual   30.4  err  -21.8  (boom)
