2026-10-01 03:49:43.449 WARNING streamlit.runtime.caching.cache_data_api: No runtime found, using MemoryCacheStorageManager
2026-10-01 03:49:43.450 WARNING streamlit.runtime.caching.cache_data_api: No runtime found, using MemoryCacheStorageManager
2026-10-01 03:49:43.450 WARNING streamlit.runtime.caching.cache_data_api: No runtime found, using MemoryCacheStorageManager
2026-10-01 03:49:43.451 WARNING streamlit.runtime.caching.cache_data_api: No runtime found, using MemoryCacheStorageManager
2026-10-01 03:49:43.453 WARNING streamlit.runtime.caching.cache_data_api: No runtime found, using MemoryCacheStorageManager
2026-10-01 03:49:43.454 WARNING streamlit.runtime.caching.cache_data_api: No runtime found, using MemoryCacheStorageManager
2026-10-01 03:49:43.454 WARNING streamlit.runtime.caching.cache_data_api: No runtime found, using MemoryCacheStorageManager
2026-10-01 03:49:43.454 WARNING streamlit.runtime.caching.cache_data_api: No runtime found, using MemoryCacheStorageManager
2026-10-01 03:49:43.455 WARNING streamlit.runtime.caching.cache_data_api: No runtime found, using MemoryCacheStorageManager
2026-10-01 03:49:43.456 WARNING streamlit.runtime.caching.cache_data_api: No runtime found, using MemoryCacheStorageManager
2026-10-01 03:49:43.456 WARNING streamlit.runtime.caching.cache_data_api: No runtime found, using MemoryCacheStorageManager
2026-10-01 03:49:43.456 WARNING streamlit.runtime.caching.cache_data_api: No runtime found, using MemoryCacheStorageManager
2026-10-01 03:49:43.456 WARNING streamlit.runtime.caching.cache_data_api: No runtime found, using MemoryCacheStorageManager
2026-10-01 03:49:43.457 WARNING streamlit.runtime.caching.cache_data_api: No runtime found, using MemoryCacheStorageManager
2026-10-01 03:49:43.457 WARNING streamlit.runtime.caching.cache_data_api: No runtime found, using MemoryCacheStorageManager
2026-10-01 03:49:43.457 WARNING streamlit.runtime.caching.cache_data_api: No runtime found, using MemoryCacheStorageManager
2026-10-01 03:49:43.458 WARNING streamlit.runtime.caching.cache_data_api: No runtime found, using MemoryCacheStorageManager
2026-10-01 03:49:43.458 WARNING streamlit.runtime.caching.cache_data_api: No runtime found, using MemoryCacheStorageManager
2026-10-01 03:49:43.458 WARNING streamlit.runtime.caching.cache_data_api: No runtime found, using MemoryCacheStorageManager
2026-10-01 03:49:43.459 WARNING streamlit.runtime.caching.cache_data_api: No runtime found, using MemoryCacheStorageManager
2026-10-01 03:49:43.459 WARNING streamlit.runtime.caching.cache_data_api: No runtime found, using MemoryCacheStorageManager
2026-10-01 03:49:43.459 WARNING streamlit.runtime.caching.cache_data_api: No runtime found, using MemoryCacheStorageManager
2026-10-01 03:49:43.459 WARNING streamlit.runtime.caching.cache_data_api: No runtime found, using MemoryCacheStorageManager
2026-10-01 03:49:43.460 WARNING streamlit.runtime.caching.cache_data_api: No runtime found, using MemoryCacheStorageManager
2026-10-01 03:49:43.460 WARNING streamlit.runtime.caching.cache_data_api: No runtime found, using MemoryCacheStorageManager
2026-10-01 03:49:43.461 WARNING streamlit.runtime.caching.cache_data_api: No runtime found, using MemoryCacheStorageManager
2026-10-01 03:49:43.461 WARNING streamlit.runtime.caching.cache_data_api: No runtime found, using MemoryCacheStorageManager
2026-10-01 03:49:43.461 WARNING streamlit.runtime.caching.cache_data_api: No runtime found, using MemoryCacheStorageManager
2026-10-01 03:49:43.462 WARNING streamlit.runtime.caching.cache_data_api: No runtime found, using MemoryCacheStorageManager
2026-10-01 03:49:43.462 WARNING streamlit.runtime.caching.cache_data_api: No runtime found, using MemoryCacheStorageManager
2026-10-01 03:49:43.463 WARNING streamlit.runtime.caching.cache_data_api: No runtime found, using MemoryCacheStorageManager
2026-10-01 03:49:43.464 WARNING streamlit.runtime.caching.cache_data_api: No runtime found, using MemoryCacheStorageManager
2026-10-01 03:49:43.465 WARNING streamlit.runtime.caching.cache_data_api: No runtime found, using MemoryCacheStorageManager
2026-10-01 03:49:43.486 WARNING streamlit.runtime.caching.cache_data_api: No runtime found, using MemoryCacheStorageManager
2026-10-01 03:49:43.487 WARNING streamlit.runtime.caching.cache_data_api: No runtime found, using MemoryCacheStorageManager
2026-10-01 03:49:43.487 WARNING streamlit.runtime.caching.cache_data_api: No runtime found, using MemoryCacheStorageManager
2026-10-01 03:49:43.487 WARNING streamlit.runtime.caching.cache_data_api: No runtime found, using MemoryCacheStorageManager
2026-10-01 03:49:43.488 WARNING streamlit.runtime.caching.cache_data_api: No runtime found, using MemoryCacheStorageManager
2026-10-01 03:49:43.488 WARNING streamlit.runtime.caching.cache_data_api: No runtime found, using MemoryCacheStorageManager
2026-10-01 03:49:43.489 WARNING streamlit.runtime.caching.cache_data_api: No runtime found, using MemoryCacheStorageManager
2026-10-01 03:49:43.489 WARNING streamlit.runtime.caching.cache_data_api: No runtime found, using MemoryCacheStorageManager
2026-10-01 03:49:43.490 WARNING streamlit.runtime.caching.cache_data_api: No runtime found, using MemoryCacheStorageManager
2026-10-01 03:49:43.494 WARNING streamlit.runtime.caching.cache_data_api: No runtime found, using MemoryCacheStorageManager
2026-10-01 03:49:43.496 WARNING streamlit.runtime.caching.cache_data_api: No runtime found, using MemoryCacheStorageManager
2026-10-01 03:49:43.525 WARNING streamlit.runtime.caching.cache_data_api: No runtime found, using MemoryCacheStorageManager
2026-10-01 03:49:43.525 WARNING streamlit.runtime.scriptrunner_utils.script_run_context: Thread 'MainThread': missing ScriptRunContext! This warning can be ignored when running in bare mode.
2026-10-01 03:49:43.526 WARNING streamlit.runtime.caching.cache_data_api: No runtime found, using MemoryCacheStorageManager
2026-10-01 03:49:43.988 WARNING streamlit.runtime.caching.cache_data_api: No runtime found, using MemoryCacheStorageManager
2026-10-01 03:49:44.516 WARNING streamlit.runtime.caching.cache_data_api: No runtime found, using MemoryCacheStorageManager
2026-10-01 03:49:44.516 WARNING streamlit.runtime.scriptrunner_utils.script_run_context: Thread 'MainThread': missing ScriptRunContext! This warning can be ignored when running in bare mode.
2026-10-01 03:49:44.844 WARNING streamlit.runtime.caching.cache_data_api: No runtime found, using MemoryCacheStorageManager
2026-10-01 03:49:44.858 WARNING streamlit.runtime.caching.cache_data_api: No runtime found, using MemoryCacheStorageManager
2026-10-01 03:49:47.538 WARNING streamlit.runtime.caching.cache_data_api: No runtime found, using MemoryCacheStorageManager
2026-10-01 03:49:47.546 WARNING streamlit.runtime.caching.cache_data_api: No runtime found, using MemoryCacheStorageManager
2026-10-01 03:50:05.658 WARNING streamlit.runtime.caching.cache_data_api: No runtime found, using MemoryCacheStorageManager
2026-10-01 03:50:05.658 WARNING streamlit.runtime.caching.cache_data_api: No runtime found, using MemoryCacheStorageManager
2026-10-01 03:50:07.688 WARNING streamlit.runtime.caching.cache_data_api: No runtime found, using MemoryCacheStorageManager
2026-10-01 04:10:37.791 WARNING streamlit.runtime.scriptrunner_utils.script_run_context: Thread 'MainThread': missing ScriptRunContext! This warning can be ignored when running in bare mode.
2026-10-01 04:10:38.762 WARNING streamlit.runtime.scriptrunner_utils.script_run_context: Thread 'MainThread': missing ScriptRunContext! This warning can be ignored when running in bare mode.
2026-10-01 04:31:11.123 WARNING streamlit.runtime.scriptrunner_utils.script_run_context: Thread 'MainThread': missing ScriptRunContext! This warning can be ignored when running in bare mode.
2026-10-01 04:31:12.141 WARNING streamlit.runtime.scriptrunner_utils.script_run_context: Thread 'MainThread': missing ScriptRunContext! This warning can be ignored when running in bare mode.
2026-10-01 05:07:19.917 WARNING streamlit.runtime.scriptrunner_utils.script_run_context: Thread 'MainThread': missing ScriptRunContext! This warning can be ignored when running in bare mode.
2026-10-01 05:07:21.051 WARNING streamlit.runtime.scriptrunner_utils.script_run_context: Thread 'MainThread': missing ScriptRunContext! This warning can be ignored when running in bare mode.
years=[2022, 2023, 2024, 2025] weeks=3-17 scoring=Full PPR harness=v2
ablating: ['v2_rb_carry_budget_keep_tds']
adding as candidate: []
add-features (forced on in both arms): ['v2_historical_injury_replay', 'v2_historical_reserve_replay']
DEFAULT_FEATURES size: 45

==============================================================================
v2_rb_carry_budget_keep_tds  [ablate mode, harness v2]
==============================================================================
  ALL        n=18577  RMSE 6.306->6.309 (Δ+0.003 CI[+0.001,+0.005])  pairwiseAcc 0.752->0.752 (Δ-0.000 CI[-0.000,+0.000])  bias -0.835->-0.860  MAE(secondary) 4.351->4.351  weeks-var-better(RMSE) 26-34
  QB         n=1870   RMSE 8.249->8.249 (Δ+0.000 CI[+0.000,+0.000])  pairwiseAcc 0.653->0.653 (Δ+0.000 CI[+0.000,+0.000])  bias -1.717->-1.717  MAE(secondary) 6.371->6.371  weeks-var-better(RMSE) 0-0
  RB         n=4910   RMSE 6.304->6.314 (Δ+0.010 CI[+0.001,+0.019])  pairwiseAcc 0.768->0.768 (Δ+0.000 CI[-0.001,+0.001])  bias -0.714->-0.807  MAE(secondary) 4.309->4.307  weeks-var-better(RMSE) 26-34
  WR         n=7844   RMSE 6.255->6.255 (Δ+0.000 CI[+0.000,+0.000])  pairwiseAcc 0.745->0.745 (Δ+0.000 CI[+0.000,+0.000])  bias -0.852->-0.852  MAE(secondary) 4.325->4.325  weeks-var-better(RMSE) 0-0
  TE         n=3953   RMSE 5.018->5.018 (Δ+0.000 CI[+0.000,+0.000])  pairwiseAcc 0.722->0.722 (Δ+0.000 CI[+0.000,+0.000])  bias -0.534->-0.534  MAE(secondary) 3.498->3.498  weeks-var-better(RMSE) 0-0
  START-QB   n=1374   RMSE 7.492->7.492 (Δ+0.000 CI[+0.000,+0.000])  pairwiseAcc 0.610->0.610 (Δ+0.000 CI[+0.000,+0.000])  bias -0.446->-0.446  MAE(secondary) 5.992->5.992  weeks-var-better(RMSE) 0-0
  START-RB   n=2345   RMSE 7.724->7.740 (Δ+0.016 CI[+0.000,+0.032])  pairwiseAcc 0.650->0.650 (Δ-0.000 CI[-0.003,+0.002])  bias -0.528->-0.689  MAE(secondary) 5.999->5.997  weeks-var-better(RMSE) 24-36
  START-WR   n=3195   RMSE 7.955->7.955 (Δ+0.000 CI[+0.000,+0.000])  pairwiseAcc 0.613->0.613 (Δ+0.000 CI[+0.000,+0.000])  bias -0.798->-0.798  MAE(secondary) 6.142->6.142  weeks-var-better(RMSE) 0-0
  START-TE   n=1162   RMSE 6.670->6.670 (Δ+0.000 CI[+0.000,+0.000])  pairwiseAcc 0.602->0.602 (Δ+0.000 CI[+0.000,+0.000])  bias -0.684->-0.684  MAE(secondary) 5.211->5.211  weeks-var-better(RMSE) 0-0
  START-ALL  n=8076   RMSE 7.700->7.705 (Δ+0.005 CI[+0.001,+0.010])  pairwiseAcc 0.646->0.646 (Δ-0.000 CI[-0.001,+0.000])  bias -0.643->-0.690  MAE(secondary) 5.941->5.941  weeks-var-better(RMSE) 24-36
  VERDICT (ablate): REJECT   [bias growth +0.047, Holm-adjusted per-position p [np.float64(0.31), np.float64(0.31), np.float64(0.31), np.float64(0.31)]]
  RECOMMENDATION: 'v2_rb_carry_budget_keep_tds' is CONFIRMED HELPING (removing it measurably hurt START-ALL) - keep it shipped.

======================================================================
TOP 25 LARGEST MISSES - shipped model (DEFAULT_FEATURES), startable cut, 8042 player-weeks scored
======================================================================
 year  wk  pos  player                     pred  actual   error  note
 2023  11   WR  Tank Dell                  10.7    57.8   -47.1  UNDERPROJECTED (boom)
 2023   9   WR  Tank Dell                  12.2    59.2   -47.0  UNDERPROJECTED (boom)
 2023   4   RB  De'Von Achane               7.3    54.0   -46.7  UNDERPROJECTED (boom)
 2023  13   RB  De'Von Achane               7.5    50.6   -43.1  UNDERPROJECTED (boom)
 2023   3   WR  Tank Dell                   8.7    51.0   -42.3  UNDERPROJECTED (boom)
 2022   9   RB  Joe Mixon                  15.0    55.1   -40.1  UNDERPROJECTED (boom)
 2023  17   RB  De'Von Achane               9.0    47.4   -38.4  UNDERPROJECTED (boom)
 2022  17   WR  Mike Evans                 11.5    48.7   -37.2  UNDERPROJECTED (boom)
 2025  15   TE  Kyle Pitts                  8.4    45.6   -37.2  UNDERPROJECTED (boom)
 2023   5   WR  Ja'Marr Chase              15.7    52.2   -36.6  UNDERPROJECTED (boom)
 2023  16   WR  Amari Cooper               15.2    51.5   -36.4  UNDERPROJECTED (boom)
 2023   5   WR  DJ Moore                   12.7    49.0   -36.3  UNDERPROJECTED (boom)
 2024  10   WR  Ja'Marr Chase              22.0    55.4   -33.4  UNDERPROJECTED (boom)
 2022  14   TE  Evan Engram                 6.0    39.2   -33.2  UNDERPROJECTED (boom)
 2022   4   TE  T.J. Hockenson              6.7    39.9   -33.2  UNDERPROJECTED (boom)
 2024  14   RB  Zach Charbonnet             5.8    38.3   -32.5  UNDERPROJECTED (boom)
 2025   9   TE  Brock Bowers               11.7    43.3   -31.6  UNDERPROJECTED (boom)
 2025  12   RB  Jahmyr Gibbs               23.9    55.4   -31.6  UNDERPROJECTED (boom)
 2024   3   WR  Jauan Jennings             15.1    46.5   -31.4  UNDERPROJECTED (boom)
 2023   5   RB  De'Von Achane              12.2    43.0   -30.8  UNDERPROJECTED (boom)
 2025  17   RB  Derrick Henry              16.1    45.6   -29.5  UNDERPROJECTED (boom)
 2024  14   WR  Puka Nacua                 12.4    41.8   -29.4  UNDERPROJECTED (boom)
 2022  12   RB  Josh Jacobs                18.9    48.3   -29.4  UNDERPROJECTED (boom)
 2022   8   RB  Alvin Kamara               13.5    42.8   -29.3  UNDERPROJECTED (boom)
 2024  15   WR  Davante Adams              13.6    42.8   -29.2  UNDERPROJECTED (boom)

-- top 8 per position --

  QB:
    2025 w15 Trevor Lawrence         pred   15.6  actual   44.3  err  -28.7  (boom)
    2022 w9  Justin Fields           pred   16.0  actual   42.7  err  -26.7  (boom)
    2023 w9  C.J. Stroud             pred   15.7  actual   41.8  err  -26.1  (boom)
    2024 w15 Jared Goff              pred   16.1  actual   41.1  err  -24.9  (boom)
    2025 w7  Bo Nix                  pred   15.6  actual   40.0  err  -24.4  (boom)
    2025 w9  Caleb Williams          pred   15.3  actual   38.7  err  -23.4  (boom)
    2025 w11 Josh Allen              pred   19.6  actual   42.7  err  -23.1  (boom)
    2022 w17 Tom Brady               pred   16.1  actual   37.7  err  -21.6  (boom)

  RB:
    2023 w4  De'Von Achane           pred    7.3  actual   54.0  err  -46.7  (boom)
    2023 w13 De'Von Achane           pred    7.5  actual   50.6  err  -43.1  (boom)
    2022 w9  Joe Mixon               pred   15.0  actual   55.1  err  -40.1  (boom)
    2023 w17 De'Von Achane           pred    9.0  actual   47.4  err  -38.4  (boom)
    2024 w14 Zach Charbonnet         pred    5.8  actual   38.3  err  -32.5  (boom)
    2025 w12 Jahmyr Gibbs            pred   23.9  actual   55.4  err  -31.6  (boom)
    2023 w5  De'Von Achane           pred   12.2  actual   43.0  err  -30.8  (boom)
    2025 w17 Derrick Henry           pred   16.1  actual   45.6  err  -29.5  (boom)

  WR:
    2023 w11 Tank Dell               pred   10.7  actual   57.8  err  -47.1  (boom)
    2023 w9  Tank Dell               pred   12.2  actual   59.2  err  -47.0  (boom)
    2023 w3  Tank Dell               pred    8.7  actual   51.0  err  -42.3  (boom)
    2022 w17 Mike Evans              pred   11.5  actual   48.7  err  -37.2  (boom)
    2023 w5  Ja'Marr Chase           pred   15.7  actual   52.2  err  -36.6  (boom)
    2023 w16 Amari Cooper            pred   15.2  actual   51.5  err  -36.4  (boom)
    2023 w5  DJ Moore                pred   12.7  actual   49.0  err  -36.3  (boom)
    2024 w10 Ja'Marr Chase           pred   22.0  actual   55.4  err  -33.4  (boom)

  TE:
    2025 w15 Kyle Pitts              pred    8.4  actual   45.6  err  -37.2  (boom)
    2022 w14 Evan Engram             pred    6.0  actual   39.2  err  -33.2  (boom)
    2022 w4  T.J. Hockenson          pred    6.7  actual   39.9  err  -33.2  (boom)
    2025 w9  Brock Bowers            pred   11.7  actual   43.3  err  -31.6  (boom)
    2025 w15 Trey McBride            pred   13.9  actual   37.4  err  -23.5  (boom)
    2022 w16 Tyler Higbee            pred    7.3  actual   30.4  err  -23.1  (boom)
    2022 w16 T.J. Hockenson          pred   12.9  actual   35.9  err  -23.0  (boom)
    2023 w14 Evan Engram             pred    9.9  actual   32.5  err  -22.6  (boom)
