2026-09-30 11:19:24.495 WARNING streamlit.runtime.caching.cache_data_api: No runtime found, using MemoryCacheStorageManager
2026-09-30 11:19:24.496 WARNING streamlit.runtime.caching.cache_data_api: No runtime found, using MemoryCacheStorageManager
2026-09-30 11:19:24.497 WARNING streamlit.runtime.caching.cache_data_api: No runtime found, using MemoryCacheStorageManager
2026-09-30 11:19:24.497 WARNING streamlit.runtime.caching.cache_data_api: No runtime found, using MemoryCacheStorageManager
2026-09-30 11:19:24.500 WARNING streamlit.runtime.caching.cache_data_api: No runtime found, using MemoryCacheStorageManager
2026-09-30 11:19:24.500 WARNING streamlit.runtime.caching.cache_data_api: No runtime found, using MemoryCacheStorageManager
2026-09-30 11:19:24.501 WARNING streamlit.runtime.caching.cache_data_api: No runtime found, using MemoryCacheStorageManager
2026-09-30 11:19:24.501 WARNING streamlit.runtime.caching.cache_data_api: No runtime found, using MemoryCacheStorageManager
2026-09-30 11:19:24.502 WARNING streamlit.runtime.caching.cache_data_api: No runtime found, using MemoryCacheStorageManager
2026-09-30 11:19:24.502 WARNING streamlit.runtime.caching.cache_data_api: No runtime found, using MemoryCacheStorageManager
2026-09-30 11:19:24.502 WARNING streamlit.runtime.caching.cache_data_api: No runtime found, using MemoryCacheStorageManager
2026-09-30 11:19:24.503 WARNING streamlit.runtime.caching.cache_data_api: No runtime found, using MemoryCacheStorageManager
2026-09-30 11:19:24.503 WARNING streamlit.runtime.caching.cache_data_api: No runtime found, using MemoryCacheStorageManager
2026-09-30 11:19:24.503 WARNING streamlit.runtime.caching.cache_data_api: No runtime found, using MemoryCacheStorageManager
2026-09-30 11:19:24.504 WARNING streamlit.runtime.caching.cache_data_api: No runtime found, using MemoryCacheStorageManager
2026-09-30 11:19:24.504 WARNING streamlit.runtime.caching.cache_data_api: No runtime found, using MemoryCacheStorageManager
2026-09-30 11:19:24.504 WARNING streamlit.runtime.caching.cache_data_api: No runtime found, using MemoryCacheStorageManager
2026-09-30 11:19:24.504 WARNING streamlit.runtime.caching.cache_data_api: No runtime found, using MemoryCacheStorageManager
2026-09-30 11:19:24.505 WARNING streamlit.runtime.caching.cache_data_api: No runtime found, using MemoryCacheStorageManager
2026-09-30 11:19:24.505 WARNING streamlit.runtime.caching.cache_data_api: No runtime found, using MemoryCacheStorageManager
2026-09-30 11:19:24.505 WARNING streamlit.runtime.caching.cache_data_api: No runtime found, using MemoryCacheStorageManager
2026-09-30 11:19:24.506 WARNING streamlit.runtime.caching.cache_data_api: No runtime found, using MemoryCacheStorageManager
2026-09-30 11:19:24.506 WARNING streamlit.runtime.caching.cache_data_api: No runtime found, using MemoryCacheStorageManager
2026-09-30 11:19:24.506 WARNING streamlit.runtime.caching.cache_data_api: No runtime found, using MemoryCacheStorageManager
2026-09-30 11:19:24.507 WARNING streamlit.runtime.caching.cache_data_api: No runtime found, using MemoryCacheStorageManager
2026-09-30 11:19:24.507 WARNING streamlit.runtime.caching.cache_data_api: No runtime found, using MemoryCacheStorageManager
2026-09-30 11:19:24.508 WARNING streamlit.runtime.caching.cache_data_api: No runtime found, using MemoryCacheStorageManager
2026-09-30 11:19:24.508 WARNING streamlit.runtime.caching.cache_data_api: No runtime found, using MemoryCacheStorageManager
2026-09-30 11:19:24.508 WARNING streamlit.runtime.caching.cache_data_api: No runtime found, using MemoryCacheStorageManager
2026-09-30 11:19:24.509 WARNING streamlit.runtime.caching.cache_data_api: No runtime found, using MemoryCacheStorageManager
2026-09-30 11:19:24.509 WARNING streamlit.runtime.caching.cache_data_api: No runtime found, using MemoryCacheStorageManager
2026-09-30 11:19:24.510 WARNING streamlit.runtime.caching.cache_data_api: No runtime found, using MemoryCacheStorageManager
2026-09-30 11:19:24.512 WARNING streamlit.runtime.caching.cache_data_api: No runtime found, using MemoryCacheStorageManager
2026-09-30 11:19:24.533 WARNING streamlit.runtime.caching.cache_data_api: No runtime found, using MemoryCacheStorageManager
2026-09-30 11:19:24.534 WARNING streamlit.runtime.caching.cache_data_api: No runtime found, using MemoryCacheStorageManager
2026-09-30 11:19:24.534 WARNING streamlit.runtime.caching.cache_data_api: No runtime found, using MemoryCacheStorageManager
2026-09-30 11:19:24.534 WARNING streamlit.runtime.caching.cache_data_api: No runtime found, using MemoryCacheStorageManager
2026-09-30 11:19:24.535 WARNING streamlit.runtime.caching.cache_data_api: No runtime found, using MemoryCacheStorageManager
2026-09-30 11:19:24.535 WARNING streamlit.runtime.caching.cache_data_api: No runtime found, using MemoryCacheStorageManager
2026-09-30 11:19:24.536 WARNING streamlit.runtime.caching.cache_data_api: No runtime found, using MemoryCacheStorageManager
2026-09-30 11:19:24.536 WARNING streamlit.runtime.caching.cache_data_api: No runtime found, using MemoryCacheStorageManager
2026-09-30 11:19:24.537 WARNING streamlit.runtime.caching.cache_data_api: No runtime found, using MemoryCacheStorageManager
2026-09-30 11:19:24.541 WARNING streamlit.runtime.caching.cache_data_api: No runtime found, using MemoryCacheStorageManager
2026-09-30 11:19:24.543 WARNING streamlit.runtime.caching.cache_data_api: No runtime found, using MemoryCacheStorageManager
2026-09-30 11:19:24.573 WARNING streamlit.runtime.caching.cache_data_api: No runtime found, using MemoryCacheStorageManager
2026-09-30 11:19:24.573 WARNING streamlit.runtime.scriptrunner_utils.script_run_context: Thread 'MainThread': missing ScriptRunContext! This warning can be ignored when running in bare mode.
2026-09-30 11:19:24.573 WARNING streamlit.runtime.caching.cache_data_api: No runtime found, using MemoryCacheStorageManager
2026-09-30 11:19:25.044 WARNING streamlit.runtime.caching.cache_data_api: No runtime found, using MemoryCacheStorageManager
2026-09-30 11:19:25.565 WARNING streamlit.runtime.caching.cache_data_api: No runtime found, using MemoryCacheStorageManager
2026-09-30 11:19:25.565 WARNING streamlit.runtime.scriptrunner_utils.script_run_context: Thread 'MainThread': missing ScriptRunContext! This warning can be ignored when running in bare mode.
2026-09-30 11:19:25.890 WARNING streamlit.runtime.caching.cache_data_api: No runtime found, using MemoryCacheStorageManager
2026-09-30 11:19:25.903 WARNING streamlit.runtime.caching.cache_data_api: No runtime found, using MemoryCacheStorageManager
2026-09-30 11:19:29.445 WARNING streamlit.runtime.caching.cache_data_api: No runtime found, using MemoryCacheStorageManager
2026-09-30 11:19:29.461 WARNING streamlit.runtime.caching.cache_data_api: No runtime found, using MemoryCacheStorageManager
2026-09-30 11:19:47.859 WARNING streamlit.runtime.caching.cache_data_api: No runtime found, using MemoryCacheStorageManager
2026-09-30 11:19:47.859 WARNING streamlit.runtime.caching.cache_data_api: No runtime found, using MemoryCacheStorageManager
2026-09-30 11:19:49.897 WARNING streamlit.runtime.caching.cache_data_api: No runtime found, using MemoryCacheStorageManager
2026-09-30 11:40:31.756 WARNING streamlit.runtime.scriptrunner_utils.script_run_context: Thread 'MainThread': missing ScriptRunContext! This warning can be ignored when running in bare mode.
2026-09-30 11:40:32.730 WARNING streamlit.runtime.scriptrunner_utils.script_run_context: Thread 'MainThread': missing ScriptRunContext! This warning can be ignored when running in bare mode.
2026-09-30 12:01:17.616 WARNING streamlit.runtime.scriptrunner_utils.script_run_context: Thread 'MainThread': missing ScriptRunContext! This warning can be ignored when running in bare mode.
2026-09-30 12:01:18.701 WARNING streamlit.runtime.scriptrunner_utils.script_run_context: Thread 'MainThread': missing ScriptRunContext! This warning can be ignored when running in bare mode.
2026-09-30 12:37:52.000 WARNING streamlit.runtime.scriptrunner_utils.script_run_context: Thread 'MainThread': missing ScriptRunContext! This warning can be ignored when running in bare mode.
2026-09-30 12:37:53.158 WARNING streamlit.runtime.scriptrunner_utils.script_run_context: Thread 'MainThread': missing ScriptRunContext! This warning can be ignored when running in bare mode.
years=[2022, 2023, 2024, 2025] weeks=3-17 scoring=Full PPR harness=v2
ablating: []
adding as candidate: ['v2_rb_carry_budget']
add-features (forced on in both arms): ['v2_historical_injury_replay', 'v2_historical_reserve_replay', 'v2_rb_participation']
DEFAULT_FEATURES size: 40

==============================================================================
v2_rb_carry_budget  [add mode, harness v2]
==============================================================================
  ALL        n=18577  RMSE 6.230->6.229 (Δ-0.001 CI[-0.009,+0.006])  pairwiseAcc 0.754->0.754 (Δ+0.000 CI[-0.000,+0.000])  bias -0.334->-0.417  MAE(secondary) 4.417->4.406  weeks-var-better(RMSE) 33-27
  QB         n=1870   RMSE 7.890->7.890 (Δ+0.000 CI[+0.000,+0.000])  pairwiseAcc 0.653->0.653 (Δ+0.000 CI[+0.000,+0.000])  bias -0.925->-0.925  MAE(secondary) 6.242->6.242  weeks-var-better(RMSE) 0-0
  RB         n=4910   RMSE 6.293->6.284 (Δ-0.009 CI[-0.039,+0.020])  pairwiseAcc 0.767->0.768 (Δ+0.001 CI[-0.000,+0.002])  bias -0.199->-0.511  MAE(secondary) 4.421->4.379  weeks-var-better(RMSE) 33-27
  WR         n=7844   RMSE 6.199->6.199 (Δ+0.000 CI[+0.000,+0.000])  pairwiseAcc 0.745->0.745 (Δ+0.000 CI[+0.000,+0.000])  bias -0.177->-0.177  MAE(secondary) 4.442->4.442  weeks-var-better(RMSE) 0-0
  TE         n=3953   RMSE 5.018->5.018 (Δ+0.000 CI[+0.000,+0.000])  pairwiseAcc 0.722->0.722 (Δ+0.000 CI[+0.000,+0.000])  bias -0.535->-0.535  MAE(secondary) 3.498->3.498  weeks-var-better(RMSE) 0-0
  START-QB   n=1375   RMSE 7.483->7.483 (Δ+0.000 CI[+0.000,+0.000])  pairwiseAcc 0.610->0.610 (Δ+0.000 CI[+0.000,+0.000])  bias -0.165->-0.165  MAE(secondary) 6.001->6.001  weeks-var-better(RMSE) 0-0
  START-RB   n=2388   RMSE 7.723->7.706 (Δ-0.017 CI[-0.066,+0.030])  pairwiseAcc 0.646->0.650 (Δ+0.004 CI[-0.001,+0.009])  bias -0.175->-0.712  MAE(secondary) 6.035->5.970  weeks-var-better(RMSE) 32-28
  START-WR   n=3197   RMSE 7.947->7.947 (Δ+0.000 CI[+0.000,+0.000])  pairwiseAcc 0.611->0.611 (Δ+0.000 CI[+0.000,+0.000])  bias -0.283->-0.283  MAE(secondary) 6.195->6.195  weeks-var-better(RMSE) 0-0
  START-TE   n=1162   RMSE 6.666->6.666 (Δ+0.000 CI[+0.000,+0.000])  pairwiseAcc 0.603->0.603 (Δ+0.000 CI[+0.000,+0.000])  bias -0.690->-0.690  MAE(secondary) 5.205->5.205  weeks-var-better(RMSE) 0-0
  START-ALL  n=8122   RMSE 7.692->7.689 (Δ-0.003 CI[-0.017,+0.011])  pairwiseAcc 0.645->0.645 (Δ+0.001 CI[-0.001,+0.002])  bias -0.289->-0.447  MAE(secondary) 5.973->5.954  weeks-var-better(RMSE) 32-28
  VERDICT (add): INCONCLUSIVE   [bias growth +0.158, Holm-adjusted per-position p [np.float64(1.0), np.float64(1.0), np.float64(1.0), np.float64(1.0)]]
  RECOMMENDATION: no significant effect from adding 'v2_rb_carry_budget' - stays unshipped, no evidence to promote it.

======================================================================
TOP 25 LARGEST MISSES - shipped model (DEFAULT_FEATURES), startable cut, 8040 player-weeks scored
======================================================================
 year  wk  pos  player                     pred  actual   error  note
 2023  11   WR  Tank Dell                  11.4    57.8   -46.4  UNDERPROJECTED (boom)
 2023   9   WR  Tank Dell                  12.8    59.2   -46.4  UNDERPROJECTED (boom)
 2023   4   RB  De'Von Achane               8.1    54.0   -45.9  UNDERPROJECTED (boom)
 2023   3   WR  Tank Dell                   8.9    51.0   -42.1  UNDERPROJECTED (boom)
 2023  13   RB  De'Von Achane               8.7    50.6   -41.9  UNDERPROJECTED (boom)
 2022   9   RB  Joe Mixon                  13.9    55.1   -41.2  UNDERPROJECTED (boom)
 2023  17   RB  De'Von Achane               9.0    47.4   -38.4  UNDERPROJECTED (boom)
 2025  15   TE  Kyle Pitts                  8.4    45.6   -37.2  UNDERPROJECTED (boom)
 2022  17   WR  Mike Evans                 12.1    48.7   -36.6  UNDERPROJECTED (boom)
 2023   5   WR  Ja'Marr Chase              16.2    52.2   -36.0  UNDERPROJECTED (boom)
 2023  16   WR  Amari Cooper               15.7    51.5   -35.8  UNDERPROJECTED (boom)
 2023   5   WR  DJ Moore                   13.3    49.0   -35.7  UNDERPROJECTED (boom)
 2022  14   TE  Evan Engram                 6.0    39.2   -33.2  UNDERPROJECTED (boom)
 2022   4   TE  T.J. Hockenson              6.7    39.9   -33.2  UNDERPROJECTED (boom)
 2024  10   WR  Ja'Marr Chase              22.4    55.4   -33.0  UNDERPROJECTED (boom)
 2024  14   RB  Zach Charbonnet             6.0    38.3   -32.3  UNDERPROJECTED (boom)
 2023  14   WR  Odell Beckham Jr.           7.5    39.4   -31.9  UNDERPROJECTED (boom)
 2024   3   WR  Jauan Jennings             14.8    46.5   -31.7  UNDERPROJECTED (boom)
 2025   9   TE  Brock Bowers               11.7    43.3   -31.6  UNDERPROJECTED (boom)
 2022  12   RB  Josh Jacobs                17.1    48.3   -31.2  UNDERPROJECTED (boom)
 2023   5   RB  De'Von Achane              13.2    43.0   -29.8  UNDERPROJECTED (boom)
 2023  16   RB  Breece Hall                13.6    43.1   -29.5  UNDERPROJECTED (boom)
 2025  12   RB  Jahmyr Gibbs               26.2    55.4   -29.2  UNDERPROJECTED (boom)
 2024  14   WR  Puka Nacua                 13.0    41.8   -28.8  UNDERPROJECTED (boom)
 2024  15   WR  Davante Adams              14.2    42.8   -28.6  UNDERPROJECTED (boom)

-- top 8 per position --

  QB:
    2025 w15 Trevor Lawrence         pred   16.0  actual   44.3  err  -28.3  (boom)
    2022 w9  Justin Fields           pred   16.3  actual   42.7  err  -26.4  (boom)
    2023 w9  C.J. Stroud             pred   16.0  actual   41.8  err  -25.8  (boom)
    2024 w15 Jared Goff              pred   16.5  actual   41.1  err  -24.6  (boom)
    2025 w7  Bo Nix                  pred   16.0  actual   40.0  err  -24.0  (boom)
    2025 w11 Josh Allen              pred   19.4  actual   42.7  err  -23.3  (boom)
    2025 w9  Caleb Williams          pred   15.8  actual   38.7  err  -22.9  (boom)
    2022 w17 Tom Brady               pred   16.5  actual   37.7  err  -21.2  (boom)

  RB:
    2023 w4  De'Von Achane           pred    8.1  actual   54.0  err  -45.9  (boom)
    2023 w13 De'Von Achane           pred    8.7  actual   50.6  err  -41.9  (boom)
    2022 w9  Joe Mixon               pred   13.9  actual   55.1  err  -41.2  (boom)
    2023 w17 De'Von Achane           pred    9.0  actual   47.4  err  -38.4  (boom)
    2024 w14 Zach Charbonnet         pred    6.0  actual   38.3  err  -32.3  (boom)
    2022 w12 Josh Jacobs             pred   17.1  actual   48.3  err  -31.2  (boom)
    2023 w5  De'Von Achane           pred   13.2  actual   43.0  err  -29.8  (boom)
    2023 w16 Breece Hall             pred   13.6  actual   43.1  err  -29.5  (boom)

  WR:
    2023 w11 Tank Dell               pred   11.4  actual   57.8  err  -46.4  (boom)
    2023 w9  Tank Dell               pred   12.8  actual   59.2  err  -46.4  (boom)
    2023 w3  Tank Dell               pred    8.9  actual   51.0  err  -42.1  (boom)
    2022 w17 Mike Evans              pred   12.1  actual   48.7  err  -36.6  (boom)
    2023 w5  Ja'Marr Chase           pred   16.2  actual   52.2  err  -36.0  (boom)
    2023 w16 Amari Cooper            pred   15.7  actual   51.5  err  -35.8  (boom)
    2023 w5  DJ Moore                pred   13.3  actual   49.0  err  -35.7  (boom)
    2024 w10 Ja'Marr Chase           pred   22.4  actual   55.4  err  -33.0  (boom)

  TE:
    2025 w15 Kyle Pitts              pred    8.4  actual   45.6  err  -37.2  (boom)
    2022 w14 Evan Engram             pred    6.0  actual   39.2  err  -33.2  (boom)
    2022 w4  T.J. Hockenson          pred    6.7  actual   39.9  err  -33.2  (boom)
    2025 w9  Brock Bowers            pred   11.7  actual   43.3  err  -31.6  (boom)
    2025 w15 Trey McBride            pred   14.0  actual   37.4  err  -23.4  (boom)
    2022 w16 Tyler Higbee            pred    7.2  actual   30.4  err  -23.2  (boom)
    2022 w16 T.J. Hockenson          pred   12.9  actual   35.9  err  -23.0  (boom)
    2023 w14 Evan Engram             pred    9.8  actual   32.5  err  -22.7  (boom)
