2026-09-30 22:03:29.478 WARNING streamlit.runtime.caching.cache_data_api: No runtime found, using MemoryCacheStorageManager
2026-09-30 22:03:29.479 WARNING streamlit.runtime.caching.cache_data_api: No runtime found, using MemoryCacheStorageManager
2026-09-30 22:03:29.480 WARNING streamlit.runtime.caching.cache_data_api: No runtime found, using MemoryCacheStorageManager
2026-09-30 22:03:29.480 WARNING streamlit.runtime.caching.cache_data_api: No runtime found, using MemoryCacheStorageManager
2026-09-30 22:03:29.484 WARNING streamlit.runtime.caching.cache_data_api: No runtime found, using MemoryCacheStorageManager
2026-09-30 22:03:29.484 WARNING streamlit.runtime.caching.cache_data_api: No runtime found, using MemoryCacheStorageManager
2026-09-30 22:03:29.485 WARNING streamlit.runtime.caching.cache_data_api: No runtime found, using MemoryCacheStorageManager
2026-09-30 22:03:29.485 WARNING streamlit.runtime.caching.cache_data_api: No runtime found, using MemoryCacheStorageManager
2026-09-30 22:03:29.486 WARNING streamlit.runtime.caching.cache_data_api: No runtime found, using MemoryCacheStorageManager
2026-09-30 22:03:29.487 WARNING streamlit.runtime.caching.cache_data_api: No runtime found, using MemoryCacheStorageManager
2026-09-30 22:03:29.487 WARNING streamlit.runtime.caching.cache_data_api: No runtime found, using MemoryCacheStorageManager
2026-09-30 22:03:29.487 WARNING streamlit.runtime.caching.cache_data_api: No runtime found, using MemoryCacheStorageManager
2026-09-30 22:03:29.487 WARNING streamlit.runtime.caching.cache_data_api: No runtime found, using MemoryCacheStorageManager
2026-09-30 22:03:29.488 WARNING streamlit.runtime.caching.cache_data_api: No runtime found, using MemoryCacheStorageManager
2026-09-30 22:03:29.488 WARNING streamlit.runtime.caching.cache_data_api: No runtime found, using MemoryCacheStorageManager
2026-09-30 22:03:29.488 WARNING streamlit.runtime.caching.cache_data_api: No runtime found, using MemoryCacheStorageManager
2026-09-30 22:03:29.489 WARNING streamlit.runtime.caching.cache_data_api: No runtime found, using MemoryCacheStorageManager
2026-09-30 22:03:29.489 WARNING streamlit.runtime.caching.cache_data_api: No runtime found, using MemoryCacheStorageManager
2026-09-30 22:03:29.489 WARNING streamlit.runtime.caching.cache_data_api: No runtime found, using MemoryCacheStorageManager
2026-09-30 22:03:29.490 WARNING streamlit.runtime.caching.cache_data_api: No runtime found, using MemoryCacheStorageManager
2026-09-30 22:03:29.490 WARNING streamlit.runtime.caching.cache_data_api: No runtime found, using MemoryCacheStorageManager
2026-09-30 22:03:29.490 WARNING streamlit.runtime.caching.cache_data_api: No runtime found, using MemoryCacheStorageManager
2026-09-30 22:03:29.490 WARNING streamlit.runtime.caching.cache_data_api: No runtime found, using MemoryCacheStorageManager
2026-09-30 22:03:29.491 WARNING streamlit.runtime.caching.cache_data_api: No runtime found, using MemoryCacheStorageManager
2026-09-30 22:03:29.491 WARNING streamlit.runtime.caching.cache_data_api: No runtime found, using MemoryCacheStorageManager
2026-09-30 22:03:29.492 WARNING streamlit.runtime.caching.cache_data_api: No runtime found, using MemoryCacheStorageManager
2026-09-30 22:03:29.492 WARNING streamlit.runtime.caching.cache_data_api: No runtime found, using MemoryCacheStorageManager
2026-09-30 22:03:29.492 WARNING streamlit.runtime.caching.cache_data_api: No runtime found, using MemoryCacheStorageManager
2026-09-30 22:03:29.493 WARNING streamlit.runtime.caching.cache_data_api: No runtime found, using MemoryCacheStorageManager
2026-09-30 22:03:29.493 WARNING streamlit.runtime.caching.cache_data_api: No runtime found, using MemoryCacheStorageManager
2026-09-30 22:03:29.494 WARNING streamlit.runtime.caching.cache_data_api: No runtime found, using MemoryCacheStorageManager
2026-09-30 22:03:29.495 WARNING streamlit.runtime.caching.cache_data_api: No runtime found, using MemoryCacheStorageManager
2026-09-30 22:03:29.497 WARNING streamlit.runtime.caching.cache_data_api: No runtime found, using MemoryCacheStorageManager
2026-09-30 22:03:29.525 WARNING streamlit.runtime.caching.cache_data_api: No runtime found, using MemoryCacheStorageManager
2026-09-30 22:03:29.526 WARNING streamlit.runtime.caching.cache_data_api: No runtime found, using MemoryCacheStorageManager
2026-09-30 22:03:29.526 WARNING streamlit.runtime.caching.cache_data_api: No runtime found, using MemoryCacheStorageManager
2026-09-30 22:03:29.526 WARNING streamlit.runtime.caching.cache_data_api: No runtime found, using MemoryCacheStorageManager
2026-09-30 22:03:29.527 WARNING streamlit.runtime.caching.cache_data_api: No runtime found, using MemoryCacheStorageManager
2026-09-30 22:03:29.528 WARNING streamlit.runtime.caching.cache_data_api: No runtime found, using MemoryCacheStorageManager
2026-09-30 22:03:29.528 WARNING streamlit.runtime.caching.cache_data_api: No runtime found, using MemoryCacheStorageManager
2026-09-30 22:03:29.529 WARNING streamlit.runtime.caching.cache_data_api: No runtime found, using MemoryCacheStorageManager
2026-09-30 22:03:29.530 WARNING streamlit.runtime.caching.cache_data_api: No runtime found, using MemoryCacheStorageManager
2026-09-30 22:03:29.534 WARNING streamlit.runtime.caching.cache_data_api: No runtime found, using MemoryCacheStorageManager
2026-09-30 22:03:29.537 WARNING streamlit.runtime.caching.cache_data_api: No runtime found, using MemoryCacheStorageManager
2026-09-30 22:03:29.569 WARNING streamlit.runtime.caching.cache_data_api: No runtime found, using MemoryCacheStorageManager
2026-09-30 22:03:29.569 WARNING streamlit.runtime.scriptrunner_utils.script_run_context: Thread 'MainThread': missing ScriptRunContext! This warning can be ignored when running in bare mode.
2026-09-30 22:03:29.569 WARNING streamlit.runtime.caching.cache_data_api: No runtime found, using MemoryCacheStorageManager
2026-09-30 22:03:30.075 WARNING streamlit.runtime.caching.cache_data_api: No runtime found, using MemoryCacheStorageManager
2026-09-30 22:03:30.612 WARNING streamlit.runtime.caching.cache_data_api: No runtime found, using MemoryCacheStorageManager
2026-09-30 22:03:30.613 WARNING streamlit.runtime.scriptrunner_utils.script_run_context: Thread 'MainThread': missing ScriptRunContext! This warning can be ignored when running in bare mode.
2026-09-30 22:03:30.947 WARNING streamlit.runtime.caching.cache_data_api: No runtime found, using MemoryCacheStorageManager
2026-09-30 22:03:30.961 WARNING streamlit.runtime.caching.cache_data_api: No runtime found, using MemoryCacheStorageManager
2026-09-30 22:03:34.029 WARNING streamlit.runtime.caching.cache_data_api: No runtime found, using MemoryCacheStorageManager
2026-09-30 22:03:34.037 WARNING streamlit.runtime.caching.cache_data_api: No runtime found, using MemoryCacheStorageManager
2026-09-30 22:03:52.559 WARNING streamlit.runtime.caching.cache_data_api: No runtime found, using MemoryCacheStorageManager
2026-09-30 22:03:52.559 WARNING streamlit.runtime.caching.cache_data_api: No runtime found, using MemoryCacheStorageManager
2026-09-30 22:03:56.506 WARNING streamlit.runtime.caching.cache_data_api: No runtime found, using MemoryCacheStorageManager
2026-09-30 22:24:43.854 WARNING streamlit.runtime.scriptrunner_utils.script_run_context: Thread 'MainThread': missing ScriptRunContext! This warning can be ignored when running in bare mode.
2026-09-30 22:24:44.824 WARNING streamlit.runtime.scriptrunner_utils.script_run_context: Thread 'MainThread': missing ScriptRunContext! This warning can be ignored when running in bare mode.
2026-09-30 22:45:15.369 WARNING streamlit.runtime.scriptrunner_utils.script_run_context: Thread 'MainThread': missing ScriptRunContext! This warning can be ignored when running in bare mode.
2026-09-30 22:45:16.402 WARNING streamlit.runtime.scriptrunner_utils.script_run_context: Thread 'MainThread': missing ScriptRunContext! This warning can be ignored when running in bare mode.
2026-09-30 23:21:28.611 WARNING streamlit.runtime.scriptrunner_utils.script_run_context: Thread 'MainThread': missing ScriptRunContext! This warning can be ignored when running in bare mode.
2026-09-30 23:21:29.779 WARNING streamlit.runtime.scriptrunner_utils.script_run_context: Thread 'MainThread': missing ScriptRunContext! This warning can be ignored when running in bare mode.
years=[2022, 2023, 2024, 2025] weeks=3-17 scoring=Full PPR harness=v2
ablating: []
adding as candidate: ['v2_xtd_rush_outside_zone']
add-features (forced on in both arms): ['v2_historical_injury_replay', 'v2_historical_reserve_replay']
DEFAULT_FEATURES size: 43

==============================================================================
v2_xtd_rush_outside_zone  [add mode, harness v2]
==============================================================================
  ALL        n=18577  RMSE 6.227->6.225 (Δ-0.001 CI[-0.003,-0.001])  pairwiseAcc 0.754->0.754 (Δ+0.000 CI[-0.000,+0.000])  bias -0.396->-0.376  MAE(secondary) 4.408->4.410  weeks-var-better(RMSE) 41-19
  QB         n=1870   RMSE 7.890->7.890 (Δ+0.000 CI[-0.002,+0.002])  pairwiseAcc 0.653->0.653 (Δ-0.000 CI[-0.001,+0.000])  bias -0.925->-0.903  MAE(secondary) 6.242->6.243  weeks-var-better(RMSE) 29-31
  RB         n=4910   RMSE 6.274->6.270 (Δ-0.004 CI[-0.007,-0.002])  pairwiseAcc 0.768->0.768 (Δ+0.000 CI[-0.000,+0.000])  bias -0.434->-0.366  MAE(secondary) 4.387->4.394  weeks-var-better(RMSE) 40-20
  WR         n=7844   RMSE 6.200->6.199 (Δ-0.001 CI[-0.002,+0.001])  pairwiseAcc 0.745->0.745 (Δ+0.000 CI[-0.000,+0.000])  bias -0.177->-0.177  MAE(secondary) 4.442->4.441  weeks-var-better(RMSE) 11-8
  TE         n=3953   RMSE 5.017->5.018 (Δ+0.000 CI[-0.001,+0.002])  pairwiseAcc 0.722->0.722 (Δ-0.000 CI[-0.000,+0.000])  bias -0.535->-0.534  MAE(secondary) 3.498->3.498  weeks-var-better(RMSE) 5-11
  START-QB   n=1374   RMSE 7.467->7.467 (Δ-0.000 CI[-0.003,+0.002])  pairwiseAcc 0.610->0.610 (Δ-0.001 CI[-0.001,+0.000])  bias -0.160->-0.132  MAE(secondary) 5.996->5.998  weeks-var-better(RMSE) 30-30
  START-RB   n=2338   RMSE 7.711->7.705 (Δ-0.006 CI[-0.011,-0.001])  pairwiseAcc 0.649->0.649 (Δ+0.000 CI[-0.000,+0.001])  bias -0.584->-0.473  MAE(secondary) 6.000->6.008  weeks-var-better(RMSE) 39-21
  START-WR   n=3196   RMSE 7.932->7.931 (Δ-0.001 CI[-0.005,+0.001])  pairwiseAcc 0.611->0.612 (Δ+0.000 CI[-0.000,+0.001])  bias -0.273->-0.274  MAE(secondary) 6.188->6.186  weeks-var-better(RMSE) 9-7
  START-TE   n=1165   RMSE 6.685->6.684 (Δ-0.001 CI[-0.004,+0.001])  pairwiseAcc 0.604->0.604 (Δ-0.000 CI[-0.001,+0.001])  bias -0.680->-0.677  MAE(secondary) 5.215->5.215  weeks-var-better(RMSE) 5-9
  START-ALL  n=8073   RMSE 7.683->7.681 (Δ-0.003 CI[-0.005,-0.001])  pairwiseAcc 0.645->0.645 (Δ+0.000 CI[-0.000,+0.001])  bias -0.403->-0.366  MAE(secondary) 5.960->5.962  weeks-var-better(RMSE) 40-20
  VERDICT (add): SHIP-ELIGIBLE   [bias growth -0.037, Holm-adjusted per-position p [np.float64(1.0), np.float64(1.0), np.float64(1.0), np.float64(0.848)]]
  RECOMMENDATION: candidate 'v2_xtd_rush_outside_zone' measurably HELPED when added - consider promoting it into DEFAULT_FEATURES.

======================================================================
TOP 25 LARGEST MISSES - shipped model (DEFAULT_FEATURES), startable cut, 8045 player-weeks scored
======================================================================
 year  wk  pos  player                     pred  actual   error  note
 2023  11   WR  Tank Dell                  11.4    57.8   -46.4  UNDERPROJECTED (boom)
 2023   9   WR  Tank Dell                  12.8    59.2   -46.4  UNDERPROJECTED (boom)
 2023   4   RB  De'Von Achane               7.7    54.0   -46.3  UNDERPROJECTED (boom)
 2023  13   RB  De'Von Achane               7.7    50.6   -42.9  UNDERPROJECTED (boom)
 2023   3   WR  Tank Dell                   8.9    51.0   -42.1  UNDERPROJECTED (boom)
 2022   9   RB  Joe Mixon                  15.2    55.1   -39.9  UNDERPROJECTED (boom)
 2023  17   RB  De'Von Achane               9.6    47.4   -37.8  UNDERPROJECTED (boom)
 2025  15   TE  Kyle Pitts                  8.4    45.6   -37.2  UNDERPROJECTED (boom)
 2022  17   WR  Mike Evans                 12.1    48.7   -36.6  UNDERPROJECTED (boom)
 2023   5   WR  Ja'Marr Chase              16.2    52.2   -36.0  UNDERPROJECTED (boom)
 2023  16   WR  Amari Cooper               15.7    51.5   -35.8  UNDERPROJECTED (boom)
 2023   5   WR  DJ Moore                   13.3    49.0   -35.7  UNDERPROJECTED (boom)
 2022  14   TE  Evan Engram                 6.0    39.2   -33.2  UNDERPROJECTED (boom)
 2022   4   TE  T.J. Hockenson              6.7    39.9   -33.2  UNDERPROJECTED (boom)
 2024  10   WR  Ja'Marr Chase              22.4    55.4   -33.0  UNDERPROJECTED (boom)
 2025  12   RB  Jahmyr Gibbs               22.7    55.4   -32.7  UNDERPROJECTED (boom)
 2024  14   RB  Zach Charbonnet             6.3    38.3   -32.0  UNDERPROJECTED (boom)
 2024   3   WR  Jauan Jennings             14.8    46.5   -31.7  UNDERPROJECTED (boom)
 2025   9   TE  Brock Bowers               11.7    43.3   -31.6  UNDERPROJECTED (boom)
 2023   5   RB  De'Von Achane              12.4    43.0   -30.6  UNDERPROJECTED (boom)
 2025  17   RB  Derrick Henry              15.4    45.6   -30.2  UNDERPROJECTED (boom)
 2022   8   RB  Alvin Kamara               12.9    42.8   -29.9  UNDERPROJECTED (boom)
 2022  12   RB  Josh Jacobs                18.9    48.3   -29.4  UNDERPROJECTED (boom)
 2025  10   RB  Jonathan Taylor            20.8    49.6   -28.8  UNDERPROJECTED (boom)
 2024  14   WR  Puka Nacua                 13.0    41.8   -28.8  UNDERPROJECTED (boom)

-- top 8 per position --

  QB:
    2025 w15 Trevor Lawrence         pred   16.0  actual   44.3  err  -28.3  (boom)
    2022 w9  Justin Fields           pred   16.3  actual   42.7  err  -26.4  (boom)
    2023 w9  C.J. Stroud             pred   16.0  actual   41.8  err  -25.8  (boom)
    2024 w15 Jared Goff              pred   16.5  actual   41.1  err  -24.6  (boom)
    2025 w7  Bo Nix                  pred   16.0  actual   40.0  err  -24.0  (boom)
    2025 w11 Josh Allen              pred   19.4  actual   42.7  err  -23.3  (boom)
    2025 w9  Caleb Williams          pred   15.8  actual   38.7  err  -22.9  (boom)
    2022 w17 Tom Brady               pred   16.5  actual   37.7  err  -21.2  (boom)

  RB:
    2023 w4  De'Von Achane           pred    7.7  actual   54.0  err  -46.3  (boom)
    2023 w13 De'Von Achane           pred    7.7  actual   50.6  err  -42.9  (boom)
    2022 w9  Joe Mixon               pred   15.2  actual   55.1  err  -39.9  (boom)
    2023 w17 De'Von Achane           pred    9.6  actual   47.4  err  -37.8  (boom)
    2025 w12 Jahmyr Gibbs            pred   22.7  actual   55.4  err  -32.7  (boom)
    2024 w14 Zach Charbonnet         pred    6.3  actual   38.3  err  -32.0  (boom)
    2023 w5  De'Von Achane           pred   12.4  actual   43.0  err  -30.6  (boom)
    2025 w17 Derrick Henry           pred   15.4  actual   45.6  err  -30.2  (boom)

  WR:
    2023 w11 Tank Dell               pred   11.4  actual   57.8  err  -46.4  (boom)
    2023 w9  Tank Dell               pred   12.8  actual   59.2  err  -46.4  (boom)
    2023 w3  Tank Dell               pred    8.9  actual   51.0  err  -42.1  (boom)
    2022 w17 Mike Evans              pred   12.1  actual   48.7  err  -36.6  (boom)
    2023 w5  Ja'Marr Chase           pred   16.2  actual   52.2  err  -36.0  (boom)
    2023 w16 Amari Cooper            pred   15.7  actual   51.5  err  -35.8  (boom)
    2023 w5  DJ Moore                pred   13.3  actual   49.0  err  -35.7  (boom)
    2024 w10 Ja'Marr Chase           pred   22.4  actual   55.4  err  -33.0  (boom)

  TE:
    2025 w15 Kyle Pitts              pred    8.4  actual   45.6  err  -37.2  (boom)
    2022 w14 Evan Engram             pred    6.0  actual   39.2  err  -33.2  (boom)
    2022 w4  T.J. Hockenson          pred    6.7  actual   39.9  err  -33.2  (boom)
    2025 w9  Brock Bowers            pred   11.7  actual   43.3  err  -31.6  (boom)
    2025 w15 Trey McBride            pred   14.0  actual   37.4  err  -23.4  (boom)
    2022 w16 Tyler Higbee            pred    7.2  actual   30.4  err  -23.2  (boom)
    2022 w16 T.J. Hockenson          pred   12.9  actual   35.9  err  -23.0  (boom)
    2023 w14 Evan Engram             pred    9.8  actual   32.5  err  -22.7  (boom)
