2026-10-05 21:00:32.139 WARNING streamlit.runtime.caching.cache_data_api: No runtime found, using MemoryCacheStorageManager
2026-10-05 21:00:32.154 WARNING streamlit.runtime.caching.cache_data_api: No runtime found, using MemoryCacheStorageManager
2026-10-05 21:00:32.154 WARNING streamlit.runtime.caching.cache_data_api: No runtime found, using MemoryCacheStorageManager
2026-10-05 21:00:32.155 WARNING streamlit.runtime.caching.cache_data_api: No runtime found, using MemoryCacheStorageManager
2026-10-05 21:00:32.158 WARNING streamlit.runtime.caching.cache_data_api: No runtime found, using MemoryCacheStorageManager
2026-10-05 21:00:32.158 WARNING streamlit.runtime.caching.cache_data_api: No runtime found, using MemoryCacheStorageManager
2026-10-05 21:00:32.158 WARNING streamlit.runtime.caching.cache_data_api: No runtime found, using MemoryCacheStorageManager
2026-10-05 21:00:32.159 WARNING streamlit.runtime.caching.cache_data_api: No runtime found, using MemoryCacheStorageManager
2026-10-05 21:00:32.160 WARNING streamlit.runtime.caching.cache_data_api: No runtime found, using MemoryCacheStorageManager
2026-10-05 21:00:32.160 WARNING streamlit.runtime.caching.cache_data_api: No runtime found, using MemoryCacheStorageManager
2026-10-05 21:00:32.160 WARNING streamlit.runtime.caching.cache_data_api: No runtime found, using MemoryCacheStorageManager
2026-10-05 21:00:32.160 WARNING streamlit.runtime.caching.cache_data_api: No runtime found, using MemoryCacheStorageManager
2026-10-05 21:00:32.161 WARNING streamlit.runtime.caching.cache_data_api: No runtime found, using MemoryCacheStorageManager
2026-10-05 21:00:32.161 WARNING streamlit.runtime.caching.cache_data_api: No runtime found, using MemoryCacheStorageManager
2026-10-05 21:00:32.161 WARNING streamlit.runtime.caching.cache_data_api: No runtime found, using MemoryCacheStorageManager
2026-10-05 21:00:32.162 WARNING streamlit.runtime.caching.cache_data_api: No runtime found, using MemoryCacheStorageManager
2026-10-05 21:00:32.162 WARNING streamlit.runtime.caching.cache_data_api: No runtime found, using MemoryCacheStorageManager
2026-10-05 21:00:32.162 WARNING streamlit.runtime.caching.cache_data_api: No runtime found, using MemoryCacheStorageManager
2026-10-05 21:00:32.163 WARNING streamlit.runtime.caching.cache_data_api: No runtime found, using MemoryCacheStorageManager
2026-10-05 21:00:32.163 WARNING streamlit.runtime.caching.cache_data_api: No runtime found, using MemoryCacheStorageManager
2026-10-05 21:00:32.163 WARNING streamlit.runtime.caching.cache_data_api: No runtime found, using MemoryCacheStorageManager
2026-10-05 21:00:32.163 WARNING streamlit.runtime.caching.cache_data_api: No runtime found, using MemoryCacheStorageManager
2026-10-05 21:00:32.164 WARNING streamlit.runtime.caching.cache_data_api: No runtime found, using MemoryCacheStorageManager
2026-10-05 21:00:32.164 WARNING streamlit.runtime.caching.cache_data_api: No runtime found, using MemoryCacheStorageManager
2026-10-05 21:00:32.175 WARNING streamlit.runtime.caching.cache_data_api: No runtime found, using MemoryCacheStorageManager
2026-10-05 21:00:32.176 WARNING streamlit.runtime.caching.cache_data_api: No runtime found, using MemoryCacheStorageManager
2026-10-05 21:00:32.176 WARNING streamlit.runtime.caching.cache_data_api: No runtime found, using MemoryCacheStorageManager
2026-10-05 21:00:32.176 WARNING streamlit.runtime.caching.cache_data_api: No runtime found, using MemoryCacheStorageManager
2026-10-05 21:00:32.177 WARNING streamlit.runtime.caching.cache_data_api: No runtime found, using MemoryCacheStorageManager
2026-10-05 21:00:32.177 WARNING streamlit.runtime.caching.cache_data_api: No runtime found, using MemoryCacheStorageManager
2026-10-05 21:00:32.178 WARNING streamlit.runtime.caching.cache_data_api: No runtime found, using MemoryCacheStorageManager
2026-10-05 21:00:32.178 WARNING streamlit.runtime.caching.cache_data_api: No runtime found, using MemoryCacheStorageManager
2026-10-05 21:00:32.180 WARNING streamlit.runtime.caching.cache_data_api: No runtime found, using MemoryCacheStorageManager
2026-10-05 21:00:32.215 WARNING streamlit.runtime.caching.cache_data_api: No runtime found, using MemoryCacheStorageManager
2026-10-05 21:00:32.226 WARNING streamlit.runtime.caching.cache_data_api: No runtime found, using MemoryCacheStorageManager
2026-10-05 21:00:32.226 WARNING streamlit.runtime.caching.cache_data_api: No runtime found, using MemoryCacheStorageManager
2026-10-05 21:00:32.227 WARNING streamlit.runtime.caching.cache_data_api: No runtime found, using MemoryCacheStorageManager
2026-10-05 21:00:32.227 WARNING streamlit.runtime.caching.cache_data_api: No runtime found, using MemoryCacheStorageManager
2026-10-05 21:00:32.228 WARNING streamlit.runtime.caching.cache_data_api: No runtime found, using MemoryCacheStorageManager
2026-10-05 21:00:32.228 WARNING streamlit.runtime.caching.cache_data_api: No runtime found, using MemoryCacheStorageManager
2026-10-05 21:00:32.229 WARNING streamlit.runtime.caching.cache_data_api: No runtime found, using MemoryCacheStorageManager
2026-10-05 21:00:32.229 WARNING streamlit.runtime.caching.cache_data_api: No runtime found, using MemoryCacheStorageManager
2026-10-05 21:00:32.235 WARNING streamlit.runtime.caching.cache_data_api: No runtime found, using MemoryCacheStorageManager
2026-10-05 21:00:32.238 WARNING streamlit.runtime.caching.cache_data_api: No runtime found, using MemoryCacheStorageManager
2026-10-05 21:00:32.270 WARNING streamlit.runtime.caching.cache_data_api: No runtime found, using MemoryCacheStorageManager
2026-10-05 21:00:32.270 WARNING streamlit.runtime.scriptrunner_utils.script_run_context: Thread 'MainThread': missing ScriptRunContext! This warning can be ignored when running in bare mode.
2026-10-05 21:00:32.270 WARNING streamlit.runtime.caching.cache_data_api: No runtime found, using MemoryCacheStorageManager
2026-10-05 21:00:32.740 WARNING streamlit.runtime.caching.cache_data_api: No runtime found, using MemoryCacheStorageManager
2026-10-05 21:00:33.263 WARNING streamlit.runtime.caching.cache_data_api: No runtime found, using MemoryCacheStorageManager
2026-10-05 21:00:33.264 WARNING streamlit.runtime.scriptrunner_utils.script_run_context: Thread 'MainThread': missing ScriptRunContext! This warning can be ignored when running in bare mode.
2026-10-05 21:00:33.589 WARNING streamlit.runtime.caching.cache_data_api: No runtime found, using MemoryCacheStorageManager
2026-10-05 21:00:33.603 WARNING streamlit.runtime.caching.cache_data_api: No runtime found, using MemoryCacheStorageManager
2026-10-05 21:00:37.138 WARNING streamlit.runtime.caching.cache_data_api: No runtime found, using MemoryCacheStorageManager
2026-10-05 21:00:37.154 WARNING streamlit.runtime.caching.cache_data_api: No runtime found, using MemoryCacheStorageManager
2026-10-05 21:00:55.056 WARNING streamlit.runtime.caching.cache_data_api: No runtime found, using MemoryCacheStorageManager
2026-10-05 21:00:55.057 WARNING streamlit.runtime.caching.cache_data_api: No runtime found, using MemoryCacheStorageManager
2026-10-05 21:00:57.093 WARNING streamlit.runtime.caching.cache_data_api: No runtime found, using MemoryCacheStorageManager
2026-10-05 21:21:18.646 WARNING streamlit.runtime.scriptrunner_utils.script_run_context: Thread 'MainThread': missing ScriptRunContext! This warning can be ignored when running in bare mode.
2026-10-05 21:21:19.622 WARNING streamlit.runtime.scriptrunner_utils.script_run_context: Thread 'MainThread': missing ScriptRunContext! This warning can be ignored when running in bare mode.
2026-10-05 21:41:43.763 WARNING streamlit.runtime.scriptrunner_utils.script_run_context: Thread 'MainThread': missing ScriptRunContext! This warning can be ignored when running in bare mode.
2026-10-05 21:41:44.835 WARNING streamlit.runtime.scriptrunner_utils.script_run_context: Thread 'MainThread': missing ScriptRunContext! This warning can be ignored when running in bare mode.
2026-10-05 22:18:21.435 WARNING streamlit.runtime.scriptrunner_utils.script_run_context: Thread 'MainThread': missing ScriptRunContext! This warning can be ignored when running in bare mode.
2026-10-05 22:18:22.572 WARNING streamlit.runtime.scriptrunner_utils.script_run_context: Thread 'MainThread': missing ScriptRunContext! This warning can be ignored when running in bare mode.
years=[2022, 2023, 2024, 2025] weeks=3-17 scoring=Full PPR harness=v2
ablating: []
adding as candidate: ['v2_pass_capacity_keep_tds']
add-features (forced on in both arms): ['v2_historical_injury_replay', 'v2_historical_reserve_replay']
DEFAULT_FEATURES size: 45

==============================================================================
v2_pass_capacity_keep_tds  [add mode, harness v2]
==============================================================================
  ALL        n=18577  RMSE 6.223->6.213 (Δ-0.011 CI[-0.015,-0.006])  pairwiseAcc 0.754->0.754 (Δ+0.000 CI[+0.000,+0.000])  bias -0.353->-0.259  MAE(secondary) 4.411->4.418  weeks-var-better(RMSE) 47-13
  QB         n=1870   RMSE 7.890->7.890 (Δ+0.000 CI[+0.000,+0.000])  pairwiseAcc 0.653->0.653 (Δ+0.000 CI[+0.000,+0.000])  bias -0.903->-0.903  MAE(secondary) 6.243->6.243  weeks-var-better(RMSE) 0-0
  RB         n=4910   RMSE 6.263->6.255 (Δ-0.008 CI[-0.012,-0.004])  pairwiseAcc 0.768->0.768 (Δ+0.000 CI[+0.000,+0.001])  bias -0.278->-0.246  MAE(secondary) 4.399->4.399  weeks-var-better(RMSE) 41-19
  WR         n=7844   RMSE 6.199->6.189 (Δ-0.010 CI[-0.019,-0.001])  pairwiseAcc 0.745->0.746 (Δ+0.000 CI[+0.000,+0.001])  bias -0.177->-0.026  MAE(secondary) 4.441->4.458  weeks-var-better(RMSE) 38-22
  TE         n=3953   RMSE 5.018->4.998 (Δ-0.020 CI[-0.028,-0.012])  pairwiseAcc 0.722->0.723 (Δ+0.001 CI[+0.000,+0.002])  bias -0.534->-0.432  MAE(secondary) 3.498->3.500  weeks-var-better(RMSE) 49-11
  START-QB   n=1374   RMSE 7.454->7.454 (Δ+0.000 CI[+0.000,+0.000])  pairwiseAcc 0.610->0.610 (Δ+0.000 CI[+0.000,+0.000])  bias -0.111->-0.111  MAE(secondary) 5.986->5.986  weeks-var-better(RMSE) 0-0
  START-RB   n=2336   RMSE 7.699->7.686 (Δ-0.013 CI[-0.020,-0.006])  pairwiseAcc 0.649->0.650 (Δ+0.001 CI[+0.000,+0.002])  bias -0.319->-0.265  MAE(secondary) 6.015->6.012  weeks-var-better(RMSE) 40-20
  START-WR   n=3225   RMSE 7.914->7.897 (Δ-0.018 CI[-0.034,+0.001])  pairwiseAcc 0.612->0.614 (Δ+0.002 CI[+0.000,+0.003])  bias -0.272->-0.004  MAE(secondary) 6.171->6.190  weeks-var-better(RMSE) 38-22
  START-TE   n=1183   RMSE 6.681->6.659 (Δ-0.022 CI[-0.039,-0.005])  pairwiseAcc 0.600->0.604 (Δ+0.004 CI[+0.001,+0.008])  bias -0.720->-0.509  MAE(secondary) 5.209->5.209  weeks-var-better(RMSE) 43-17
  START-ALL  n=8118   RMSE 7.667->7.652 (Δ-0.015 CI[-0.023,-0.007])  pairwiseAcc 0.646->0.647 (Δ+0.001 CI[+0.000,+0.002])  bias -0.324->-0.171  MAE(secondary) 5.955->5.961  weeks-var-better(RMSE) 45-15
  VERDICT (add): SHIP-ELIGIBLE   [bias growth -0.153, Holm-adjusted per-position p [np.float64(1.0), np.float64(1.0), np.float64(1.0), np.float64(1.0)]]
  RECOMMENDATION: candidate 'v2_pass_capacity_keep_tds' measurably HELPED when added - consider promoting it into DEFAULT_FEATURES.

======================================================================
TOP 25 LARGEST MISSES - shipped model (DEFAULT_FEATURES), startable cut, 8041 player-weeks scored
======================================================================
 year  wk  pos  player                     pred  actual   error  note
 2023  11   WR  Tank Dell                  11.4    57.8   -46.4  UNDERPROJECTED (boom)
 2023   9   WR  Tank Dell                  12.8    59.2   -46.4  UNDERPROJECTED (boom)
 2023   4   RB  De'Von Achane               7.7    54.0   -46.3  UNDERPROJECTED (boom)
 2023  13   RB  De'Von Achane               7.9    50.6   -42.7  UNDERPROJECTED (boom)
 2023   3   WR  Tank Dell                   8.9    51.0   -42.1  UNDERPROJECTED (boom)
 2022   9   RB  Joe Mixon                  15.1    55.1   -40.0  UNDERPROJECTED (boom)
 2023  17   RB  De'Von Achane               9.4    47.4   -38.0  UNDERPROJECTED (boom)
 2025  15   TE  Kyle Pitts                  8.4    45.6   -37.2  UNDERPROJECTED (boom)
 2022  17   WR  Mike Evans                 12.1    48.7   -36.6  UNDERPROJECTED (boom)
 2023   5   WR  Ja'Marr Chase              16.2    52.2   -36.0  UNDERPROJECTED (boom)
 2023  16   WR  Amari Cooper               15.7    51.5   -35.8  UNDERPROJECTED (boom)
 2023   5   WR  DJ Moore                   13.3    49.0   -35.7  UNDERPROJECTED (boom)
 2022  14   TE  Evan Engram                 6.0    39.2   -33.2  UNDERPROJECTED (boom)
 2022   4   TE  T.J. Hockenson              6.7    39.9   -33.2  UNDERPROJECTED (boom)
 2024  10   WR  Ja'Marr Chase              22.4    55.4   -33.0  UNDERPROJECTED (boom)
 2024  14   RB  Zach Charbonnet             6.3    38.3   -32.0  UNDERPROJECTED (boom)
 2025  12   RB  Jahmyr Gibbs               23.5    55.4   -31.9  UNDERPROJECTED (boom)
 2024   3   WR  Jauan Jennings             14.8    46.5   -31.7  UNDERPROJECTED (boom)
 2025   9   TE  Brock Bowers               11.7    43.3   -31.6  UNDERPROJECTED (boom)
 2023   5   RB  De'Von Achane              12.5    43.0   -30.5  UNDERPROJECTED (boom)
 2025  17   RB  Derrick Henry              16.1    45.6   -29.5  UNDERPROJECTED (boom)
 2022  12   RB  Josh Jacobs                18.8    48.3   -29.5  UNDERPROJECTED (boom)
 2022   8   RB  Alvin Kamara               13.6    42.8   -29.2  UNDERPROJECTED (boom)
 2024  14   WR  Puka Nacua                 13.0    41.8   -28.8  UNDERPROJECTED (boom)
 2025  10   RB  Jonathan Taylor            20.9    49.6   -28.7  UNDERPROJECTED (boom)

-- top 8 per position --

  QB:
    2025 w15 Trevor Lawrence         pred   16.0  actual   44.3  err  -28.3  (boom)
    2022 w9  Justin Fields           pred   16.4  actual   42.7  err  -26.3  (boom)
    2023 w9  C.J. Stroud             pred   16.1  actual   41.8  err  -25.7  (boom)
    2024 w15 Jared Goff              pred   16.5  actual   41.1  err  -24.6  (boom)
    2025 w7  Bo Nix                  pred   16.0  actual   40.0  err  -23.9  (boom)
    2025 w11 Josh Allen              pred   19.4  actual   42.7  err  -23.3  (boom)
    2025 w9  Caleb Williams          pred   15.8  actual   38.7  err  -22.9  (boom)
    2022 w17 Tom Brady               pred   16.5  actual   37.7  err  -21.2  (boom)

  RB:
    2023 w4  De'Von Achane           pred    7.7  actual   54.0  err  -46.3  (boom)
    2023 w13 De'Von Achane           pred    7.9  actual   50.6  err  -42.7  (boom)
    2022 w9  Joe Mixon               pred   15.1  actual   55.1  err  -40.0  (boom)
    2023 w17 De'Von Achane           pred    9.4  actual   47.4  err  -38.0  (boom)
    2024 w14 Zach Charbonnet         pred    6.3  actual   38.3  err  -32.0  (boom)
    2025 w12 Jahmyr Gibbs            pred   23.5  actual   55.4  err  -31.9  (boom)
    2023 w5  De'Von Achane           pred   12.5  actual   43.0  err  -30.5  (boom)
    2025 w17 Derrick Henry           pred   16.1  actual   45.6  err  -29.5  (boom)

  WR:
    2023 w11 Tank Dell               pred   11.4  actual   57.8  err  -46.4  (boom)
    2023 w9  Tank Dell               pred   12.8  actual   59.2  err  -46.4  (boom)
    2023 w3  Tank Dell               pred    8.9  actual   51.0  err  -42.1  (boom)
    2022 w17 Mike Evans              pred   12.1  actual   48.7  err  -36.6  (boom)
    2023 w5  Ja'Marr Chase           pred   16.2  actual   52.2  err  -36.0  (boom)
    2023 w16 Amari Cooper            pred   15.7  actual   51.5  err  -35.8  (boom)
    2023 w5  DJ Moore                pred   13.3  actual   49.0  err  -35.7  (boom)
    2024 w10 Ja'Marr Chase           pred   22.4  actual   55.4  err  -33.0  (boom)

  TE:
    2025 w15 Kyle Pitts              pred    8.4  actual   45.6  err  -37.2  (boom)
    2022 w14 Evan Engram             pred    6.0  actual   39.2  err  -33.2  (boom)
    2022 w4  T.J. Hockenson          pred    6.7  actual   39.9  err  -33.2  (boom)
    2025 w9  Brock Bowers            pred   11.7  actual   43.3  err  -31.6  (boom)
    2025 w15 Trey McBride            pred   13.9  actual   37.4  err  -23.5  (boom)
    2022 w16 Tyler Higbee            pred    7.2  actual   30.4  err  -23.2  (boom)
    2022 w16 T.J. Hockenson          pred   12.9  actual   35.9  err  -23.0  (boom)
    2023 w14 Evan Engram             pred    9.9  actual   32.5  err  -22.6  (boom)
