2026-09-29 22:47:40.226 WARNING streamlit.runtime.caching.cache_data_api: No runtime found, using MemoryCacheStorageManager
2026-09-29 22:47:40.238 WARNING streamlit.runtime.caching.cache_data_api: No runtime found, using MemoryCacheStorageManager
2026-09-29 22:47:40.238 WARNING streamlit.runtime.caching.cache_data_api: No runtime found, using MemoryCacheStorageManager
2026-09-29 22:47:40.239 WARNING streamlit.runtime.caching.cache_data_api: No runtime found, using MemoryCacheStorageManager
2026-09-29 22:47:40.242 WARNING streamlit.runtime.caching.cache_data_api: No runtime found, using MemoryCacheStorageManager
2026-09-29 22:47:40.242 WARNING streamlit.runtime.caching.cache_data_api: No runtime found, using MemoryCacheStorageManager
2026-09-29 22:47:40.242 WARNING streamlit.runtime.caching.cache_data_api: No runtime found, using MemoryCacheStorageManager
2026-09-29 22:47:40.242 WARNING streamlit.runtime.caching.cache_data_api: No runtime found, using MemoryCacheStorageManager
2026-09-29 22:47:40.243 WARNING streamlit.runtime.caching.cache_data_api: No runtime found, using MemoryCacheStorageManager
2026-09-29 22:47:40.244 WARNING streamlit.runtime.caching.cache_data_api: No runtime found, using MemoryCacheStorageManager
2026-09-29 22:47:40.244 WARNING streamlit.runtime.caching.cache_data_api: No runtime found, using MemoryCacheStorageManager
2026-09-29 22:47:40.244 WARNING streamlit.runtime.caching.cache_data_api: No runtime found, using MemoryCacheStorageManager
2026-09-29 22:47:40.244 WARNING streamlit.runtime.caching.cache_data_api: No runtime found, using MemoryCacheStorageManager
2026-09-29 22:47:40.245 WARNING streamlit.runtime.caching.cache_data_api: No runtime found, using MemoryCacheStorageManager
2026-09-29 22:47:40.245 WARNING streamlit.runtime.caching.cache_data_api: No runtime found, using MemoryCacheStorageManager
2026-09-29 22:47:40.245 WARNING streamlit.runtime.caching.cache_data_api: No runtime found, using MemoryCacheStorageManager
2026-09-29 22:47:40.246 WARNING streamlit.runtime.caching.cache_data_api: No runtime found, using MemoryCacheStorageManager
2026-09-29 22:47:40.246 WARNING streamlit.runtime.caching.cache_data_api: No runtime found, using MemoryCacheStorageManager
2026-09-29 22:47:40.246 WARNING streamlit.runtime.caching.cache_data_api: No runtime found, using MemoryCacheStorageManager
2026-09-29 22:47:40.247 WARNING streamlit.runtime.caching.cache_data_api: No runtime found, using MemoryCacheStorageManager
2026-09-29 22:47:40.247 WARNING streamlit.runtime.caching.cache_data_api: No runtime found, using MemoryCacheStorageManager
2026-09-29 22:47:40.247 WARNING streamlit.runtime.caching.cache_data_api: No runtime found, using MemoryCacheStorageManager
2026-09-29 22:47:40.247 WARNING streamlit.runtime.caching.cache_data_api: No runtime found, using MemoryCacheStorageManager
2026-09-29 22:47:40.248 WARNING streamlit.runtime.caching.cache_data_api: No runtime found, using MemoryCacheStorageManager
2026-09-29 22:47:40.258 WARNING streamlit.runtime.caching.cache_data_api: No runtime found, using MemoryCacheStorageManager
2026-09-29 22:47:40.259 WARNING streamlit.runtime.caching.cache_data_api: No runtime found, using MemoryCacheStorageManager
2026-09-29 22:47:40.259 WARNING streamlit.runtime.caching.cache_data_api: No runtime found, using MemoryCacheStorageManager
2026-09-29 22:47:40.259 WARNING streamlit.runtime.caching.cache_data_api: No runtime found, using MemoryCacheStorageManager
2026-09-29 22:47:40.260 WARNING streamlit.runtime.caching.cache_data_api: No runtime found, using MemoryCacheStorageManager
2026-09-29 22:47:40.260 WARNING streamlit.runtime.caching.cache_data_api: No runtime found, using MemoryCacheStorageManager
2026-09-29 22:47:40.261 WARNING streamlit.runtime.caching.cache_data_api: No runtime found, using MemoryCacheStorageManager
2026-09-29 22:47:40.261 WARNING streamlit.runtime.caching.cache_data_api: No runtime found, using MemoryCacheStorageManager
2026-09-29 22:47:40.263 WARNING streamlit.runtime.caching.cache_data_api: No runtime found, using MemoryCacheStorageManager
2026-09-29 22:47:40.285 WARNING streamlit.runtime.caching.cache_data_api: No runtime found, using MemoryCacheStorageManager
2026-09-29 22:47:40.294 WARNING streamlit.runtime.caching.cache_data_api: No runtime found, using MemoryCacheStorageManager
2026-09-29 22:47:40.294 WARNING streamlit.runtime.caching.cache_data_api: No runtime found, using MemoryCacheStorageManager
2026-09-29 22:47:40.294 WARNING streamlit.runtime.caching.cache_data_api: No runtime found, using MemoryCacheStorageManager
2026-09-29 22:47:40.295 WARNING streamlit.runtime.caching.cache_data_api: No runtime found, using MemoryCacheStorageManager
2026-09-29 22:47:40.296 WARNING streamlit.runtime.caching.cache_data_api: No runtime found, using MemoryCacheStorageManager
2026-09-29 22:47:40.296 WARNING streamlit.runtime.caching.cache_data_api: No runtime found, using MemoryCacheStorageManager
2026-09-29 22:47:40.297 WARNING streamlit.runtime.caching.cache_data_api: No runtime found, using MemoryCacheStorageManager
2026-09-29 22:47:40.297 WARNING streamlit.runtime.caching.cache_data_api: No runtime found, using MemoryCacheStorageManager
2026-09-29 22:47:40.302 WARNING streamlit.runtime.caching.cache_data_api: No runtime found, using MemoryCacheStorageManager
2026-09-29 22:47:40.305 WARNING streamlit.runtime.caching.cache_data_api: No runtime found, using MemoryCacheStorageManager
2026-09-29 22:47:40.335 WARNING streamlit.runtime.caching.cache_data_api: No runtime found, using MemoryCacheStorageManager
2026-09-29 22:47:40.336 WARNING streamlit.runtime.scriptrunner_utils.script_run_context: Thread 'MainThread': missing ScriptRunContext! This warning can be ignored when running in bare mode.
2026-09-29 22:47:40.336 WARNING streamlit.runtime.caching.cache_data_api: No runtime found, using MemoryCacheStorageManager
2026-09-29 22:47:40.842 WARNING streamlit.runtime.caching.cache_data_api: No runtime found, using MemoryCacheStorageManager
2026-09-29 22:47:41.394 WARNING streamlit.runtime.caching.cache_data_api: No runtime found, using MemoryCacheStorageManager
2026-09-29 22:47:41.395 WARNING streamlit.runtime.scriptrunner_utils.script_run_context: Thread 'MainThread': missing ScriptRunContext! This warning can be ignored when running in bare mode.
2026-09-29 22:47:41.724 WARNING streamlit.runtime.caching.cache_data_api: No runtime found, using MemoryCacheStorageManager
2026-09-29 22:47:41.738 WARNING streamlit.runtime.caching.cache_data_api: No runtime found, using MemoryCacheStorageManager
2026-09-29 22:47:45.443 WARNING streamlit.runtime.caching.cache_data_api: No runtime found, using MemoryCacheStorageManager
2026-09-29 22:47:45.460 WARNING streamlit.runtime.caching.cache_data_api: No runtime found, using MemoryCacheStorageManager
2026-09-29 22:48:03.611 WARNING streamlit.runtime.caching.cache_data_api: No runtime found, using MemoryCacheStorageManager
2026-09-29 22:48:03.611 WARNING streamlit.runtime.caching.cache_data_api: No runtime found, using MemoryCacheStorageManager
2026-09-29 22:48:05.743 WARNING streamlit.runtime.caching.cache_data_api: No runtime found, using MemoryCacheStorageManager
2026-09-29 23:09:06.789 WARNING streamlit.runtime.scriptrunner_utils.script_run_context: Thread 'MainThread': missing ScriptRunContext! This warning can be ignored when running in bare mode.
2026-09-29 23:09:07.867 WARNING streamlit.runtime.scriptrunner_utils.script_run_context: Thread 'MainThread': missing ScriptRunContext! This warning can be ignored when running in bare mode.
2026-09-29 23:29:52.690 WARNING streamlit.runtime.scriptrunner_utils.script_run_context: Thread 'MainThread': missing ScriptRunContext! This warning can be ignored when running in bare mode.
2026-09-29 23:29:53.784 WARNING streamlit.runtime.scriptrunner_utils.script_run_context: Thread 'MainThread': missing ScriptRunContext! This warning can be ignored when running in bare mode.
2026-09-30 00:06:36.985 WARNING streamlit.runtime.scriptrunner_utils.script_run_context: Thread 'MainThread': missing ScriptRunContext! This warning can be ignored when running in bare mode.
2026-09-30 00:06:38.230 WARNING streamlit.runtime.scriptrunner_utils.script_run_context: Thread 'MainThread': missing ScriptRunContext! This warning can be ignored when running in bare mode.
years=[2022, 2023, 2024, 2025] weeks=3-17 scoring=Full PPR harness=v2
ablating: []
adding as candidate: ['v2_script_neutral_level_fix']
add-features (forced on in both arms): ['v2_historical_injury_replay', 'v2_historical_reserve_replay']
DEFAULT_FEATURES size: 39

==============================================================================
v2_script_neutral_level_fix  [add mode, harness v2]
==============================================================================
  ALL        n=18577  RMSE 6.233->6.232 (Δ-0.001 CI[-0.005,+0.003])  pairwiseAcc 0.754->0.754 (Δ+0.000 CI[-0.000,+0.000])  bias -0.247->-0.334  MAE(secondary) 4.436->4.424  weeks-var-better(RMSE) 28-32
  QB         n=1870   RMSE 7.892->7.890 (Δ-0.002 CI[-0.014,+0.009])  pairwiseAcc 0.653->0.653 (Δ-0.000 CI[-0.001,+0.000])  bias -0.668->-0.925  MAE(secondary) 6.250->6.242  weeks-var-better(RMSE) 31-29
  RB         n=4910   RMSE 6.301->6.294 (Δ-0.007 CI[-0.017,+0.003])  pairwiseAcc 0.767->0.767 (Δ+0.000 CI[-0.000,+0.001])  bias +0.046->-0.110  MAE(secondary) 4.487->4.455  weeks-var-better(RMSE) 34-26
  WR         n=7844   RMSE 6.201->6.201 (Δ+0.000 CI[-0.007,+0.008])  pairwiseAcc 0.745->0.745 (Δ-0.000 CI[-0.001,+0.000])  bias -0.187->-0.218  MAE(secondary) 4.443->4.438  weeks-var-better(RMSE) 30-30
  TE         n=3953   RMSE 5.021->5.020 (Δ-0.000 CI[-0.007,+0.007])  pairwiseAcc 0.722->0.722 (Δ-0.000 CI[-0.001,+0.001])  bias -0.529->-0.565  MAE(secondary) 3.500->3.495  weeks-var-better(RMSE) 31-29
  START-QB   n=1377   RMSE 7.457->7.456 (Δ-0.002 CI[-0.018,+0.014])  pairwiseAcc 0.612->0.612 (Δ-0.001 CI[-0.002,+0.001])  bias +0.179->-0.146  MAE(secondary) 5.997->5.985  weeks-var-better(RMSE) 30-30
  START-RB   n=2339   RMSE 7.712->7.704 (Δ-0.008 CI[-0.024,+0.009])  pairwiseAcc 0.644->0.644 (Δ-0.001 CI[-0.002,+0.001])  bias +0.084->-0.176  MAE(secondary) 6.075->6.035  weeks-var-better(RMSE) 34-26
  START-WR   n=3235   RMSE 7.913->7.912 (Δ-0.002 CI[-0.016,+0.011])  pairwiseAcc 0.613->0.613 (Δ-0.000 CI[-0.002,+0.002])  bias -0.270->-0.332  MAE(secondary) 6.179->6.168  weeks-var-better(RMSE) 29-31
  START-TE   n=1185   RMSE 6.690->6.688 (Δ-0.002 CI[-0.018,+0.014])  pairwiseAcc 0.601->0.603 (Δ+0.002 CI[-0.002,+0.005])  bias -0.687->-0.766  MAE(secondary) 5.218->5.210  weeks-var-better(RMSE) 35-25
  START-ALL  n=8136   RMSE 7.671->7.669 (Δ-0.002 CI[-0.009,+0.005])  pairwiseAcc 0.646->0.646 (Δ-0.000 CI[-0.001,+0.001])  bias -0.153->-0.319  MAE(secondary) 5.978->5.959  weeks-var-better(RMSE) 29-31
  VERDICT (add): INCONCLUSIVE   [bias growth +0.166, Holm-adjusted per-position p [np.float64(1.0), np.float64(1.0), np.float64(1.0), np.float64(1.0)]]
  RECOMMENDATION: no significant effect from adding 'v2_script_neutral_level_fix' - stays unshipped, no evidence to promote it.

======================================================================
TOP 25 LARGEST MISSES - shipped model (DEFAULT_FEATURES), startable cut, 8031 player-weeks scored
======================================================================
 year  wk  pos  player                     pred  actual   error  note
 2023  11   WR  Tank Dell                  11.5    57.8   -46.3  UNDERPROJECTED (boom)
 2023   4   RB  De'Von Achane               8.5    54.0   -45.5  UNDERPROJECTED (boom)
 2023   9   WR  Tank Dell                  14.0    59.2   -45.2  UNDERPROJECTED (boom)
 2023   3   WR  Tank Dell                   8.8    51.0   -42.2  UNDERPROJECTED (boom)
 2023  13   RB  De'Von Achane               8.8    50.6   -41.8  UNDERPROJECTED (boom)
 2022   9   RB  Joe Mixon                  14.6    55.1   -40.5  UNDERPROJECTED (boom)
 2023  17   RB  De'Von Achane               9.2    47.4   -38.2  UNDERPROJECTED (boom)
 2025  15   TE  Kyle Pitts                  8.6    45.6   -37.0  UNDERPROJECTED (boom)
 2023   5   WR  Ja'Marr Chase              15.7    52.2   -36.5  UNDERPROJECTED (boom)
 2022  17   WR  Mike Evans                 12.2    48.7   -36.5  UNDERPROJECTED (boom)
 2023   5   WR  DJ Moore                   12.8    49.0   -36.2  UNDERPROJECTED (boom)
 2023  16   WR  Amari Cooper               16.3    51.5   -35.2  UNDERPROJECTED (boom)
 2022   4   TE  T.J. Hockenson              6.6    39.9   -33.3  UNDERPROJECTED (boom)
 2022  14   TE  Evan Engram                 6.0    39.2   -33.2  UNDERPROJECTED (boom)
 2024  10   WR  Ja'Marr Chase              22.2    55.4   -33.2  UNDERPROJECTED (boom)
 2025   9   TE  Brock Bowers               11.1    43.3   -32.2  UNDERPROJECTED (boom)
 2024  14   RB  Zach Charbonnet             6.2    38.3   -32.1  UNDERPROJECTED (boom)
 2024   3   WR  Jauan Jennings             15.6    46.5   -30.9  UNDERPROJECTED (boom)
 2022  12   RB  Josh Jacobs                18.0    48.3   -30.3  UNDERPROJECTED (boom)
 2023   5   RB  De'Von Achane              13.5    43.0   -29.5  UNDERPROJECTED (boom)
 2023  16   RB  Breece Hall                13.8    43.1   -29.3  UNDERPROJECTED (boom)
 2024  15   WR  Davante Adams              14.1    42.8   -28.7  UNDERPROJECTED (boom)
 2024  14   WR  Puka Nacua                 13.2    41.8   -28.6  UNDERPROJECTED (boom)
 2023   3   WR  Davante Adams              13.6    42.2   -28.6  UNDERPROJECTED (boom)
 2025  15   QB  Trevor Lawrence            16.4    44.3   -27.9  UNDERPROJECTED (boom)

-- top 8 per position --

  QB:
    2025 w15 Trevor Lawrence         pred   16.4  actual   44.3  err  -27.9  (boom)
    2022 w9  Justin Fields           pred   16.6  actual   42.7  err  -26.1  (boom)
    2023 w9  C.J. Stroud             pred   16.4  actual   41.8  err  -25.4  (boom)
    2024 w15 Jared Goff              pred   16.9  actual   41.1  err  -24.1  (boom)
    2025 w7  Bo Nix                  pred   16.3  actual   40.0  err  -23.7  (boom)
    2025 w11 Josh Allen              pred   19.9  actual   42.7  err  -22.8  (boom)
    2025 w9  Caleb Williams          pred   16.2  actual   38.7  err  -22.5  (boom)
    2022 w17 Tom Brady               pred   16.9  actual   37.7  err  -20.8  (boom)

  RB:
    2023 w4  De'Von Achane           pred    8.5  actual   54.0  err  -45.5  (boom)
    2023 w13 De'Von Achane           pred    8.8  actual   50.6  err  -41.8  (boom)
    2022 w9  Joe Mixon               pred   14.6  actual   55.1  err  -40.5  (boom)
    2023 w17 De'Von Achane           pred    9.2  actual   47.4  err  -38.2  (boom)
    2024 w14 Zach Charbonnet         pred    6.2  actual   38.3  err  -32.1  (boom)
    2022 w12 Josh Jacobs             pred   18.0  actual   48.3  err  -30.3  (boom)
    2023 w5  De'Von Achane           pred   13.5  actual   43.0  err  -29.5  (boom)
    2023 w16 Breece Hall             pred   13.8  actual   43.1  err  -29.3  (boom)

  WR:
    2023 w11 Tank Dell               pred   11.5  actual   57.8  err  -46.3  (boom)
    2023 w9  Tank Dell               pred   14.0  actual   59.2  err  -45.2  (boom)
    2023 w3  Tank Dell               pred    8.8  actual   51.0  err  -42.2  (boom)
    2023 w5  Ja'Marr Chase           pred   15.7  actual   52.2  err  -36.5  (boom)
    2022 w17 Mike Evans              pred   12.2  actual   48.7  err  -36.5  (boom)
    2023 w5  DJ Moore                pred   12.8  actual   49.0  err  -36.2  (boom)
    2023 w16 Amari Cooper            pred   16.3  actual   51.5  err  -35.2  (boom)
    2024 w10 Ja'Marr Chase           pred   22.2  actual   55.4  err  -33.2  (boom)

  TE:
    2025 w15 Kyle Pitts              pred    8.6  actual   45.6  err  -37.0  (boom)
    2022 w4  T.J. Hockenson          pred    6.6  actual   39.9  err  -33.3  (boom)
    2022 w14 Evan Engram             pred    6.0  actual   39.2  err  -33.2  (boom)
    2025 w9  Brock Bowers            pred   11.1  actual   43.3  err  -32.2  (boom)
    2022 w16 Tyler Higbee            pred    7.4  actual   30.4  err  -23.0  (boom)
    2023 w14 Evan Engram             pred   10.1  actual   32.5  err  -22.4  (boom)
    2024 w11 Brock Bowers            pred    9.0  actual   31.3  err  -22.3  (boom)
    2022 w16 T.J. Hockenson          pred   13.7  actual   35.9  err  -22.2  (boom)
