2026-10-06 13:14:15.295 WARNING streamlit.runtime.caching.cache_data_api: No runtime found, using MemoryCacheStorageManager
2026-10-06 13:14:15.296 WARNING streamlit.runtime.caching.cache_data_api: No runtime found, using MemoryCacheStorageManager
2026-10-06 13:14:15.297 WARNING streamlit.runtime.caching.cache_data_api: No runtime found, using MemoryCacheStorageManager
2026-10-06 13:14:15.297 WARNING streamlit.runtime.caching.cache_data_api: No runtime found, using MemoryCacheStorageManager
2026-10-06 13:14:15.300 WARNING streamlit.runtime.caching.cache_data_api: No runtime found, using MemoryCacheStorageManager
2026-10-06 13:14:15.301 WARNING streamlit.runtime.caching.cache_data_api: No runtime found, using MemoryCacheStorageManager
2026-10-06 13:14:15.301 WARNING streamlit.runtime.caching.cache_data_api: No runtime found, using MemoryCacheStorageManager
2026-10-06 13:14:15.301 WARNING streamlit.runtime.caching.cache_data_api: No runtime found, using MemoryCacheStorageManager
2026-10-06 13:14:15.302 WARNING streamlit.runtime.caching.cache_data_api: No runtime found, using MemoryCacheStorageManager
2026-10-06 13:14:15.303 WARNING streamlit.runtime.caching.cache_data_api: No runtime found, using MemoryCacheStorageManager
2026-10-06 13:14:15.303 WARNING streamlit.runtime.caching.cache_data_api: No runtime found, using MemoryCacheStorageManager
2026-10-06 13:14:15.303 WARNING streamlit.runtime.caching.cache_data_api: No runtime found, using MemoryCacheStorageManager
2026-10-06 13:14:15.303 WARNING streamlit.runtime.caching.cache_data_api: No runtime found, using MemoryCacheStorageManager
2026-10-06 13:14:15.304 WARNING streamlit.runtime.caching.cache_data_api: No runtime found, using MemoryCacheStorageManager
2026-10-06 13:14:15.304 WARNING streamlit.runtime.caching.cache_data_api: No runtime found, using MemoryCacheStorageManager
2026-10-06 13:14:15.304 WARNING streamlit.runtime.caching.cache_data_api: No runtime found, using MemoryCacheStorageManager
2026-10-06 13:14:15.304 WARNING streamlit.runtime.caching.cache_data_api: No runtime found, using MemoryCacheStorageManager
2026-10-06 13:14:15.305 WARNING streamlit.runtime.caching.cache_data_api: No runtime found, using MemoryCacheStorageManager
2026-10-06 13:14:15.305 WARNING streamlit.runtime.caching.cache_data_api: No runtime found, using MemoryCacheStorageManager
2026-10-06 13:14:15.305 WARNING streamlit.runtime.caching.cache_data_api: No runtime found, using MemoryCacheStorageManager
2026-10-06 13:14:15.306 WARNING streamlit.runtime.caching.cache_data_api: No runtime found, using MemoryCacheStorageManager
2026-10-06 13:14:15.306 WARNING streamlit.runtime.caching.cache_data_api: No runtime found, using MemoryCacheStorageManager
2026-10-06 13:14:15.306 WARNING streamlit.runtime.caching.cache_data_api: No runtime found, using MemoryCacheStorageManager
2026-10-06 13:14:15.306 WARNING streamlit.runtime.caching.cache_data_api: No runtime found, using MemoryCacheStorageManager
2026-10-06 13:14:15.307 WARNING streamlit.runtime.caching.cache_data_api: No runtime found, using MemoryCacheStorageManager
2026-10-06 13:14:15.308 WARNING streamlit.runtime.caching.cache_data_api: No runtime found, using MemoryCacheStorageManager
2026-10-06 13:14:15.308 WARNING streamlit.runtime.caching.cache_data_api: No runtime found, using MemoryCacheStorageManager
2026-10-06 13:14:15.308 WARNING streamlit.runtime.caching.cache_data_api: No runtime found, using MemoryCacheStorageManager
2026-10-06 13:14:15.309 WARNING streamlit.runtime.caching.cache_data_api: No runtime found, using MemoryCacheStorageManager
2026-10-06 13:14:15.309 WARNING streamlit.runtime.caching.cache_data_api: No runtime found, using MemoryCacheStorageManager
2026-10-06 13:14:15.310 WARNING streamlit.runtime.caching.cache_data_api: No runtime found, using MemoryCacheStorageManager
2026-10-06 13:14:15.310 WARNING streamlit.runtime.caching.cache_data_api: No runtime found, using MemoryCacheStorageManager
2026-10-06 13:14:15.313 WARNING streamlit.runtime.caching.cache_data_api: No runtime found, using MemoryCacheStorageManager
2026-10-06 13:14:15.336 WARNING streamlit.runtime.caching.cache_data_api: No runtime found, using MemoryCacheStorageManager
2026-10-06 13:14:15.336 WARNING streamlit.runtime.caching.cache_data_api: No runtime found, using MemoryCacheStorageManager
2026-10-06 13:14:15.337 WARNING streamlit.runtime.caching.cache_data_api: No runtime found, using MemoryCacheStorageManager
2026-10-06 13:14:15.337 WARNING streamlit.runtime.caching.cache_data_api: No runtime found, using MemoryCacheStorageManager
2026-10-06 13:14:15.338 WARNING streamlit.runtime.caching.cache_data_api: No runtime found, using MemoryCacheStorageManager
2026-10-06 13:14:15.338 WARNING streamlit.runtime.caching.cache_data_api: No runtime found, using MemoryCacheStorageManager
2026-10-06 13:14:15.339 WARNING streamlit.runtime.caching.cache_data_api: No runtime found, using MemoryCacheStorageManager
2026-10-06 13:14:15.339 WARNING streamlit.runtime.caching.cache_data_api: No runtime found, using MemoryCacheStorageManager
2026-10-06 13:14:15.340 WARNING streamlit.runtime.caching.cache_data_api: No runtime found, using MemoryCacheStorageManager
2026-10-06 13:14:15.353 WARNING streamlit.runtime.caching.cache_data_api: No runtime found, using MemoryCacheStorageManager
2026-10-06 13:14:15.356 WARNING streamlit.runtime.caching.cache_data_api: No runtime found, using MemoryCacheStorageManager
2026-10-06 13:14:15.385 WARNING streamlit.runtime.caching.cache_data_api: No runtime found, using MemoryCacheStorageManager
2026-10-06 13:14:15.385 WARNING streamlit.runtime.scriptrunner_utils.script_run_context: Thread 'MainThread': missing ScriptRunContext! This warning can be ignored when running in bare mode.
2026-10-06 13:14:15.386 WARNING streamlit.runtime.caching.cache_data_api: No runtime found, using MemoryCacheStorageManager
2026-10-06 13:14:15.884 WARNING streamlit.runtime.caching.cache_data_api: No runtime found, using MemoryCacheStorageManager
2026-10-06 13:14:16.417 WARNING streamlit.runtime.caching.cache_data_api: No runtime found, using MemoryCacheStorageManager
2026-10-06 13:14:16.418 WARNING streamlit.runtime.scriptrunner_utils.script_run_context: Thread 'MainThread': missing ScriptRunContext! This warning can be ignored when running in bare mode.
2026-10-06 13:14:16.755 WARNING streamlit.runtime.caching.cache_data_api: No runtime found, using MemoryCacheStorageManager
2026-10-06 13:14:16.770 WARNING streamlit.runtime.caching.cache_data_api: No runtime found, using MemoryCacheStorageManager
2026-10-06 13:14:19.600 WARNING streamlit.runtime.caching.cache_data_api: No runtime found, using MemoryCacheStorageManager
2026-10-06 13:14:19.609 WARNING streamlit.runtime.caching.cache_data_api: No runtime found, using MemoryCacheStorageManager
2026-10-06 13:14:38.562 WARNING streamlit.runtime.caching.cache_data_api: No runtime found, using MemoryCacheStorageManager
2026-10-06 13:14:38.562 WARNING streamlit.runtime.caching.cache_data_api: No runtime found, using MemoryCacheStorageManager
2026-10-06 13:14:40.602 WARNING streamlit.runtime.caching.cache_data_api: No runtime found, using MemoryCacheStorageManager
2026-10-06 13:35:55.923 WARNING streamlit.runtime.scriptrunner_utils.script_run_context: Thread 'MainThread': missing ScriptRunContext! This warning can be ignored when running in bare mode.
2026-10-06 13:35:56.898 WARNING streamlit.runtime.scriptrunner_utils.script_run_context: Thread 'MainThread': missing ScriptRunContext! This warning can be ignored when running in bare mode.
2026-10-06 13:56:42.115 WARNING streamlit.runtime.scriptrunner_utils.script_run_context: Thread 'MainThread': missing ScriptRunContext! This warning can be ignored when running in bare mode.
2026-10-06 13:56:43.137 WARNING streamlit.runtime.scriptrunner_utils.script_run_context: Thread 'MainThread': missing ScriptRunContext! This warning can be ignored when running in bare mode.
2026-10-06 14:33:10.645 WARNING streamlit.runtime.scriptrunner_utils.script_run_context: Thread 'MainThread': missing ScriptRunContext! This warning can be ignored when running in bare mode.
2026-10-06 14:33:11.799 WARNING streamlit.runtime.scriptrunner_utils.script_run_context: Thread 'MainThread': missing ScriptRunContext! This warning can be ignored when running in bare mode.
years=[2022, 2023, 2024, 2025] weeks=3-17 scoring=Full PPR harness=v2
ablating: []
adding as candidate: ['v2_qb_passing_td_k']
add-features (forced on in both arms): ['v2_historical_injury_replay', 'v2_historical_reserve_replay']
DEFAULT_FEATURES size: 50

==============================================================================
v2_qb_passing_td_k  [add mode, harness v2]
==============================================================================
  ALL        n=18577  RMSE 6.258->6.257 (Δ-0.001 CI[-0.003,+0.001])  pairwiseAcc 0.751->0.751 (Δ+0.000 CI[-0.000,+0.000])  bias -0.276->-0.276  MAE(secondary) 4.410->4.411  weeks-var-better(RMSE) 29-31
  QB         n=1870   RMSE 8.389->8.384 (Δ-0.005 CI[-0.022,+0.011])  pairwiseAcc 0.654->0.655 (Δ+0.001 CI[-0.001,+0.004])  bias -1.440->-1.442  MAE(secondary) 6.446->6.456  weeks-var-better(RMSE) 29-31
  RB         n=4910   RMSE 6.232->6.232 (Δ+0.000 CI[-0.000,+0.000])  pairwiseAcc 0.769->0.769 (Δ-0.000 CI[-0.000,+0.000])  bias -0.215->-0.215  MAE(secondary) 4.376->4.376  weeks-var-better(RMSE) 1-1
  WR         n=7844   RMSE 6.165->6.165 (Δ+0.000 CI[-0.000,+0.001])  pairwiseAcc 0.747->0.747 (Δ-0.000 CI[-0.000,+0.000])  bias +0.014->+0.014  MAE(secondary) 4.414->4.414  weeks-var-better(RMSE) 3-7
  TE         n=3953   RMSE 4.966->4.966 (Δ-0.000 CI[-0.001,+0.000])  pairwiseAcc 0.723->0.723 (Δ+0.000 CI[-0.000,+0.000])  bias -0.378->-0.378  MAE(secondary) 3.484->3.484  weeks-var-better(RMSE) 5-3
  START-QB   n=1390   RMSE 7.584->7.574 (Δ-0.010 CI[-0.035,+0.014])  pairwiseAcc 0.607->0.610 (Δ+0.002 CI[-0.002,+0.007])  bias -0.014->-0.038  MAE(secondary) 6.039->6.051  weeks-var-better(RMSE) 25-35
  START-RB   n=2319   RMSE 7.626->7.626 (Δ+0.000 CI[-0.000,+0.000])  pairwiseAcc 0.652->0.652 (Δ-0.000 CI[-0.000,+0.000])  bias -0.095->-0.095  MAE(secondary) 5.988->5.988  weeks-var-better(RMSE) 1-1
  START-WR   n=3199   RMSE 7.900->7.900 (Δ+0.000 CI[-0.000,+0.001])  pairwiseAcc 0.620->0.620 (Δ-0.000 CI[-0.000,+0.000])  bias +0.214->+0.214  MAE(secondary) 6.201->6.201  weeks-var-better(RMSE) 4-5
  START-TE   n=1161   RMSE 6.633->6.631 (Δ-0.001 CI[-0.003,+0.000])  pairwiseAcc 0.597->0.597 (Δ+0.000 CI[-0.000,+0.001])  bias -0.459->-0.461  MAE(secondary) 5.213->5.212  weeks-var-better(RMSE) 5-2
  START-ALL  n=8069   RMSE 7.657->7.655 (Δ-0.002 CI[-0.006,+0.002])  pairwiseAcc 0.648->0.648 (Δ+0.000 CI[-0.000,+0.000])  bias -0.011->-0.015  MAE(secondary) 5.970->5.972  weeks-var-better(RMSE) 25-35
  VERDICT (add): INCONCLUSIVE   [bias growth +0.004, Holm-adjusted per-position p [np.float64(0.49), np.float64(1.0), np.float64(1.0), np.float64(1.0)]]
  RECOMMENDATION: no significant effect from adding 'v2_qb_passing_td_k' - stays unshipped, no evidence to promote it.

======================================================================
TOP 25 LARGEST MISSES - shipped model (DEFAULT_FEATURES), startable cut, 8054 player-weeks scored
======================================================================
 year  wk  pos  player                     pred  actual   error  note
 2023   9   WR  Tank Dell                  12.2    59.2   -47.1  UNDERPROJECTED (boom)
 2023  11   WR  Tank Dell                  12.2    57.8   -45.6  UNDERPROJECTED (boom)
 2023   4   RB  De'Von Achane              12.7    54.0   -41.3  UNDERPROJECTED (boom)
 2023   3   WR  Tank Dell                  10.5    51.0   -40.5  UNDERPROJECTED (boom)
 2022   9   RB  Joe Mixon                  15.8    55.1   -39.3  UNDERPROJECTED (boom)
 2023  13   RB  De'Von Achane              11.8    50.6   -38.8  UNDERPROJECTED (boom)
 2023  16   WR  Amari Cooper               14.7    51.5   -36.8  UNDERPROJECTED (boom)
 2023   5   WR  Ja'Marr Chase              15.4    52.2   -36.8  UNDERPROJECTED (boom)
 2025  15   TE  Kyle Pitts                  9.0    45.6   -36.6  UNDERPROJECTED (boom)
 2022  17   WR  Mike Evans                 13.0    48.7   -35.7  UNDERPROJECTED (boom)
 2023  17   RB  De'Von Achane              11.8    47.4   -35.6  UNDERPROJECTED (boom)
 2024  10   WR  Ja'Marr Chase              20.6    55.4   -34.9  UNDERPROJECTED (boom)
 2023   5   WR  DJ Moore                   15.0    49.0   -34.0  UNDERPROJECTED (boom)
 2024   3   WR  Jauan Jennings             12.6    46.5   -33.9  UNDERPROJECTED (boom)
 2025  12   RB  Jahmyr Gibbs               22.1    55.4   -33.3  UNDERPROJECTED (boom)
 2025   9   TE  Brock Bowers               10.8    43.3   -32.4  UNDERPROJECTED (boom)
 2022   4   TE  T.J. Hockenson              7.5    39.9   -32.4  UNDERPROJECTED (boom)
 2022  14   TE  Evan Engram                 6.9    39.2   -32.3  UNDERPROJECTED (boom)
 2023  14   WR  Odell Beckham Jr.           7.7    39.4   -31.7  UNDERPROJECTED (boom)
 2024  14   RB  Zach Charbonnet             7.2    38.3   -31.1  UNDERPROJECTED (boom)
 2025  17   RB  Derrick Henry              14.7    45.6   -30.9  UNDERPROJECTED (boom)
 2022  12   RB  Josh Jacobs                19.8    48.3   -28.5  UNDERPROJECTED (boom)
 2022   8   RB  Alvin Kamara               14.6    42.8   -28.2  UNDERPROJECTED (boom)
 2025  15   QB  Trevor Lawrence            16.2    44.3   -28.1  UNDERPROJECTED (boom)
 2025  10   RB  Jonathan Taylor            21.6    49.6   -28.0  UNDERPROJECTED (boom)

-- top 8 per position --

  QB:
    2025 w15 Trevor Lawrence         pred   16.2  actual   44.3  err  -28.1  (boom)
    2022 w9  Justin Fields           pred   15.6  actual   42.7  err  -27.1  (boom)
    2023 w9  C.J. Stroud             pred   15.3  actual   41.8  err  -26.5  (boom)
    2024 w15 Jared Goff              pred   17.4  actual   41.1  err  -23.7  (boom)
    2025 w7  Bo Nix                  pred   16.6  actual   40.0  err  -23.4  (boom)
    2025 w9  Caleb Williams          pred   15.9  actual   38.7  err  -22.8  (boom)
    2025 w11 Josh Allen              pred   20.8  actual   42.7  err  -21.9  (boom)
    2022 w10 Justin Fields           pred   18.8  actual   39.4  err  -20.6  (boom)

  RB:
    2023 w4  De'Von Achane           pred   12.7  actual   54.0  err  -41.3  (boom)
    2022 w9  Joe Mixon               pred   15.8  actual   55.1  err  -39.3  (boom)
    2023 w13 De'Von Achane           pred   11.8  actual   50.6  err  -38.8  (boom)
    2023 w17 De'Von Achane           pred   11.8  actual   47.4  err  -35.6  (boom)
    2025 w12 Jahmyr Gibbs            pred   22.1  actual   55.4  err  -33.3  (boom)
    2024 w14 Zach Charbonnet         pred    7.2  actual   38.3  err  -31.1  (boom)
    2025 w17 Derrick Henry           pred   14.7  actual   45.6  err  -30.9  (boom)
    2022 w12 Josh Jacobs             pred   19.8  actual   48.3  err  -28.5  (boom)

  WR:
    2023 w9  Tank Dell               pred   12.2  actual   59.2  err  -47.1  (boom)
    2023 w11 Tank Dell               pred   12.2  actual   57.8  err  -45.6  (boom)
    2023 w3  Tank Dell               pred   10.5  actual   51.0  err  -40.5  (boom)
    2023 w16 Amari Cooper            pred   14.7  actual   51.5  err  -36.8  (boom)
    2023 w5  Ja'Marr Chase           pred   15.4  actual   52.2  err  -36.8  (boom)
    2022 w17 Mike Evans              pred   13.0  actual   48.7  err  -35.7  (boom)
    2024 w10 Ja'Marr Chase           pred   20.6  actual   55.4  err  -34.9  (boom)
    2023 w5  DJ Moore                pred   15.0  actual   49.0  err  -34.0  (boom)

  TE:
    2025 w15 Kyle Pitts              pred    9.0  actual   45.6  err  -36.6  (boom)
    2025 w9  Brock Bowers            pred   10.8  actual   43.3  err  -32.4  (boom)
    2022 w4  T.J. Hockenson          pred    7.5  actual   39.9  err  -32.4  (boom)
    2022 w14 Evan Engram             pred    6.9  actual   39.2  err  -32.3  (boom)
    2022 w16 T.J. Hockenson          pred   12.0  actual   35.9  err  -23.9  (boom)
    2022 w16 Tyler Higbee            pred    8.6  actual   30.4  err  -21.8  (boom)
    2023 w14 Evan Engram             pred   10.8  actual   32.5  err  -21.7  (boom)
    2025 w15 Trey McBride            pred   16.4  actual   37.4  err  -21.0  (boom)
