2026-09-25 13:29:39.622 WARNING streamlit.runtime.caching.cache_data_api: No runtime found, using MemoryCacheStorageManager
2026-09-25 13:29:39.623 WARNING streamlit.runtime.caching.cache_data_api: No runtime found, using MemoryCacheStorageManager
2026-09-25 13:29:39.624 WARNING streamlit.runtime.caching.cache_data_api: No runtime found, using MemoryCacheStorageManager
2026-09-25 13:29:39.624 WARNING streamlit.runtime.caching.cache_data_api: No runtime found, using MemoryCacheStorageManager
2026-09-25 13:29:39.627 WARNING streamlit.runtime.caching.cache_data_api: No runtime found, using MemoryCacheStorageManager
2026-09-25 13:29:39.627 WARNING streamlit.runtime.caching.cache_data_api: No runtime found, using MemoryCacheStorageManager
2026-09-25 13:29:39.628 WARNING streamlit.runtime.caching.cache_data_api: No runtime found, using MemoryCacheStorageManager
2026-09-25 13:29:39.628 WARNING streamlit.runtime.caching.cache_data_api: No runtime found, using MemoryCacheStorageManager
2026-09-25 13:29:39.629 WARNING streamlit.runtime.caching.cache_data_api: No runtime found, using MemoryCacheStorageManager
2026-09-25 13:29:39.629 WARNING streamlit.runtime.caching.cache_data_api: No runtime found, using MemoryCacheStorageManager
2026-09-25 13:29:39.629 WARNING streamlit.runtime.caching.cache_data_api: No runtime found, using MemoryCacheStorageManager
2026-09-25 13:29:39.629 WARNING streamlit.runtime.caching.cache_data_api: No runtime found, using MemoryCacheStorageManager
2026-09-25 13:29:39.630 WARNING streamlit.runtime.caching.cache_data_api: No runtime found, using MemoryCacheStorageManager
2026-09-25 13:29:39.630 WARNING streamlit.runtime.caching.cache_data_api: No runtime found, using MemoryCacheStorageManager
2026-09-25 13:29:39.630 WARNING streamlit.runtime.caching.cache_data_api: No runtime found, using MemoryCacheStorageManager
2026-09-25 13:29:39.631 WARNING streamlit.runtime.caching.cache_data_api: No runtime found, using MemoryCacheStorageManager
2026-09-25 13:29:39.631 WARNING streamlit.runtime.caching.cache_data_api: No runtime found, using MemoryCacheStorageManager
2026-09-25 13:29:39.631 WARNING streamlit.runtime.caching.cache_data_api: No runtime found, using MemoryCacheStorageManager
2026-09-25 13:29:39.632 WARNING streamlit.runtime.caching.cache_data_api: No runtime found, using MemoryCacheStorageManager
2026-09-25 13:29:39.632 WARNING streamlit.runtime.caching.cache_data_api: No runtime found, using MemoryCacheStorageManager
2026-09-25 13:29:39.632 WARNING streamlit.runtime.caching.cache_data_api: No runtime found, using MemoryCacheStorageManager
2026-09-25 13:29:39.632 WARNING streamlit.runtime.caching.cache_data_api: No runtime found, using MemoryCacheStorageManager
2026-09-25 13:29:39.633 WARNING streamlit.runtime.caching.cache_data_api: No runtime found, using MemoryCacheStorageManager
2026-09-25 13:29:39.634 WARNING streamlit.runtime.caching.cache_data_api: No runtime found, using MemoryCacheStorageManager
2026-09-25 13:29:39.634 WARNING streamlit.runtime.caching.cache_data_api: No runtime found, using MemoryCacheStorageManager
2026-09-25 13:29:39.634 WARNING streamlit.runtime.caching.cache_data_api: No runtime found, using MemoryCacheStorageManager
2026-09-25 13:29:39.635 WARNING streamlit.runtime.caching.cache_data_api: No runtime found, using MemoryCacheStorageManager
2026-09-25 13:29:39.635 WARNING streamlit.runtime.caching.cache_data_api: No runtime found, using MemoryCacheStorageManager
2026-09-25 13:29:39.636 WARNING streamlit.runtime.caching.cache_data_api: No runtime found, using MemoryCacheStorageManager
2026-09-25 13:29:39.636 WARNING streamlit.runtime.caching.cache_data_api: No runtime found, using MemoryCacheStorageManager
2026-09-25 13:29:39.637 WARNING streamlit.runtime.caching.cache_data_api: No runtime found, using MemoryCacheStorageManager
2026-09-25 13:29:39.639 WARNING streamlit.runtime.caching.cache_data_api: No runtime found, using MemoryCacheStorageManager
2026-09-25 13:29:39.656 WARNING streamlit.runtime.caching.cache_data_api: No runtime found, using MemoryCacheStorageManager
2026-09-25 13:29:39.657 WARNING streamlit.runtime.caching.cache_data_api: No runtime found, using MemoryCacheStorageManager
2026-09-25 13:29:39.657 WARNING streamlit.runtime.caching.cache_data_api: No runtime found, using MemoryCacheStorageManager
2026-09-25 13:29:39.658 WARNING streamlit.runtime.caching.cache_data_api: No runtime found, using MemoryCacheStorageManager
2026-09-25 13:29:39.658 WARNING streamlit.runtime.caching.cache_data_api: No runtime found, using MemoryCacheStorageManager
2026-09-25 13:29:39.659 WARNING streamlit.runtime.caching.cache_data_api: No runtime found, using MemoryCacheStorageManager
2026-09-25 13:29:39.660 WARNING streamlit.runtime.caching.cache_data_api: No runtime found, using MemoryCacheStorageManager
2026-09-25 13:29:39.660 WARNING streamlit.runtime.caching.cache_data_api: No runtime found, using MemoryCacheStorageManager
2026-09-25 13:29:39.661 WARNING streamlit.runtime.caching.cache_data_api: No runtime found, using MemoryCacheStorageManager
2026-09-25 13:29:39.666 WARNING streamlit.runtime.caching.cache_data_api: No runtime found, using MemoryCacheStorageManager
2026-09-25 13:29:39.697 WARNING streamlit.runtime.caching.cache_data_api: No runtime found, using MemoryCacheStorageManager
2026-09-25 13:29:39.697 WARNING streamlit.runtime.scriptrunner_utils.script_run_context: Thread 'MainThread': missing ScriptRunContext! This warning can be ignored when running in bare mode.
2026-09-25 13:29:39.697 WARNING streamlit.runtime.caching.cache_data_api: No runtime found, using MemoryCacheStorageManager
2026-09-25 13:29:40.173 WARNING streamlit.runtime.caching.cache_data_api: No runtime found, using MemoryCacheStorageManager
2026-09-25 13:29:40.723 WARNING streamlit.runtime.caching.cache_data_api: No runtime found, using MemoryCacheStorageManager
2026-09-25 13:29:40.723 WARNING streamlit.runtime.scriptrunner_utils.script_run_context: Thread 'MainThread': missing ScriptRunContext! This warning can be ignored when running in bare mode.
2026-09-25 13:29:41.055 WARNING streamlit.runtime.caching.cache_data_api: No runtime found, using MemoryCacheStorageManager
2026-09-25 13:29:41.071 WARNING streamlit.runtime.caching.cache_data_api: No runtime found, using MemoryCacheStorageManager
2026-09-25 13:29:43.822 WARNING streamlit.runtime.caching.cache_data_api: No runtime found, using MemoryCacheStorageManager
2026-09-25 13:29:43.838 WARNING streamlit.runtime.caching.cache_data_api: No runtime found, using MemoryCacheStorageManager
2026-09-25 13:49:28.783 WARNING streamlit.runtime.scriptrunner_utils.script_run_context: Thread 'MainThread': missing ScriptRunContext! This warning can be ignored when running in bare mode.
2026-09-25 13:49:29.755 WARNING streamlit.runtime.scriptrunner_utils.script_run_context: Thread 'MainThread': missing ScriptRunContext! This warning can be ignored when running in bare mode.
2026-09-25 14:08:45.016 WARNING streamlit.runtime.scriptrunner_utils.script_run_context: Thread 'MainThread': missing ScriptRunContext! This warning can be ignored when running in bare mode.
2026-09-25 14:08:46.036 WARNING streamlit.runtime.scriptrunner_utils.script_run_context: Thread 'MainThread': missing ScriptRunContext! This warning can be ignored when running in bare mode.
2026-09-25 14:43:38.920 WARNING streamlit.runtime.scriptrunner_utils.script_run_context: Thread 'MainThread': missing ScriptRunContext! This warning can be ignored when running in bare mode.
2026-09-25 14:43:40.055 WARNING streamlit.runtime.scriptrunner_utils.script_run_context: Thread 'MainThread': missing ScriptRunContext! This warning can be ignored when running in bare mode.
years=[2022, 2023, 2024, 2025] weeks=3-17 scoring=Full PPR harness=v2
ablating: []
adding as candidate: ['v2_pass_capacity_injury_neutral_claim']
add-features (forced on in both arms): ['v2_historical_injury_replay']
DEFAULT_FEATURES size: 32

==============================================================================
v2_pass_capacity_injury_neutral_claim  [add mode, harness v2]
==============================================================================
  ALL        n=18577  RMSE 6.305->6.295 (Δ-0.009 CI[-0.022,+0.003])  pairwiseAcc 0.749->0.750 (Δ+0.001 CI[+0.000,+0.001])  bias -0.321->-0.513  MAE(secondary) 4.487->4.454  weeks-var-better(RMSE) 32-28
  QB         n=1870   RMSE 7.928->7.928 (Δ+0.000 CI[+0.000,+0.000])  pairwiseAcc 0.651->0.651 (Δ+0.000 CI[+0.000,+0.000])  bias -0.849->-0.849  MAE(secondary) 6.271->6.271  weeks-var-better(RMSE) 0-0
  RB         n=4910   RMSE 6.335->6.331 (Δ-0.004 CI[-0.022,+0.015])  pairwiseAcc 0.766->0.765 (Δ-0.001 CI[-0.001,+0.000])  bias -0.175->-0.268  MAE(secondary) 4.473->4.463  weeks-var-better(RMSE) 31-28
  WR         n=7844   RMSE 6.311->6.284 (Δ-0.027 CI[-0.048,-0.005])  pairwiseAcc 0.739->0.741 (Δ+0.001 CI[+0.001,+0.002])  bias -0.238->-0.524  MAE(secondary) 4.529->4.470  weeks-var-better(RMSE) 40-20
  TE         n=3953   RMSE 5.080->5.094 (Δ+0.015 CI[-0.010,+0.041])  pairwiseAcc 0.714->0.714 (Δ+0.001 CI[-0.000,+0.002])  bias -0.415->-0.639  MAE(secondary) 3.580->3.554  weeks-var-better(RMSE) 30-30
  START-QB   n=1360   RMSE 7.474->7.474 (Δ+0.000 CI[+0.000,+0.000])  pairwiseAcc 0.607->0.607 (Δ+0.000 CI[+0.000,+0.000])  bias -0.049->-0.049  MAE(secondary) 6.005->6.005  weeks-var-better(RMSE) 0-0
  START-RB   n=2190   RMSE 7.913->7.902 (Δ-0.011 CI[-0.041,+0.021])  pairwiseAcc 0.629->0.628 (Δ-0.001 CI[-0.004,+0.002])  bias -0.291->-0.460  MAE(secondary) 6.201->6.186  weeks-var-better(RMSE) 32-26
  START-WR   n=3090   RMSE 8.148->8.103 (Δ-0.045 CI[-0.087,-0.003])  pairwiseAcc 0.598->0.605 (Δ+0.006 CI[+0.002,+0.010])  bias -0.425->-1.004  MAE(secondary) 6.373->6.268  weeks-var-better(RMSE) 36-24
  START-TE   n=1148   RMSE 6.642->6.659 (Δ+0.018 CI[-0.044,+0.082])  pairwiseAcc 0.588->0.599 (Δ+0.010 CI[+0.002,+0.018])  bias -0.560->-1.078  MAE(secondary) 5.202->5.151  weeks-var-better(RMSE) 30-30
  START-ALL  n=7788   RMSE 7.819->7.802 (Δ-0.017 CI[-0.041,+0.006])  pairwiseAcc 0.635->0.638 (Δ+0.003 CI[+0.001,+0.005])  bias -0.342->-0.695  MAE(secondary) 6.088->6.034  weeks-var-better(RMSE) 31-29
  VERDICT (add): INCONCLUSIVE   [bias growth +0.354, Holm-adjusted per-position p [np.float64(1.0), np.float64(1.0), np.float64(1.0), np.float64(1.0)]]
  RECOMMENDATION: no significant effect from adding 'v2_pass_capacity_injury_neutral_claim' - stays unshipped, no evidence to promote it.

======================================================================
TOP 25 LARGEST MISSES - shipped model (DEFAULT_FEATURES), startable cut, 7609 player-weeks scored
======================================================================
 year  wk  pos  player                     pred  actual   error  note
 2023  11   WR  Tank Dell                  11.3    57.8   -46.5  UNDERPROJECTED (boom)
 2023   4   RB  De'Von Achane               9.9    54.0   -44.1  UNDERPROJECTED (boom)
 2023   9   WR  Tank Dell                  15.7    59.2   -43.5  UNDERPROJECTED (boom)
 2023  13   RB  De'Von Achane               8.6    50.6   -42.0  UNDERPROJECTED (boom)
 2023   3   WR  Tank Dell                   9.1    51.0   -41.9  UNDERPROJECTED (boom)
 2022   9   RB  Joe Mixon                  14.3    55.1   -40.8  UNDERPROJECTED (boom)
 2023  17   RB  De'Von Achane               9.0    47.4   -38.4  UNDERPROJECTED (boom)
 2022  17   WR  Mike Evans                 11.9    48.7   -36.8  UNDERPROJECTED (boom)
 2023   5   WR  DJ Moore                   12.5    49.0   -36.5  UNDERPROJECTED (boom)
 2023   5   WR  Ja'Marr Chase              16.0    52.2   -36.2  UNDERPROJECTED (boom)
 2023  16   WR  Amari Cooper               15.4    51.5   -36.1  UNDERPROJECTED (boom)
 2025  15   TE  Kyle Pitts                 10.1    45.6   -35.5  UNDERPROJECTED (boom)
 2022   4   TE  T.J. Hockenson              6.9    39.9   -33.0  UNDERPROJECTED (boom)
 2025   9   TE  Brock Bowers               10.3    43.3   -33.0  UNDERPROJECTED (boom)
 2024  14   RB  Zach Charbonnet             6.3    38.3   -32.0  UNDERPROJECTED (boom)
 2022  12   RB  Josh Jacobs                16.4    48.3   -31.9  UNDERPROJECTED (boom)
 2025  12   RB  Jahmyr Gibbs               24.3    55.4   -31.1  UNDERPROJECTED (boom)
 2024  10   WR  Ja'Marr Chase              24.6    55.4   -30.8  UNDERPROJECTED (boom)
 2024   3   RB  De'Von Achane              38.8     8.8   +30.0  OVERPROJECTED (bust)
 2023   3   RB  Raheem Mostert             15.3    45.2   -29.9  UNDERPROJECTED (boom)
 2023  16   RB  Breece Hall                14.4    43.1   -28.7  UNDERPROJECTED (boom)
 2023   5   RB  De'Von Achane              14.3    43.0   -28.7  UNDERPROJECTED (boom)
 2025  17   RB  Derrick Henry              17.0    45.6   -28.6  UNDERPROJECTED (boom)
 2023   3   WR  Davante Adams              13.7    42.2   -28.5  UNDERPROJECTED (boom)
 2024  14   WR  Puka Nacua                 13.6    41.8   -28.2  UNDERPROJECTED (boom)

-- top 8 per position --

  QB:
    2025 w15 Trevor Lawrence         pred   16.3  actual   44.3  err  -28.0  (boom)
    2022 w9  Justin Fields           pred   16.3  actual   42.7  err  -26.5  (boom)
    2023 w9  C.J. Stroud             pred   16.6  actual   41.8  err  -25.2  (boom)
    2024 w15 Jared Goff              pred   16.2  actual   41.1  err  -24.9  (boom)
    2025 w7  Bo Nix                  pred   16.1  actual   40.0  err  -23.8  (boom)
    2025 w11 Josh Allen              pred   19.8  actual   42.7  err  -22.9  (boom)
    2025 w9  Caleb Williams          pred   16.1  actual   38.7  err  -22.6  (boom)
    2022 w17 Tom Brady               pred   16.3  actual   37.7  err  -21.4  (boom)

  RB:
    2023 w4  De'Von Achane           pred    9.9  actual   54.0  err  -44.1  (boom)
    2023 w13 De'Von Achane           pred    8.6  actual   50.6  err  -42.0  (boom)
    2022 w9  Joe Mixon               pred   14.3  actual   55.1  err  -40.8  (boom)
    2023 w17 De'Von Achane           pred    9.0  actual   47.4  err  -38.4  (boom)
    2024 w14 Zach Charbonnet         pred    6.3  actual   38.3  err  -32.0  (boom)
    2022 w12 Josh Jacobs             pred   16.4  actual   48.3  err  -31.9  (boom)
    2025 w12 Jahmyr Gibbs            pred   24.3  actual   55.4  err  -31.1  (boom)
    2024 w3  De'Von Achane           pred   38.8  actual    8.8  err  +30.0  (bust)

  WR:
    2023 w11 Tank Dell               pred   11.3  actual   57.8  err  -46.5  (boom)
    2023 w9  Tank Dell               pred   15.7  actual   59.2  err  -43.5  (boom)
    2023 w3  Tank Dell               pred    9.1  actual   51.0  err  -41.9  (boom)
    2022 w17 Mike Evans              pred   11.9  actual   48.7  err  -36.8  (boom)
    2023 w5  DJ Moore                pred   12.5  actual   49.0  err  -36.5  (boom)
    2023 w5  Ja'Marr Chase           pred   16.0  actual   52.2  err  -36.2  (boom)
    2023 w16 Amari Cooper            pred   15.4  actual   51.5  err  -36.1  (boom)
    2024 w10 Ja'Marr Chase           pred   24.6  actual   55.4  err  -30.8  (boom)

  TE:
    2025 w15 Kyle Pitts              pred   10.1  actual   45.6  err  -35.5  (boom)
    2022 w4  T.J. Hockenson          pred    6.9  actual   39.9  err  -33.0  (boom)
    2025 w9  Brock Bowers            pred   10.3  actual   43.3  err  -33.0  (boom)
    2022 w16 T.J. Hockenson          pred   11.3  actual   35.9  err  -24.6  (boom)
    2023 w14 Evan Engram             pred    8.5  actual   32.5  err  -24.0  (boom)
    2025 w15 Trey McBride            pred   14.9  actual   37.4  err  -22.5  (boom)
    2024 w11 Brock Bowers            pred    9.4  actual   31.3  err  -21.9  (boom)
    2025 w3  Hunter Henry            pred    7.3  actual   29.0  err  -21.7  (boom)
