2026-09-24 10:08:55.052 WARNING streamlit.runtime.caching.cache_data_api: No runtime found, using MemoryCacheStorageManager
2026-09-24 10:08:55.053 WARNING streamlit.runtime.caching.cache_data_api: No runtime found, using MemoryCacheStorageManager
2026-09-24 10:08:55.053 WARNING streamlit.runtime.caching.cache_data_api: No runtime found, using MemoryCacheStorageManager
2026-09-24 10:08:55.053 WARNING streamlit.runtime.caching.cache_data_api: No runtime found, using MemoryCacheStorageManager
2026-09-24 10:08:55.056 WARNING streamlit.runtime.caching.cache_data_api: No runtime found, using MemoryCacheStorageManager
2026-09-24 10:08:55.056 WARNING streamlit.runtime.caching.cache_data_api: No runtime found, using MemoryCacheStorageManager
2026-09-24 10:08:55.057 WARNING streamlit.runtime.caching.cache_data_api: No runtime found, using MemoryCacheStorageManager
2026-09-24 10:08:55.057 WARNING streamlit.runtime.caching.cache_data_api: No runtime found, using MemoryCacheStorageManager
2026-09-24 10:08:55.058 WARNING streamlit.runtime.caching.cache_data_api: No runtime found, using MemoryCacheStorageManager
2026-09-24 10:08:55.058 WARNING streamlit.runtime.caching.cache_data_api: No runtime found, using MemoryCacheStorageManager
2026-09-24 10:08:55.059 WARNING streamlit.runtime.caching.cache_data_api: No runtime found, using MemoryCacheStorageManager
2026-09-24 10:08:55.059 WARNING streamlit.runtime.caching.cache_data_api: No runtime found, using MemoryCacheStorageManager
2026-09-24 10:08:55.059 WARNING streamlit.runtime.caching.cache_data_api: No runtime found, using MemoryCacheStorageManager
2026-09-24 10:08:55.060 WARNING streamlit.runtime.caching.cache_data_api: No runtime found, using MemoryCacheStorageManager
2026-09-24 10:08:55.060 WARNING streamlit.runtime.caching.cache_data_api: No runtime found, using MemoryCacheStorageManager
2026-09-24 10:08:55.060 WARNING streamlit.runtime.caching.cache_data_api: No runtime found, using MemoryCacheStorageManager
2026-09-24 10:08:55.060 WARNING streamlit.runtime.caching.cache_data_api: No runtime found, using MemoryCacheStorageManager
2026-09-24 10:08:55.061 WARNING streamlit.runtime.caching.cache_data_api: No runtime found, using MemoryCacheStorageManager
2026-09-24 10:08:55.061 WARNING streamlit.runtime.caching.cache_data_api: No runtime found, using MemoryCacheStorageManager
2026-09-24 10:08:55.061 WARNING streamlit.runtime.caching.cache_data_api: No runtime found, using MemoryCacheStorageManager
2026-09-24 10:08:55.061 WARNING streamlit.runtime.caching.cache_data_api: No runtime found, using MemoryCacheStorageManager
2026-09-24 10:08:55.062 WARNING streamlit.runtime.caching.cache_data_api: No runtime found, using MemoryCacheStorageManager
2026-09-24 10:08:55.062 WARNING streamlit.runtime.caching.cache_data_api: No runtime found, using MemoryCacheStorageManager
2026-09-24 10:08:55.063 WARNING streamlit.runtime.caching.cache_data_api: No runtime found, using MemoryCacheStorageManager
2026-09-24 10:08:55.063 WARNING streamlit.runtime.caching.cache_data_api: No runtime found, using MemoryCacheStorageManager
2026-09-24 10:08:55.063 WARNING streamlit.runtime.caching.cache_data_api: No runtime found, using MemoryCacheStorageManager
2026-09-24 10:08:55.064 WARNING streamlit.runtime.caching.cache_data_api: No runtime found, using MemoryCacheStorageManager
2026-09-24 10:08:55.064 WARNING streamlit.runtime.caching.cache_data_api: No runtime found, using MemoryCacheStorageManager
2026-09-24 10:08:55.065 WARNING streamlit.runtime.caching.cache_data_api: No runtime found, using MemoryCacheStorageManager
2026-09-24 10:08:55.065 WARNING streamlit.runtime.caching.cache_data_api: No runtime found, using MemoryCacheStorageManager
2026-09-24 10:08:55.066 WARNING streamlit.runtime.caching.cache_data_api: No runtime found, using MemoryCacheStorageManager
2026-09-24 10:08:55.068 WARNING streamlit.runtime.caching.cache_data_api: No runtime found, using MemoryCacheStorageManager
2026-09-24 10:08:55.083 WARNING streamlit.runtime.caching.cache_data_api: No runtime found, using MemoryCacheStorageManager
2026-09-24 10:08:55.083 WARNING streamlit.runtime.caching.cache_data_api: No runtime found, using MemoryCacheStorageManager
2026-09-24 10:08:55.084 WARNING streamlit.runtime.caching.cache_data_api: No runtime found, using MemoryCacheStorageManager
2026-09-24 10:08:55.084 WARNING streamlit.runtime.caching.cache_data_api: No runtime found, using MemoryCacheStorageManager
2026-09-24 10:08:55.085 WARNING streamlit.runtime.caching.cache_data_api: No runtime found, using MemoryCacheStorageManager
2026-09-24 10:08:55.085 WARNING streamlit.runtime.caching.cache_data_api: No runtime found, using MemoryCacheStorageManager
2026-09-24 10:08:55.086 WARNING streamlit.runtime.caching.cache_data_api: No runtime found, using MemoryCacheStorageManager
2026-09-24 10:08:55.086 WARNING streamlit.runtime.caching.cache_data_api: No runtime found, using MemoryCacheStorageManager
2026-09-24 10:08:55.087 WARNING streamlit.runtime.caching.cache_data_api: No runtime found, using MemoryCacheStorageManager
2026-09-24 10:08:55.090 WARNING streamlit.runtime.caching.cache_data_api: No runtime found, using MemoryCacheStorageManager
2026-09-24 10:08:55.119 WARNING streamlit.runtime.caching.cache_data_api: No runtime found, using MemoryCacheStorageManager
2026-09-24 10:08:55.120 WARNING streamlit.runtime.scriptrunner_utils.script_run_context: Thread 'MainThread': missing ScriptRunContext! This warning can be ignored when running in bare mode.
2026-09-24 10:08:55.120 WARNING streamlit.runtime.caching.cache_data_api: No runtime found, using MemoryCacheStorageManager
2026-09-24 10:08:55.602 WARNING streamlit.runtime.caching.cache_data_api: No runtime found, using MemoryCacheStorageManager
2026-09-24 10:08:56.129 WARNING streamlit.runtime.caching.cache_data_api: No runtime found, using MemoryCacheStorageManager
2026-09-24 10:08:56.130 WARNING streamlit.runtime.scriptrunner_utils.script_run_context: Thread 'MainThread': missing ScriptRunContext! This warning can be ignored when running in bare mode.
2026-09-24 10:08:56.455 WARNING streamlit.runtime.caching.cache_data_api: No runtime found, using MemoryCacheStorageManager
2026-09-24 10:08:56.455 WARNING streamlit.runtime.scriptrunner_utils.script_run_context: Thread 'MainThread': missing ScriptRunContext! This warning can be ignored when running in bare mode.
2026-09-24 10:08:56.470 WARNING streamlit.runtime.caching.cache_data_api: No runtime found, using MemoryCacheStorageManager
2026-09-24 10:08:59.089 WARNING streamlit.runtime.caching.cache_data_api: No runtime found, using MemoryCacheStorageManager
2026-09-24 10:08:59.097 WARNING streamlit.runtime.caching.cache_data_api: No runtime found, using MemoryCacheStorageManager
years=[2022, 2023, 2024, 2025] weeks=3-17 scoring=Full PPR
base=DEFAULT_FEATURES (31)  variant=DEFAULT_FEATURES+v2_historical_injury_replay (32)

2022 w3 done (significant-out this week: 19, recipients: 201)
2022 w4 done (significant-out this week: 28, recipients: 297)
2022 w5 done (significant-out this week: 41, recipients: 327)
2022 w6 done (significant-out this week: 30, recipients: 225)
2022 w7 done (significant-out this week: 29, recipients: 320)
2022 w8 done (significant-out this week: 44, recipients: 347)
2022 w9 done (significant-out this week: 29, recipients: 314)
2022 w10 done (significant-out this week: 40, recipients: 369)
2022 w11 done (significant-out this week: 32, recipients: 314)
2022 w12 done (significant-out this week: 41, recipients: 385)
2022 w13 done (significant-out this week: 33, recipients: 331)
2022 w14 done (significant-out this week: 28, recipients: 275)
2022 w15 done (significant-out this week: 44, recipients: 431)
2022 w16 done (significant-out this week: 48, recipients: 473)
2022 w17 done (significant-out this week: 41, recipients: 374)
2026-09-24 10:26:07.177 WARNING streamlit.runtime.scriptrunner_utils.script_run_context: Thread 'MainThread': missing ScriptRunContext! This warning can be ignored when running in bare mode.
2026-09-24 10:26:08.136 WARNING streamlit.runtime.scriptrunner_utils.script_run_context: Thread 'MainThread': missing ScriptRunContext! This warning can be ignored when running in bare mode.
2026-09-24 10:26:08.465 WARNING streamlit.runtime.scriptrunner_utils.script_run_context: Thread 'MainThread': missing ScriptRunContext! This warning can be ignored when running in bare mode.
2023 w3 done (significant-out this week: 24, recipients: 242)
2023 w4 done (significant-out this week: 34, recipients: 299)
2023 w5 done (significant-out this week: 26, recipients: 261)
2023 w6 done (significant-out this week: 35, recipients: 273)
2023 w7 done (significant-out this week: 31, recipients: 276)
2023 w8 done (significant-out this week: 30, recipients: 313)
2023 w9 done (significant-out this week: 27, recipients: 281)
2023 w10 done (significant-out this week: 31, recipients: 302)
2023 w11 done (significant-out this week: 31, recipients: 331)
2023 w12 done (significant-out this week: 35, recipients: 360)
2023 w13 done (significant-out this week: 24, recipients: 233)
2023 w14 done (significant-out this week: 30, recipients: 302)
2023 w15 done (significant-out this week: 32, recipients: 354)
2023 w16 done (significant-out this week: 46, recipients: 432)
2023 w17 done (significant-out this week: 39, recipients: 387)
2026-09-24 10:43:02.117 WARNING streamlit.runtime.scriptrunner_utils.script_run_context: Thread 'MainThread': missing ScriptRunContext! This warning can be ignored when running in bare mode.
2026-09-24 10:43:03.115 WARNING streamlit.runtime.scriptrunner_utils.script_run_context: Thread 'MainThread': missing ScriptRunContext! This warning can be ignored when running in bare mode.
2026-09-24 10:43:03.445 WARNING streamlit.runtime.scriptrunner_utils.script_run_context: Thread 'MainThread': missing ScriptRunContext! This warning can be ignored when running in bare mode.
2024 w3 done (significant-out this week: 21, recipients: 243)
2024 w4 done (significant-out this week: 37, recipients: 379)
2024 w5 done (significant-out this week: 33, recipients: 311)
2024 w6 done (significant-out this week: 37, recipients: 280)
2024 w7 done (significant-out this week: 33, recipients: 304)
2024 w8 done (significant-out this week: 43, recipients: 411)
2024 w9 done (significant-out this week: 40, recipients: 375)
2024 w10 done (significant-out this week: 28, recipients: 309)
2024 w11 done (significant-out this week: 28, recipients: 362)
2024 w12 done (significant-out this week: 24, recipients: 296)
2024 w13 done (significant-out this week: 44, recipients: 451)
2024 w14 done (significant-out this week: 26, recipients: 256)
2024 w15 done (significant-out this week: 36, recipients: 436)
2024 w16 done (significant-out this week: 30, recipients: 369)
2024 w17 done (significant-out this week: 36, recipients: 376)
2026-09-24 11:15:34.465 WARNING streamlit.runtime.scriptrunner_utils.script_run_context: Thread 'MainThread': missing ScriptRunContext! This warning can be ignored when running in bare mode.
2026-09-24 11:15:35.560 WARNING streamlit.runtime.scriptrunner_utils.script_run_context: Thread 'MainThread': missing ScriptRunContext! This warning can be ignored when running in bare mode.
2026-09-24 11:15:35.898 WARNING streamlit.runtime.scriptrunner_utils.script_run_context: Thread 'MainThread': missing ScriptRunContext! This warning can be ignored when running in bare mode.
2025 w3 done (significant-out this week: 27, recipients: 279)
2025 w4 done (significant-out this week: 33, recipients: 298)
2025 w5 done (significant-out this week: 37, recipients: 264)
2025 w6 done (significant-out this week: 39, recipients: 409)
2025 w7 done (significant-out this week: 33, recipients: 348)
2025 w8 done (significant-out this week: 38, recipients: 290)
2025 w9 done (significant-out this week: 32, recipients: 311)
2025 w10 done (significant-out this week: 39, recipients: 341)
2025 w11 done (significant-out this week: 49, recipients: 380)
2025 w12 done (significant-out this week: 42, recipients: 344)
2025 w13 done (significant-out this week: 37, recipients: 409)
2025 w14 done (significant-out this week: 36, recipients: 349)
2025 w15 done (significant-out this week: 44, recipients: 388)
2025 w16 done (significant-out this week: 43, recipients: 460)
2025 w17 done (significant-out this week: 62, recipients: 546)

weeks with >=1 qualifying RECIPIENT pool: 60, total recipient player-weeks: 20203

==============================================================================
v2_historical_injury_replay  [add mode]
==============================================================================
  RECIPIENT  weeks=60   n=12695  RMSE 6.334->6.295 (Δ-0.038 CI[-0.076,-0.001])  pairwiseAcc 0.747->0.748 (Δ+0.001 CI[-0.000,+0.002])  bias -0.816->-0.257  MAE(secondary) 4.454->4.505  weeks-var-better(RMSE) 39-19
  ALL        weeks=60   n=18577  RMSE 6.334->6.304 (Δ-0.030 CI[-0.056,-0.005])  pairwiseAcc 0.749->0.749 (Δ+0.001 CI[-0.000,+0.002])  bias -0.732->-0.312  MAE(secondary) 4.439->4.478  weeks-var-better(RMSE) 38-20
  QB         weeks=60   n=1870   RMSE 7.961->7.928 (Δ-0.033 CI[-0.074,+0.005])  pairwiseAcc 0.650->0.651 (Δ+0.001 CI[-0.000,+0.003])  bias -0.962->-0.849  MAE(secondary) 6.298->6.271  weeks-var-better(RMSE) 11-6
  RB         weeks=60   n=4910   RMSE 6.384->6.332 (Δ-0.052 CI[-0.097,-0.008])  pairwiseAcc 0.764->0.766 (Δ+0.002 CI[+0.000,+0.004])  bias -0.447->-0.122  MAE(secondary) 4.469->4.482  weeks-var-better(RMSE) 32-26
  WR         weeks=60   n=7844   RMSE 6.320->6.308 (Δ-0.012 CI[-0.051,+0.027])  pairwiseAcc 0.740->0.739 (Δ-0.001 CI[-0.002,+0.001])  bias -0.853->-0.289  MAE(secondary) 4.423->4.494  weeks-var-better(RMSE) 32-26
  TE         weeks=60   n=3953   RMSE 5.119->5.086 (Δ-0.033 CI[-0.076,+0.006])  pairwiseAcc 0.712->0.713 (Δ+0.001 CI[-0.002,+0.003])  bias -0.735->-0.337  MAE(secondary) 3.553->3.592  weeks-var-better(RMSE) 31-27
  START-QB   weeks=60   n=1366   RMSE 7.610->7.572 (Δ-0.039 CI[-0.085,+0.006])  pairwiseAcc 0.606->0.606 (Δ+0.000 CI[-0.002,+0.003])  bias -0.230->-0.115  MAE(secondary) 6.061->6.035  weeks-var-better(RMSE) 9-4
  START-RB   weeks=60   n=2187   RMSE 7.982->7.900 (Δ-0.082 CI[-0.159,-0.009])  pairwiseAcc 0.624->0.630 (Δ+0.006 CI[-0.000,+0.012])  bias -0.781->-0.187  MAE(secondary) 6.210->6.208  weeks-var-better(RMSE) 33-25
  START-WR   weeks=60   n=3112   RMSE 8.077->8.072 (Δ-0.005 CI[-0.083,+0.073])  pairwiseAcc 0.612->0.603 (Δ-0.009 CI[-0.015,-0.001])  bias -1.305->-0.185  MAE(secondary) 6.193->6.322  weeks-var-better(RMSE) 31-27
  START-TE   weeks=60   n=1157   RMSE 6.676->6.653 (Δ-0.024 CI[-0.126,+0.069])  pairwiseAcc 0.603->0.591 (Δ-0.012 CI[-0.025,+0.001])  bias -1.189->-0.306  MAE(secondary) 5.149->5.232  weeks-var-better(RMSE) 28-30
  START-ALL  weeks=60   n=7822   RMSE 7.841->7.802 (Δ-0.039 CI[-0.089,+0.008])  pairwiseAcc 0.640->0.638 (Δ-0.002 CI[-0.005,+0.001])  bias -0.954->-0.191  MAE(secondary) 6.020->6.079  weeks-var-better(RMSE) 38-20

(Expect: RECIPIENT improves a lot, ALL a little. If RECIPIENT doesn't clearly improve, stop and debug the replay data/wiring before running the follow-up ablations in item 3's protocol - see docs/model_improvement_plan_2026-09-23.md.)
