Lane G waiting for two lanes to finish Tue Sep  1 20:52:15 CDT 2026
  two lanes free Wed Sep  2 04:43:32 CDT 2026
  mg ok 4490MB Wed Sep  2 04:43:32 CDT 2026
[G1] WR wind-strength sweep (ablation, 2021-25 wk3-17)
[1/6] shipped 1/1/1 QB=1.0 WR=1.0 TE=1.0 ...
[2/6] no-WR QB=1.0 WR=0.0 TE=1.0 ...
[3/6] half-WR QB=1.0 WR=0.5 TE=1.0 ...
[4/6] quarter-WR QB=1.0 WR=0.25 TE=1.0 ...
[5/6] no-WR strongQB QB=1.3 WR=0.0 TE=1.0 ...
[6/6] no-WR no-TE QB=1.0 WR=0.0 TE=0.0 ...

          config            ALL           QB           RB           WR           TE     START-QB     START-RB     START-WR     START-TE
---------------------------------------------------------------------------------------------------------------------------------------
   shipped 1/1/1        +0.002       +0.012       +0.002       +0.000       +0.002       +0.031       +0.006       -0.021       -0.012 
           no-WR        +0.002       +0.012       +0.002       +0.001       +0.002       +0.029       +0.005       -0.003       +0.007 
         half-WR        +0.002       +0.012       +0.002       +0.000       +0.002       +0.052*      +0.003       -0.016       -0.001 
      quarter-WR        +0.002       +0.012       +0.002       +0.000       +0.002       +0.054*      -0.006       -0.005       +0.011 
  no-WR strongQB        +0.003       +0.015       +0.003       +0.000       +0.002       +0.032       +0.005       -0.014       +0.004 
     no-WR no-TE        +0.003       +0.012       +0.002       +0.001       +0.002       +0.068*      -0.004       -0.013       -0.011 

dMAE = variant-base (NEGATIVE = weather flag helps). * = boot 95% CI excludes 0.

-> .sweeps/sweep_weather_strength_WR.txt
  done Wed Sep  2 16:07:38 CDT 2026
  mg ok 8900MB Wed Sep  2 16:07:39 CDT 2026
[G2] startable-calibration prediction dump (2019-2025 wk4-17)
  done Wed Sep  2 17:09:00 CDT 2026
LANE G DONE Wed Sep  2 17:09:00 CDT 2026
