2026-10-05 16:53:43.421 WARNING streamlit.runtime.caching.cache_data_api: No runtime found, using MemoryCacheStorageManager
2026-10-05 16:53:43.422 WARNING streamlit.runtime.caching.cache_data_api: No runtime found, using MemoryCacheStorageManager
2026-10-05 16:53:43.423 WARNING streamlit.runtime.caching.cache_data_api: No runtime found, using MemoryCacheStorageManager
2026-10-05 16:53:43.423 WARNING streamlit.runtime.caching.cache_data_api: No runtime found, using MemoryCacheStorageManager
2026-10-05 16:53:43.426 WARNING streamlit.runtime.caching.cache_data_api: No runtime found, using MemoryCacheStorageManager
2026-10-05 16:53:43.426 WARNING streamlit.runtime.caching.cache_data_api: No runtime found, using MemoryCacheStorageManager
2026-10-05 16:53:43.426 WARNING streamlit.runtime.caching.cache_data_api: No runtime found, using MemoryCacheStorageManager
2026-10-05 16:53:43.427 WARNING streamlit.runtime.caching.cache_data_api: No runtime found, using MemoryCacheStorageManager
2026-10-05 16:53:43.428 WARNING streamlit.runtime.caching.cache_data_api: No runtime found, using MemoryCacheStorageManager
2026-10-05 16:53:43.428 WARNING streamlit.runtime.caching.cache_data_api: No runtime found, using MemoryCacheStorageManager
2026-10-05 16:53:43.428 WARNING streamlit.runtime.caching.cache_data_api: No runtime found, using MemoryCacheStorageManager
2026-10-05 16:53:43.428 WARNING streamlit.runtime.caching.cache_data_api: No runtime found, using MemoryCacheStorageManager
2026-10-05 16:53:43.428 WARNING streamlit.runtime.caching.cache_data_api: No runtime found, using MemoryCacheStorageManager
2026-10-05 16:53:43.429 WARNING streamlit.runtime.caching.cache_data_api: No runtime found, using MemoryCacheStorageManager
2026-10-05 16:53:43.429 WARNING streamlit.runtime.caching.cache_data_api: No runtime found, using MemoryCacheStorageManager
2026-10-05 16:53:43.429 WARNING streamlit.runtime.caching.cache_data_api: No runtime found, using MemoryCacheStorageManager
2026-10-05 16:53:43.430 WARNING streamlit.runtime.caching.cache_data_api: No runtime found, using MemoryCacheStorageManager
2026-10-05 16:53:43.430 WARNING streamlit.runtime.caching.cache_data_api: No runtime found, using MemoryCacheStorageManager
2026-10-05 16:53:43.430 WARNING streamlit.runtime.caching.cache_data_api: No runtime found, using MemoryCacheStorageManager
2026-10-05 16:53:43.431 WARNING streamlit.runtime.caching.cache_data_api: No runtime found, using MemoryCacheStorageManager
2026-10-05 16:53:43.431 WARNING streamlit.runtime.caching.cache_data_api: No runtime found, using MemoryCacheStorageManager
2026-10-05 16:53:43.431 WARNING streamlit.runtime.caching.cache_data_api: No runtime found, using MemoryCacheStorageManager
2026-10-05 16:53:43.431 WARNING streamlit.runtime.caching.cache_data_api: No runtime found, using MemoryCacheStorageManager
2026-10-05 16:53:43.432 WARNING streamlit.runtime.caching.cache_data_api: No runtime found, using MemoryCacheStorageManager
2026-10-05 16:53:43.432 WARNING streamlit.runtime.caching.cache_data_api: No runtime found, using MemoryCacheStorageManager
2026-10-05 16:53:43.433 WARNING streamlit.runtime.caching.cache_data_api: No runtime found, using MemoryCacheStorageManager
2026-10-05 16:53:43.433 WARNING streamlit.runtime.caching.cache_data_api: No runtime found, using MemoryCacheStorageManager
2026-10-05 16:53:43.433 WARNING streamlit.runtime.caching.cache_data_api: No runtime found, using MemoryCacheStorageManager
2026-10-05 16:53:43.434 WARNING streamlit.runtime.caching.cache_data_api: No runtime found, using MemoryCacheStorageManager
2026-10-05 16:53:43.435 WARNING streamlit.runtime.caching.cache_data_api: No runtime found, using MemoryCacheStorageManager
2026-10-05 16:53:43.435 WARNING streamlit.runtime.caching.cache_data_api: No runtime found, using MemoryCacheStorageManager
2026-10-05 16:53:43.436 WARNING streamlit.runtime.caching.cache_data_api: No runtime found, using MemoryCacheStorageManager
2026-10-05 16:53:43.438 WARNING streamlit.runtime.caching.cache_data_api: No runtime found, using MemoryCacheStorageManager
2026-10-05 16:53:43.441 WARNING streamlit.runtime.caching.cache_data_api: No runtime found, using MemoryCacheStorageManager
2026-10-05 16:53:43.441 WARNING streamlit.runtime.scriptrunner_utils.script_run_context: Thread 'MainThread': missing ScriptRunContext! This warning can be ignored when running in bare mode.
2026-10-05 16:53:43.444 WARNING streamlit.runtime.caching.cache_data_api: No runtime found, using MemoryCacheStorageManager
2026-10-05 16:53:44.888 WARNING streamlit.runtime.caching.cache_data_api: No runtime found, using MemoryCacheStorageManager
2026-10-05 16:53:45.099 WARNING streamlit.runtime.caching.cache_data_api: No runtime found, using MemoryCacheStorageManager
2026-10-05 16:53:45.100 WARNING streamlit.runtime.scriptrunner_utils.script_run_context: Thread 'MainThread': missing ScriptRunContext! This warning can be ignored when running in bare mode.
2026-10-05 16:53:45.384 WARNING streamlit.runtime.caching.cache_data_api: No runtime found, using MemoryCacheStorageManager
2026-10-05 16:53:45.384 WARNING streamlit.runtime.scriptrunner_utils.script_run_context: Thread 'MainThread': missing ScriptRunContext! This warning can be ignored when running in bare mode.
2026-10-05 16:53:45.701 WARNING streamlit.runtime.caching.cache_data_api: No runtime found, using MemoryCacheStorageManager
2026-10-05 16:53:45.702 WARNING streamlit.runtime.caching.cache_data_api: No runtime found, using MemoryCacheStorageManager
2026-10-05 16:53:45.702 WARNING streamlit.runtime.caching.cache_data_api: No runtime found, using MemoryCacheStorageManager
2026-10-05 16:53:45.703 WARNING streamlit.runtime.caching.cache_data_api: No runtime found, using MemoryCacheStorageManager
2026-10-05 16:53:45.703 WARNING streamlit.runtime.caching.cache_data_api: No runtime found, using MemoryCacheStorageManager
2026-10-05 16:53:45.704 WARNING streamlit.runtime.caching.cache_data_api: No runtime found, using MemoryCacheStorageManager
2026-10-05 16:53:45.704 WARNING streamlit.runtime.caching.cache_data_api: No runtime found, using MemoryCacheStorageManager
2026-10-05 16:53:45.705 WARNING streamlit.runtime.caching.cache_data_api: No runtime found, using MemoryCacheStorageManager
2026-10-05 16:53:45.705 WARNING streamlit.runtime.caching.cache_data_api: No runtime found, using MemoryCacheStorageManager
2026-10-05 16:53:45.709 WARNING streamlit.runtime.caching.cache_data_api: No runtime found, using MemoryCacheStorageManager
2026-10-05 16:53:45.712 WARNING streamlit.runtime.caching.cache_data_api: No runtime found, using MemoryCacheStorageManager
2026-10-05 16:53:45.750 WARNING streamlit.runtime.caching.cache_data_api: No runtime found, using MemoryCacheStorageManager
2026-10-05 16:54:01.731 WARNING streamlit.runtime.caching.cache_data_api: No runtime found, using MemoryCacheStorageManager
2026-10-05 16:54:01.738 WARNING streamlit.runtime.caching.cache_data_api: No runtime found, using MemoryCacheStorageManager
2026-10-05 16:54:01.761 WARNING streamlit.runtime.caching.cache_data_api: No runtime found, using MemoryCacheStorageManager
2026-10-05 16:54:14.097 WARNING streamlit.runtime.caching.cache_data_api: No runtime found, using MemoryCacheStorageManager
2026-10-05 16:54:14.097 WARNING streamlit.runtime.caching.cache_data_api: No runtime found, using MemoryCacheStorageManager
2026-10-05 16:54:19.349 WARNING streamlit.runtime.caching.cache_data_api: No runtime found, using MemoryCacheStorageManager

====================================================================================================
PART 1 - LIVE LEDGER, latest board saved before each team's kickoff
====================================================================================================
  week 1: no board was saved before any kickoff - skipped
  week 2: no board was saved before any kickoff - skipped
  week 3: 32 teams scored from 2 pre-kickoff board(s), 440 rows, 77% played | market rows 340 | FP rows 384
  week 4: 30 teams scored from 2 pre-kickoff board(s), 440 rows, 73% played | market rows 341 | FP rows 409

  Common pool (all three sources + played): 572 player-weeks (of 662 played; market covers 89%)

  scope         n                           Model                          Market                     FantasyPros
                      RMSE   MAE   bias  pairwise     RMSE   MAE   bias  pairwise     RMSE   MAE   bias  pairwise
  ALL         572      6.30  4.65  -0.63    0.748      6.49  4.65  -1.32    0.741      6.84  4.70  -2.42    0.745
  QB           55      6.29  5.39  +0.18    0.588      6.21  5.42  +0.25    0.603      6.35  5.52  +0.97    0.588
  RB          146      6.03  4.46  +0.12    0.771      6.42  4.61  -1.01    0.748      6.37  4.42  -1.58    0.754
  WR          244      6.60  4.75  -1.04    0.725      6.74  4.65  -1.72    0.724      7.34  4.85  -3.34    0.727
  TE          127      6.01  4.36  -1.05    0.704      6.20  4.38  -1.57    0.686      6.56  4.39  -3.10    0.721

  Per-stat bias (projection - actual) on the same common pool:
    rushing_attempts  model  -0.17 (n=201)   FP  +0.02 (n=445)
    rushing_yards     model  +0.59 (n=201)   market  -0.10 (n=153)   FP  +0.83 (n=445)
    targets           model  -0.49 (n=572)
    receptions        model  -0.29 (n=572)   market  -0.19 (n=303)   FP  -0.22 (n=517)
    receiving_yards   model  -3.21 (n=572)   market  -5.13 (n=344)   FP  -2.11 (n=517)
    passing_yards     model -15.86 (n=55)   market  -9.33 (n=55)   FP  -3.23 (n=55)

  When model and market disagree (model - market), who was right?
                 n  model  market  actual  model_closer
gb                                                     
(-99.0, -4.0]   13   7.70   13.17   12.27          0.54
(-4.0, -2.0]    37   9.93   12.71   12.11          0.54
(-2.0, -0.5]   101  10.46   11.64   11.45          0.50
(-0.5, 0.5]     84   8.85    8.88   10.18          0.48
(0.5, 2.0]     203   5.79    4.55    5.77          0.44
(2.0, 4.0]     109   6.84    4.12    7.56          0.55
(4.0, 99.0]     25  11.33    5.73    8.74          0.48

rebuilding with the current model ...
  rebuilt week 1: 327 live rows, 100% played
  rebuilt week 2: 420 live rows, 80% played
  rebuilt week 3: 423 live rows, 80% played
2026-10-05 16:58:51.466 WARNING streamlit.runtime.caching.cache_data_api: No runtime found, using MemoryCacheStorageManager
2026-10-05 16:58:51.466 WARNING streamlit.runtime.caching.cache_data_api: No runtime found, using MemoryCacheStorageManager
2026-10-05 16:58:52.109 WARNING streamlit.runtime.caching.cache_data_api: No runtime found, using MemoryCacheStorageManager
2026-10-05 16:58:52.167 WARNING streamlit.runtime.caching.cache_data_api: No runtime found, using MemoryCacheStorageManager
  rebuilt week 4: 411 live rows, 80% played

====================================================================================================
PART 2 - CURRENT MODEL REBUILT AS-OF EACH WEEK (replay on), residual = projection - actual
====================================================================================================

  Played players, by position (all / startable).  Reference, harness 2022-2025 wk3-17 with the same model:
  START-ALL RMSE 7.70 bias -0.64 | START-QB 7.49/-0.45 RB 7.72/-0.53 WR 7.96/-0.80 TE 6.67/-0.68
    ALL        n= 1329  RMSE  6.18  MAE  4.46  bias -0.29  pairwise 0.760  | raw bias -0.60
    START-ALL  n=  543  RMSE  7.97  MAE  6.26  bias -0.24  pairwise 0.654  | raw bias +0.18
    QB         n=  125  RMSE  8.10  MAE  6.72  bias -0.63  pairwise 0.596  | raw bias -0.88
    START-QB   n=   93  RMSE  7.99  MAE  6.48  bias +0.00  pairwise 0.563  | raw bias +0.44
    RB         n=  341  RMSE  5.70  MAE  4.12  bias +0.33  pairwise 0.779  | raw bias +0.02
    START-RB   n=  159  RMSE  7.49  MAE  5.93  bias +0.44  pairwise 0.687  | raw bias +0.68
    WR         n=  563  RMSE  6.32  MAE  4.49  bias -0.49  pairwise 0.746  | raw bias -0.94
    START-WR   n=  212  RMSE  8.40  MAE  6.45  bias -0.57  pairwise 0.635  | raw bias -0.25
    TE         n=  300  RMSE  5.49  MAE  3.87  bias -0.48  pairwise 0.731  | raw bias -0.55
    START-TE   n=   79  RMSE  7.65  MAE  6.14  bias -0.97  pairwise 0.537  | raw bias -0.02

  Startable bias by week (proj - actual):
week     1     2     3     4
Pos                         
QB   -0.93  0.01 -0.75  1.70
RB   -0.57  2.06  1.65 -1.35
TE    1.36 -2.07 -1.12 -2.12
WR    0.78 -0.70 -1.46 -0.97

  Bias by projection tier within position (played):
tier   1-6  7-12  13-24  25-36   37+
Pos                                 
QB    0.30  1.12  -0.75  -2.47   NaN
RB   -0.75 -1.03   1.36   0.22  0.42
TE   -0.09 -1.10  -1.33  -0.18 -0.28
WR   -1.79 -0.87  -1.52  -0.98 -0.24
  (n)
tier   1-6  7-12  13-24  25-36    37+
Pos                                  
QB    24.0  24.0   45.0   32.0    NaN
RB    24.0  24.0   47.0   48.0  198.0
TE    24.0  24.0   47.0   43.0  162.0
WR    22.0  23.0   45.0   46.0  427.0

  Points bias by stat channel, startable played (PPR points/player-week; - = model low):
                           QB    RB    WR    TE
passing_yards           -0.06  0.00 -0.00  0.00
passing_tds              0.30  0.00  0.00  0.00
passing_interceptions   -0.12 -0.00 -0.00 -0.00
rushing_yards            0.22  0.41 -0.08 -0.02
rushing_tds             -0.15 -0.10 -0.03 -0.08
receptions              -0.01  0.07  0.02  0.06
receiving_yards         -0.00  0.20 -0.02  0.42
receiving_tds            0.00 -0.06 -0.13 -0.48
calibration (cal - raw) -0.44 -0.25 -0.32 -0.95
TOTAL                    0.00  0.44 -0.57 -0.97

  Volume and efficiency, startable played (proj / actual):
    QB: passing_attempts 31.17/32.01 | passing_yards/pass 7.392/7.248 | passing_tds/pass 0.052/0.049 | rushing_attempts 4.11/3.69 | rushing_yards/rush 4.609/4.551
    RB: rushing_attempts 13.94/13.09 | rushing_yards/rush 4.298/4.263 | rushing_tds/rush 0.031/0.035 | targets 3.36/3.17 | receptions/targ 0.772/0.796 | receiving_yards/targ 5.756/5.482
    WR: targets 6.63/6.54 | receptions/targ 0.649/0.655 | receiving_yards/targ 8.506/8.659 | receiving_tds/targ 0.046/0.051
    TE: targets 5.65/5.70 | receptions/targ 0.743/0.727 | receiving_yards/targ 8.133/7.333 | receiving_tds/targ 0.055/0.069

  Startable bias by game context (team spread, + = favored):
sb   dog 7+  dog 3-6  pick  fav 3-6  fav 7+
Pos                                        
QB    -2.97     2.50 -2.21    -0.22    0.87
RB     1.10     0.71  0.94    -0.68    0.59
TE    -0.51    -1.58  2.04    -1.64   -0.65
WR    -1.37    -0.86 -0.64    -0.05   -0.21

  Questionable / limited (0.01 < availability < 1) vs healthy, played rows:
           size    mean
avail_b healthy healthy
Pos                    
QB          125   -0.63
RB          341    0.33
TE          300   -0.48
WR          563   -0.49

  Did not play (no box score, listed live): 252 rows, projected 732 pts total; startable DNP: 13
   largest: Puka Nacua (WR wk2, 18.9); Case Keenum (QB wk4, 17.6); Drew Lock (QB wk3, 16.8); Jalen Coker (WR wk4, 16.0); Justin Jefferson (WR wk4, 14.7); Carson Wentz (QB wk3, 13.9); Rashee Rice (WR wk4, 13.2); RJ Harvey (RB wk2, 12.3)

  Team-level: model total for a team's skill players vs actual (startable + played), largest misses:
    team-week skill-points bias -3.06, sd 21.9; corr(err, implied) -0.10
            proj    act  implied   err
week Team                             
1    NO     62.5  116.7     21.2 -54.2
     LA    104.9   51.3     25.5  53.6
     CHI    89.3  141.8     25.2 -52.4
2    LA     70.1  120.1     27.0 -50.0
     NYG    80.2   33.0     20.5  47.2
3    NYJ    66.9  113.7     21.2 -46.8
2    ARI    86.4   45.3     18.5  41.1
     KC     89.4  130.4     26.2 -40.9

  Biggest individual misses (startable, played):
 week             Player Pos Team  proj  act   err
    4  Tetairoa McMillan  WR  CAR  12.9 45.2 -32.3
    2      Davante Adams  WR   LA  10.6 39.5 -28.9
    2 Jaxon Smith-Njigba  WR  SEA  17.3 42.5 -25.2
    4        CeeDee Lamb  WR  DAL  16.9 41.3 -24.4
    1        Jalen Coker  WR  CAR  10.1 33.8 -23.7
    1   Christian Watson  WR   GB  10.1 32.7 -22.6
    4     Kyren Williams  RB   LA  15.9 36.7 -20.8
    1     Caleb Williams  QB  CHI  16.6 37.3 -20.6
    2        CeeDee Lamb  WR  DAL  14.8 35.3 -20.5
    4      Kyle Monangai  RB  CHI   8.8 28.0 -19.2
    1       Tyler Shough  QB   NO   4.2 23.2 -19.1
    4     Emanuel Wilson  RB  SEA   8.2 27.0 -18.8
