2026-09-25 16:17:49.433 WARNING streamlit.runtime.caching.cache_data_api: No runtime found, using MemoryCacheStorageManager
2026-09-25 16:17:49.434 WARNING streamlit.runtime.caching.cache_data_api: No runtime found, using MemoryCacheStorageManager
2026-09-25 16:17:49.434 WARNING streamlit.runtime.caching.cache_data_api: No runtime found, using MemoryCacheStorageManager
2026-09-25 16:17:49.435 WARNING streamlit.runtime.caching.cache_data_api: No runtime found, using MemoryCacheStorageManager
2026-09-25 16:17:49.438 WARNING streamlit.runtime.caching.cache_data_api: No runtime found, using MemoryCacheStorageManager
2026-09-25 16:17:49.438 WARNING streamlit.runtime.caching.cache_data_api: No runtime found, using MemoryCacheStorageManager
2026-09-25 16:17:49.438 WARNING streamlit.runtime.caching.cache_data_api: No runtime found, using MemoryCacheStorageManager
2026-09-25 16:17:49.439 WARNING streamlit.runtime.caching.cache_data_api: No runtime found, using MemoryCacheStorageManager
2026-09-25 16:17:49.440 WARNING streamlit.runtime.caching.cache_data_api: No runtime found, using MemoryCacheStorageManager
2026-09-25 16:17:49.440 WARNING streamlit.runtime.caching.cache_data_api: No runtime found, using MemoryCacheStorageManager
2026-09-25 16:17:49.440 WARNING streamlit.runtime.caching.cache_data_api: No runtime found, using MemoryCacheStorageManager
2026-09-25 16:17:49.440 WARNING streamlit.runtime.caching.cache_data_api: No runtime found, using MemoryCacheStorageManager
2026-09-25 16:17:49.441 WARNING streamlit.runtime.caching.cache_data_api: No runtime found, using MemoryCacheStorageManager
2026-09-25 16:17:49.441 WARNING streamlit.runtime.caching.cache_data_api: No runtime found, using MemoryCacheStorageManager
2026-09-25 16:17:49.441 WARNING streamlit.runtime.caching.cache_data_api: No runtime found, using MemoryCacheStorageManager
2026-09-25 16:17:49.441 WARNING streamlit.runtime.caching.cache_data_api: No runtime found, using MemoryCacheStorageManager
2026-09-25 16:17:49.442 WARNING streamlit.runtime.caching.cache_data_api: No runtime found, using MemoryCacheStorageManager
2026-09-25 16:17:49.442 WARNING streamlit.runtime.caching.cache_data_api: No runtime found, using MemoryCacheStorageManager
2026-09-25 16:17:49.442 WARNING streamlit.runtime.caching.cache_data_api: No runtime found, using MemoryCacheStorageManager
2026-09-25 16:17:49.443 WARNING streamlit.runtime.caching.cache_data_api: No runtime found, using MemoryCacheStorageManager
2026-09-25 16:17:49.443 WARNING streamlit.runtime.caching.cache_data_api: No runtime found, using MemoryCacheStorageManager
2026-09-25 16:17:49.443 WARNING streamlit.runtime.caching.cache_data_api: No runtime found, using MemoryCacheStorageManager
2026-09-25 16:17:49.443 WARNING streamlit.runtime.caching.cache_data_api: No runtime found, using MemoryCacheStorageManager
2026-09-25 16:17:49.444 WARNING streamlit.runtime.caching.cache_data_api: No runtime found, using MemoryCacheStorageManager
2026-09-25 16:17:49.445 WARNING streamlit.runtime.caching.cache_data_api: No runtime found, using MemoryCacheStorageManager
2026-09-25 16:17:49.445 WARNING streamlit.runtime.caching.cache_data_api: No runtime found, using MemoryCacheStorageManager
2026-09-25 16:17:49.445 WARNING streamlit.runtime.caching.cache_data_api: No runtime found, using MemoryCacheStorageManager
2026-09-25 16:17:49.446 WARNING streamlit.runtime.caching.cache_data_api: No runtime found, using MemoryCacheStorageManager
2026-09-25 16:17:49.446 WARNING streamlit.runtime.caching.cache_data_api: No runtime found, using MemoryCacheStorageManager
2026-09-25 16:17:49.447 WARNING streamlit.runtime.caching.cache_data_api: No runtime found, using MemoryCacheStorageManager
2026-09-25 16:17:49.447 WARNING streamlit.runtime.caching.cache_data_api: No runtime found, using MemoryCacheStorageManager
2026-09-25 16:17:49.449 WARNING streamlit.runtime.caching.cache_data_api: No runtime found, using MemoryCacheStorageManager
2026-09-25 16:17:49.465 WARNING streamlit.runtime.caching.cache_data_api: No runtime found, using MemoryCacheStorageManager
2026-09-25 16:17:49.466 WARNING streamlit.runtime.caching.cache_data_api: No runtime found, using MemoryCacheStorageManager
2026-09-25 16:17:49.466 WARNING streamlit.runtime.caching.cache_data_api: No runtime found, using MemoryCacheStorageManager
2026-09-25 16:17:49.466 WARNING streamlit.runtime.caching.cache_data_api: No runtime found, using MemoryCacheStorageManager
2026-09-25 16:17:49.467 WARNING streamlit.runtime.caching.cache_data_api: No runtime found, using MemoryCacheStorageManager
2026-09-25 16:17:49.467 WARNING streamlit.runtime.caching.cache_data_api: No runtime found, using MemoryCacheStorageManager
2026-09-25 16:17:49.468 WARNING streamlit.runtime.caching.cache_data_api: No runtime found, using MemoryCacheStorageManager
2026-09-25 16:17:49.468 WARNING streamlit.runtime.caching.cache_data_api: No runtime found, using MemoryCacheStorageManager
2026-09-25 16:17:49.469 WARNING streamlit.runtime.caching.cache_data_api: No runtime found, using MemoryCacheStorageManager
2026-09-25 16:17:49.473 WARNING streamlit.runtime.caching.cache_data_api: No runtime found, using MemoryCacheStorageManager
2026-09-25 16:17:49.503 WARNING streamlit.runtime.caching.cache_data_api: No runtime found, using MemoryCacheStorageManager
2026-09-25 16:17:49.504 WARNING streamlit.runtime.scriptrunner_utils.script_run_context: Thread 'MainThread': missing ScriptRunContext! This warning can be ignored when running in bare mode.
2026-09-25 16:17:49.504 WARNING streamlit.runtime.caching.cache_data_api: No runtime found, using MemoryCacheStorageManager
2026-09-25 16:17:49.995 WARNING streamlit.runtime.caching.cache_data_api: No runtime found, using MemoryCacheStorageManager
2026-09-25 16:17:50.570 WARNING streamlit.runtime.caching.cache_data_api: No runtime found, using MemoryCacheStorageManager
2026-09-25 16:17:50.570 WARNING streamlit.runtime.scriptrunner_utils.script_run_context: Thread 'MainThread': missing ScriptRunContext! This warning can be ignored when running in bare mode.
2026-09-25 16:17:50.917 WARNING streamlit.runtime.caching.cache_data_api: No runtime found, using MemoryCacheStorageManager
2026-09-25 16:17:50.932 WARNING streamlit.runtime.caching.cache_data_api: No runtime found, using MemoryCacheStorageManager
2026-09-25 16:18:04.027 WARNING streamlit.runtime.caching.cache_data_api: No runtime found, using MemoryCacheStorageManager
2026-09-25 16:18:04.042 WARNING streamlit.runtime.caching.cache_data_api: No runtime found, using MemoryCacheStorageManager
target=data.rb_role_allocator.RECEIVER_VACANCY_RANK_DECAY  shipped=0.62
mode=set  keys=None  values=[0.85]  add_features=['v2_historical_injury_replay']
years=[2024, 2025] weeks=3-17 scoring=Full PPR harness=v2

2024 w3 done
2024 w4 done
2024 w5 done
2024 w6 done
2024 w7 done
2024 w8 done
2024 w9 done
2024 w10 done
2024 w11 done
2024 w12 done
2024 w13 done
2024 w14 done
2024 w15 done
2024 w16 done
2024 w17 done
2026-09-25 16:52:20.395 WARNING streamlit.runtime.scriptrunner_utils.script_run_context: Thread 'MainThread': missing ScriptRunContext! This warning can be ignored when running in bare mode.
2026-09-25 16:52:21.589 WARNING streamlit.runtime.scriptrunner_utils.script_run_context: Thread 'MainThread': missing ScriptRunContext! This warning can be ignored when running in bare mode.
2025 w3 done
2025 w4 done
2025 w5 done
2025 w6 done
2025 w7 done
2025 w8 done
2025 w9 done
2025 w10 done
2025 w11 done
2025 w12 done
2025 w13 done
2025 w14 done
2025 w15 done
2025 w16 done
2025 w17 done

==============================================================================
data.rb_role_allocator.RECEIVER_VACANCY_RANK_DECAY  (set)  vs shipped 0.62  [harness v2]
==============================================================================

--- value 0.85 ---
  ALL        n=9427   RMSE 6.210->6.212 (Δ+0.002 CI[-0.004,+0.007])  pairwiseAcc 0.756->0.756 (Δ-0.000 CI[-0.001,-0.000])  bias -0.319->-0.332  MAE(secondary) 4.445->4.450  weeks-var-better(RMSE) 11-19
  QB         n=953    RMSE 8.281->8.281 (Δ+0.000 CI[+0.000,+0.000])  pairwiseAcc 0.642->0.642 (Δ+0.000 CI[+0.000,+0.000])  bias -1.092->-1.092  MAE(secondary) 6.531->6.531  weeks-var-better(RMSE) 0-0
  RB         n=2493   RMSE 6.128->6.128 (Δ+0.000 CI[+0.000,+0.000])  pairwiseAcc 0.776->0.776 (Δ+0.000 CI[+0.000,+0.000])  bias -0.049->-0.049  MAE(secondary) 4.381->4.381  weeks-var-better(RMSE) 0-0
  WR         n=3959   RMSE 6.141->6.142 (Δ+0.001 CI[-0.010,+0.011])  pairwiseAcc 0.743->0.742 (Δ-0.000 CI[-0.001,+0.000])  bias -0.226->-0.259  MAE(secondary) 4.442->4.446  weeks-var-better(RMSE) 13-17
  TE         n=2022   RMSE 5.029->5.034 (Δ+0.006 CI[-0.008,+0.020])  pairwiseAcc 0.727->0.727 (Δ-0.001 CI[-0.002,+0.001])  bias -0.471->-0.467  MAE(secondary) 3.548->3.560  weeks-var-better(RMSE) 14-16
  START-QB   n=682    RMSE 7.717->7.717 (Δ+0.000 CI[+0.000,+0.000])  pairwiseAcc 0.590->0.590 (Δ+0.000 CI[+0.000,+0.000])  bias -0.325->-0.325  MAE(secondary) 6.239->6.239  weeks-var-better(RMSE) 0-0
  START-RB   n=1106   RMSE 7.759->7.759 (Δ+0.000 CI[+0.000,+0.000])  pairwiseAcc 0.650->0.650 (Δ+0.000 CI[+0.000,+0.000])  bias -0.034->-0.034  MAE(secondary) 6.148->6.148  weeks-var-better(RMSE) 0-0
  START-WR   n=1494   RMSE 7.921->7.918 (Δ-0.002 CI[-0.025,+0.020])  pairwiseAcc 0.596->0.595 (Δ-0.000 CI[-0.004,+0.003])  bias -0.490->-0.678  MAE(secondary) 6.292->6.265  weeks-var-better(RMSE) 14-16
  START-TE   n=560    RMSE 6.766->6.784 (Δ+0.018 CI[-0.013,+0.049])  pairwiseAcc 0.586->0.585 (Δ-0.001 CI[-0.007,+0.005])  bias -0.826->-0.941  MAE(secondary) 5.306->5.317  weeks-var-better(RMSE) 14-16
  START-ALL  n=3842   RMSE 7.743->7.745 (Δ+0.002 CI[-0.008,+0.012])  pairwiseAcc 0.639->0.639 (Δ-0.000 CI[-0.001,+0.001])  bias -0.378->-0.468  MAE(secondary) 6.098->6.089  weeks-var-better(RMSE) 12-18
  [START-ALL bias growth +0.090]

(RMSE/pairwiseAcc CI excluding 0 = distinguishable from noise at this sample. MAE is secondary/informational only - see scripts/harness_v2.py.)
