2026-09-25 15:39:14.591 WARNING streamlit.runtime.caching.cache_data_api: No runtime found, using MemoryCacheStorageManager
2026-09-25 15:39:14.600 WARNING streamlit.runtime.caching.cache_data_api: No runtime found, using MemoryCacheStorageManager
2026-09-25 15:39:14.601 WARNING streamlit.runtime.caching.cache_data_api: No runtime found, using MemoryCacheStorageManager
2026-09-25 15:39:14.601 WARNING streamlit.runtime.caching.cache_data_api: No runtime found, using MemoryCacheStorageManager
2026-09-25 15:39:14.604 WARNING streamlit.runtime.caching.cache_data_api: No runtime found, using MemoryCacheStorageManager
2026-09-25 15:39:14.604 WARNING streamlit.runtime.caching.cache_data_api: No runtime found, using MemoryCacheStorageManager
2026-09-25 15:39:14.605 WARNING streamlit.runtime.caching.cache_data_api: No runtime found, using MemoryCacheStorageManager
2026-09-25 15:39:14.605 WARNING streamlit.runtime.caching.cache_data_api: No runtime found, using MemoryCacheStorageManager
2026-09-25 15:39:14.606 WARNING streamlit.runtime.caching.cache_data_api: No runtime found, using MemoryCacheStorageManager
2026-09-25 15:39:14.606 WARNING streamlit.runtime.caching.cache_data_api: No runtime found, using MemoryCacheStorageManager
2026-09-25 15:39:14.606 WARNING streamlit.runtime.caching.cache_data_api: No runtime found, using MemoryCacheStorageManager
2026-09-25 15:39:14.607 WARNING streamlit.runtime.caching.cache_data_api: No runtime found, using MemoryCacheStorageManager
2026-09-25 15:39:14.607 WARNING streamlit.runtime.caching.cache_data_api: No runtime found, using MemoryCacheStorageManager
2026-09-25 15:39:14.607 WARNING streamlit.runtime.caching.cache_data_api: No runtime found, using MemoryCacheStorageManager
2026-09-25 15:39:14.607 WARNING streamlit.runtime.caching.cache_data_api: No runtime found, using MemoryCacheStorageManager
2026-09-25 15:39:14.608 WARNING streamlit.runtime.caching.cache_data_api: No runtime found, using MemoryCacheStorageManager
2026-09-25 15:39:14.608 WARNING streamlit.runtime.caching.cache_data_api: No runtime found, using MemoryCacheStorageManager
2026-09-25 15:39:14.608 WARNING streamlit.runtime.caching.cache_data_api: No runtime found, using MemoryCacheStorageManager
2026-09-25 15:39:14.609 WARNING streamlit.runtime.caching.cache_data_api: No runtime found, using MemoryCacheStorageManager
2026-09-25 15:39:14.609 WARNING streamlit.runtime.caching.cache_data_api: No runtime found, using MemoryCacheStorageManager
2026-09-25 15:39:14.609 WARNING streamlit.runtime.caching.cache_data_api: No runtime found, using MemoryCacheStorageManager
2026-09-25 15:39:14.609 WARNING streamlit.runtime.caching.cache_data_api: No runtime found, using MemoryCacheStorageManager
2026-09-25 15:39:14.610 WARNING streamlit.runtime.caching.cache_data_api: No runtime found, using MemoryCacheStorageManager
2026-09-25 15:39:14.619 WARNING streamlit.runtime.caching.cache_data_api: No runtime found, using MemoryCacheStorageManager
2026-09-25 15:39:14.620 WARNING streamlit.runtime.caching.cache_data_api: No runtime found, using MemoryCacheStorageManager
2026-09-25 15:39:14.620 WARNING streamlit.runtime.caching.cache_data_api: No runtime found, using MemoryCacheStorageManager
2026-09-25 15:39:14.620 WARNING streamlit.runtime.caching.cache_data_api: No runtime found, using MemoryCacheStorageManager
2026-09-25 15:39:14.621 WARNING streamlit.runtime.caching.cache_data_api: No runtime found, using MemoryCacheStorageManager
2026-09-25 15:39:14.621 WARNING streamlit.runtime.caching.cache_data_api: No runtime found, using MemoryCacheStorageManager
2026-09-25 15:39:14.622 WARNING streamlit.runtime.caching.cache_data_api: No runtime found, using MemoryCacheStorageManager
2026-09-25 15:39:14.623 WARNING streamlit.runtime.caching.cache_data_api: No runtime found, using MemoryCacheStorageManager
2026-09-25 15:39:14.624 WARNING streamlit.runtime.caching.cache_data_api: No runtime found, using MemoryCacheStorageManager
2026-09-25 15:39:14.640 WARNING streamlit.runtime.caching.cache_data_api: No runtime found, using MemoryCacheStorageManager
2026-09-25 15:39:14.648 WARNING streamlit.runtime.caching.cache_data_api: No runtime found, using MemoryCacheStorageManager
2026-09-25 15:39:14.648 WARNING streamlit.runtime.caching.cache_data_api: No runtime found, using MemoryCacheStorageManager
2026-09-25 15:39:14.648 WARNING streamlit.runtime.caching.cache_data_api: No runtime found, using MemoryCacheStorageManager
2026-09-25 15:39:14.649 WARNING streamlit.runtime.caching.cache_data_api: No runtime found, using MemoryCacheStorageManager
2026-09-25 15:39:14.649 WARNING streamlit.runtime.caching.cache_data_api: No runtime found, using MemoryCacheStorageManager
2026-09-25 15:39:14.650 WARNING streamlit.runtime.caching.cache_data_api: No runtime found, using MemoryCacheStorageManager
2026-09-25 15:39:14.650 WARNING streamlit.runtime.caching.cache_data_api: No runtime found, using MemoryCacheStorageManager
2026-09-25 15:39:14.651 WARNING streamlit.runtime.caching.cache_data_api: No runtime found, using MemoryCacheStorageManager
2026-09-25 15:39:14.655 WARNING streamlit.runtime.caching.cache_data_api: No runtime found, using MemoryCacheStorageManager
2026-09-25 15:39:14.703 WARNING streamlit.runtime.caching.cache_data_api: No runtime found, using MemoryCacheStorageManager
2026-09-25 15:39:14.703 WARNING streamlit.runtime.scriptrunner_utils.script_run_context: Thread 'MainThread': missing ScriptRunContext! This warning can be ignored when running in bare mode.
2026-09-25 15:39:14.703 WARNING streamlit.runtime.caching.cache_data_api: No runtime found, using MemoryCacheStorageManager
2026-09-25 15:39:15.185 WARNING streamlit.runtime.caching.cache_data_api: No runtime found, using MemoryCacheStorageManager
2026-09-25 15:39:15.715 WARNING streamlit.runtime.caching.cache_data_api: No runtime found, using MemoryCacheStorageManager
2026-09-25 15:39:15.716 WARNING streamlit.runtime.scriptrunner_utils.script_run_context: Thread 'MainThread': missing ScriptRunContext! This warning can be ignored when running in bare mode.
2026-09-25 15:39:16.041 WARNING streamlit.runtime.caching.cache_data_api: No runtime found, using MemoryCacheStorageManager
2026-09-25 15:39:16.055 WARNING streamlit.runtime.caching.cache_data_api: No runtime found, using MemoryCacheStorageManager
2026-09-25 15:39:19.903 WARNING streamlit.runtime.caching.cache_data_api: No runtime found, using MemoryCacheStorageManager
2026-09-25 15:39:19.918 WARNING streamlit.runtime.caching.cache_data_api: No runtime found, using MemoryCacheStorageManager
target=data.rb_role_allocator.RECEIVER_VACANCY_RANK_DECAY  shipped=0.62
mode=set  keys=None  values=[0.85]  add_features=['v2_historical_injury_replay']
years=[2022, 2023] weeks=3-17 scoring=Full PPR harness=v2

2022 w3 done
2022 w4 done
2022 w5 done
2022 w6 done
2022 w7 done
2022 w8 done
2022 w9 done
2022 w10 done
2022 w11 done
2022 w12 done
2022 w13 done
2022 w14 done
2022 w15 done
2022 w16 done
2022 w17 done
2026-09-25 15:58:38.518 WARNING streamlit.runtime.scriptrunner_utils.script_run_context: Thread 'MainThread': missing ScriptRunContext! This warning can be ignored when running in bare mode.
2026-09-25 15:58:39.486 WARNING streamlit.runtime.scriptrunner_utils.script_run_context: Thread 'MainThread': missing ScriptRunContext! This warning can be ignored when running in bare mode.
2023 w3 done
2023 w4 done
2023 w5 done
2023 w6 done
2023 w7 done
2023 w8 done
2023 w9 done
2023 w10 done
2023 w11 done
2023 w12 done
2023 w13 done
2023 w14 done
2023 w15 done
2023 w16 done
2023 w17 done

==============================================================================
data.rb_role_allocator.RECEIVER_VACANCY_RANK_DECAY  (set)  vs shipped 0.62  [harness v2]
==============================================================================

--- value 0.85 ---
  ALL        n=9150   RMSE 6.403->6.390 (Δ-0.012 CI[-0.019,-0.006])  pairwiseAcc 0.743->0.743 (Δ+0.001 CI[+0.000,+0.001])  bias -0.322->-0.339  MAE(secondary) 4.531->4.524  weeks-var-better(RMSE) 22-8
  QB         n=917    RMSE 7.561->7.561 (Δ+0.000 CI[+0.000,+0.000])  pairwiseAcc 0.661->0.661 (Δ+0.000 CI[+0.000,+0.000])  bias -0.597->-0.597  MAE(secondary) 6.001->6.001  weeks-var-better(RMSE) 0-0
  RB         n=2417   RMSE 6.549->6.549 (Δ+0.000 CI[+0.000,+0.000])  pairwiseAcc 0.755->0.755 (Δ+0.000 CI[+0.000,+0.000])  bias -0.306->-0.306  MAE(secondary) 4.567->4.567  weeks-var-better(RMSE) 0-0
  WR         n=3885   RMSE 6.484->6.459 (Δ-0.025 CI[-0.039,-0.012])  pairwiseAcc 0.735->0.736 (Δ+0.001 CI[+0.000,+0.002])  bias -0.250->-0.296  MAE(secondary) 4.617->4.603  weeks-var-better(RMSE) 20-10
  TE         n=1931   RMSE 5.133->5.122 (Δ-0.011 CI[-0.022,-0.001])  pairwiseAcc 0.699->0.700 (Δ+0.001 CI[-0.000,+0.002])  bias -0.358->-0.344  MAE(secondary) 3.614->3.612  weeks-var-better(RMSE) 22-8
  START-QB   n=681    RMSE 7.223->7.223 (Δ+0.000 CI[+0.000,+0.000])  pairwiseAcc 0.622->0.622 (Δ+0.000 CI[+0.000,+0.000])  bias +0.195->+0.195  MAE(secondary) 5.765->5.765  weeks-var-better(RMSE) 0-0
  START-RB   n=1072   RMSE 8.094->8.094 (Δ+0.000 CI[+0.000,+0.000])  pairwiseAcc 0.605->0.605 (Δ+0.000 CI[+0.000,+0.000])  bias -0.575->-0.575  MAE(secondary) 6.272->6.272  weeks-var-better(RMSE) 0-0
  START-WR   n=1539   RMSE 8.381->8.334 (Δ-0.047 CI[-0.076,-0.021])  pairwiseAcc 0.597->0.601 (Δ+0.004 CI[+0.001,+0.007])  bias -0.351->-0.541  MAE(secondary) 6.491->6.436  weeks-var-better(RMSE) 20-10
  START-TE   n=549    RMSE 6.549->6.515 (Δ-0.034 CI[-0.057,-0.011])  pairwiseAcc 0.602->0.607 (Δ+0.005 CI[+0.002,+0.008])  bias -0.132->-0.224  MAE(secondary) 5.128->5.085  weeks-var-better(RMSE) 23-7
  START-ALL  n=3841   RMSE 7.916->7.893 (Δ-0.023 CI[-0.036,-0.012])  pairwiseAcc 0.630->0.632 (Δ+0.002 CI[+0.001,+0.004])  bias -0.285->-0.375  MAE(secondary) 6.106->6.078  weeks-var-better(RMSE) 20-10
  [START-ALL bias growth +0.089]

(RMSE/pairwiseAcc CI excluding 0 = distinguishable from noise at this sample. MAE is secondary/informational only - see scripts/harness_v2.py.)
