rows 3207 live RBs  weeks [np.int64(4), np.int64(6), np.int64(8), np.int64(10), np.int64(12), np.int64(14), np.int64(16)] years [np.int64(2022), np.int64(2023), np.int64(2024), np.int64(2025)]  played 71.1%

=== 1. SURVIVORSHIP: startable pool (top-N RBs per week by projected points), every row vs played-only ===
  top-24  ALL rows (DNP = 0)     n=  672  raw pts bias -0.16  (proj 14.87 act 15.02)   played 97.9%
  top-24  PLAYED only            n=  658  raw pts bias -0.43  (proj 14.92 act 15.34)   played 100.0%
  top-36  ALL rows (DNP = 0)     n= 1008  raw pts bias -0.35  (proj 12.89 act 13.24)   played 97.0%
  top-36  PLAYED only            n=  978  raw pts bias -0.69  (proj 12.96 act 13.65)   played 100.0%
  top-48  ALL rows (DNP = 0)     n= 1344  raw pts bias -0.40  (proj 11.15 act 11.55)   played 96.4%
  top-48  PLAYED only            n= 1295  raw pts bias -0.76  (proj 11.23 act 11.99)   played 100.0%

=== 2. BIAS BY ROOM RANK, every row vs played-only (raw points and projected-stat channels) ===

--- ALL rows (DNP = 0)
        n  played%  raw pts bias  cal pts bias  rushing_a  rushing_y  rushing_t  targets  reception  receiving
rk                                                                                                            
RB1   832    96.51         -0.53         -0.75       0.13       0.16      -0.07    -0.07      -0.05      -0.02
RB2   828    88.04         -0.35          0.16       0.07      -1.02      -0.05    -0.04      -0.01       0.01
RB3   791    62.71         -0.17          0.70      -0.02       0.08      -0.01    -0.06      -0.05      -0.00
RB4+  756    33.33         -0.08          0.90      -0.04      -0.62       0.00    -0.03      -0.02       0.00

--- PLAYED only
        n  played%  raw pts bias  cal pts bias  rushing_a  rushing_y  rushing_t  targets  reception  receiving
rk                                                                                                            
RB1   803    100.0         -0.91         -1.15      -0.30      -1.46      -0.08    -0.16      -0.12      -0.02
RB2   729    100.0         -0.86         -0.37      -0.50      -3.16      -0.06    -0.19      -0.13       0.00
RB3   496    100.0         -0.89         -0.05      -0.75      -2.65      -0.03    -0.29      -0.22      -0.01
RB4+  252    100.0         -1.10         -0.14      -0.89      -4.80      -0.02    -0.37      -0.29       0.00

=== 3. CLEAN view: RB1/RB2 who PLAYED and were not in a room with an OUT back (no survivorship, no vacancy) ===
n=1052
                    proj        act   bias
stat                                      
rushing_attempts  10.384  10.609000 -0.226
rushing_yards     45.485  47.167999 -1.683
rushing_tds        0.301   0.351000 -0.049
targets            2.616   2.717000 -0.101
receptions         2.048   2.138000 -0.090
receiving_yards   15.382  15.845000 -0.463
receiving_tds      0.074   0.087000 -0.013
  raw points: proj 10.39 act 11.00 bias -0.61 | act_other (fumbles/2pt not projected) mean -0.067
  points rebuilt from projected stat line: 10.39 (Raw Model Proj Pts 10.39)

=== 4. EFFICIENCY decomposition, played RBs, by room rank (yards = carries x YPC) ===
         n  carries p/a  YPC proj  YPC act  yds gap/player    from carries    from YPC  TD/carry proj  TD/carry act
rank                                                                                                               
RB1    545  14.43/14.45     4.412    4.447          -0.613          -0.108      -0.504          0.030         0.033
RB2    507    6.04/6.48     4.300    4.444          -2.833          -1.964      -0.870          0.027         0.033
RB3    339    1.69/2.24     4.278    4.083          -1.905          -2.235       0.330          0.021         0.025
RB4+   185    0.50/1.14     3.802    4.838          -3.598          -3.081      -0.516          0.026         0.024
ALL   1576    7.35/7.70     4.371    4.430          -1.956          -1.520      -0.436          0.029         0.032

=== 5. RECEIVING decomposition, played RBs, by room rank ===
     targets p/a  catch% proj  catch% act  Y/rec proj  Y/rec act  rec yds gap/player
rank                                                                                
RB1    3.40/3.47        0.784       0.792       7.581      7.599              -0.656
RB2    1.77/1.91        0.780       0.778       7.364      7.039              -0.256
RB3    0.71/0.90        0.780       0.774       7.707      7.581              -1.021
RB4+   0.27/0.52        0.746       0.732       7.547      6.310              -0.907
ALL    1.93/2.07        0.782       0.784       7.526      7.397              -0.635

=== 6. CONDITIONAL LEVEL: played RBs, carries/targets projected vs actual by projection bin ===
  rushing_attempts: 0.3->1.0 (x2.89)  1.9->2.4 (x1.28)  4.4->5.1 (x1.16)  8.1->8.5 (x1.05)  12.5->13.2 (x1.06)  16.9->16.1 (x0.95)
  targets: 0.1->0.3 (x3.07)  0.6->0.9 (x1.67)  1.2->1.4 (x1.15)  2.0->2.2 (x1.08)  3.0->2.9 (x0.98)  4.7->4.6 (x0.99)
  rushing_yards: 1.2->4.7 (x3.88)  7.6->11.2 (x1.47)  18.2->21.3 (x1.17)  34.1->35.1 (x1.03)  53.6->57.4 (x1.07)  78.1->74.9 (x0.96)
  receiving_yards: 0.4->2.4 (x5.53)  2.8->4.1 (x1.48)  6.8->8.2 (x1.21)  11.4->12.9 (x1.13)  17.3->17.2 (x1.00)  29.5->27.2 (x0.92)

=== 7. STAGE TRACE, played RB1/RB2 (carry-weighted multipliers; blended rate -> pre-vacancy -> final) ===
  rushing_attempts  blended  11.055  pre-vac  10.928  final  10.384  actual  10.609  | matchup 1.002 script 1.000 descript 1.001 pace 0.991 env 1.000 partic 0.998 | budget d -0.544 capacity d +0.000 vacancy d +0.000
  rushing_yards     blended  48.435  pre-vac  47.965  final  45.485  actual  47.168  | matchup 1.003 script 1.000 descript 1.001 pace 0.991 env 1.000 partic 0.998 | budget d -2.480 capacity d +0.000 vacancy d +0.000
  rushing_tds       blended   0.318  pre-vac   0.318  final   0.301  actual   0.351  | matchup 1.003 script 1.000 descript 1.000 pace 0.991 env 1.002 partic 0.998 | budget d -0.016 capacity d +0.000 vacancy d +0.000
  targets           blended   2.795  pre-vac   2.755  final   2.616  actual   2.717  | matchup 1.005 script 1.000 descript 1.000 pace 0.992 env 0.999 partic 0.999 | budget d +0.000 capacity d -0.139 vacancy d +0.000
  receiving_yards   blended  16.470  pre-vac  16.230  final  15.382  actual  15.845  | matchup 1.004 script 1.000 descript 1.000 pace 0.992 env 0.998 partic 0.999 | budget d +0.000 capacity d -0.848 vacancy d +0.000

=== 8. By season, played RB1/RB2: raw points bias and carries/yards/targets bias ===
        n  raw pts bias  carries  rush yds  targets  rec yds
year                                                        
2022  266         -0.14    -0.53     -2.10    -0.08     1.33
2023  254         -0.90    -0.12     -0.05    -0.27    -2.70
2024  272         -0.17    -0.24     -1.33     0.07     0.62
2025  260         -1.27    -0.00     -3.23    -0.13    -1.26
