2026-09-23 20:08:13.284 WARNING streamlit.runtime.caching.cache_data_api: No runtime found, using MemoryCacheStorageManager
2026-09-23 20:08:13.286 WARNING streamlit.runtime.caching.cache_data_api: No runtime found, using MemoryCacheStorageManager
2026-09-23 20:08:13.286 WARNING streamlit.runtime.caching.cache_data_api: No runtime found, using MemoryCacheStorageManager
2026-09-23 20:08:13.287 WARNING streamlit.runtime.caching.cache_data_api: No runtime found, using MemoryCacheStorageManager
2026-09-23 20:08:13.289 WARNING streamlit.runtime.caching.cache_data_api: No runtime found, using MemoryCacheStorageManager
2026-09-23 20:08:13.290 WARNING streamlit.runtime.caching.cache_data_api: No runtime found, using MemoryCacheStorageManager
2026-09-23 20:08:13.290 WARNING streamlit.runtime.caching.cache_data_api: No runtime found, using MemoryCacheStorageManager
2026-09-23 20:08:13.291 WARNING streamlit.runtime.caching.cache_data_api: No runtime found, using MemoryCacheStorageManager
2026-09-23 20:08:13.292 WARNING streamlit.runtime.caching.cache_data_api: No runtime found, using MemoryCacheStorageManager
2026-09-23 20:08:13.292 WARNING streamlit.runtime.caching.cache_data_api: No runtime found, using MemoryCacheStorageManager
2026-09-23 20:08:13.292 WARNING streamlit.runtime.caching.cache_data_api: No runtime found, using MemoryCacheStorageManager
2026-09-23 20:08:13.292 WARNING streamlit.runtime.caching.cache_data_api: No runtime found, using MemoryCacheStorageManager
2026-09-23 20:08:13.293 WARNING streamlit.runtime.caching.cache_data_api: No runtime found, using MemoryCacheStorageManager
2026-09-23 20:08:13.293 WARNING streamlit.runtime.caching.cache_data_api: No runtime found, using MemoryCacheStorageManager
2026-09-23 20:08:13.293 WARNING streamlit.runtime.caching.cache_data_api: No runtime found, using MemoryCacheStorageManager
2026-09-23 20:08:13.294 WARNING streamlit.runtime.caching.cache_data_api: No runtime found, using MemoryCacheStorageManager
2026-09-23 20:08:13.294 WARNING streamlit.runtime.caching.cache_data_api: No runtime found, using MemoryCacheStorageManager
2026-09-23 20:08:13.295 WARNING streamlit.runtime.caching.cache_data_api: No runtime found, using MemoryCacheStorageManager
2026-09-23 20:08:13.295 WARNING streamlit.runtime.caching.cache_data_api: No runtime found, using MemoryCacheStorageManager
2026-09-23 20:08:13.295 WARNING streamlit.runtime.caching.cache_data_api: No runtime found, using MemoryCacheStorageManager
2026-09-23 20:08:13.296 WARNING streamlit.runtime.caching.cache_data_api: No runtime found, using MemoryCacheStorageManager
2026-09-23 20:08:13.296 WARNING streamlit.runtime.caching.cache_data_api: No runtime found, using MemoryCacheStorageManager
2026-09-23 20:08:13.296 WARNING streamlit.runtime.caching.cache_data_api: No runtime found, using MemoryCacheStorageManager
2026-09-23 20:08:13.297 WARNING streamlit.runtime.caching.cache_data_api: No runtime found, using MemoryCacheStorageManager
2026-09-23 20:08:13.298 WARNING streamlit.runtime.caching.cache_data_api: No runtime found, using MemoryCacheStorageManager
2026-09-23 20:08:13.298 WARNING streamlit.runtime.caching.cache_data_api: No runtime found, using MemoryCacheStorageManager
2026-09-23 20:08:13.298 WARNING streamlit.runtime.caching.cache_data_api: No runtime found, using MemoryCacheStorageManager
2026-09-23 20:08:13.299 WARNING streamlit.runtime.caching.cache_data_api: No runtime found, using MemoryCacheStorageManager
2026-09-23 20:08:13.299 WARNING streamlit.runtime.caching.cache_data_api: No runtime found, using MemoryCacheStorageManager
2026-09-23 20:08:13.300 WARNING streamlit.runtime.caching.cache_data_api: No runtime found, using MemoryCacheStorageManager
2026-09-23 20:08:13.300 WARNING streamlit.runtime.caching.cache_data_api: No runtime found, using MemoryCacheStorageManager
2026-09-23 20:08:13.302 WARNING streamlit.runtime.caching.cache_data_api: No runtime found, using MemoryCacheStorageManager
2026-09-23 20:08:13.320 WARNING streamlit.runtime.caching.cache_data_api: No runtime found, using MemoryCacheStorageManager
2026-09-23 20:08:13.321 WARNING streamlit.runtime.caching.cache_data_api: No runtime found, using MemoryCacheStorageManager
2026-09-23 20:08:13.321 WARNING streamlit.runtime.caching.cache_data_api: No runtime found, using MemoryCacheStorageManager
2026-09-23 20:08:13.321 WARNING streamlit.runtime.caching.cache_data_api: No runtime found, using MemoryCacheStorageManager
2026-09-23 20:08:13.322 WARNING streamlit.runtime.caching.cache_data_api: No runtime found, using MemoryCacheStorageManager
2026-09-23 20:08:13.322 WARNING streamlit.runtime.caching.cache_data_api: No runtime found, using MemoryCacheStorageManager
2026-09-23 20:08:13.323 WARNING streamlit.runtime.caching.cache_data_api: No runtime found, using MemoryCacheStorageManager
2026-09-23 20:08:13.323 WARNING streamlit.runtime.caching.cache_data_api: No runtime found, using MemoryCacheStorageManager
2026-09-23 20:08:13.324 WARNING streamlit.runtime.caching.cache_data_api: No runtime found, using MemoryCacheStorageManager
2026-09-23 20:08:13.328 WARNING streamlit.runtime.caching.cache_data_api: No runtime found, using MemoryCacheStorageManager
2026-09-23 20:08:13.358 WARNING streamlit.runtime.caching.cache_data_api: No runtime found, using MemoryCacheStorageManager
2026-09-23 20:08:13.358 WARNING streamlit.runtime.scriptrunner_utils.script_run_context: Thread 'MainThread': missing ScriptRunContext! This warning can be ignored when running in bare mode.
2026-09-23 20:08:13.359 WARNING streamlit.runtime.caching.cache_data_api: No runtime found, using MemoryCacheStorageManager
2026-09-23 20:08:14.021 WARNING streamlit.runtime.caching.cache_data_api: No runtime found, using MemoryCacheStorageManager
2026-09-23 20:08:14.791 WARNING streamlit.runtime.caching.cache_data_api: No runtime found, using MemoryCacheStorageManager
2026-09-23 20:08:14.792 WARNING streamlit.runtime.scriptrunner_utils.script_run_context: Thread 'MainThread': missing ScriptRunContext! This warning can be ignored when running in bare mode.
2026-09-23 20:08:15.260 WARNING streamlit.runtime.caching.cache_data_api: No runtime found, using MemoryCacheStorageManager
2026-09-23 20:08:15.277 WARNING streamlit.runtime.caching.cache_data_api: No runtime found, using MemoryCacheStorageManager
2026-09-23 20:08:20.173 WARNING streamlit.runtime.caching.cache_data_api: No runtime found, using MemoryCacheStorageManager
2026-09-23 20:08:20.557 WARNING streamlit.runtime.caching.cache_data_api: No runtime found, using MemoryCacheStorageManager
2026-09-23 21:49:02.917 WARNING streamlit.runtime.scriptrunner_utils.script_run_context: Thread 'MainThread': missing ScriptRunContext! This warning can be ignored when running in bare mode.
2026-09-23 21:49:05.781 WARNING streamlit.runtime.scriptrunner_utils.script_run_context: Thread 'MainThread': missing ScriptRunContext! This warning can be ignored when running in bare mode.
2026-09-24 00:19:14.194 WARNING streamlit.runtime.scriptrunner_utils.script_run_context: Thread 'MainThread': missing ScriptRunContext! This warning can be ignored when running in bare mode.
2026-09-24 00:19:15.371 WARNING streamlit.runtime.scriptrunner_utils.script_run_context: Thread 'MainThread': missing ScriptRunContext! This warning can be ignored when running in bare mode.
years=[2023, 2024, 2025] weeks=3-17 scoring=Full PPR harness=v2
ablating: ['v2_pff_alignment_matchup', 'v2_defense_blowout_discount', 'v2_offense_prior_blend', 'v2_vacancy_bump_cap', 'v2_td_prior_credibility', 'v2_pass_capacity_matchup_flex', 'v2_receiver_cold_start_vacancy']
adding as candidate: ['v2_td_volume_shrink', 'v2_td_career_regress']
DEFAULT_FEATURES size: 31

==============================================================================
v2_pff_alignment_matchup  [ablate mode, harness v2]
==============================================================================
  ALL        n=14007  RMSE 6.367->6.361 (Δ-0.007 CI[-0.012,-0.002])  pairwiseAcc 0.752->0.752 (Δ+0.000 CI[-0.000,+0.000])  bias -0.759->-0.756  MAE(secondary) 4.441->4.438  weeks-var-better(RMSE) 22-8
  QB         n=1421   RMSE 8.144->8.144 (Δ+0.000 CI[+0.000,+0.000])  pairwiseAcc 0.646->0.646 (Δ+0.000 CI[+0.000,+0.000])  bias -1.060->-1.060  MAE(secondary) 6.453->6.453  weeks-var-better(RMSE) 0-0
  RB         n=3660   RMSE 6.392->6.385 (Δ-0.007 CI[-0.014,+0.001])  pairwiseAcc 0.767->0.767 (Δ+0.000 CI[-0.000,+0.000])  bias -0.467->-0.464  MAE(secondary) 4.447->4.445  weeks-var-better(RMSE) 18-12
  WR         n=5949   RMSE 6.335->6.328 (Δ-0.007 CI[-0.017,+0.003])  pairwiseAcc 0.743->0.743 (Δ+0.000 CI[-0.000,+0.001])  bias -0.870->-0.864  MAE(secondary) 4.396->4.393  weeks-var-better(RMSE) 17-13
  TE         n=2977   RMSE 5.096->5.085 (Δ-0.011 CI[-0.022,+0.000])  pairwiseAcc 0.720->0.721 (Δ+0.001 CI[+0.000,+0.002])  bias -0.753->-0.757  MAE(secondary) 3.560->3.559  weeks-var-better(RMSE) 19-11
  START-QB   n=1002   RMSE 7.628->7.628 (Δ+0.000 CI[+0.000,+0.000])  pairwiseAcc 0.596->0.596 (Δ+0.000 CI[+0.000,+0.000])  bias -0.197->-0.197  MAE(secondary) 6.160->6.160  weeks-var-better(RMSE) 0-0
  START-RB   n=1561   RMSE 7.988->7.976 (Δ-0.012 CI[-0.025,+0.001])  pairwiseAcc 0.626->0.627 (Δ+0.000 CI[-0.001,+0.002])  bias -0.724->-0.718  MAE(secondary) 6.233->6.226  weeks-var-better(RMSE) 19-11
  START-WR   n=2163   RMSE 8.329->8.318 (Δ-0.011 CI[-0.031,+0.008])  pairwiseAcc 0.597->0.598 (Δ+0.001 CI[-0.001,+0.003])  bias -1.407->-1.396  MAE(secondary) 6.348->6.336  weeks-var-better(RMSE) 18-12
  START-TE   n=813    RMSE 6.858->6.839 (Δ-0.019 CI[-0.046,+0.011])  pairwiseAcc 0.579->0.588 (Δ+0.010 CI[+0.003,+0.017])  bias -1.388->-1.399  MAE(secondary) 5.347->5.345  weeks-var-better(RMSE) 19-11
  START-ALL  n=5539   RMSE 7.980->7.969 (Δ-0.011 CI[-0.019,-0.002])  pairwiseAcc 0.630->0.631 (Δ+0.001 CI[+0.000,+0.002])  bias -0.993->-0.989  MAE(secondary) 6.135->6.128  weeks-var-better(RMSE) 21-9
  VERDICT (ablate): SHIP-ELIGIBLE   [bias growth -0.004, Holm-adjusted per-position p [np.float64(1.0), np.float64(1.0), np.float64(1.0), np.float64(1.0)]]

==============================================================================
v2_defense_blowout_discount  [ablate mode, harness v2]
==============================================================================
  ALL        n=14007  RMSE 6.367->6.368 (Δ+0.001 CI[-0.000,+0.002])  pairwiseAcc 0.752->0.752 (Δ-0.000 CI[-0.000,+0.000])  bias -0.759->-0.760  MAE(secondary) 4.441->4.441  weeks-var-better(RMSE) 20-25
  QB         n=1421   RMSE 8.144->8.147 (Δ+0.003 CI[-0.002,+0.007])  pairwiseAcc 0.646->0.645 (Δ-0.000 CI[-0.001,+0.001])  bias -1.060->-1.062  MAE(secondary) 6.453->6.455  weeks-var-better(RMSE) 21-24
  RB         n=3660   RMSE 6.392->6.394 (Δ+0.002 CI[+0.000,+0.005])  pairwiseAcc 0.767->0.768 (Δ+0.000 CI[-0.000,+0.000])  bias -0.467->-0.467  MAE(secondary) 4.447->4.449  weeks-var-better(RMSE) 19-26
  WR         n=5949   RMSE 6.335->6.335 (Δ-0.000 CI[-0.001,+0.001])  pairwiseAcc 0.743->0.743 (Δ+0.000 CI[-0.000,+0.000])  bias -0.870->-0.871  MAE(secondary) 4.396->4.395  weeks-var-better(RMSE) 25-20
  TE         n=2977   RMSE 5.096->5.096 (Δ-0.001 CI[-0.002,+0.001])  pairwiseAcc 0.720->0.720 (Δ-0.000 CI[-0.000,+0.000])  bias -0.753->-0.754  MAE(secondary) 3.560->3.560  weeks-var-better(RMSE) 24-21
  START-QB   n=1008   RMSE 7.661->7.664 (Δ+0.003 CI[-0.003,+0.010])  pairwiseAcc 0.596->0.596 (Δ-0.000 CI[-0.002,+0.002])  bias -0.204->-0.206  MAE(secondary) 6.181->6.184  weeks-var-better(RMSE) 20-25
  START-RB   n=1560   RMSE 7.989->7.992 (Δ+0.003 CI[-0.001,+0.007])  pairwiseAcc 0.625->0.626 (Δ+0.000 CI[-0.001,+0.001])  bias -0.733->-0.732  MAE(secondary) 6.233->6.234  weeks-var-better(RMSE) 22-23
  START-WR   n=2127   RMSE 8.318->8.317 (Δ-0.001 CI[-0.003,+0.001])  pairwiseAcc 0.597->0.598 (Δ+0.000 CI[-0.000,+0.001])  bias -1.377->-1.377  MAE(secondary) 6.348->6.346  weeks-var-better(RMSE) 27-18
  START-TE   n=795    RMSE 6.833->6.833 (Δ-0.001 CI[-0.007,+0.005])  pairwiseAcc 0.577->0.579 (Δ+0.002 CI[-0.001,+0.004])  bias -1.349->-1.350  MAE(secondary) 5.327->5.325  weeks-var-better(RMSE) 21-24
  START-ALL  n=5490   RMSE 7.976->7.977 (Δ+0.001 CI[-0.001,+0.003])  pairwiseAcc 0.630->0.630 (Δ+0.000 CI[-0.000,+0.000])  bias -0.975->-0.975  MAE(secondary) 6.137->6.137  weeks-var-better(RMSE) 19-26
  VERDICT (ablate): INCONCLUSIVE   [bias growth +0.000, Holm-adjusted per-position p [np.float64(1.0), np.float64(1.0), np.float64(1.0), np.float64(1.0)]]

==============================================================================
v2_offense_prior_blend  [ablate mode, harness v2]
==============================================================================
  ALL        n=14007  RMSE 6.367->6.367 (Δ-0.000 CI[-0.001,+0.001])  pairwiseAcc 0.752->0.752 (Δ-0.000 CI[-0.000,+0.000])  bias -0.759->-0.758  MAE(secondary) 4.441->4.440  weeks-var-better(RMSE) 25-20
  QB         n=1421   RMSE 8.144->8.145 (Δ+0.000 CI[+0.000,+0.002])  pairwiseAcc 0.646->0.646 (Δ-0.000 CI[-0.000,+0.000])  bias -1.060->-1.059  MAE(secondary) 6.453->6.453  weeks-var-better(RMSE) 0-1
  RB         n=3660   RMSE 6.392->6.392 (Δ+0.000 CI[-0.003,+0.003])  pairwiseAcc 0.767->0.767 (Δ-0.000 CI[-0.000,+0.000])  bias -0.467->-0.461  MAE(secondary) 4.447->4.448  weeks-var-better(RMSE) 19-26
  WR         n=5949   RMSE 6.335->6.334 (Δ-0.001 CI[-0.002,+0.000])  pairwiseAcc 0.743->0.743 (Δ-0.000 CI[-0.000,+0.000])  bias -0.870->-0.871  MAE(secondary) 4.396->4.395  weeks-var-better(RMSE) 25-20
  TE         n=2977   RMSE 5.096->5.096 (Δ-0.000 CI[-0.001,+0.001])  pairwiseAcc 0.720->0.720 (Δ-0.000 CI[-0.000,+0.000])  bias -0.753->-0.754  MAE(secondary) 3.560->3.560  weeks-var-better(RMSE) 21-23
  START-QB   n=1002   RMSE 7.630->7.631 (Δ+0.000 CI[+0.000,+0.001])  pairwiseAcc 0.595->0.595 (Δ-0.000 CI[-0.000,+0.000])  bias -0.209->-0.209  MAE(secondary) 6.162->6.163  weeks-var-better(RMSE) 0-1
  START-RB   n=1562   RMSE 7.993->7.992 (Δ-0.001 CI[-0.006,+0.005])  pairwiseAcc 0.624->0.624 (Δ-0.000 CI[-0.001,+0.001])  bias -0.740->-0.729  MAE(secondary) 6.238->6.239  weeks-var-better(RMSE) 22-23
  START-WR   n=2131   RMSE 8.315->8.314 (Δ-0.001 CI[-0.003,+0.001])  pairwiseAcc 0.598->0.598 (Δ-0.000 CI[-0.001,+0.000])  bias -1.370->-1.372  MAE(secondary) 6.351->6.349  weeks-var-better(RMSE) 28-17
  START-TE   n=790    RMSE 6.846->6.845 (Δ-0.000 CI[-0.003,+0.002])  pairwiseAcc 0.577->0.577 (Δ-0.000 CI[-0.002,+0.001])  bias -1.345->-1.347  MAE(secondary) 5.335->5.335  weeks-var-better(RMSE) 22-20
  START-ALL  n=5485   RMSE 7.974->7.974 (Δ-0.001 CI[-0.002,+0.001])  pairwiseAcc 0.630->0.630 (Δ-0.000 CI[-0.000,+0.000])  bias -0.975->-0.973  MAE(secondary) 6.138->6.137  weeks-var-better(RMSE) 29-16
  VERDICT (ablate): INCONCLUSIVE   [bias growth -0.002, Holm-adjusted per-position p [np.float64(1.0), np.float64(1.0), np.float64(1.0), np.float64(1.0)]]

==============================================================================
v2_vacancy_bump_cap  [ablate mode, harness v2]
==============================================================================
  ALL        n=14007  RMSE 6.367->6.367 (Δ+0.000 CI[+0.000,+0.001])  pairwiseAcc 0.752->0.752 (Δ-0.000 CI[-0.000,+0.000])  bias -0.759->-0.759  MAE(secondary) 4.441->4.441  weeks-var-better(RMSE) 0-1
  QB         n=1421   RMSE 8.144->8.145 (Δ+0.000 CI[+0.000,+0.002])  pairwiseAcc 0.646->0.646 (Δ-0.000 CI[-0.000,+0.000])  bias -1.060->-1.059  MAE(secondary) 6.453->6.453  weeks-var-better(RMSE) 0-1
  RB         n=3660   RMSE 6.392->6.392 (Δ-0.000 CI[-0.000,+0.000])  pairwiseAcc 0.767->0.767 (Δ-0.000 CI[-0.000,+0.000])  bias -0.467->-0.467  MAE(secondary) 4.447->4.447  weeks-var-better(RMSE) 1-0
  WR         n=5949   RMSE 6.335->6.335 (Δ+0.000 CI[+0.000,+0.001])  pairwiseAcc 0.743->0.743 (Δ-0.000 CI[-0.000,+0.000])  bias -0.870->-0.870  MAE(secondary) 4.396->4.396  weeks-var-better(RMSE) 0-1
  TE         n=2977   RMSE 5.096->5.096 (Δ-0.000 CI[-0.000,+0.000])  pairwiseAcc 0.720->0.720 (Δ-0.000 CI[-0.000,+0.000])  bias -0.753->-0.753  MAE(secondary) 3.560->3.560  weeks-var-better(RMSE) 1-0
  START-QB   n=1001   RMSE 7.631->7.632 (Δ+0.000 CI[+0.000,+0.001])  pairwiseAcc 0.595->0.595 (Δ-0.000 CI[-0.000,+0.000])  bias -0.202->-0.202  MAE(secondary) 6.162->6.162  weeks-var-better(RMSE) 0-1
  START-RB   n=1554   RMSE 7.996->7.996 (Δ-0.000 CI[-0.001,+0.000])  pairwiseAcc 0.626->0.626 (Δ-0.000 CI[-0.000,+0.000])  bias -0.725->-0.725  MAE(secondary) 6.240->6.240  weeks-var-better(RMSE) 1-0
  START-WR   n=2118   RMSE 8.320->8.320 (Δ+0.001 CI[+0.000,+0.002])  pairwiseAcc 0.597->0.597 (Δ-0.000 CI[-0.001,+0.000])  bias -1.372->-1.372  MAE(secondary) 6.350->6.349  weeks-var-better(RMSE) 0-1
  START-TE   n=788    RMSE 6.851->6.850 (Δ-0.001 CI[-0.003,+0.000])  pairwiseAcc 0.578->0.578 (Δ+0.000 CI[+0.000,+0.000])  bias -1.341->-1.341  MAE(secondary) 5.340->5.339  weeks-var-better(RMSE) 1-0
  START-ALL  n=5461   RMSE 7.978->7.978 (Δ+0.000 CI[+0.000,+0.000])  pairwiseAcc 0.630->0.630 (Δ-0.000 CI[-0.000,+0.000])  bias -0.969->-0.969  MAE(secondary) 6.138->6.138  weeks-var-better(RMSE) 0-1
  VERDICT (ablate): INCONCLUSIVE   [bias growth +0.000, Holm-adjusted per-position p [np.float64(1.0), np.float64(1.0), np.float64(1.0), np.float64(1.0)]]

==============================================================================
v2_td_prior_credibility  [ablate mode, harness v2]
==============================================================================
  ALL        n=14007  RMSE 6.367->6.367 (Δ+0.000 CI[+0.000,+0.001])  pairwiseAcc 0.752->0.752 (Δ-0.000 CI[-0.000,+0.000])  bias -0.759->-0.759  MAE(secondary) 4.441->4.441  weeks-var-better(RMSE) 0-1
  QB         n=1421   RMSE 8.144->8.145 (Δ+0.000 CI[+0.000,+0.002])  pairwiseAcc 0.646->0.646 (Δ-0.000 CI[-0.000,+0.000])  bias -1.060->-1.059  MAE(secondary) 6.453->6.453  weeks-var-better(RMSE) 0-1
  RB         n=3660   RMSE 6.392->6.392 (Δ-0.000 CI[-0.000,+0.000])  pairwiseAcc 0.767->0.767 (Δ-0.000 CI[-0.000,+0.000])  bias -0.467->-0.467  MAE(secondary) 4.447->4.447  weeks-var-better(RMSE) 1-0
  WR         n=5949   RMSE 6.335->6.335 (Δ+0.000 CI[+0.000,+0.001])  pairwiseAcc 0.743->0.743 (Δ-0.000 CI[-0.000,+0.000])  bias -0.870->-0.870  MAE(secondary) 4.396->4.396  weeks-var-better(RMSE) 0-1
  TE         n=2977   RMSE 5.096->5.096 (Δ-0.000 CI[-0.000,+0.000])  pairwiseAcc 0.720->0.720 (Δ-0.000 CI[-0.000,+0.000])  bias -0.753->-0.753  MAE(secondary) 3.560->3.560  weeks-var-better(RMSE) 1-0
  START-QB   n=1001   RMSE 7.631->7.632 (Δ+0.000 CI[+0.000,+0.001])  pairwiseAcc 0.595->0.595 (Δ-0.000 CI[-0.000,+0.000])  bias -0.202->-0.202  MAE(secondary) 6.162->6.162  weeks-var-better(RMSE) 0-1
  START-RB   n=1554   RMSE 7.996->7.996 (Δ-0.000 CI[-0.001,+0.000])  pairwiseAcc 0.626->0.626 (Δ-0.000 CI[-0.000,+0.000])  bias -0.725->-0.725  MAE(secondary) 6.240->6.240  weeks-var-better(RMSE) 1-0
  START-WR   n=2118   RMSE 8.320->8.320 (Δ+0.001 CI[+0.000,+0.002])  pairwiseAcc 0.597->0.597 (Δ-0.000 CI[-0.001,+0.000])  bias -1.372->-1.372  MAE(secondary) 6.350->6.349  weeks-var-better(RMSE) 0-1
  START-TE   n=788    RMSE 6.851->6.850 (Δ-0.001 CI[-0.003,+0.000])  pairwiseAcc 0.578->0.578 (Δ+0.000 CI[+0.000,+0.000])  bias -1.341->-1.341  MAE(secondary) 5.340->5.339  weeks-var-better(RMSE) 1-0
  START-ALL  n=5461   RMSE 7.978->7.978 (Δ+0.000 CI[+0.000,+0.000])  pairwiseAcc 0.630->0.630 (Δ-0.000 CI[-0.000,+0.000])  bias -0.969->-0.969  MAE(secondary) 6.138->6.138  weeks-var-better(RMSE) 0-1
  VERDICT (ablate): INCONCLUSIVE   [bias growth +0.000, Holm-adjusted per-position p [np.float64(1.0), np.float64(1.0), np.float64(1.0), np.float64(1.0)]]

==============================================================================
v2_pass_capacity_matchup_flex  [ablate mode, harness v2]
==============================================================================
  ALL        n=14007  RMSE 6.367->6.383 (Δ+0.016 CI[+0.006,+0.024])  pairwiseAcc 0.752->0.751 (Δ-0.000 CI[-0.001,-0.000])  bias -0.759->-0.752  MAE(secondary) 4.441->4.451  weeks-var-better(RMSE) 12-33
  QB         n=1421   RMSE 8.144->8.145 (Δ+0.000 CI[+0.000,+0.002])  pairwiseAcc 0.646->0.646 (Δ-0.000 CI[-0.000,+0.000])  bias -1.060->-1.059  MAE(secondary) 6.453->6.453  weeks-var-better(RMSE) 0-1
  RB         n=3660   RMSE 6.392->6.421 (Δ+0.029 CI[-0.001,+0.058])  pairwiseAcc 0.767->0.767 (Δ-0.001 CI[-0.002,+0.000])  bias -0.467->-0.403  MAE(secondary) 4.447->4.477  weeks-var-better(RMSE) 23-22
  WR         n=5949   RMSE 6.335->6.355 (Δ+0.020 CI[+0.008,+0.032])  pairwiseAcc 0.743->0.742 (Δ-0.000 CI[-0.001,+0.000])  bias -0.870->-0.890  MAE(secondary) 4.396->4.403  weeks-var-better(RMSE) 11-34
  TE         n=2977   RMSE 5.096->5.093 (Δ-0.003 CI[-0.015,+0.009])  pairwiseAcc 0.720->0.720 (Δ+0.000 CI[-0.001,+0.001])  bias -0.753->-0.760  MAE(secondary) 3.560->3.560  weeks-var-better(RMSE) 27-18
  START-QB   n=1002   RMSE 7.628->7.628 (Δ+0.000 CI[+0.000,+0.001])  pairwiseAcc 0.596->0.596 (Δ-0.000 CI[-0.000,+0.000])  bias -0.198->-0.198  MAE(secondary) 6.160->6.160  weeks-var-better(RMSE) 0-1
  START-RB   n=1610   RMSE 8.003->8.046 (Δ+0.043 CI[-0.006,+0.093])  pairwiseAcc 0.624->0.622 (Δ-0.002 CI[-0.007,+0.003])  bias -0.803->-0.672  MAE(secondary) 6.225->6.279  weeks-var-better(RMSE) 18-27
  START-WR   n=2179   RMSE 8.286->8.320 (Δ+0.034 CI[+0.010,+0.056])  pairwiseAcc 0.599->0.598 (Δ-0.001 CI[-0.005,+0.002])  bias -1.377->-1.405  MAE(secondary) 6.309->6.322  weeks-var-better(RMSE) 10-35
  START-TE   n=816    RMSE 6.807->6.794 (Δ-0.013 CI[-0.045,+0.020])  pairwiseAcc 0.583->0.587 (Δ+0.004 CI[-0.004,+0.012])  bias -1.331->-1.310  MAE(secondary) 5.288->5.293  weeks-var-better(RMSE) 25-20
  START-ALL  n=5607   RMSE 7.957->7.984 (Δ+0.027 CI[+0.009,+0.043])  pairwiseAcc 0.632->0.630 (Δ-0.001 CI[-0.003,+0.000])  bias -0.995->-0.965  MAE(secondary) 6.110->6.131  weeks-var-better(RMSE) 12-33
  VERDICT (ablate): REJECT   [bias growth -0.030, Holm-adjusted per-position p [np.float64(1.0), np.float64(0.349), np.float64(0.0), np.float64(1.0)]]

==============================================================================
v2_receiver_cold_start_vacancy  [ablate mode, harness v2]
==============================================================================
  ALL        n=14007  RMSE 6.367->6.367 (Δ+0.000 CI[+0.000,+0.001])  pairwiseAcc 0.752->0.752 (Δ-0.000 CI[-0.000,+0.000])  bias -0.759->-0.759  MAE(secondary) 4.441->4.441  weeks-var-better(RMSE) 0-1
  QB         n=1421   RMSE 8.144->8.145 (Δ+0.000 CI[+0.000,+0.002])  pairwiseAcc 0.646->0.646 (Δ-0.000 CI[-0.000,+0.000])  bias -1.060->-1.059  MAE(secondary) 6.453->6.453  weeks-var-better(RMSE) 0-1
  RB         n=3660   RMSE 6.392->6.392 (Δ-0.000 CI[-0.000,+0.000])  pairwiseAcc 0.767->0.767 (Δ-0.000 CI[-0.000,+0.000])  bias -0.467->-0.467  MAE(secondary) 4.447->4.447  weeks-var-better(RMSE) 1-0
  WR         n=5949   RMSE 6.335->6.335 (Δ+0.000 CI[+0.000,+0.001])  pairwiseAcc 0.743->0.743 (Δ-0.000 CI[-0.000,+0.000])  bias -0.870->-0.870  MAE(secondary) 4.396->4.396  weeks-var-better(RMSE) 0-1
  TE         n=2977   RMSE 5.096->5.096 (Δ-0.000 CI[-0.000,+0.000])  pairwiseAcc 0.720->0.720 (Δ-0.000 CI[-0.000,+0.000])  bias -0.753->-0.753  MAE(secondary) 3.560->3.560  weeks-var-better(RMSE) 1-0
  START-QB   n=1001   RMSE 7.631->7.632 (Δ+0.000 CI[+0.000,+0.001])  pairwiseAcc 0.595->0.595 (Δ-0.000 CI[-0.000,+0.000])  bias -0.202->-0.202  MAE(secondary) 6.162->6.162  weeks-var-better(RMSE) 0-1
  START-RB   n=1554   RMSE 7.996->7.996 (Δ-0.000 CI[-0.001,+0.000])  pairwiseAcc 0.626->0.626 (Δ-0.000 CI[-0.000,+0.000])  bias -0.725->-0.725  MAE(secondary) 6.240->6.240  weeks-var-better(RMSE) 1-0
  START-WR   n=2118   RMSE 8.320->8.320 (Δ+0.001 CI[+0.000,+0.002])  pairwiseAcc 0.597->0.597 (Δ-0.000 CI[-0.001,+0.000])  bias -1.372->-1.372  MAE(secondary) 6.350->6.349  weeks-var-better(RMSE) 0-1
  START-TE   n=788    RMSE 6.851->6.850 (Δ-0.001 CI[-0.003,+0.000])  pairwiseAcc 0.578->0.578 (Δ+0.000 CI[+0.000,+0.000])  bias -1.341->-1.341  MAE(secondary) 5.340->5.339  weeks-var-better(RMSE) 1-0
  START-ALL  n=5461   RMSE 7.978->7.978 (Δ+0.000 CI[+0.000,+0.000])  pairwiseAcc 0.630->0.630 (Δ-0.000 CI[-0.000,+0.000])  bias -0.969->-0.969  MAE(secondary) 6.138->6.138  weeks-var-better(RMSE) 0-1
  VERDICT (ablate): INCONCLUSIVE   [bias growth +0.000, Holm-adjusted per-position p [np.float64(1.0), np.float64(1.0), np.float64(1.0), np.float64(1.0)]]

==============================================================================
v2_td_volume_shrink  [add mode, harness v2]
==============================================================================
  ALL        n=14007  RMSE 6.367->6.367 (Δ+0.000 CI[+0.000,+0.001])  pairwiseAcc 0.752->0.752 (Δ-0.000 CI[-0.000,+0.000])  bias -0.759->-0.759  MAE(secondary) 4.441->4.441  weeks-var-better(RMSE) 0-1
  QB         n=1421   RMSE 8.144->8.145 (Δ+0.000 CI[+0.000,+0.002])  pairwiseAcc 0.646->0.646 (Δ-0.000 CI[-0.000,+0.000])  bias -1.060->-1.059  MAE(secondary) 6.453->6.453  weeks-var-better(RMSE) 0-1
  RB         n=3660   RMSE 6.392->6.392 (Δ-0.000 CI[-0.000,+0.000])  pairwiseAcc 0.767->0.767 (Δ-0.000 CI[-0.000,+0.000])  bias -0.467->-0.467  MAE(secondary) 4.447->4.447  weeks-var-better(RMSE) 1-0
  WR         n=5949   RMSE 6.335->6.335 (Δ+0.000 CI[+0.000,+0.001])  pairwiseAcc 0.743->0.743 (Δ-0.000 CI[-0.000,+0.000])  bias -0.870->-0.870  MAE(secondary) 4.396->4.396  weeks-var-better(RMSE) 0-1
  TE         n=2977   RMSE 5.096->5.096 (Δ-0.000 CI[-0.000,+0.000])  pairwiseAcc 0.720->0.720 (Δ-0.000 CI[-0.000,+0.000])  bias -0.753->-0.753  MAE(secondary) 3.560->3.560  weeks-var-better(RMSE) 1-0
  START-QB   n=1001   RMSE 7.631->7.632 (Δ+0.000 CI[+0.000,+0.001])  pairwiseAcc 0.595->0.595 (Δ-0.000 CI[-0.000,+0.000])  bias -0.202->-0.202  MAE(secondary) 6.162->6.162  weeks-var-better(RMSE) 0-1
  START-RB   n=1554   RMSE 7.996->7.996 (Δ-0.000 CI[-0.001,+0.000])  pairwiseAcc 0.626->0.626 (Δ-0.000 CI[-0.000,+0.000])  bias -0.725->-0.725  MAE(secondary) 6.240->6.240  weeks-var-better(RMSE) 1-0
  START-WR   n=2118   RMSE 8.320->8.320 (Δ+0.001 CI[+0.000,+0.002])  pairwiseAcc 0.597->0.597 (Δ-0.000 CI[-0.001,+0.000])  bias -1.372->-1.372  MAE(secondary) 6.350->6.349  weeks-var-better(RMSE) 0-1
  START-TE   n=788    RMSE 6.851->6.850 (Δ-0.001 CI[-0.003,+0.000])  pairwiseAcc 0.578->0.578 (Δ+0.000 CI[+0.000,+0.000])  bias -1.341->-1.341  MAE(secondary) 5.340->5.339  weeks-var-better(RMSE) 1-0
  START-ALL  n=5461   RMSE 7.978->7.978 (Δ+0.000 CI[+0.000,+0.000])  pairwiseAcc 0.630->0.630 (Δ-0.000 CI[-0.000,+0.000])  bias -0.969->-0.969  MAE(secondary) 6.138->6.138  weeks-var-better(RMSE) 0-1
  VERDICT (add): INCONCLUSIVE   [bias growth +0.000, Holm-adjusted per-position p [np.float64(1.0), np.float64(1.0), np.float64(1.0), np.float64(1.0)]]

==============================================================================
v2_td_career_regress  [add mode, harness v2]
==============================================================================
  ALL        n=14007  RMSE 6.367->6.367 (Δ+0.000 CI[+0.000,+0.001])  pairwiseAcc 0.752->0.752 (Δ-0.000 CI[-0.000,+0.000])  bias -0.759->-0.759  MAE(secondary) 4.441->4.441  weeks-var-better(RMSE) 0-1
  QB         n=1421   RMSE 8.144->8.145 (Δ+0.000 CI[+0.000,+0.002])  pairwiseAcc 0.646->0.646 (Δ-0.000 CI[-0.000,+0.000])  bias -1.060->-1.059  MAE(secondary) 6.453->6.453  weeks-var-better(RMSE) 0-1
  RB         n=3660   RMSE 6.392->6.392 (Δ-0.000 CI[-0.000,+0.000])  pairwiseAcc 0.767->0.767 (Δ-0.000 CI[-0.000,+0.000])  bias -0.467->-0.467  MAE(secondary) 4.447->4.447  weeks-var-better(RMSE) 1-0
  WR         n=5949   RMSE 6.335->6.335 (Δ+0.000 CI[+0.000,+0.001])  pairwiseAcc 0.743->0.743 (Δ-0.000 CI[-0.000,+0.000])  bias -0.870->-0.870  MAE(secondary) 4.396->4.396  weeks-var-better(RMSE) 0-1
  TE         n=2977   RMSE 5.096->5.096 (Δ-0.000 CI[-0.000,+0.000])  pairwiseAcc 0.720->0.720 (Δ-0.000 CI[-0.000,+0.000])  bias -0.753->-0.753  MAE(secondary) 3.560->3.560  weeks-var-better(RMSE) 1-0
  START-QB   n=1001   RMSE 7.631->7.632 (Δ+0.000 CI[+0.000,+0.001])  pairwiseAcc 0.595->0.595 (Δ-0.000 CI[-0.000,+0.000])  bias -0.202->-0.202  MAE(secondary) 6.162->6.162  weeks-var-better(RMSE) 0-1
  START-RB   n=1554   RMSE 7.996->7.996 (Δ-0.000 CI[-0.001,+0.000])  pairwiseAcc 0.626->0.626 (Δ-0.000 CI[-0.000,+0.000])  bias -0.725->-0.725  MAE(secondary) 6.240->6.240  weeks-var-better(RMSE) 1-0
  START-WR   n=2118   RMSE 8.320->8.320 (Δ+0.001 CI[+0.000,+0.002])  pairwiseAcc 0.597->0.597 (Δ-0.000 CI[-0.001,+0.000])  bias -1.372->-1.372  MAE(secondary) 6.350->6.349  weeks-var-better(RMSE) 0-1
  START-TE   n=788    RMSE 6.851->6.850 (Δ-0.001 CI[-0.003,+0.000])  pairwiseAcc 0.578->0.578 (Δ+0.000 CI[+0.000,+0.000])  bias -1.341->-1.341  MAE(secondary) 5.340->5.339  weeks-var-better(RMSE) 1-0
  START-ALL  n=5461   RMSE 7.978->7.978 (Δ+0.000 CI[+0.000,+0.000])  pairwiseAcc 0.630->0.630 (Δ-0.000 CI[-0.000,+0.000])  bias -0.969->-0.969  MAE(secondary) 6.138->6.138  weeks-var-better(RMSE) 0-1
  VERDICT (add): INCONCLUSIVE   [bias growth +0.000, Holm-adjusted per-position p [np.float64(1.0), np.float64(1.0), np.float64(1.0), np.float64(1.0)]]

======================================================================
TOP 25 LARGEST MISSES - shipped model (DEFAULT_FEATURES), startable cut, 5461 player-weeks scored
======================================================================
 year  wk  pos  player                     pred  actual   error  note
 2023   9   WR  Tank Dell                   9.1    59.2   -50.1  UNDERPROJECTED (boom)
 2023  11   WR  Tank Dell                  12.6    57.8   -45.2  UNDERPROJECTED (boom)
 2023   4   RB  De'Von Achane              10.2    54.0   -43.8  UNDERPROJECTED (boom)
 2023  13   RB  De'Von Achane               8.7    50.6   -41.9  UNDERPROJECTED (boom)
 2023   3   WR  Tank Dell                   9.6    51.0   -41.4  UNDERPROJECTED (boom)
 2023  17   RB  De'Von Achane               9.0    47.4   -38.4  UNDERPROJECTED (boom)
 2025  15   TE  Kyle Pitts                  7.8    45.6   -37.8  UNDERPROJECTED (boom)
 2023   5   WR  Ja'Marr Chase              15.3    52.2   -36.9  UNDERPROJECTED (boom)
 2024  10   WR  Ja'Marr Chase              18.6    55.4   -36.8  UNDERPROJECTED (boom)
 2023  16   WR  Amari Cooper               14.9    51.5   -36.6  UNDERPROJECTED (boom)
 2023   5   WR  DJ Moore                   13.1    49.0   -35.9  UNDERPROJECTED (boom)
 2025   9   TE  Brock Bowers               10.4    43.3   -32.9  UNDERPROJECTED (boom)
 2023   3   RB  Raheem Mostert             12.9    45.2   -32.3  UNDERPROJECTED (boom)
 2024  14   RB  Zach Charbonnet             6.4    38.3   -31.9  UNDERPROJECTED (boom)
 2025  16   WR  Puka Nacua                 15.1    46.5   -31.4  UNDERPROJECTED (boom)
 2025  12   RB  Jahmyr Gibbs               24.4    55.4   -31.0  UNDERPROJECTED (boom)
 2024  14   WR  Puka Nacua                 11.8    41.8   -30.0  UNDERPROJECTED (boom)
 2023  16   RB  Breece Hall                13.9    43.1   -29.2  UNDERPROJECTED (boom)
 2024  13   WR  Jerry Jeudy                11.4    40.5   -29.1  UNDERPROJECTED (boom)
 2025  17   RB  Derrick Henry              17.0    45.6   -28.6  UNDERPROJECTED (boom)
 2023   5   RB  De'Von Achane              14.6    43.0   -28.4  UNDERPROJECTED (boom)
 2023   3   WR  Davante Adams              13.9    42.2   -28.3  UNDERPROJECTED (boom)
 2023  10   WR  Tank Dell                   9.5    37.8   -28.3  UNDERPROJECTED (boom)
 2024  15   WR  Davante Adams              14.6    42.8   -28.2  UNDERPROJECTED (boom)
 2025  10   RB  Jonathan Taylor            21.5    49.6   -28.1  UNDERPROJECTED (boom)

-- top 8 per position --

  QB:
    2025 w15 Trevor Lawrence         pred   16.3  actual   44.3  err  -28.0  (boom)
    2023 w9  C.J. Stroud             pred   16.6  actual   41.8  err  -25.2  (boom)
    2024 w15 Jared Goff              pred   16.2  actual   41.1  err  -24.9  (boom)
    2025 w7  Bo Nix                  pred   16.0  actual   40.0  err  -23.9  (boom)
    2025 w11 Josh Allen              pred   19.8  actual   42.7  err  -22.9  (boom)
    2025 w9  Caleb Williams          pred   16.1  actual   38.7  err  -22.6  (boom)
    2023 w10 Dak Prescott            pred   17.2  actual   37.9  err  -20.6  (boom)
    2025 w14 Shedeur Sanders         pred   14.4  actual   33.5  err  -19.0  (boom)

  RB:
    2023 w4  De'Von Achane           pred   10.2  actual   54.0  err  -43.8  (boom)
    2023 w13 De'Von Achane           pred    8.7  actual   50.6  err  -41.9  (boom)
    2023 w17 De'Von Achane           pred    9.0  actual   47.4  err  -38.4  (boom)
    2023 w3  Raheem Mostert          pred   12.9  actual   45.2  err  -32.3  (boom)
    2024 w14 Zach Charbonnet         pred    6.4  actual   38.3  err  -31.9  (boom)
    2025 w12 Jahmyr Gibbs            pred   24.4  actual   55.4  err  -31.0  (boom)
    2023 w16 Breece Hall             pred   13.9  actual   43.1  err  -29.2  (boom)
    2025 w17 Derrick Henry           pred   17.0  actual   45.6  err  -28.6  (boom)

  WR:
    2023 w9  Tank Dell               pred    9.1  actual   59.2  err  -50.1  (boom)
    2023 w11 Tank Dell               pred   12.6  actual   57.8  err  -45.2  (boom)
    2023 w3  Tank Dell               pred    9.6  actual   51.0  err  -41.4  (boom)
    2023 w5  Ja'Marr Chase           pred   15.3  actual   52.2  err  -36.9  (boom)
    2024 w10 Ja'Marr Chase           pred   18.6  actual   55.4  err  -36.8  (boom)
    2023 w16 Amari Cooper            pred   14.9  actual   51.5  err  -36.6  (boom)
    2023 w5  DJ Moore                pred   13.1  actual   49.0  err  -35.9  (boom)
    2025 w16 Puka Nacua              pred   15.1  actual   46.5  err  -31.4  (boom)

  TE:
    2025 w15 Kyle Pitts              pred    7.8  actual   45.6  err  -37.8  (boom)
    2025 w9  Brock Bowers            pred   10.4  actual   43.3  err  -32.9  (boom)
    2025 w15 Trey McBride            pred   12.0  actual   37.4  err  -25.4  (boom)
    2023 w14 Evan Engram             pred    7.7  actual   32.5  err  -24.8  (boom)
    2025 w8  Tucker Kraft            pred   10.4  actual   33.3  err  -22.9  (boom)
    2024 w11 Brock Bowers            pred    8.9  actual   31.3  err  -22.4  (boom)
    2025 w3  Hunter Henry            pred    7.1  actual   29.0  err  -21.9  (boom)
    2024 w8  Cade Otton              pred    7.6  actual   29.1  err  -21.5  (boom)

full outlier ledger written to .sweeps/reablation_2026-09-23_outliers.csv
