2026-09-25 07:57:23.834 WARNING streamlit.runtime.caching.cache_data_api: No runtime found, using MemoryCacheStorageManager
2026-09-25 07:57:23.836 WARNING streamlit.runtime.caching.cache_data_api: No runtime found, using MemoryCacheStorageManager
2026-09-25 07:57:23.836 WARNING streamlit.runtime.caching.cache_data_api: No runtime found, using MemoryCacheStorageManager
2026-09-25 07:57:23.836 WARNING streamlit.runtime.caching.cache_data_api: No runtime found, using MemoryCacheStorageManager
2026-09-25 07:57:23.839 WARNING streamlit.runtime.caching.cache_data_api: No runtime found, using MemoryCacheStorageManager
2026-09-25 07:57:23.839 WARNING streamlit.runtime.caching.cache_data_api: No runtime found, using MemoryCacheStorageManager
2026-09-25 07:57:23.840 WARNING streamlit.runtime.caching.cache_data_api: No runtime found, using MemoryCacheStorageManager
2026-09-25 07:57:23.840 WARNING streamlit.runtime.caching.cache_data_api: No runtime found, using MemoryCacheStorageManager
2026-09-25 07:57:23.841 WARNING streamlit.runtime.caching.cache_data_api: No runtime found, using MemoryCacheStorageManager
2026-09-25 07:57:23.841 WARNING streamlit.runtime.caching.cache_data_api: No runtime found, using MemoryCacheStorageManager
2026-09-25 07:57:23.842 WARNING streamlit.runtime.caching.cache_data_api: No runtime found, using MemoryCacheStorageManager
2026-09-25 07:57:23.842 WARNING streamlit.runtime.caching.cache_data_api: No runtime found, using MemoryCacheStorageManager
2026-09-25 07:57:23.842 WARNING streamlit.runtime.caching.cache_data_api: No runtime found, using MemoryCacheStorageManager
2026-09-25 07:57:23.842 WARNING streamlit.runtime.caching.cache_data_api: No runtime found, using MemoryCacheStorageManager
2026-09-25 07:57:23.843 WARNING streamlit.runtime.caching.cache_data_api: No runtime found, using MemoryCacheStorageManager
2026-09-25 07:57:23.843 WARNING streamlit.runtime.caching.cache_data_api: No runtime found, using MemoryCacheStorageManager
2026-09-25 07:57:23.843 WARNING streamlit.runtime.caching.cache_data_api: No runtime found, using MemoryCacheStorageManager
2026-09-25 07:57:23.844 WARNING streamlit.runtime.caching.cache_data_api: No runtime found, using MemoryCacheStorageManager
2026-09-25 07:57:23.844 WARNING streamlit.runtime.caching.cache_data_api: No runtime found, using MemoryCacheStorageManager
2026-09-25 07:57:23.844 WARNING streamlit.runtime.caching.cache_data_api: No runtime found, using MemoryCacheStorageManager
2026-09-25 07:57:23.844 WARNING streamlit.runtime.caching.cache_data_api: No runtime found, using MemoryCacheStorageManager
2026-09-25 07:57:23.845 WARNING streamlit.runtime.caching.cache_data_api: No runtime found, using MemoryCacheStorageManager
2026-09-25 07:57:23.845 WARNING streamlit.runtime.caching.cache_data_api: No runtime found, using MemoryCacheStorageManager
2026-09-25 07:57:23.846 WARNING streamlit.runtime.caching.cache_data_api: No runtime found, using MemoryCacheStorageManager
2026-09-25 07:57:23.846 WARNING streamlit.runtime.caching.cache_data_api: No runtime found, using MemoryCacheStorageManager
2026-09-25 07:57:23.846 WARNING streamlit.runtime.caching.cache_data_api: No runtime found, using MemoryCacheStorageManager
2026-09-25 07:57:23.847 WARNING streamlit.runtime.caching.cache_data_api: No runtime found, using MemoryCacheStorageManager
2026-09-25 07:57:23.847 WARNING streamlit.runtime.caching.cache_data_api: No runtime found, using MemoryCacheStorageManager
2026-09-25 07:57:23.848 WARNING streamlit.runtime.caching.cache_data_api: No runtime found, using MemoryCacheStorageManager
2026-09-25 07:57:23.849 WARNING streamlit.runtime.caching.cache_data_api: No runtime found, using MemoryCacheStorageManager
2026-09-25 07:57:23.849 WARNING streamlit.runtime.caching.cache_data_api: No runtime found, using MemoryCacheStorageManager
2026-09-25 07:57:23.851 WARNING streamlit.runtime.caching.cache_data_api: No runtime found, using MemoryCacheStorageManager
2026-09-25 07:57:23.867 WARNING streamlit.runtime.caching.cache_data_api: No runtime found, using MemoryCacheStorageManager
2026-09-25 07:57:23.868 WARNING streamlit.runtime.caching.cache_data_api: No runtime found, using MemoryCacheStorageManager
2026-09-25 07:57:23.868 WARNING streamlit.runtime.caching.cache_data_api: No runtime found, using MemoryCacheStorageManager
2026-09-25 07:57:23.868 WARNING streamlit.runtime.caching.cache_data_api: No runtime found, using MemoryCacheStorageManager
2026-09-25 07:57:23.869 WARNING streamlit.runtime.caching.cache_data_api: No runtime found, using MemoryCacheStorageManager
2026-09-25 07:57:23.870 WARNING streamlit.runtime.caching.cache_data_api: No runtime found, using MemoryCacheStorageManager
2026-09-25 07:57:23.871 WARNING streamlit.runtime.caching.cache_data_api: No runtime found, using MemoryCacheStorageManager
2026-09-25 07:57:23.871 WARNING streamlit.runtime.caching.cache_data_api: No runtime found, using MemoryCacheStorageManager
2026-09-25 07:57:23.871 WARNING streamlit.runtime.caching.cache_data_api: No runtime found, using MemoryCacheStorageManager
2026-09-25 07:57:23.875 WARNING streamlit.runtime.caching.cache_data_api: No runtime found, using MemoryCacheStorageManager
2026-09-25 07:57:23.908 WARNING streamlit.runtime.caching.cache_data_api: No runtime found, using MemoryCacheStorageManager
2026-09-25 07:57:23.908 WARNING streamlit.runtime.scriptrunner_utils.script_run_context: Thread 'MainThread': missing ScriptRunContext! This warning can be ignored when running in bare mode.
2026-09-25 07:57:23.909 WARNING streamlit.runtime.caching.cache_data_api: No runtime found, using MemoryCacheStorageManager
2026-09-25 07:57:24.388 WARNING streamlit.runtime.caching.cache_data_api: No runtime found, using MemoryCacheStorageManager
2026-09-25 07:57:24.929 WARNING streamlit.runtime.caching.cache_data_api: No runtime found, using MemoryCacheStorageManager
2026-09-25 07:57:24.929 WARNING streamlit.runtime.scriptrunner_utils.script_run_context: Thread 'MainThread': missing ScriptRunContext! This warning can be ignored when running in bare mode.
2026-09-25 07:57:25.261 WARNING streamlit.runtime.caching.cache_data_api: No runtime found, using MemoryCacheStorageManager
2026-09-25 07:57:25.276 WARNING streamlit.runtime.caching.cache_data_api: No runtime found, using MemoryCacheStorageManager
2026-09-25 07:57:29.864 WARNING streamlit.runtime.caching.cache_data_api: No runtime found, using MemoryCacheStorageManager
2026-09-25 07:57:30.080 WARNING streamlit.runtime.caching.cache_data_api: No runtime found, using MemoryCacheStorageManager
target=data.rb_role_allocator.RECEIVER_VACANCY_RANK_DECAY  shipped=0.62
mode=set  keys=None  values=[0.8, 0.9, 0.95, 1.0]  add_features=['v2_historical_injury_replay']
years=[2022, 2023, 2024, 2025] weeks=3-17 scoring=Full PPR harness=v2

2022 w3 done
2022 w4 done
2022 w5 done
2022 w6 done
2022 w7 done
2022 w8 done
2022 w9 done
2022 w10 done
2022 w11 done
2022 w12 done
2022 w13 done
2022 w14 done
2022 w15 done
2022 w16 done
2022 w17 done
2026-09-25 08:48:30.620 WARNING streamlit.runtime.scriptrunner_utils.script_run_context: Thread 'MainThread': missing ScriptRunContext! This warning can be ignored when running in bare mode.
2026-09-25 08:48:31.626 WARNING streamlit.runtime.scriptrunner_utils.script_run_context: Thread 'MainThread': missing ScriptRunContext! This warning can be ignored when running in bare mode.
2023 w3 done
2023 w4 done
2023 w5 done
2023 w6 done
2023 w7 done
2023 w8 done
2023 w9 done
2023 w10 done
2023 w11 done
2023 w12 done
2023 w13 done
2023 w14 done
2023 w15 done
2023 w16 done
2023 w17 done
2026-09-25 09:38:00.957 WARNING streamlit.runtime.scriptrunner_utils.script_run_context: Thread 'MainThread': missing ScriptRunContext! This warning can be ignored when running in bare mode.
2026-09-25 09:38:02.019 WARNING streamlit.runtime.scriptrunner_utils.script_run_context: Thread 'MainThread': missing ScriptRunContext! This warning can be ignored when running in bare mode.
2024 w3 done
2024 w4 done
2024 w5 done
2024 w6 done
2024 w7 done
2024 w8 done
2024 w9 done
2024 w10 done
2024 w11 done
2024 w12 done
2024 w13 done
2024 w14 done
2024 w15 done
2024 w16 done
2024 w17 done
2026-09-25 11:06:44.216 WARNING streamlit.runtime.scriptrunner_utils.script_run_context: Thread 'MainThread': missing ScriptRunContext! This warning can be ignored when running in bare mode.
2026-09-25 11:06:45.504 WARNING streamlit.runtime.scriptrunner_utils.script_run_context: Thread 'MainThread': missing ScriptRunContext! This warning can be ignored when running in bare mode.
2025 w3 done
2025 w4 done
2025 w5 done
2025 w6 done
2025 w7 done
2025 w8 done
2025 w9 done
2025 w10 done
2025 w11 done
2025 w12 done
2025 w13 done
2025 w14 done
2025 w15 done
2025 w16 done
2025 w17 done

==============================================================================
data.rb_role_allocator.RECEIVER_VACANCY_RANK_DECAY  (set)  vs shipped 0.62  [harness v2]
==============================================================================

--- value 0.8 ---
  ALL        n=18577  RMSE 6.305->6.301 (Δ-0.004 CI[-0.008,-0.001])  pairwiseAcc 0.749->0.750 (Δ+0.000 CI[-0.000,+0.000])  bias -0.321->-0.332  MAE(secondary) 4.487->4.487  weeks-var-better(RMSE) 31-29
  QB         n=1870   RMSE 7.928->7.928 (Δ+0.000 CI[+0.000,+0.000])  pairwiseAcc 0.651->0.651 (Δ+0.000 CI[+0.000,+0.000])  bias -0.849->-0.849  MAE(secondary) 6.271->6.271  weeks-var-better(RMSE) 0-0
  RB         n=4910   RMSE 6.335->6.335 (Δ+0.000 CI[+0.000,+0.000])  pairwiseAcc 0.766->0.766 (Δ+0.000 CI[+0.000,+0.000])  bias -0.175->-0.175  MAE(secondary) 4.473->4.473  weeks-var-better(RMSE) 0-0
  WR         n=7844   RMSE 6.311->6.302 (Δ-0.009 CI[-0.017,-0.002])  pairwiseAcc 0.739->0.739 (Δ+0.000 CI[-0.000,+0.001])  bias -0.238->-0.268  MAE(secondary) 4.529->4.525  weeks-var-better(RMSE) 32-28
  TE         n=3953   RMSE 5.080->5.077 (Δ-0.003 CI[-0.009,+0.005])  pairwiseAcc 0.714->0.714 (Δ+0.000 CI[-0.000,+0.001])  bias -0.415->-0.407  MAE(secondary) 3.580->3.584  weeks-var-better(RMSE) 35-25
  START-QB   n=1363   RMSE 7.468->7.468 (Δ+0.000 CI[+0.000,+0.000])  pairwiseAcc 0.607->0.607 (Δ+0.000 CI[+0.000,+0.000])  bias -0.063->-0.063  MAE(secondary) 6.000->6.000  weeks-var-better(RMSE) 0-0
  START-RB   n=2176   RMSE 7.925->7.925 (Δ+0.000 CI[+0.000,+0.000])  pairwiseAcc 0.628->0.628 (Δ+0.000 CI[+0.000,+0.000])  bias -0.304->-0.304  MAE(secondary) 6.208->6.208  weeks-var-better(RMSE) 0-0
  START-WR   n=3031   RMSE 8.152->8.132 (Δ-0.020 CI[-0.036,-0.004])  pairwiseAcc 0.596->0.597 (Δ+0.001 CI[-0.001,+0.003])  bias -0.416->-0.565  MAE(secondary) 6.390->6.358  weeks-var-better(RMSE) 33-27
  START-TE   n=1106   RMSE 6.663->6.656 (Δ-0.007 CI[-0.023,+0.010])  pairwiseAcc 0.592->0.594 (Δ+0.002 CI[-0.001,+0.005])  bias -0.500->-0.580  MAE(secondary) 5.222->5.208  weeks-var-better(RMSE) 38-22
  START-ALL  n=7676   RMSE 7.829->7.821 (Δ-0.008 CI[-0.016,-0.002])  pairwiseAcc 0.634->0.635 (Δ+0.001 CI[+0.000,+0.002])  bias -0.333->-0.404  MAE(secondary) 6.101->6.086  weeks-var-better(RMSE) 33-27
  [START-ALL bias growth +0.070]

--- value 0.9 ---
  ALL        n=18577  RMSE 6.305->6.299 (Δ-0.006 CI[-0.011,-0.001])  pairwiseAcc 0.749->0.750 (Δ+0.000 CI[-0.000,+0.000])  bias -0.321->-0.339  MAE(secondary) 4.487->4.486  weeks-var-better(RMSE) 34-26
  QB         n=1870   RMSE 7.928->7.928 (Δ+0.000 CI[+0.000,+0.000])  pairwiseAcc 0.651->0.651 (Δ+0.000 CI[+0.000,+0.000])  bias -0.849->-0.849  MAE(secondary) 6.271->6.271  weeks-var-better(RMSE) 0-0
  RB         n=4910   RMSE 6.335->6.335 (Δ+0.000 CI[+0.000,+0.000])  pairwiseAcc 0.766->0.766 (Δ+0.000 CI[+0.000,+0.000])  bias -0.175->-0.175  MAE(secondary) 4.473->4.473  weeks-var-better(RMSE) 0-0
  WR         n=7844   RMSE 6.311->6.297 (Δ-0.013 CI[-0.025,-0.003])  pairwiseAcc 0.739->0.739 (Δ+0.000 CI[-0.000,+0.001])  bias -0.238->-0.286  MAE(secondary) 4.529->4.523  weeks-var-better(RMSE) 35-25
  TE         n=3953   RMSE 5.080->5.077 (Δ-0.002 CI[-0.013,+0.008])  pairwiseAcc 0.714->0.713 (Δ-0.000 CI[-0.001,+0.001])  bias -0.415->-0.405  MAE(secondary) 3.580->3.587  weeks-var-better(RMSE) 34-26
  START-QB   n=1362   RMSE 7.468->7.468 (Δ+0.000 CI[+0.000,+0.000])  pairwiseAcc 0.607->0.607 (Δ+0.000 CI[+0.000,+0.000])  bias -0.058->-0.058  MAE(secondary) 6.000->6.000  weeks-var-better(RMSE) 0-0
  START-RB   n=2180   RMSE 7.921->7.921 (Δ+0.000 CI[+0.000,+0.000])  pairwiseAcc 0.628->0.628 (Δ+0.000 CI[+0.000,+0.000])  bias -0.297->-0.297  MAE(secondary) 6.206->6.206  weeks-var-better(RMSE) 0-0
  START-WR   n=3046   RMSE 8.143->8.114 (Δ-0.029 CI[-0.052,-0.007])  pairwiseAcc 0.596->0.599 (Δ+0.002 CI[-0.000,+0.005])  bias -0.424->-0.649  MAE(secondary) 6.383->6.334  weeks-var-better(RMSE) 32-28
  START-TE   n=1113   RMSE 6.656->6.648 (Δ-0.008 CI[-0.030,+0.017])  pairwiseAcc 0.594->0.597 (Δ+0.003 CI[-0.002,+0.007])  bias -0.494->-0.614  MAE(secondary) 5.219->5.201  weeks-var-better(RMSE) 37-23
  START-ALL  n=7701   RMSE 7.824->7.812 (Δ-0.012 CI[-0.022,-0.002])  pairwiseAcc 0.635->0.636 (Δ+0.001 CI[+0.001,+0.002])  bias -0.333->-0.440  MAE(secondary) 6.097->6.075  weeks-var-better(RMSE) 36-24
  [START-ALL bias growth +0.106]

--- value 0.95 ---
  ALL        n=18577  RMSE 6.305->6.299 (Δ-0.006 CI[-0.012,+0.000])  pairwiseAcc 0.749->0.750 (Δ+0.000 CI[-0.000,+0.000])  bias -0.321->-0.342  MAE(secondary) 4.487->4.486  weeks-var-better(RMSE) 32-28
  QB         n=1870   RMSE 7.928->7.928 (Δ+0.000 CI[+0.000,+0.000])  pairwiseAcc 0.651->0.651 (Δ+0.000 CI[+0.000,+0.000])  bias -0.849->-0.849  MAE(secondary) 6.271->6.271  weeks-var-better(RMSE) 0-0
  RB         n=4910   RMSE 6.335->6.335 (Δ+0.000 CI[+0.000,+0.000])  pairwiseAcc 0.766->0.766 (Δ+0.000 CI[+0.000,+0.000])  bias -0.175->-0.175  MAE(secondary) 4.473->4.473  weeks-var-better(RMSE) 0-0
  WR         n=7844   RMSE 6.311->6.296 (Δ-0.014 CI[-0.028,-0.002])  pairwiseAcc 0.739->0.739 (Δ+0.000 CI[-0.000,+0.001])  bias -0.238->-0.295  MAE(secondary) 4.529->4.521  weeks-var-better(RMSE) 34-26
  TE         n=3953   RMSE 5.080->5.079 (Δ-0.001 CI[-0.012,+0.011])  pairwiseAcc 0.714->0.713 (Δ-0.000 CI[-0.002,+0.001])  bias -0.415->-0.404  MAE(secondary) 3.580->3.590  weeks-var-better(RMSE) 33-27
  START-QB   n=1364   RMSE 7.467->7.467 (Δ+0.000 CI[+0.000,+0.000])  pairwiseAcc 0.608->0.608 (Δ+0.000 CI[+0.000,+0.000])  bias -0.052->-0.052  MAE(secondary) 5.999->5.999  weeks-var-better(RMSE) 0-0
  START-RB   n=2179   RMSE 7.919->7.919 (Δ+0.000 CI[+0.000,+0.000])  pairwiseAcc 0.629->0.629 (Δ+0.000 CI[+0.000,+0.000])  bias -0.292->-0.292  MAE(secondary) 6.204->6.204  weeks-var-better(RMSE) 0-0
  START-WR   n=3051   RMSE 8.137->8.106 (Δ-0.031 CI[-0.057,-0.006])  pairwiseAcc 0.597->0.601 (Δ+0.003 CI[+0.001,+0.006])  bias -0.412->-0.672  MAE(secondary) 6.376->6.318  weeks-var-better(RMSE) 32-28
  START-TE   n=1113   RMSE 6.651->6.644 (Δ-0.007 CI[-0.033,+0.021])  pairwiseAcc 0.594->0.597 (Δ+0.003 CI[-0.002,+0.008])  bias -0.492->-0.632  MAE(secondary) 5.211->5.190  weeks-var-better(RMSE) 38-22
  START-ALL  n=7707   RMSE 7.820->7.807 (Δ-0.013 CI[-0.024,-0.001])  pairwiseAcc 0.635->0.637 (Δ+0.002 CI[+0.001,+0.003])  bias -0.326->-0.449  MAE(secondary) 6.092->6.066  weeks-var-better(RMSE) 35-25
  [START-ALL bias growth +0.123]

--- value 1.0 ---
  ALL        n=18577  RMSE 6.305->6.299 (Δ-0.006 CI[-0.013,+0.001])  pairwiseAcc 0.749->0.750 (Δ+0.000 CI[-0.000,+0.000])  bias -0.321->-0.346  MAE(secondary) 4.487->4.487  weeks-var-better(RMSE) 31-29
  QB         n=1870   RMSE 7.928->7.928 (Δ+0.000 CI[+0.000,+0.000])  pairwiseAcc 0.651->0.651 (Δ+0.000 CI[+0.000,+0.000])  bias -0.849->-0.849  MAE(secondary) 6.271->6.271  weeks-var-better(RMSE) 0-0
  RB         n=4910   RMSE 6.335->6.335 (Δ+0.000 CI[+0.000,+0.000])  pairwiseAcc 0.766->0.766 (Δ+0.000 CI[+0.000,+0.000])  bias -0.175->-0.175  MAE(secondary) 4.473->4.473  weeks-var-better(RMSE) 0-0
  WR         n=7844   RMSE 6.311->6.296 (Δ-0.015 CI[-0.029,-0.001])  pairwiseAcc 0.739->0.739 (Δ+0.000 CI[-0.001,+0.001])  bias -0.238->-0.303  MAE(secondary) 4.529->4.521  weeks-var-better(RMSE) 33-27
  TE         n=3953   RMSE 5.080->5.080 (Δ-0.000 CI[-0.013,+0.013])  pairwiseAcc 0.714->0.713 (Δ-0.000 CI[-0.002,+0.001])  bias -0.415->-0.404  MAE(secondary) 3.580->3.591  weeks-var-better(RMSE) 33-27
  START-QB   n=1361   RMSE 7.472->7.472 (Δ+0.000 CI[+0.000,+0.000])  pairwiseAcc 0.606->0.606 (Δ+0.000 CI[+0.000,+0.000])  bias -0.056->-0.056  MAE(secondary) 6.002->6.002  weeks-var-better(RMSE) 0-0
  START-RB   n=2178   RMSE 7.922->7.922 (Δ+0.000 CI[+0.000,+0.000])  pairwiseAcc 0.628->0.628 (Δ+0.000 CI[+0.000,+0.000])  bias -0.303->-0.303  MAE(secondary) 6.207->6.207  weeks-var-better(RMSE) 0-0
  START-WR   n=3060   RMSE 8.131->8.100 (Δ-0.031 CI[-0.061,-0.004])  pairwiseAcc 0.599->0.603 (Δ+0.004 CI[+0.001,+0.007])  bias -0.398->-0.690  MAE(secondary) 6.372->6.310  weeks-var-better(RMSE) 32-28
  START-TE   n=1114   RMSE 6.648->6.639 (Δ-0.009 CI[-0.037,+0.023])  pairwiseAcc 0.595->0.598 (Δ+0.003 CI[-0.003,+0.008])  bias -0.484->-0.641  MAE(secondary) 5.208->5.183  weeks-var-better(RMSE) 37-23
  START-ALL  n=7713   RMSE 7.819->7.806 (Δ-0.013 CI[-0.026,-0.000])  pairwiseAcc 0.636->0.638 (Δ+0.002 CI[+0.001,+0.003])  bias -0.323->-0.462  MAE(secondary) 6.092->6.064  weeks-var-better(RMSE) 34-26
  [START-ALL bias growth +0.138]

(RMSE/pairwiseAcc CI excluding 0 = distinguishable from noise at this sample. MAE is secondary/informational only - see scripts/harness_v2.py.)
