2026-09-25 00:11:05.824 WARNING streamlit.runtime.caching.cache_data_api: No runtime found, using MemoryCacheStorageManager
2026-09-25 00:11:05.825 WARNING streamlit.runtime.caching.cache_data_api: No runtime found, using MemoryCacheStorageManager
2026-09-25 00:11:05.825 WARNING streamlit.runtime.caching.cache_data_api: No runtime found, using MemoryCacheStorageManager
2026-09-25 00:11:05.825 WARNING streamlit.runtime.caching.cache_data_api: No runtime found, using MemoryCacheStorageManager
2026-09-25 00:11:05.828 WARNING streamlit.runtime.caching.cache_data_api: No runtime found, using MemoryCacheStorageManager
2026-09-25 00:11:05.828 WARNING streamlit.runtime.caching.cache_data_api: No runtime found, using MemoryCacheStorageManager
2026-09-25 00:11:05.829 WARNING streamlit.runtime.caching.cache_data_api: No runtime found, using MemoryCacheStorageManager
2026-09-25 00:11:05.829 WARNING streamlit.runtime.caching.cache_data_api: No runtime found, using MemoryCacheStorageManager
2026-09-25 00:11:05.830 WARNING streamlit.runtime.caching.cache_data_api: No runtime found, using MemoryCacheStorageManager
2026-09-25 00:11:05.830 WARNING streamlit.runtime.caching.cache_data_api: No runtime found, using MemoryCacheStorageManager
2026-09-25 00:11:05.831 WARNING streamlit.runtime.caching.cache_data_api: No runtime found, using MemoryCacheStorageManager
2026-09-25 00:11:05.831 WARNING streamlit.runtime.caching.cache_data_api: No runtime found, using MemoryCacheStorageManager
2026-09-25 00:11:05.831 WARNING streamlit.runtime.caching.cache_data_api: No runtime found, using MemoryCacheStorageManager
2026-09-25 00:11:05.831 WARNING streamlit.runtime.caching.cache_data_api: No runtime found, using MemoryCacheStorageManager
2026-09-25 00:11:05.832 WARNING streamlit.runtime.caching.cache_data_api: No runtime found, using MemoryCacheStorageManager
2026-09-25 00:11:05.832 WARNING streamlit.runtime.caching.cache_data_api: No runtime found, using MemoryCacheStorageManager
2026-09-25 00:11:05.832 WARNING streamlit.runtime.caching.cache_data_api: No runtime found, using MemoryCacheStorageManager
2026-09-25 00:11:05.833 WARNING streamlit.runtime.caching.cache_data_api: No runtime found, using MemoryCacheStorageManager
2026-09-25 00:11:05.833 WARNING streamlit.runtime.caching.cache_data_api: No runtime found, using MemoryCacheStorageManager
2026-09-25 00:11:05.833 WARNING streamlit.runtime.caching.cache_data_api: No runtime found, using MemoryCacheStorageManager
2026-09-25 00:11:05.833 WARNING streamlit.runtime.caching.cache_data_api: No runtime found, using MemoryCacheStorageManager
2026-09-25 00:11:05.834 WARNING streamlit.runtime.caching.cache_data_api: No runtime found, using MemoryCacheStorageManager
2026-09-25 00:11:05.834 WARNING streamlit.runtime.caching.cache_data_api: No runtime found, using MemoryCacheStorageManager
2026-09-25 00:11:05.835 WARNING streamlit.runtime.caching.cache_data_api: No runtime found, using MemoryCacheStorageManager
2026-09-25 00:11:05.835 WARNING streamlit.runtime.caching.cache_data_api: No runtime found, using MemoryCacheStorageManager
2026-09-25 00:11:05.835 WARNING streamlit.runtime.caching.cache_data_api: No runtime found, using MemoryCacheStorageManager
2026-09-25 00:11:05.836 WARNING streamlit.runtime.caching.cache_data_api: No runtime found, using MemoryCacheStorageManager
2026-09-25 00:11:05.836 WARNING streamlit.runtime.caching.cache_data_api: No runtime found, using MemoryCacheStorageManager
2026-09-25 00:11:05.837 WARNING streamlit.runtime.caching.cache_data_api: No runtime found, using MemoryCacheStorageManager
2026-09-25 00:11:05.837 WARNING streamlit.runtime.caching.cache_data_api: No runtime found, using MemoryCacheStorageManager
2026-09-25 00:11:05.838 WARNING streamlit.runtime.caching.cache_data_api: No runtime found, using MemoryCacheStorageManager
2026-09-25 00:11:05.840 WARNING streamlit.runtime.caching.cache_data_api: No runtime found, using MemoryCacheStorageManager
2026-09-25 00:11:05.855 WARNING streamlit.runtime.caching.cache_data_api: No runtime found, using MemoryCacheStorageManager
2026-09-25 00:11:05.856 WARNING streamlit.runtime.caching.cache_data_api: No runtime found, using MemoryCacheStorageManager
2026-09-25 00:11:05.856 WARNING streamlit.runtime.caching.cache_data_api: No runtime found, using MemoryCacheStorageManager
2026-09-25 00:11:05.856 WARNING streamlit.runtime.caching.cache_data_api: No runtime found, using MemoryCacheStorageManager
2026-09-25 00:11:05.857 WARNING streamlit.runtime.caching.cache_data_api: No runtime found, using MemoryCacheStorageManager
2026-09-25 00:11:05.858 WARNING streamlit.runtime.caching.cache_data_api: No runtime found, using MemoryCacheStorageManager
2026-09-25 00:11:05.858 WARNING streamlit.runtime.caching.cache_data_api: No runtime found, using MemoryCacheStorageManager
2026-09-25 00:11:05.859 WARNING streamlit.runtime.caching.cache_data_api: No runtime found, using MemoryCacheStorageManager
2026-09-25 00:11:05.859 WARNING streamlit.runtime.caching.cache_data_api: No runtime found, using MemoryCacheStorageManager
2026-09-25 00:11:05.863 WARNING streamlit.runtime.caching.cache_data_api: No runtime found, using MemoryCacheStorageManager
2026-09-25 00:11:05.896 WARNING streamlit.runtime.caching.cache_data_api: No runtime found, using MemoryCacheStorageManager
2026-09-25 00:11:05.897 WARNING streamlit.runtime.scriptrunner_utils.script_run_context: Thread 'MainThread': missing ScriptRunContext! This warning can be ignored when running in bare mode.
2026-09-25 00:11:05.897 WARNING streamlit.runtime.caching.cache_data_api: No runtime found, using MemoryCacheStorageManager
2026-09-25 00:11:06.376 WARNING streamlit.runtime.caching.cache_data_api: No runtime found, using MemoryCacheStorageManager
2026-09-25 00:11:06.930 WARNING streamlit.runtime.caching.cache_data_api: No runtime found, using MemoryCacheStorageManager
2026-09-25 00:11:06.931 WARNING streamlit.runtime.scriptrunner_utils.script_run_context: Thread 'MainThread': missing ScriptRunContext! This warning can be ignored when running in bare mode.
2026-09-25 00:11:07.286 WARNING streamlit.runtime.caching.cache_data_api: No runtime found, using MemoryCacheStorageManager
2026-09-25 00:11:07.303 WARNING streamlit.runtime.caching.cache_data_api: No runtime found, using MemoryCacheStorageManager
2026-09-25 00:11:11.404 WARNING streamlit.runtime.caching.cache_data_api: No runtime found, using MemoryCacheStorageManager
2026-09-25 00:11:11.413 WARNING streamlit.runtime.caching.cache_data_api: No runtime found, using MemoryCacheStorageManager
target=data.rb_role_allocator.RECEIVER_VACANCY_RANK_DECAY  shipped=0.62
mode=set  keys=None  values=[0.4, 0.5, 0.75, 0.85]  add_features=['v2_historical_injury_replay']
years=[2022, 2023, 2024, 2025] weeks=3-17 scoring=Full PPR harness=v2

2022 w3 done
2022 w4 done
2022 w5 done
2022 w6 done
2022 w7 done
2022 w8 done
2022 w9 done
2022 w10 done
2022 w11 done
2022 w12 done
2022 w13 done
2022 w14 done
2022 w15 done
2022 w16 done
2022 w17 done
2026-09-25 01:01:36.367 WARNING streamlit.runtime.scriptrunner_utils.script_run_context: Thread 'MainThread': missing ScriptRunContext! This warning can be ignored when running in bare mode.
2026-09-25 01:01:37.343 WARNING streamlit.runtime.scriptrunner_utils.script_run_context: Thread 'MainThread': missing ScriptRunContext! This warning can be ignored when running in bare mode.
2023 w3 done
2023 w4 done
2023 w5 done
2023 w6 done
2023 w7 done
2023 w8 done
2023 w9 done
2023 w10 done
2023 w11 done
2023 w12 done
2023 w13 done
2023 w14 done
2023 w15 done
2023 w16 done
2023 w17 done
2026-09-25 01:50:36.646 WARNING streamlit.runtime.scriptrunner_utils.script_run_context: Thread 'MainThread': missing ScriptRunContext! This warning can be ignored when running in bare mode.
2026-09-25 01:50:37.701 WARNING streamlit.runtime.scriptrunner_utils.script_run_context: Thread 'MainThread': missing ScriptRunContext! This warning can be ignored when running in bare mode.
2024 w3 done
2024 w4 done
2024 w5 done
2024 w6 done
2024 w7 done
2024 w8 done
2024 w9 done
2024 w10 done
2024 w11 done
2024 w12 done
2024 w13 done
2024 w14 done
2024 w15 done
2024 w16 done
2024 w17 done
2026-09-25 03:19:04.910 WARNING streamlit.runtime.scriptrunner_utils.script_run_context: Thread 'MainThread': missing ScriptRunContext! This warning can be ignored when running in bare mode.
2026-09-25 03:19:06.006 WARNING streamlit.runtime.scriptrunner_utils.script_run_context: Thread 'MainThread': missing ScriptRunContext! This warning can be ignored when running in bare mode.
2025 w3 done
2025 w4 done
2025 w5 done
2025 w6 done
2025 w7 done
2025 w8 done
2025 w9 done
2025 w10 done
2025 w11 done
2025 w12 done
2025 w13 done
2025 w14 done
2025 w15 done
2025 w16 done
2025 w17 done

==============================================================================
data.rb_role_allocator.RECEIVER_VACANCY_RANK_DECAY  (set)  vs shipped 0.62  [harness v2]
==============================================================================

--- value 0.4 ---
  ALL        n=18577  RMSE 6.305->6.312 (Δ+0.007 CI[+0.003,+0.012])  pairwiseAcc 0.749->0.749 (Δ-0.000 CI[-0.000,+0.000])  bias -0.321->-0.312  MAE(secondary) 4.487->4.488  weeks-var-better(RMSE) 24-36
  QB         n=1870   RMSE 7.928->7.928 (Δ+0.000 CI[+0.000,+0.000])  pairwiseAcc 0.651->0.651 (Δ+0.000 CI[+0.000,+0.000])  bias -0.849->-0.849  MAE(secondary) 6.271->6.271  weeks-var-better(RMSE) 0-0
  RB         n=4910   RMSE 6.335->6.335 (Δ+0.000 CI[+0.000,+0.000])  pairwiseAcc 0.766->0.766 (Δ+0.000 CI[+0.000,+0.000])  bias -0.175->-0.175  MAE(secondary) 4.473->4.473  weeks-var-better(RMSE) 0-0
  WR         n=7844   RMSE 6.311->6.324 (Δ+0.013 CI[+0.004,+0.023])  pairwiseAcc 0.739->0.739 (Δ-0.000 CI[-0.001,+0.000])  bias -0.238->-0.212  MAE(secondary) 4.529->4.530  weeks-var-better(RMSE) 23-37
  TE         n=3953   RMSE 5.080->5.090 (Δ+0.011 CI[-0.000,+0.021])  pairwiseAcc 0.714->0.714 (Δ+0.000 CI[-0.000,+0.001])  bias -0.415->-0.425  MAE(secondary) 3.580->3.582  weeks-var-better(RMSE) 18-42
  START-QB   n=1360   RMSE 7.473->7.473 (Δ+0.000 CI[+0.000,+0.000])  pairwiseAcc 0.606->0.606 (Δ+0.000 CI[+0.000,+0.000])  bias -0.063->-0.063  MAE(secondary) 6.003->6.003  weeks-var-better(RMSE) 0-0
  START-RB   n=2178   RMSE 7.919->7.919 (Δ+0.000 CI[+0.000,+0.000])  pairwiseAcc 0.628->0.628 (Δ+0.000 CI[+0.000,+0.000])  bias -0.296->-0.296  MAE(secondary) 6.203->6.203  weeks-var-better(RMSE) 0-0
  START-WR   n=3034   RMSE 8.156->8.185 (Δ+0.029 CI[+0.010,+0.049])  pairwiseAcc 0.597->0.595 (Δ-0.002 CI[-0.003,-0.000])  bias -0.409->-0.255  MAE(secondary) 6.390->6.418  weeks-var-better(RMSE) 24-36
  START-TE   n=1105   RMSE 6.657->6.684 (Δ+0.027 CI[+0.000,+0.052])  pairwiseAcc 0.592->0.594 (Δ+0.002 CI[-0.002,+0.006])  bias -0.506->-0.417  MAE(secondary) 5.209->5.240  weeks-var-better(RMSE) 22-38
  START-ALL  n=7677   RMSE 7.830->7.845 (Δ+0.015 CI[+0.006,+0.024])  pairwiseAcc 0.634->0.633 (Δ-0.001 CI[-0.002,-0.000])  bias -0.330->-0.256  MAE(secondary) 6.098->6.114  weeks-var-better(RMSE) 23-37
  [START-ALL bias growth -0.074]

--- value 0.5 ---
  ALL        n=18577  RMSE 6.305->6.309 (Δ+0.004 CI[+0.002,+0.007])  pairwiseAcc 0.749->0.749 (Δ-0.000 CI[-0.000,+0.000])  bias -0.321->-0.315  MAE(secondary) 4.487->4.488  weeks-var-better(RMSE) 24-36
  QB         n=1870   RMSE 7.928->7.928 (Δ+0.000 CI[+0.000,+0.000])  pairwiseAcc 0.651->0.651 (Δ+0.000 CI[+0.000,+0.000])  bias -0.849->-0.849  MAE(secondary) 6.271->6.271  weeks-var-better(RMSE) 0-0
  RB         n=4910   RMSE 6.335->6.335 (Δ+0.000 CI[+0.000,+0.000])  pairwiseAcc 0.766->0.766 (Δ+0.000 CI[+0.000,+0.000])  bias -0.175->-0.175  MAE(secondary) 4.473->4.473  weeks-var-better(RMSE) 0-0
  WR         n=7844   RMSE 6.311->6.319 (Δ+0.008 CI[+0.003,+0.014])  pairwiseAcc 0.739->0.739 (Δ-0.000 CI[-0.000,+0.000])  bias -0.238->-0.221  MAE(secondary) 4.529->4.531  weeks-var-better(RMSE) 24-36
  TE         n=3953   RMSE 5.080->5.084 (Δ+0.004 CI[-0.002,+0.010])  pairwiseAcc 0.714->0.714 (Δ-0.000 CI[-0.001,+0.001])  bias -0.415->-0.422  MAE(secondary) 3.580->3.580  weeks-var-better(RMSE) 20-40
  START-QB   n=1361   RMSE 7.477->7.477 (Δ+0.000 CI[+0.000,+0.000])  pairwiseAcc 0.606->0.606 (Δ+0.000 CI[+0.000,+0.000])  bias -0.067->-0.067  MAE(secondary) 6.008->6.008  weeks-var-better(RMSE) 0-0
  START-RB   n=2176   RMSE 7.919->7.919 (Δ+0.000 CI[+0.000,+0.000])  pairwiseAcc 0.628->0.628 (Δ+0.000 CI[+0.000,+0.000])  bias -0.293->-0.293  MAE(secondary) 6.202->6.202  weeks-var-better(RMSE) 0-0
  START-WR   n=3017   RMSE 8.170->8.187 (Δ+0.018 CI[+0.007,+0.029])  pairwiseAcc 0.596->0.594 (Δ-0.002 CI[-0.003,-0.001])  bias -0.418->-0.325  MAE(secondary) 6.405->6.424  weeks-var-better(RMSE) 24-36
  START-TE   n=1097   RMSE 6.665->6.675 (Δ+0.010 CI[-0.004,+0.023])  pairwiseAcc 0.594->0.594 (Δ+0.001 CI[-0.002,+0.003])  bias -0.484->-0.433  MAE(secondary) 5.215->5.227  weeks-var-better(RMSE) 25-35
  START-ALL  n=7651   RMSE 7.837->7.846 (Δ+0.008 CI[+0.003,+0.013])  pairwiseAcc 0.634->0.633 (Δ-0.001 CI[-0.001,-0.000])  bias -0.329->-0.286  MAE(secondary) 6.106->6.115  weeks-var-better(RMSE) 23-37
  [START-ALL bias growth -0.044]

--- value 0.75 ---
  ALL        n=18577  RMSE 6.305->6.301 (Δ-0.004 CI[-0.006,-0.001])  pairwiseAcc 0.749->0.750 (Δ+0.000 CI[-0.000,+0.000])  bias -0.321->-0.329  MAE(secondary) 4.487->4.487  weeks-var-better(RMSE) 33-27
  QB         n=1870   RMSE 7.928->7.928 (Δ+0.000 CI[+0.000,+0.000])  pairwiseAcc 0.651->0.651 (Δ+0.000 CI[+0.000,+0.000])  bias -0.849->-0.849  MAE(secondary) 6.271->6.271  weeks-var-better(RMSE) 0-0
  RB         n=4910   RMSE 6.335->6.335 (Δ+0.000 CI[+0.000,+0.000])  pairwiseAcc 0.766->0.766 (Δ+0.000 CI[+0.000,+0.000])  bias -0.175->-0.175  MAE(secondary) 4.473->4.473  weeks-var-better(RMSE) 0-0
  WR         n=7844   RMSE 6.311->6.303 (Δ-0.007 CI[-0.013,-0.002])  pairwiseAcc 0.739->0.739 (Δ+0.000 CI[-0.000,+0.001])  bias -0.238->-0.260  MAE(secondary) 4.529->4.526  weeks-var-better(RMSE) 33-27
  TE         n=3953   RMSE 5.080->5.077 (Δ-0.003 CI[-0.008,+0.003])  pairwiseAcc 0.714->0.714 (Δ+0.000 CI[-0.000,+0.001])  bias -0.415->-0.409  MAE(secondary) 3.580->3.583  weeks-var-better(RMSE) 35-25
  START-QB   n=1361   RMSE 7.471->7.471 (Δ+0.000 CI[+0.000,+0.000])  pairwiseAcc 0.606->0.606 (Δ+0.000 CI[+0.000,+0.000])  bias -0.066->-0.066  MAE(secondary) 6.001->6.001  weeks-var-better(RMSE) 0-0
  START-RB   n=2177   RMSE 7.922->7.922 (Δ+0.000 CI[+0.000,+0.000])  pairwiseAcc 0.629->0.629 (Δ+0.000 CI[+0.000,+0.000])  bias -0.295->-0.295  MAE(secondary) 6.204->6.204  weeks-var-better(RMSE) 0-0
  START-WR   n=3026   RMSE 8.161->8.145 (Δ-0.016 CI[-0.027,-0.005])  pairwiseAcc 0.595->0.596 (Δ+0.001 CI[-0.001,+0.002])  bias -0.428->-0.536  MAE(secondary) 6.399->6.374  weeks-var-better(RMSE) 35-25
  START-TE   n=1099   RMSE 6.668->6.662 (Δ-0.006 CI[-0.018,+0.007])  pairwiseAcc 0.596->0.598 (Δ+0.002 CI[-0.000,+0.004])  bias -0.464->-0.522  MAE(secondary) 5.220->5.211  weeks-var-better(RMSE) 38-22
  START-ALL  n=7663   RMSE 7.834->7.827 (Δ-0.007 CI[-0.012,-0.002])  pairwiseAcc 0.634->0.635 (Δ+0.001 CI[+0.000,+0.001])  bias -0.331->-0.382  MAE(secondary) 6.104->6.093  weeks-var-better(RMSE) 34-26
  [START-ALL bias growth +0.051]

--- value 0.85 ---
  ALL        n=18577  RMSE 6.305->6.300 (Δ-0.005 CI[-0.010,-0.001])  pairwiseAcc 0.749->0.750 (Δ+0.000 CI[-0.000,+0.000])  bias -0.321->-0.335  MAE(secondary) 4.487->4.486  weeks-var-better(RMSE) 33-27
  QB         n=1870   RMSE 7.928->7.928 (Δ+0.000 CI[+0.000,+0.000])  pairwiseAcc 0.651->0.651 (Δ+0.000 CI[+0.000,+0.000])  bias -0.849->-0.849  MAE(secondary) 6.271->6.271  weeks-var-better(RMSE) 0-0
  RB         n=4910   RMSE 6.335->6.335 (Δ+0.000 CI[+0.000,+0.000])  pairwiseAcc 0.766->0.766 (Δ+0.000 CI[+0.000,+0.000])  bias -0.175->-0.175  MAE(secondary) 4.473->4.473  weeks-var-better(RMSE) 0-0
  WR         n=7844   RMSE 6.311->6.299 (Δ-0.012 CI[-0.022,-0.003])  pairwiseAcc 0.739->0.739 (Δ+0.000 CI[-0.000,+0.001])  bias -0.238->-0.277  MAE(secondary) 4.529->4.524  weeks-var-better(RMSE) 33-27
  TE         n=3953   RMSE 5.080->5.077 (Δ-0.003 CI[-0.011,+0.007])  pairwiseAcc 0.714->0.714 (Δ+0.000 CI[-0.001,+0.001])  bias -0.415->-0.407  MAE(secondary) 3.580->3.586  weeks-var-better(RMSE) 36-24
  START-QB   n=1363   RMSE 7.470->7.470 (Δ+0.000 CI[+0.000,+0.000])  pairwiseAcc 0.606->0.606 (Δ+0.000 CI[+0.000,+0.000])  bias -0.066->-0.066  MAE(secondary) 6.002->6.002  weeks-var-better(RMSE) 0-0
  START-RB   n=2178   RMSE 7.924->7.924 (Δ+0.000 CI[+0.000,+0.000])  pairwiseAcc 0.628->0.628 (Δ+0.000 CI[+0.000,+0.000])  bias -0.300->-0.300  MAE(secondary) 6.209->6.209  weeks-var-better(RMSE) 0-0
  START-WR   n=3033   RMSE 8.154->8.129 (Δ-0.025 CI[-0.045,-0.007])  pairwiseAcc 0.596->0.598 (Δ+0.002 CI[-0.000,+0.004])  bias -0.419->-0.608  MAE(secondary) 6.393->6.352  weeks-var-better(RMSE) 34-26
  START-TE   n=1109   RMSE 6.658->6.651 (Δ-0.008 CI[-0.027,+0.014])  pairwiseAcc 0.594->0.596 (Δ+0.002 CI[-0.002,+0.006])  bias -0.482->-0.586  MAE(secondary) 5.218->5.202  weeks-var-better(RMSE) 37-23
  START-ALL  n=7683   RMSE 7.829->7.819 (Δ-0.010 CI[-0.019,-0.002])  pairwiseAcc 0.634->0.635 (Δ+0.001 CI[+0.000,+0.002])  bias -0.332->-0.422  MAE(secondary) 6.102->6.083  weeks-var-better(RMSE) 32-28
  [START-ALL bias growth +0.090]

(RMSE/pairwiseAcc CI excluding 0 = distinguishable from noise at this sample. MAE is secondary/informational only - see scripts/harness_v2.py.)
