board 2026 week 5: 445 rows, 30 teams, positions {'WR': 183, 'RB': 113, 'TE': 106, 'QB': 43}
[ok  ] duplicate (Player, Pos, Team) rows: 0
[ok  ] same player on more than one team: 0
[ok  ] missing Opponent: 0
[ok  ] rows for a team that is not playing this week (bye / wrong team): 0
[ok  ] teams playing this week with no rows on the board: 0
[ok  ] non-finite stat values: 0
[ok  ] negative stat values: 0
[ok  ] receptions > targets: 0
[ok  ] receiving TDs > receptions: 0
[ok  ] rushing TDs > rushing attempts: 0
[ok  ] passing TDs > completions: 0
[FAIL] receiving yards per target > 18 or < 3 (targets > 1): 2
[FAIL] rushing yards per carry > 8 or < 2.0 (carries > 2): 2
[ok  ] teams with other than exactly one QB projected over 5 attempts: {}
team volume: pass attempts 22.6-40.1, carries 20.4-32.0, targets 21.5-38.2; targets/attempt 0.93-0.97
[ok  ] teams with implausible projected volume (pass 22-45, rush 18-36, targets/attempt 0.8-1.05): 0
[ok  ] Availability <= 0.01 but still projected points > 0.5: 0
[ok  ] Availability outside [0, 1]: 0
[ok  ] Model Proj Pts negative or NaN: 0
[ok  ] Model Proj Pts > 3 pts but Raw is ~0 (calibration intercept lifting nothing): 0
[ok  ] Expected Snap Share outside [0, 1]: 0
[ok  ] rows without a decomposition: 0 []
[ok  ] decomposition stages not adding to the final value: 0 []
