2026-09-24 16:25:51.424 WARNING streamlit.runtime.caching.cache_data_api: No runtime found, using MemoryCacheStorageManager
2026-09-24 16:25:51.425 WARNING streamlit.runtime.caching.cache_data_api: No runtime found, using MemoryCacheStorageManager
2026-09-24 16:25:51.425 WARNING streamlit.runtime.caching.cache_data_api: No runtime found, using MemoryCacheStorageManager
2026-09-24 16:25:51.425 WARNING streamlit.runtime.caching.cache_data_api: No runtime found, using MemoryCacheStorageManager
2026-09-24 16:25:51.428 WARNING streamlit.runtime.caching.cache_data_api: No runtime found, using MemoryCacheStorageManager
2026-09-24 16:25:51.428 WARNING streamlit.runtime.caching.cache_data_api: No runtime found, using MemoryCacheStorageManager
2026-09-24 16:25:51.429 WARNING streamlit.runtime.caching.cache_data_api: No runtime found, using MemoryCacheStorageManager
2026-09-24 16:25:51.429 WARNING streamlit.runtime.caching.cache_data_api: No runtime found, using MemoryCacheStorageManager
2026-09-24 16:25:51.430 WARNING streamlit.runtime.caching.cache_data_api: No runtime found, using MemoryCacheStorageManager
2026-09-24 16:25:51.430 WARNING streamlit.runtime.caching.cache_data_api: No runtime found, using MemoryCacheStorageManager
2026-09-24 16:25:51.431 WARNING streamlit.runtime.caching.cache_data_api: No runtime found, using MemoryCacheStorageManager
2026-09-24 16:25:51.431 WARNING streamlit.runtime.caching.cache_data_api: No runtime found, using MemoryCacheStorageManager
2026-09-24 16:25:51.431 WARNING streamlit.runtime.caching.cache_data_api: No runtime found, using MemoryCacheStorageManager
2026-09-24 16:25:51.431 WARNING streamlit.runtime.caching.cache_data_api: No runtime found, using MemoryCacheStorageManager
2026-09-24 16:25:51.432 WARNING streamlit.runtime.caching.cache_data_api: No runtime found, using MemoryCacheStorageManager
2026-09-24 16:25:51.432 WARNING streamlit.runtime.caching.cache_data_api: No runtime found, using MemoryCacheStorageManager
2026-09-24 16:25:51.432 WARNING streamlit.runtime.caching.cache_data_api: No runtime found, using MemoryCacheStorageManager
2026-09-24 16:25:51.433 WARNING streamlit.runtime.caching.cache_data_api: No runtime found, using MemoryCacheStorageManager
2026-09-24 16:25:51.433 WARNING streamlit.runtime.caching.cache_data_api: No runtime found, using MemoryCacheStorageManager
2026-09-24 16:25:51.433 WARNING streamlit.runtime.caching.cache_data_api: No runtime found, using MemoryCacheStorageManager
2026-09-24 16:25:51.433 WARNING streamlit.runtime.caching.cache_data_api: No runtime found, using MemoryCacheStorageManager
2026-09-24 16:25:51.434 WARNING streamlit.runtime.caching.cache_data_api: No runtime found, using MemoryCacheStorageManager
2026-09-24 16:25:51.434 WARNING streamlit.runtime.caching.cache_data_api: No runtime found, using MemoryCacheStorageManager
2026-09-24 16:25:51.435 WARNING streamlit.runtime.caching.cache_data_api: No runtime found, using MemoryCacheStorageManager
2026-09-24 16:25:51.435 WARNING streamlit.runtime.caching.cache_data_api: No runtime found, using MemoryCacheStorageManager
2026-09-24 16:25:51.435 WARNING streamlit.runtime.caching.cache_data_api: No runtime found, using MemoryCacheStorageManager
2026-09-24 16:25:51.436 WARNING streamlit.runtime.caching.cache_data_api: No runtime found, using MemoryCacheStorageManager
2026-09-24 16:25:51.436 WARNING streamlit.runtime.caching.cache_data_api: No runtime found, using MemoryCacheStorageManager
2026-09-24 16:25:51.437 WARNING streamlit.runtime.caching.cache_data_api: No runtime found, using MemoryCacheStorageManager
2026-09-24 16:25:51.437 WARNING streamlit.runtime.caching.cache_data_api: No runtime found, using MemoryCacheStorageManager
2026-09-24 16:25:51.438 WARNING streamlit.runtime.caching.cache_data_api: No runtime found, using MemoryCacheStorageManager
2026-09-24 16:25:51.440 WARNING streamlit.runtime.caching.cache_data_api: No runtime found, using MemoryCacheStorageManager
2026-09-24 16:25:51.455 WARNING streamlit.runtime.caching.cache_data_api: No runtime found, using MemoryCacheStorageManager
2026-09-24 16:25:51.455 WARNING streamlit.runtime.caching.cache_data_api: No runtime found, using MemoryCacheStorageManager
2026-09-24 16:25:51.455 WARNING streamlit.runtime.caching.cache_data_api: No runtime found, using MemoryCacheStorageManager
2026-09-24 16:25:51.456 WARNING streamlit.runtime.caching.cache_data_api: No runtime found, using MemoryCacheStorageManager
2026-09-24 16:25:51.456 WARNING streamlit.runtime.caching.cache_data_api: No runtime found, using MemoryCacheStorageManager
2026-09-24 16:25:51.457 WARNING streamlit.runtime.caching.cache_data_api: No runtime found, using MemoryCacheStorageManager
2026-09-24 16:25:51.457 WARNING streamlit.runtime.caching.cache_data_api: No runtime found, using MemoryCacheStorageManager
2026-09-24 16:25:51.458 WARNING streamlit.runtime.caching.cache_data_api: No runtime found, using MemoryCacheStorageManager
2026-09-24 16:25:51.458 WARNING streamlit.runtime.caching.cache_data_api: No runtime found, using MemoryCacheStorageManager
2026-09-24 16:25:51.462 WARNING streamlit.runtime.caching.cache_data_api: No runtime found, using MemoryCacheStorageManager
2026-09-24 16:25:51.497 WARNING streamlit.runtime.caching.cache_data_api: No runtime found, using MemoryCacheStorageManager
2026-09-24 16:25:51.498 WARNING streamlit.runtime.scriptrunner_utils.script_run_context: Thread 'MainThread': missing ScriptRunContext! This warning can be ignored when running in bare mode.
2026-09-24 16:25:51.498 WARNING streamlit.runtime.caching.cache_data_api: No runtime found, using MemoryCacheStorageManager
2026-09-24 16:25:51.987 WARNING streamlit.runtime.caching.cache_data_api: No runtime found, using MemoryCacheStorageManager
2026-09-24 16:25:52.488 WARNING streamlit.runtime.caching.cache_data_api: No runtime found, using MemoryCacheStorageManager
2026-09-24 16:25:52.489 WARNING streamlit.runtime.scriptrunner_utils.script_run_context: Thread 'MainThread': missing ScriptRunContext! This warning can be ignored when running in bare mode.
2026-09-24 16:25:52.827 WARNING streamlit.runtime.caching.cache_data_api: No runtime found, using MemoryCacheStorageManager
2026-09-24 16:25:52.841 WARNING streamlit.runtime.caching.cache_data_api: No runtime found, using MemoryCacheStorageManager
2026-09-24 16:25:58.921 WARNING streamlit.runtime.caching.cache_data_api: No runtime found, using MemoryCacheStorageManager
2026-09-24 16:25:58.935 WARNING streamlit.runtime.caching.cache_data_api: No runtime found, using MemoryCacheStorageManager
target=STAT_K_BY_POS  shipped={'RB': {'rushing_attempts': 1.2, 'rushing_yards': 2.0, 'targets': 2.2, 'receptions': 2.2, 'receiving_yards': 3.0, 'rushing_tds': 6, 'receiving_tds': 8}, 'QB': {'passing_attempts': 3, 'passing_yards': 3, 'rushing_attempts': 5, 'rushing_yards': 5, 'passing_tds': 5, 'passing_interceptions': 8}, 'WR': {'targets': 3, 'receptions': 3, 'receiving_yards': 5, 'receiving_tds': 15}, 'TE': {'targets': 2.4, 'receptions': 3, 'receiving_yards': 4, 'receiving_tds': 8}}
mode=scale_keys  keys=['WR:receiving_tds', 'TE:receiving_tds']  values=[2.0]  add_features=['v2_stat_k_by_pos']
years=[2019, 2020, 2021, 2022, 2023, 2024, 2025] weeks=2-6 scoring=Full PPR harness=v2

2019 w2 done
2019 w3 done
2019 w4 done
2019 w5 done
2019 w6 done
2026-09-24 16:30:40.288 WARNING streamlit.runtime.scriptrunner_utils.script_run_context: Thread 'MainThread': missing ScriptRunContext! This warning can be ignored when running in bare mode.
2026-09-24 16:30:41.231 WARNING streamlit.runtime.scriptrunner_utils.script_run_context: Thread 'MainThread': missing ScriptRunContext! This warning can be ignored when running in bare mode.
2020 w2 done
2020 w3 done
2020 w4 done
2020 w5 done
2020 w6 done
2026-09-24 16:34:54.980 WARNING streamlit.runtime.scriptrunner_utils.script_run_context: Thread 'MainThread': missing ScriptRunContext! This warning can be ignored when running in bare mode.
2026-09-24 16:34:55.938 WARNING streamlit.runtime.scriptrunner_utils.script_run_context: Thread 'MainThread': missing ScriptRunContext! This warning can be ignored when running in bare mode.
2021 w2 done
2021 w3 done
2021 w4 done
2021 w5 done
2021 w6 done
2026-09-24 16:39:15.725 WARNING streamlit.runtime.scriptrunner_utils.script_run_context: Thread 'MainThread': missing ScriptRunContext! This warning can be ignored when running in bare mode.
2026-09-24 16:39:16.668 WARNING streamlit.runtime.scriptrunner_utils.script_run_context: Thread 'MainThread': missing ScriptRunContext! This warning can be ignored when running in bare mode.
2022 w2 done
2022 w3 done
2022 w4 done
2022 w5 done
2022 w6 done
2026-09-24 16:43:40.521 WARNING streamlit.runtime.scriptrunner_utils.script_run_context: Thread 'MainThread': missing ScriptRunContext! This warning can be ignored when running in bare mode.
2026-09-24 16:43:41.478 WARNING streamlit.runtime.scriptrunner_utils.script_run_context: Thread 'MainThread': missing ScriptRunContext! This warning can be ignored when running in bare mode.
2023 w2 done
2023 w3 done
2023 w4 done
2023 w5 done
2023 w6 done
2026-09-24 16:48:00.072 WARNING streamlit.runtime.scriptrunner_utils.script_run_context: Thread 'MainThread': missing ScriptRunContext! This warning can be ignored when running in bare mode.
2026-09-24 16:48:01.129 WARNING streamlit.runtime.scriptrunner_utils.script_run_context: Thread 'MainThread': missing ScriptRunContext! This warning can be ignored when running in bare mode.
2024 w2 done
2024 w3 done
2024 w4 done
2024 w5 done
2024 w6 done
2026-09-24 16:55:45.723 WARNING streamlit.runtime.scriptrunner_utils.script_run_context: Thread 'MainThread': missing ScriptRunContext! This warning can be ignored when running in bare mode.
2026-09-24 16:55:46.837 WARNING streamlit.runtime.scriptrunner_utils.script_run_context: Thread 'MainThread': missing ScriptRunContext! This warning can be ignored when running in bare mode.
2025 w2 done
2025 w3 done
2025 w4 done
2025 w5 done
2025 w6 done

==============================================================================
STAT_K_BY_POS  (scale_keys)  vs shipped {'RB': {'rushing_attempts': 1.2, 'rushing_yards': 2.0, 'targets': 2.2, 'receptions': 2.2, 'receiving_yards': 3.0, 'rushing_tds': 6, 'receiving_tds': 8}, 'QB': {'passing_attempts': 3, 'passing_yards': 3, 'rushing_attempts': 5, 'rushing_yards': 5, 'passing_tds': 5, 'passing_interceptions': 8}, 'WR': {'targets': 3, 'receptions': 3, 'receiving_yards': 5, 'receiving_tds': 15}, 'TE': {'targets': 2.4, 'receptions': 3, 'receiving_yards': 4, 'receiving_tds': 8}}  [harness v2]
==============================================================================

--- value 2.0 ---
  ALL        n=10704  RMSE 6.650->6.647 (Δ-0.002 CI[-0.004,-0.001])  pairwiseAcc 0.742->0.742 (Δ+0.000 CI[-0.000,+0.000])  bias -0.739->-0.739  MAE(secondary) 4.675->4.674  weeks-var-better(RMSE) 23-12
  QB         n=1048   RMSE 7.941->7.941 (Δ+0.000 CI[+0.000,+0.000])  pairwiseAcc 0.620->0.620 (Δ+0.000 CI[+0.000,+0.000])  bias -0.558->-0.558  MAE(secondary) 6.347->6.347  weeks-var-better(RMSE) 0-0
  RB         n=2832   RMSE 6.845->6.845 (Δ+0.000 CI[+0.000,+0.000])  pairwiseAcc 0.748->0.748 (Δ+0.000 CI[+0.000,+0.000])  bias -0.566->-0.566  MAE(secondary) 4.740->4.740  weeks-var-better(RMSE) 0-0
  WR         n=4572   RMSE 6.755->6.751 (Δ-0.004 CI[-0.007,-0.000])  pairwiseAcc 0.733->0.732 (Δ-0.000 CI[-0.000,+0.000])  bias -0.930->-0.934  MAE(secondary) 4.734->4.732  weeks-var-better(RMSE) 23-12
  TE         n=2252   RMSE 5.164->5.160 (Δ-0.004 CI[-0.011,+0.003])  pairwiseAcc 0.692->0.693 (Δ+0.000 CI[-0.001,+0.001])  bias -0.652->-0.646  MAE(secondary) 3.698->3.696  weeks-var-better(RMSE) 22-13
  START-QB   n=809    RMSE 7.647->7.647 (Δ+0.000 CI[+0.000,+0.000])  pairwiseAcc 0.599->0.599 (Δ+0.000 CI[+0.000,+0.000])  bias +0.110->+0.110  MAE(secondary) 6.179->6.179  weeks-var-better(RMSE) 0-0
  START-RB   n=1245   RMSE 8.142->8.142 (Δ+0.000 CI[+0.000,+0.000])  pairwiseAcc 0.632->0.632 (Δ+0.000 CI[+0.000,+0.000])  bias -0.453->-0.453  MAE(secondary) 6.295->6.295  weeks-var-better(RMSE) 0-0
  START-WR   n=1733   RMSE 8.503->8.493 (Δ-0.010 CI[-0.017,-0.004])  pairwiseAcc 0.580->0.580 (Δ+0.000 CI[-0.001,+0.002])  bias -1.087->-1.094  MAE(secondary) 6.576->6.568  weeks-var-better(RMSE) 26-9
  START-TE   n=636    RMSE 6.901->6.896 (Δ-0.005 CI[-0.021,+0.010])  pairwiseAcc 0.578->0.576 (Δ-0.001 CI[-0.006,+0.004])  bias -0.954->-0.950  MAE(secondary) 5.432->5.429  weeks-var-better(RMSE) 18-17
  START-ALL  n=4423   RMSE 8.082->8.077 (Δ-0.005 CI[-0.009,-0.002])  pairwiseAcc 0.632->0.632 (Δ+0.000 CI[-0.000,+0.001])  bias -0.670->-0.673  MAE(secondary) 6.260->6.256  weeks-var-better(RMSE) 25-10
  [START-ALL bias growth +0.002]
  stat:receiving_tds        n=10704  RMSE 0.397->0.396 (Δ-0.001)

(RMSE/pairwiseAcc CI excluding 0 = distinguishable from noise at this sample. MAE is secondary/informational only - see scripts/harness_v2.py.)
