2026-09-24 12:09:36.770 WARNING streamlit.runtime.caching.cache_data_api: No runtime found, using MemoryCacheStorageManager
2026-09-24 12:09:36.771 WARNING streamlit.runtime.caching.cache_data_api: No runtime found, using MemoryCacheStorageManager
2026-09-24 12:09:36.771 WARNING streamlit.runtime.caching.cache_data_api: No runtime found, using MemoryCacheStorageManager
2026-09-24 12:09:36.771 WARNING streamlit.runtime.caching.cache_data_api: No runtime found, using MemoryCacheStorageManager
2026-09-24 12:09:36.774 WARNING streamlit.runtime.caching.cache_data_api: No runtime found, using MemoryCacheStorageManager
2026-09-24 12:09:36.775 WARNING streamlit.runtime.caching.cache_data_api: No runtime found, using MemoryCacheStorageManager
2026-09-24 12:09:36.775 WARNING streamlit.runtime.caching.cache_data_api: No runtime found, using MemoryCacheStorageManager
2026-09-24 12:09:36.775 WARNING streamlit.runtime.caching.cache_data_api: No runtime found, using MemoryCacheStorageManager
2026-09-24 12:09:36.776 WARNING streamlit.runtime.caching.cache_data_api: No runtime found, using MemoryCacheStorageManager
2026-09-24 12:09:36.776 WARNING streamlit.runtime.caching.cache_data_api: No runtime found, using MemoryCacheStorageManager
2026-09-24 12:09:36.777 WARNING streamlit.runtime.caching.cache_data_api: No runtime found, using MemoryCacheStorageManager
2026-09-24 12:09:36.777 WARNING streamlit.runtime.caching.cache_data_api: No runtime found, using MemoryCacheStorageManager
2026-09-24 12:09:36.777 WARNING streamlit.runtime.caching.cache_data_api: No runtime found, using MemoryCacheStorageManager
2026-09-24 12:09:36.777 WARNING streamlit.runtime.caching.cache_data_api: No runtime found, using MemoryCacheStorageManager
2026-09-24 12:09:36.778 WARNING streamlit.runtime.caching.cache_data_api: No runtime found, using MemoryCacheStorageManager
2026-09-24 12:09:36.778 WARNING streamlit.runtime.caching.cache_data_api: No runtime found, using MemoryCacheStorageManager
2026-09-24 12:09:36.778 WARNING streamlit.runtime.caching.cache_data_api: No runtime found, using MemoryCacheStorageManager
2026-09-24 12:09:36.779 WARNING streamlit.runtime.caching.cache_data_api: No runtime found, using MemoryCacheStorageManager
2026-09-24 12:09:36.779 WARNING streamlit.runtime.caching.cache_data_api: No runtime found, using MemoryCacheStorageManager
2026-09-24 12:09:36.779 WARNING streamlit.runtime.caching.cache_data_api: No runtime found, using MemoryCacheStorageManager
2026-09-24 12:09:36.779 WARNING streamlit.runtime.caching.cache_data_api: No runtime found, using MemoryCacheStorageManager
2026-09-24 12:09:36.780 WARNING streamlit.runtime.caching.cache_data_api: No runtime found, using MemoryCacheStorageManager
2026-09-24 12:09:36.780 WARNING streamlit.runtime.caching.cache_data_api: No runtime found, using MemoryCacheStorageManager
2026-09-24 12:09:36.781 WARNING streamlit.runtime.caching.cache_data_api: No runtime found, using MemoryCacheStorageManager
2026-09-24 12:09:36.781 WARNING streamlit.runtime.caching.cache_data_api: No runtime found, using MemoryCacheStorageManager
2026-09-24 12:09:36.781 WARNING streamlit.runtime.caching.cache_data_api: No runtime found, using MemoryCacheStorageManager
2026-09-24 12:09:36.782 WARNING streamlit.runtime.caching.cache_data_api: No runtime found, using MemoryCacheStorageManager
2026-09-24 12:09:36.782 WARNING streamlit.runtime.caching.cache_data_api: No runtime found, using MemoryCacheStorageManager
2026-09-24 12:09:36.783 WARNING streamlit.runtime.caching.cache_data_api: No runtime found, using MemoryCacheStorageManager
2026-09-24 12:09:36.783 WARNING streamlit.runtime.caching.cache_data_api: No runtime found, using MemoryCacheStorageManager
2026-09-24 12:09:36.784 WARNING streamlit.runtime.caching.cache_data_api: No runtime found, using MemoryCacheStorageManager
2026-09-24 12:09:36.786 WARNING streamlit.runtime.caching.cache_data_api: No runtime found, using MemoryCacheStorageManager
2026-09-24 12:09:36.801 WARNING streamlit.runtime.caching.cache_data_api: No runtime found, using MemoryCacheStorageManager
2026-09-24 12:09:36.802 WARNING streamlit.runtime.caching.cache_data_api: No runtime found, using MemoryCacheStorageManager
2026-09-24 12:09:36.802 WARNING streamlit.runtime.caching.cache_data_api: No runtime found, using MemoryCacheStorageManager
2026-09-24 12:09:36.802 WARNING streamlit.runtime.caching.cache_data_api: No runtime found, using MemoryCacheStorageManager
2026-09-24 12:09:36.803 WARNING streamlit.runtime.caching.cache_data_api: No runtime found, using MemoryCacheStorageManager
2026-09-24 12:09:36.804 WARNING streamlit.runtime.caching.cache_data_api: No runtime found, using MemoryCacheStorageManager
2026-09-24 12:09:36.804 WARNING streamlit.runtime.caching.cache_data_api: No runtime found, using MemoryCacheStorageManager
2026-09-24 12:09:36.805 WARNING streamlit.runtime.caching.cache_data_api: No runtime found, using MemoryCacheStorageManager
2026-09-24 12:09:36.805 WARNING streamlit.runtime.caching.cache_data_api: No runtime found, using MemoryCacheStorageManager
2026-09-24 12:09:36.809 WARNING streamlit.runtime.caching.cache_data_api: No runtime found, using MemoryCacheStorageManager
2026-09-24 12:09:36.839 WARNING streamlit.runtime.caching.cache_data_api: No runtime found, using MemoryCacheStorageManager
2026-09-24 12:09:36.840 WARNING streamlit.runtime.scriptrunner_utils.script_run_context: Thread 'MainThread': missing ScriptRunContext! This warning can be ignored when running in bare mode.
2026-09-24 12:09:36.840 WARNING streamlit.runtime.caching.cache_data_api: No runtime found, using MemoryCacheStorageManager
2026-09-24 12:09:37.299 WARNING streamlit.runtime.caching.cache_data_api: No runtime found, using MemoryCacheStorageManager
2026-09-24 12:09:37.813 WARNING streamlit.runtime.caching.cache_data_api: No runtime found, using MemoryCacheStorageManager
2026-09-24 12:09:37.814 WARNING streamlit.runtime.scriptrunner_utils.script_run_context: Thread 'MainThread': missing ScriptRunContext! This warning can be ignored when running in bare mode.
2026-09-24 12:09:38.143 WARNING streamlit.runtime.caching.cache_data_api: No runtime found, using MemoryCacheStorageManager
2026-09-24 12:09:38.157 WARNING streamlit.runtime.caching.cache_data_api: No runtime found, using MemoryCacheStorageManager
2026-09-24 12:09:40.815 WARNING streamlit.runtime.caching.cache_data_api: No runtime found, using MemoryCacheStorageManager
2026-09-24 12:09:40.823 WARNING streamlit.runtime.caching.cache_data_api: No runtime found, using MemoryCacheStorageManager
target=STAT_K_BY_POS  shipped={'RB': {'rushing_attempts': 1.2, 'rushing_yards': 2.0, 'targets': 2.2, 'receptions': 2.2, 'receiving_yards': 3.0, 'rushing_tds': 6, 'receiving_tds': 8}, 'QB': {'passing_attempts': 3, 'passing_yards': 3, 'rushing_attempts': 5, 'rushing_yards': 5, 'passing_tds': 5, 'passing_interceptions': 8}, 'WR': {'targets': 3, 'receptions': 3, 'receiving_yards': 5, 'receiving_tds': 15}, 'TE': {'targets': 2.4, 'receptions': 3, 'receiving_yards': 4, 'receiving_tds': 8}}
mode=scale_keys  keys=['WR:receiving_tds', 'TE:receiving_tds']  values=[2.0]  add_features=['v2_stat_k_by_pos']
years=[2023, 2024, 2025] weeks=2-6 scoring=Full PPR harness=v2

2023 w2 done
2023 w3 done
2023 w4 done
2023 w5 done
2023 w6 done
2026-09-24 12:13:56.444 WARNING streamlit.runtime.scriptrunner_utils.script_run_context: Thread 'MainThread': missing ScriptRunContext! This warning can be ignored when running in bare mode.
2026-09-24 12:13:57.500 WARNING streamlit.runtime.scriptrunner_utils.script_run_context: Thread 'MainThread': missing ScriptRunContext! This warning can be ignored when running in bare mode.
2024 w2 done
2024 w3 done
2024 w4 done
2024 w5 done
2024 w6 done
2026-09-24 12:21:37.518 WARNING streamlit.runtime.scriptrunner_utils.script_run_context: Thread 'MainThread': missing ScriptRunContext! This warning can be ignored when running in bare mode.
2026-09-24 12:21:38.619 WARNING streamlit.runtime.scriptrunner_utils.script_run_context: Thread 'MainThread': missing ScriptRunContext! This warning can be ignored when running in bare mode.
2025 w2 done
2025 w3 done
2025 w4 done
2025 w5 done
2025 w6 done

==============================================================================
STAT_K_BY_POS  (scale_keys)  vs shipped {'RB': {'rushing_attempts': 1.2, 'rushing_yards': 2.0, 'targets': 2.2, 'receptions': 2.2, 'receiving_yards': 3.0, 'rushing_tds': 6, 'receiving_tds': 8}, 'QB': {'passing_attempts': 3, 'passing_yards': 3, 'rushing_attempts': 5, 'rushing_yards': 5, 'passing_tds': 5, 'passing_interceptions': 8}, 'WR': {'targets': 3, 'receptions': 3, 'receiving_yards': 5, 'receiving_tds': 15}, 'TE': {'targets': 2.4, 'receptions': 3, 'receiving_yards': 4, 'receiving_tds': 8}}  [harness v2]
==============================================================================

--- value 2.0 ---
  ALL        n=4602   RMSE 6.517->6.515 (Δ-0.002 CI[-0.005,+0.001])  pairwiseAcc 0.749->0.749 (Δ+0.000 CI[-0.000,+0.000])  bias -0.815->-0.813  MAE(secondary) 4.513->4.511  weeks-var-better(RMSE) 9-6
  QB         n=454    RMSE 7.857->7.857 (Δ+0.000 CI[+0.000,+0.000])  pairwiseAcc 0.608->0.608 (Δ+0.000 CI[+0.000,+0.000])  bias -0.942->-0.942  MAE(secondary) 6.296->6.296  weeks-var-better(RMSE) 0-0
  RB         n=1210   RMSE 6.974->6.974 (Δ+0.000 CI[+0.000,+0.000])  pairwiseAcc 0.756->0.756 (Δ+0.000 CI[+0.000,+0.000])  bias -0.648->-0.648  MAE(secondary) 4.593->4.593  weeks-var-better(RMSE) 0-0
  WR         n=1973   RMSE 6.516->6.514 (Δ-0.002 CI[-0.006,+0.003])  pairwiseAcc 0.742->0.742 (Δ-0.000 CI[-0.000,+0.000])  bias -0.978->-0.980  MAE(secondary) 4.552->4.552  weeks-var-better(RMSE) 9-6
  TE         n=965    RMSE 4.808->4.801 (Δ-0.007 CI[-0.021,+0.006])  pairwiseAcc 0.704->0.704 (Δ+0.001 CI[-0.001,+0.002])  bias -0.630->-0.620  MAE(secondary) 3.495->3.487  weeks-var-better(RMSE) 11-4
  START-QB   n=344    RMSE 7.204->7.204 (Δ+0.000 CI[+0.000,+0.000])  pairwiseAcc 0.577->0.577 (Δ+0.000 CI[+0.000,+0.000])  bias -0.129->-0.129  MAE(secondary) 5.860->5.860  weeks-var-better(RMSE) 0-0
  START-RB   n=528    RMSE 8.097->8.097 (Δ+0.000 CI[+0.000,+0.000])  pairwiseAcc 0.639->0.639 (Δ+0.000 CI[+0.000,+0.000])  bias -0.598->-0.598  MAE(secondary) 6.171->6.171  weeks-var-better(RMSE) 0-0
  START-WR   n=751    RMSE 8.288->8.281 (Δ-0.007 CI[-0.015,+0.003])  pairwiseAcc 0.578->0.579 (Δ+0.000 CI[-0.001,+0.002])  bias -1.455->-1.458  MAE(secondary) 6.391->6.385  weeks-var-better(RMSE) 10-5
  START-TE   n=274    RMSE 6.437->6.427 (Δ-0.010 CI[-0.036,+0.016])  pairwiseAcc 0.552->0.556 (Δ+0.004 CI[-0.004,+0.012])  bias -1.045->-1.022  MAE(secondary) 5.077->5.071  weeks-var-better(RMSE) 8-7
  START-ALL  n=1897   RMSE 7.851->7.847 (Δ-0.004 CI[-0.009,+0.000])  pairwiseAcc 0.633->0.633 (Δ+0.000 CI[-0.001,+0.001])  bias -0.917->-0.914  MAE(secondary) 6.044->6.041  weeks-var-better(RMSE) 11-4
  [START-ALL bias growth -0.002]
  stat:receiving_tds        n=4602   RMSE 0.387->0.386 (Δ-0.001)

(RMSE/pairwiseAcc CI excluding 0 = distinguishable from noise at this sample. MAE is secondary/informational only - see scripts/harness_v2.py.)
