2026-09-24 06:58:22.158 WARNING streamlit.runtime.caching.cache_data_api: No runtime found, using MemoryCacheStorageManager
2026-09-24 06:58:22.159 WARNING streamlit.runtime.caching.cache_data_api: No runtime found, using MemoryCacheStorageManager
2026-09-24 06:58:22.160 WARNING streamlit.runtime.caching.cache_data_api: No runtime found, using MemoryCacheStorageManager
2026-09-24 06:58:22.160 WARNING streamlit.runtime.caching.cache_data_api: No runtime found, using MemoryCacheStorageManager
2026-09-24 06:58:22.163 WARNING streamlit.runtime.caching.cache_data_api: No runtime found, using MemoryCacheStorageManager
2026-09-24 06:58:22.163 WARNING streamlit.runtime.caching.cache_data_api: No runtime found, using MemoryCacheStorageManager
2026-09-24 06:58:22.164 WARNING streamlit.runtime.caching.cache_data_api: No runtime found, using MemoryCacheStorageManager
2026-09-24 06:58:22.164 WARNING streamlit.runtime.caching.cache_data_api: No runtime found, using MemoryCacheStorageManager
2026-09-24 06:58:22.165 WARNING streamlit.runtime.caching.cache_data_api: No runtime found, using MemoryCacheStorageManager
2026-09-24 06:58:22.165 WARNING streamlit.runtime.caching.cache_data_api: No runtime found, using MemoryCacheStorageManager
2026-09-24 06:58:22.165 WARNING streamlit.runtime.caching.cache_data_api: No runtime found, using MemoryCacheStorageManager
2026-09-24 06:58:22.166 WARNING streamlit.runtime.caching.cache_data_api: No runtime found, using MemoryCacheStorageManager
2026-09-24 06:58:22.166 WARNING streamlit.runtime.caching.cache_data_api: No runtime found, using MemoryCacheStorageManager
2026-09-24 06:58:22.166 WARNING streamlit.runtime.caching.cache_data_api: No runtime found, using MemoryCacheStorageManager
2026-09-24 06:58:22.167 WARNING streamlit.runtime.caching.cache_data_api: No runtime found, using MemoryCacheStorageManager
2026-09-24 06:58:22.167 WARNING streamlit.runtime.caching.cache_data_api: No runtime found, using MemoryCacheStorageManager
2026-09-24 06:58:22.167 WARNING streamlit.runtime.caching.cache_data_api: No runtime found, using MemoryCacheStorageManager
2026-09-24 06:58:22.167 WARNING streamlit.runtime.caching.cache_data_api: No runtime found, using MemoryCacheStorageManager
2026-09-24 06:58:22.168 WARNING streamlit.runtime.caching.cache_data_api: No runtime found, using MemoryCacheStorageManager
2026-09-24 06:58:22.168 WARNING streamlit.runtime.caching.cache_data_api: No runtime found, using MemoryCacheStorageManager
2026-09-24 06:58:22.168 WARNING streamlit.runtime.caching.cache_data_api: No runtime found, using MemoryCacheStorageManager
2026-09-24 06:58:22.169 WARNING streamlit.runtime.caching.cache_data_api: No runtime found, using MemoryCacheStorageManager
2026-09-24 06:58:22.169 WARNING streamlit.runtime.caching.cache_data_api: No runtime found, using MemoryCacheStorageManager
2026-09-24 06:58:22.170 WARNING streamlit.runtime.caching.cache_data_api: No runtime found, using MemoryCacheStorageManager
2026-09-24 06:58:22.170 WARNING streamlit.runtime.caching.cache_data_api: No runtime found, using MemoryCacheStorageManager
2026-09-24 06:58:22.170 WARNING streamlit.runtime.caching.cache_data_api: No runtime found, using MemoryCacheStorageManager
2026-09-24 06:58:22.171 WARNING streamlit.runtime.caching.cache_data_api: No runtime found, using MemoryCacheStorageManager
2026-09-24 06:58:22.171 WARNING streamlit.runtime.caching.cache_data_api: No runtime found, using MemoryCacheStorageManager
2026-09-24 06:58:22.172 WARNING streamlit.runtime.caching.cache_data_api: No runtime found, using MemoryCacheStorageManager
2026-09-24 06:58:22.172 WARNING streamlit.runtime.caching.cache_data_api: No runtime found, using MemoryCacheStorageManager
2026-09-24 06:58:22.173 WARNING streamlit.runtime.caching.cache_data_api: No runtime found, using MemoryCacheStorageManager
2026-09-24 06:58:22.175 WARNING streamlit.runtime.caching.cache_data_api: No runtime found, using MemoryCacheStorageManager
2026-09-24 06:58:22.191 WARNING streamlit.runtime.caching.cache_data_api: No runtime found, using MemoryCacheStorageManager
2026-09-24 06:58:22.192 WARNING streamlit.runtime.caching.cache_data_api: No runtime found, using MemoryCacheStorageManager
2026-09-24 06:58:22.192 WARNING streamlit.runtime.caching.cache_data_api: No runtime found, using MemoryCacheStorageManager
2026-09-24 06:58:22.192 WARNING streamlit.runtime.caching.cache_data_api: No runtime found, using MemoryCacheStorageManager
2026-09-24 06:58:22.193 WARNING streamlit.runtime.caching.cache_data_api: No runtime found, using MemoryCacheStorageManager
2026-09-24 06:58:22.194 WARNING streamlit.runtime.caching.cache_data_api: No runtime found, using MemoryCacheStorageManager
2026-09-24 06:58:22.194 WARNING streamlit.runtime.caching.cache_data_api: No runtime found, using MemoryCacheStorageManager
2026-09-24 06:58:22.195 WARNING streamlit.runtime.caching.cache_data_api: No runtime found, using MemoryCacheStorageManager
2026-09-24 06:58:22.195 WARNING streamlit.runtime.caching.cache_data_api: No runtime found, using MemoryCacheStorageManager
2026-09-24 06:58:22.199 WARNING streamlit.runtime.caching.cache_data_api: No runtime found, using MemoryCacheStorageManager
2026-09-24 06:58:22.231 WARNING streamlit.runtime.caching.cache_data_api: No runtime found, using MemoryCacheStorageManager
2026-09-24 06:58:22.231 WARNING streamlit.runtime.scriptrunner_utils.script_run_context: Thread 'MainThread': missing ScriptRunContext! This warning can be ignored when running in bare mode.
2026-09-24 06:58:22.232 WARNING streamlit.runtime.caching.cache_data_api: No runtime found, using MemoryCacheStorageManager
2026-09-24 06:58:22.741 WARNING streamlit.runtime.caching.cache_data_api: No runtime found, using MemoryCacheStorageManager
2026-09-24 06:58:24.272 WARNING streamlit.runtime.caching.cache_data_api: No runtime found, using MemoryCacheStorageManager
2026-09-24 06:58:24.272 WARNING streamlit.runtime.scriptrunner_utils.script_run_context: Thread 'MainThread': missing ScriptRunContext! This warning can be ignored when running in bare mode.
2026-09-24 06:58:24.601 WARNING streamlit.runtime.caching.cache_data_api: No runtime found, using MemoryCacheStorageManager
2026-09-24 06:58:24.616 WARNING streamlit.runtime.caching.cache_data_api: No runtime found, using MemoryCacheStorageManager
2026-09-24 06:58:31.039 WARNING streamlit.runtime.caching.cache_data_api: No runtime found, using MemoryCacheStorageManager
2026-09-24 06:58:31.247 WARNING streamlit.runtime.caching.cache_data_api: No runtime found, using MemoryCacheStorageManager
groups=['RB_volume', 'WR_TE_yardage', 'WR_TE_tds', 'QB_rushing']  years=[2019, 2020, 2021, 2022]  weeks=2-6  scoring=Full PPR
  RB_volume: keys=['RB:rushing_attempts', 'RB:rushing_yards', 'RB:targets', 'RB:receptions'] values=[0.33, 0.5, 0.75, 1.0, 1.5]
  WR_TE_yardage: keys=['WR:receiving_yards', 'TE:receiving_yards'] values=[0.75, 1.0, 1.5, 2.0]
  WR_TE_tds: keys=['WR:receiving_tds', 'TE:receiving_tds'] values=[1.0, 1.5, 2.0, 3.0]
  QB_rushing: keys=['QB:rushing_attempts', 'QB:rushing_yards'] values=[1.0, 1.5, 2.0]

2019 w2 done
2019 w3 done
2019 w4 done
2019 w5 done
2019 w6 done
2026-09-24 07:36:05.917 WARNING streamlit.runtime.scriptrunner_utils.script_run_context: Thread 'MainThread': missing ScriptRunContext! This warning can be ignored when running in bare mode.
2026-09-24 07:36:06.862 WARNING streamlit.runtime.scriptrunner_utils.script_run_context: Thread 'MainThread': missing ScriptRunContext! This warning can be ignored when running in bare mode.
2020 w2 done
2020 w3 done
2020 w4 done
2020 w5 done
2020 w6 done
2026-09-24 08:12:39.897 WARNING streamlit.runtime.scriptrunner_utils.script_run_context: Thread 'MainThread': missing ScriptRunContext! This warning can be ignored when running in bare mode.
2026-09-24 08:12:40.972 WARNING streamlit.runtime.scriptrunner_utils.script_run_context: Thread 'MainThread': missing ScriptRunContext! This warning can be ignored when running in bare mode.
2021 w2 done
2021 w3 done
2021 w4 done
2021 w5 done
2021 w6 done
2026-09-24 08:50:21.497 WARNING streamlit.runtime.scriptrunner_utils.script_run_context: Thread 'MainThread': missing ScriptRunContext! This warning can be ignored when running in bare mode.
2026-09-24 08:50:22.482 WARNING streamlit.runtime.scriptrunner_utils.script_run_context: Thread 'MainThread': missing ScriptRunContext! This warning can be ignored when running in bare mode.
2022 w2 done
2022 w3 done
2022 w4 done
2022 w5 done
2022 w6 done

==============================================================================
GROUP RB_volume   keys=['RB:rushing_attempts', 'RB:rushing_yards', 'RB:targets', 'RB:receptions']
==============================================================================

--- value 0.33 ---
  ALL        n=6102   RMSE 6.752->6.763 (Δ+0.012 CI[+0.004,+0.020])  pairwiseAcc 0.737->0.736 (Δ-0.001 CI[-0.001,-0.000])  bias -0.680->-0.681  MAE(secondary) 4.799->4.806  weeks-var-better(RMSE) 6-14
  QB         n=594    RMSE 8.016->8.016 (Δ+0.000 CI[+0.000,+0.000])  pairwiseAcc 0.628->0.628 (Δ+0.000 CI[+0.000,+0.000])  bias -0.265->-0.265  MAE(secondary) 6.399->6.399  weeks-var-better(RMSE) 0-0
  RB         n=1622   RMSE 6.747->6.792 (Δ+0.046 CI[+0.022,+0.071])  pairwiseAcc 0.743->0.740 (Δ-0.002 CI[-0.004,-0.001])  bias -0.503->-0.504  MAE(secondary) 4.848->4.876  weeks-var-better(RMSE) 4-16
  WR         n=2599   RMSE 6.938->6.937 (Δ-0.001 CI[-0.007,+0.005])  pairwiseAcc 0.725->0.725 (Δ+0.000 CI[-0.000,+0.001])  bias -0.890->-0.895  MAE(secondary) 4.872->4.871  weeks-var-better(RMSE) 11-9
  TE         n=1287   RMSE 5.433->5.432 (Δ-0.001 CI[-0.007,+0.005])  pairwiseAcc 0.684->0.684 (Δ+0.000 CI[-0.000,+0.001])  bias -0.668->-0.666  MAE(secondary) 3.850->3.850  weeks-var-better(RMSE) 12-8
  START-QB   n=465    RMSE 8.015->8.015 (Δ+0.000 CI[+0.000,+0.000])  pairwiseAcc 0.611->0.611 (Δ+0.000 CI[+0.000,+0.000])  bias +0.261->+0.261  MAE(secondary) 6.456->6.456  weeks-var-better(RMSE) 0-0
  START-RB   n=731    RMSE 8.131->8.200 (Δ+0.069 CI[+0.030,+0.109])  pairwiseAcc 0.632->0.628 (Δ-0.004 CI[-0.009,+0.000])  bias -0.290->-0.250  MAE(secondary) 6.368->6.424  weeks-var-better(RMSE) 4-16
  START-WR   n=982    RMSE 8.667->8.664 (Δ-0.003 CI[-0.014,+0.007])  pairwiseAcc 0.581->0.583 (Δ+0.002 CI[+0.000,+0.003])  bias -0.807->-0.818  MAE(secondary) 6.712->6.706  weeks-var-better(RMSE) 11-9
  START-TE   n=358    RMSE 7.065->7.060 (Δ-0.005 CI[-0.020,+0.008])  pairwiseAcc 0.603->0.604 (Δ+0.001 CI[-0.002,+0.005])  bias -0.721->-0.710  MAE(secondary) 5.601->5.598  weeks-var-better(RMSE) 13-7
  START-ALL  n=2536   RMSE 8.230->8.248 (Δ+0.018 CI[+0.005,+0.031])  pairwiseAcc 0.634->0.633 (Δ-0.001 CI[-0.003,-0.000])  bias -0.450->-0.441  MAE(secondary) 6.409->6.422  weeks-var-better(RMSE) 7-13
  [START-ALL bias growth -0.009]
  stat:receptions           n=6102   RMSE 1.876->1.882 (Δ+0.005)
  stat:rushing_attempts     n=2216   RMSE 4.365->4.431 (Δ+0.065)
  stat:rushing_yards        n=2216   RMSE 25.939->26.656 (Δ+0.718)
  stat:targets              n=6102   RMSE 2.410->2.416 (Δ+0.005)

--- value 0.5 ---
  ALL        n=6102   RMSE 6.752->6.758 (Δ+0.006 CI[+0.001,+0.012])  pairwiseAcc 0.737->0.737 (Δ-0.000 CI[-0.001,-0.000])  bias -0.680->-0.682  MAE(secondary) 4.799->4.803  weeks-var-better(RMSE) 6-14
  QB         n=594    RMSE 8.016->8.016 (Δ+0.000 CI[+0.000,+0.000])  pairwiseAcc 0.628->0.628 (Δ+0.000 CI[+0.000,+0.000])  bias -0.265->-0.265  MAE(secondary) 6.399->6.399  weeks-var-better(RMSE) 0-0
  RB         n=1622   RMSE 6.747->6.772 (Δ+0.025 CI[+0.010,+0.042])  pairwiseAcc 0.743->0.741 (Δ-0.002 CI[-0.003,-0.001])  bias -0.503->-0.506  MAE(secondary) 4.848->4.865  weeks-var-better(RMSE) 4-16
  WR         n=2599   RMSE 6.938->6.937 (Δ-0.001 CI[-0.006,+0.003])  pairwiseAcc 0.725->0.725 (Δ+0.000 CI[-0.000,+0.000])  bias -0.890->-0.895  MAE(secondary) 4.872->4.871  weeks-var-better(RMSE) 12-8
  TE         n=1287   RMSE 5.433->5.431 (Δ-0.001 CI[-0.006,+0.003])  pairwiseAcc 0.684->0.684 (Δ+0.000 CI[-0.000,+0.001])  bias -0.668->-0.667  MAE(secondary) 3.850->3.849  weeks-var-better(RMSE) 12-8
  START-QB   n=465    RMSE 8.015->8.015 (Δ+0.000 CI[+0.000,+0.000])  pairwiseAcc 0.611->0.611 (Δ+0.000 CI[+0.000,+0.000])  bias +0.261->+0.261  MAE(secondary) 6.456->6.456  weeks-var-better(RMSE) 0-0
  START-RB   n=727    RMSE 8.106->8.145 (Δ+0.039 CI[+0.012,+0.068])  pairwiseAcc 0.633->0.631 (Δ-0.002 CI[-0.006,+0.002])  bias -0.265->-0.245  MAE(secondary) 6.345->6.379  weeks-var-better(RMSE) 5-15
  START-WR   n=979    RMSE 8.677->8.673 (Δ-0.004 CI[-0.012,+0.004])  pairwiseAcc 0.581->0.582 (Δ+0.002 CI[+0.001,+0.003])  bias -0.810->-0.821  MAE(secondary) 6.722->6.717  weeks-var-better(RMSE) 11-9
  START-TE   n=357    RMSE 7.074->7.068 (Δ-0.005 CI[-0.015,+0.004])  pairwiseAcc 0.602->0.604 (Δ+0.002 CI[-0.001,+0.004])  bias -0.733->-0.726  MAE(secondary) 5.606->5.602  weeks-var-better(RMSE) 14-6
  START-ALL  n=2528   RMSE 8.228->8.237 (Δ+0.009 CI[+0.000,+0.019])  pairwiseAcc 0.634->0.634 (Δ-0.000 CI[-0.001,+0.001])  bias -0.445->-0.443  MAE(secondary) 6.407->6.414  weeks-var-better(RMSE) 7-13
  [START-ALL bias growth -0.003]
  stat:receptions           n=6102   RMSE 1.876->1.879 (Δ+0.003)
  stat:rushing_attempts     n=2216   RMSE 4.365->4.403 (Δ+0.038)
  stat:rushing_yards        n=2216   RMSE 25.939->26.349 (Δ+0.410)
  stat:targets              n=6102   RMSE 2.410->2.413 (Δ+0.003)

--- value 0.75 ---
  ALL        n=6102   RMSE 6.752->6.754 (Δ+0.002 CI[-0.000,+0.005])  pairwiseAcc 0.737->0.737 (Δ-0.000 CI[-0.000,+0.000])  bias -0.680->-0.681  MAE(secondary) 4.799->4.800  weeks-var-better(RMSE) 8-12
  QB         n=594    RMSE 8.016->8.016 (Δ+0.000 CI[+0.000,+0.000])  pairwiseAcc 0.628->0.628 (Δ+0.000 CI[+0.000,+0.000])  bias -0.265->-0.265  MAE(secondary) 6.399->6.399  weeks-var-better(RMSE) 0-0
  RB         n=1622   RMSE 6.747->6.757 (Δ+0.010 CI[+0.003,+0.018])  pairwiseAcc 0.743->0.742 (Δ-0.001 CI[-0.001,-0.000])  bias -0.503->-0.504  MAE(secondary) 4.848->4.854  weeks-var-better(RMSE) 4-16
  WR         n=2599   RMSE 6.938->6.937 (Δ-0.001 CI[-0.004,+0.001])  pairwiseAcc 0.725->0.725 (Δ+0.000 CI[-0.000,+0.000])  bias -0.890->-0.893  MAE(secondary) 4.872->4.872  weeks-var-better(RMSE) 12-8
  TE         n=1287   RMSE 5.433->5.433 (Δ+0.000 CI[-0.002,+0.003])  pairwiseAcc 0.684->0.684 (Δ+0.000 CI[-0.000,+0.000])  bias -0.668->-0.667  MAE(secondary) 3.850->3.851  weeks-var-better(RMSE) 10-10
  START-QB   n=464    RMSE 8.015->8.015 (Δ+0.000 CI[+0.000,+0.000])  pairwiseAcc 0.610->0.610 (Δ+0.000 CI[+0.000,+0.000])  bias +0.245->+0.245  MAE(secondary) 6.453->6.453  weeks-var-better(RMSE) 0-0
  START-RB   n=720    RMSE 8.138->8.154 (Δ+0.016 CI[+0.005,+0.029])  pairwiseAcc 0.629->0.628 (Δ-0.001 CI[-0.003,+0.001])  bias -0.307->-0.302  MAE(secondary) 6.369->6.382  weeks-var-better(RMSE) 6-14
  START-WR   n=978    RMSE 8.679->8.675 (Δ-0.004 CI[-0.007,+0.000])  pairwiseAcc 0.581->0.582 (Δ+0.001 CI[-0.000,+0.001])  bias -0.800->-0.805  MAE(secondary) 6.723->6.721  weeks-var-better(RMSE) 10-10
  START-TE   n=355    RMSE 7.093->7.091 (Δ-0.002 CI[-0.007,+0.004])  pairwiseAcc 0.602->0.602 (Δ+0.001 CI[-0.001,+0.003])  bias -0.752->-0.748  MAE(secondary) 5.623->5.623  weeks-var-better(RMSE) 13-7
  START-ALL  n=2517   RMSE 8.240->8.243 (Δ+0.003 CI[-0.001,+0.007])  pairwiseAcc 0.633->0.633 (Δ+0.000 CI[-0.000,+0.001])  bias -0.460->-0.459  MAE(secondary) 6.417->6.420  weeks-var-better(RMSE) 9-11
  [START-ALL bias growth -0.000]
  stat:receptions           n=6102   RMSE 1.876->1.877 (Δ+0.001)
  stat:rushing_attempts     n=2216   RMSE 4.365->4.379 (Δ+0.014)
  stat:rushing_yards        n=2216   RMSE 25.939->26.087 (Δ+0.148)
  stat:targets              n=6102   RMSE 2.410->2.411 (Δ+0.001)

--- value 1.0 ---
  ALL        n=6102   RMSE 6.752->6.752 (Δ+0.000 CI[+0.000,+0.000])  pairwiseAcc 0.737->0.737 (Δ+0.000 CI[+0.000,+0.000])  bias -0.680->-0.680  MAE(secondary) 4.799->4.799  weeks-var-better(RMSE) 0-0
  QB         n=594    RMSE 8.016->8.016 (Δ+0.000 CI[+0.000,+0.000])  pairwiseAcc 0.628->0.628 (Δ+0.000 CI[+0.000,+0.000])  bias -0.265->-0.265  MAE(secondary) 6.399->6.399  weeks-var-better(RMSE) 0-0
  RB         n=1622   RMSE 6.747->6.747 (Δ+0.000 CI[+0.000,+0.000])  pairwiseAcc 0.743->0.743 (Δ+0.000 CI[+0.000,+0.000])  bias -0.503->-0.503  MAE(secondary) 4.848->4.848  weeks-var-better(RMSE) 0-0
  WR         n=2599   RMSE 6.938->6.938 (Δ+0.000 CI[+0.000,+0.000])  pairwiseAcc 0.725->0.725 (Δ+0.000 CI[+0.000,+0.000])  bias -0.890->-0.890  MAE(secondary) 4.872->4.872  weeks-var-better(RMSE) 0-0
  TE         n=1287   RMSE 5.433->5.433 (Δ+0.000 CI[+0.000,+0.000])  pairwiseAcc 0.684->0.684 (Δ+0.000 CI[+0.000,+0.000])  bias -0.668->-0.668  MAE(secondary) 3.850->3.850  weeks-var-better(RMSE) 0-0
  START-QB   n=463    RMSE 7.996->7.996 (Δ+0.000 CI[+0.000,+0.000])  pairwiseAcc 0.612->0.612 (Δ+0.000 CI[+0.000,+0.000])  bias +0.275->+0.275  MAE(secondary) 6.437->6.437  weeks-var-better(RMSE) 0-0
  START-RB   n=716    RMSE 8.137->8.137 (Δ+0.000 CI[+0.000,+0.000])  pairwiseAcc 0.628->0.628 (Δ+0.000 CI[+0.000,+0.000])  bias -0.307->-0.307  MAE(secondary) 6.364->6.364  weeks-var-better(RMSE) 0-0
  START-WR   n=970    RMSE 8.690->8.690 (Δ+0.000 CI[+0.000,+0.000])  pairwiseAcc 0.583->0.583 (Δ+0.000 CI[+0.000,+0.000])  bias -0.780->-0.780  MAE(secondary) 6.729->6.729  weeks-var-better(RMSE) 0-0
  START-TE   n=352    RMSE 7.093->7.093 (Δ+0.000 CI[+0.000,+0.000])  pairwiseAcc 0.603->0.603 (Δ+0.000 CI[+0.000,+0.000])  bias -0.732->-0.732  MAE(secondary) 5.621->5.621  weeks-var-better(RMSE) 0-0
  START-ALL  n=2501   RMSE 8.242->8.242 (Δ+0.000 CI[+0.000,+0.000])  pairwiseAcc 0.633->0.633 (Δ+0.000 CI[+0.000,+0.000])  bias -0.443->-0.443  MAE(secondary) 6.415->6.415  weeks-var-better(RMSE) 0-0
  [START-ALL bias growth +0.000]
  stat:receptions           n=6102   RMSE 1.876->1.876 (Δ+0.000)
  stat:rushing_attempts     n=2216   RMSE 4.365->4.365 (Δ+0.000)
  stat:rushing_yards        n=2216   RMSE 25.939->25.939 (Δ+0.000)
  stat:targets              n=6102   RMSE 2.410->2.410 (Δ+0.000)

--- value 1.5 ---
  ALL        n=6102   RMSE 6.752->6.751 (Δ-0.000 CI[-0.003,+0.002])  pairwiseAcc 0.737->0.737 (Δ-0.000 CI[-0.000,+0.000])  bias -0.680->-0.678  MAE(secondary) 4.799->4.798  weeks-var-better(RMSE) 12-8
  QB         n=594    RMSE 8.016->8.016 (Δ+0.000 CI[+0.000,+0.000])  pairwiseAcc 0.628->0.628 (Δ+0.000 CI[+0.000,+0.000])  bias -0.265->-0.265  MAE(secondary) 6.399->6.399  weeks-var-better(RMSE) 0-0
  RB         n=1622   RMSE 6.747->6.740 (Δ-0.006 CI[-0.013,+0.001])  pairwiseAcc 0.743->0.743 (Δ-0.000 CI[-0.001,+0.001])  bias -0.503->-0.502  MAE(secondary) 4.848->4.843  weeks-var-better(RMSE) 13-7
  WR         n=2599   RMSE 6.938->6.941 (Δ+0.003 CI[+0.000,+0.005])  pairwiseAcc 0.725->0.725 (Δ-0.000 CI[-0.000,+0.000])  bias -0.890->-0.889  MAE(secondary) 4.872->4.873  weeks-var-better(RMSE) 6-14
  TE         n=1287   RMSE 5.433->5.434 (Δ+0.001 CI[-0.002,+0.004])  pairwiseAcc 0.684->0.684 (Δ-0.000 CI[-0.000,+0.000])  bias -0.668->-0.666  MAE(secondary) 3.850->3.852  weeks-var-better(RMSE) 8-12
  START-QB   n=463    RMSE 7.996->7.996 (Δ+0.000 CI[+0.000,+0.000])  pairwiseAcc 0.612->0.612 (Δ+0.000 CI[+0.000,+0.000])  bias +0.275->+0.275  MAE(secondary) 6.437->6.437  weeks-var-better(RMSE) 0-0
  START-RB   n=724    RMSE 8.135->8.123 (Δ-0.012 CI[-0.026,+0.002])  pairwiseAcc 0.627->0.625 (Δ-0.002 CI[-0.005,+0.001])  bias -0.351->-0.359  MAE(secondary) 6.365->6.351  weeks-var-better(RMSE) 13-7
  START-WR   n=976    RMSE 8.686->8.691 (Δ+0.005 CI[-0.000,+0.010])  pairwiseAcc 0.582->0.581 (Δ-0.001 CI[-0.002,+0.000])  bias -0.796->-0.791  MAE(secondary) 6.729->6.733  weeks-var-better(RMSE) 6-14
  START-TE   n=355    RMSE 7.088->7.089 (Δ+0.001 CI[-0.005,+0.007])  pairwiseAcc 0.600->0.599 (Δ-0.001 CI[-0.003,+0.002])  bias -0.756->-0.756  MAE(secondary) 5.619->5.622  weeks-var-better(RMSE) 10-10
  START-ALL  n=2518   RMSE 8.239->8.238 (Δ-0.001 CI[-0.006,+0.004])  pairwiseAcc 0.632->0.632 (Δ-0.000 CI[-0.001,+0.000])  bias -0.465->-0.466  MAE(secondary) 6.414->6.412  weeks-var-better(RMSE) 13-7
  [START-ALL bias growth +0.001]
  stat:receptions           n=6102   RMSE 1.876->1.877 (Δ+0.000)
  stat:rushing_attempts     n=2216   RMSE 4.365->4.354 (Δ-0.011)
  stat:rushing_yards        n=2216   RMSE 25.939->25.797 (Δ-0.142)
  stat:targets              n=6102   RMSE 2.410->2.411 (Δ+0.001)

==============================================================================
GROUP WR_TE_yardage   keys=['WR:receiving_yards', 'TE:receiving_yards']
==============================================================================

--- value 0.75 ---
  ALL        n=6102   RMSE 6.752->6.755 (Δ+0.003 CI[-0.002,+0.007])  pairwiseAcc 0.737->0.737 (Δ-0.000 CI[-0.000,+0.000])  bias -0.680->-0.666  MAE(secondary) 4.799->4.803  weeks-var-better(RMSE) 8-12
  QB         n=594    RMSE 8.016->8.016 (Δ+0.000 CI[+0.000,+0.000])  pairwiseAcc 0.628->0.628 (Δ+0.000 CI[+0.000,+0.000])  bias -0.265->-0.265  MAE(secondary) 6.399->6.399  weeks-var-better(RMSE) 0-0
  RB         n=1622   RMSE 6.747->6.747 (Δ+0.000 CI[+0.000,+0.000])  pairwiseAcc 0.743->0.743 (Δ+0.000 CI[+0.000,+0.000])  bias -0.503->-0.503  MAE(secondary) 4.848->4.848  weeks-var-better(RMSE) 0-0
  WR         n=2599   RMSE 6.938->6.945 (Δ+0.006 CI[-0.004,+0.016])  pairwiseAcc 0.725->0.725 (Δ-0.000 CI[-0.001,+0.001])  bias -0.890->-0.858  MAE(secondary) 4.872->4.880  weeks-var-better(RMSE) 7-13
  TE         n=1287   RMSE 5.433->5.436 (Δ+0.003 CI[-0.003,+0.009])  pairwiseAcc 0.684->0.684 (Δ+0.000 CI[-0.001,+0.001])  bias -0.668->-0.668  MAE(secondary) 3.850->3.853  weeks-var-better(RMSE) 7-13
  START-QB   n=465    RMSE 8.007->8.007 (Δ+0.000 CI[+0.000,+0.000])  pairwiseAcc 0.609->0.609 (Δ+0.000 CI[+0.000,+0.000])  bias +0.240->+0.240  MAE(secondary) 6.443->6.443  weeks-var-better(RMSE) 0-0
  START-RB   n=718    RMSE 8.133->8.133 (Δ+0.000 CI[+0.000,+0.000])  pairwiseAcc 0.628->0.628 (Δ+0.000 CI[+0.000,+0.000])  bias -0.319->-0.319  MAE(secondary) 6.360->6.360  weeks-var-better(RMSE) 0-0
  START-WR   n=991    RMSE 8.643->8.659 (Δ+0.016 CI[-0.001,+0.033])  pairwiseAcc 0.582->0.582 (Δ-0.001 CI[-0.004,+0.002])  bias -0.806->-0.756  MAE(secondary) 6.691->6.700  weeks-var-better(RMSE) 6-14
  START-TE   n=356    RMSE 7.102->7.106 (Δ+0.003 CI[-0.010,+0.016])  pairwiseAcc 0.600->0.601 (Δ+0.001 CI[-0.004,+0.006])  bias -0.765->-0.759  MAE(secondary) 5.638->5.643  weeks-var-better(RMSE) 9-11
  START-ALL  n=2530   RMSE 8.226->8.233 (Δ+0.007 CI[-0.001,+0.014])  pairwiseAcc 0.633->0.632 (Δ-0.000 CI[-0.001,+0.000])  bias -0.470->-0.450  MAE(secondary) 6.403->6.408  weeks-var-better(RMSE) 6-14
  [START-ALL bias growth -0.020]
  stat:receiving_yards      n=6102   RMSE 25.759->25.868 (Δ+0.109)

--- value 1.0 ---
  ALL        n=6102   RMSE 6.752->6.752 (Δ+0.000 CI[+0.000,+0.000])  pairwiseAcc 0.737->0.737 (Δ+0.000 CI[+0.000,+0.000])  bias -0.680->-0.680  MAE(secondary) 4.799->4.799  weeks-var-better(RMSE) 0-0
  QB         n=594    RMSE 8.016->8.016 (Δ+0.000 CI[+0.000,+0.000])  pairwiseAcc 0.628->0.628 (Δ+0.000 CI[+0.000,+0.000])  bias -0.265->-0.265  MAE(secondary) 6.399->6.399  weeks-var-better(RMSE) 0-0
  RB         n=1622   RMSE 6.747->6.747 (Δ+0.000 CI[+0.000,+0.000])  pairwiseAcc 0.743->0.743 (Δ+0.000 CI[+0.000,+0.000])  bias -0.503->-0.503  MAE(secondary) 4.848->4.848  weeks-var-better(RMSE) 0-0
  WR         n=2599   RMSE 6.938->6.938 (Δ+0.000 CI[+0.000,+0.000])  pairwiseAcc 0.725->0.725 (Δ+0.000 CI[+0.000,+0.000])  bias -0.890->-0.890  MAE(secondary) 4.872->4.872  weeks-var-better(RMSE) 0-0
  TE         n=1287   RMSE 5.433->5.433 (Δ+0.000 CI[+0.000,+0.000])  pairwiseAcc 0.684->0.684 (Δ+0.000 CI[+0.000,+0.000])  bias -0.668->-0.668  MAE(secondary) 3.850->3.850  weeks-var-better(RMSE) 0-0
  START-QB   n=463    RMSE 7.996->7.996 (Δ+0.000 CI[+0.000,+0.000])  pairwiseAcc 0.612->0.612 (Δ+0.000 CI[+0.000,+0.000])  bias +0.275->+0.275  MAE(secondary) 6.437->6.437  weeks-var-better(RMSE) 0-0
  START-RB   n=716    RMSE 8.137->8.137 (Δ+0.000 CI[+0.000,+0.000])  pairwiseAcc 0.628->0.628 (Δ+0.000 CI[+0.000,+0.000])  bias -0.307->-0.307  MAE(secondary) 6.364->6.364  weeks-var-better(RMSE) 0-0
  START-WR   n=970    RMSE 8.690->8.690 (Δ+0.000 CI[+0.000,+0.000])  pairwiseAcc 0.583->0.583 (Δ+0.000 CI[+0.000,+0.000])  bias -0.780->-0.780  MAE(secondary) 6.729->6.729  weeks-var-better(RMSE) 0-0
  START-TE   n=352    RMSE 7.093->7.093 (Δ+0.000 CI[+0.000,+0.000])  pairwiseAcc 0.603->0.603 (Δ+0.000 CI[+0.000,+0.000])  bias -0.732->-0.732  MAE(secondary) 5.621->5.621  weeks-var-better(RMSE) 0-0
  START-ALL  n=2501   RMSE 8.242->8.242 (Δ+0.000 CI[+0.000,+0.000])  pairwiseAcc 0.633->0.633 (Δ+0.000 CI[+0.000,+0.000])  bias -0.443->-0.443  MAE(secondary) 6.415->6.415  weeks-var-better(RMSE) 0-0
  [START-ALL bias growth +0.000]
  stat:receiving_yards      n=6102   RMSE 25.759->25.759 (Δ+0.000)

--- value 1.5 ---
  ALL        n=6102   RMSE 6.752->6.751 (Δ-0.001 CI[-0.003,+0.002])  pairwiseAcc 0.737->0.737 (Δ-0.000 CI[-0.000,+0.000])  bias -0.680->-0.687  MAE(secondary) 4.799->4.798  weeks-var-better(RMSE) 13-7
  QB         n=594    RMSE 8.016->8.016 (Δ+0.000 CI[+0.000,+0.000])  pairwiseAcc 0.628->0.628 (Δ+0.000 CI[+0.000,+0.000])  bias -0.265->-0.265  MAE(secondary) 6.399->6.399  weeks-var-better(RMSE) 0-0
  RB         n=1622   RMSE 6.747->6.747 (Δ+0.000 CI[+0.000,+0.000])  pairwiseAcc 0.743->0.743 (Δ+0.000 CI[+0.000,+0.000])  bias -0.503->-0.503  MAE(secondary) 4.848->4.848  weeks-var-better(RMSE) 0-0
  WR         n=2599   RMSE 6.938->6.937 (Δ-0.001 CI[-0.006,+0.005])  pairwiseAcc 0.725->0.725 (Δ-0.000 CI[-0.001,+0.000])  bias -0.890->-0.908  MAE(secondary) 4.872->4.870  weeks-var-better(RMSE) 10-10
  TE         n=1287   RMSE 5.433->5.431 (Δ-0.002 CI[-0.010,+0.005])  pairwiseAcc 0.684->0.684 (Δ-0.000 CI[-0.001,+0.001])  bias -0.668->-0.667  MAE(secondary) 3.850->3.851  weeks-var-better(RMSE) 10-10
  START-QB   n=466    RMSE 8.007->8.007 (Δ+0.000 CI[+0.000,+0.000])  pairwiseAcc 0.611->0.611 (Δ+0.000 CI[+0.000,+0.000])  bias +0.257->+0.257  MAE(secondary) 6.446->6.446  weeks-var-better(RMSE) 0-0
  START-RB   n=719    RMSE 8.137->8.137 (Δ+0.000 CI[+0.000,+0.000])  pairwiseAcc 0.627->0.627 (Δ+0.000 CI[+0.000,+0.000])  bias -0.334->-0.334  MAE(secondary) 6.367->6.367  weeks-var-better(RMSE) 0-0
  START-WR   n=979    RMSE 8.675->8.667 (Δ-0.008 CI[-0.019,+0.003])  pairwiseAcc 0.583->0.583 (Δ+0.000 CI[-0.002,+0.003])  bias -0.787->-0.811  MAE(secondary) 6.720->6.717  weeks-var-better(RMSE) 12-8
  START-TE   n=357    RMSE 7.049->7.043 (Δ-0.005 CI[-0.026,+0.014])  pairwiseAcc 0.604->0.603 (Δ-0.001 CI[-0.007,+0.004])  bias -0.720->-0.719  MAE(secondary) 5.578->5.576  weeks-var-better(RMSE) 8-12
  START-ALL  n=2521   RMSE 8.231->8.227 (Δ-0.004 CI[-0.009,+0.002])  pairwiseAcc 0.633->0.633 (Δ+0.000 CI[-0.000,+0.001])  bias -0.456->-0.465  MAE(secondary) 6.407->6.405  weeks-var-better(RMSE) 14-6
  [START-ALL bias growth +0.009]
  stat:receiving_yards      n=6102   RMSE 25.759->25.734 (Δ-0.025)

--- value 2.0 ---
  ALL        n=6102   RMSE 6.752->6.751 (Δ-0.000 CI[-0.006,+0.005])  pairwiseAcc 0.737->0.737 (Δ-0.000 CI[-0.000,+0.000])  bias -0.680->-0.694  MAE(secondary) 4.799->4.797  weeks-var-better(RMSE) 12-8
  QB         n=594    RMSE 8.016->8.016 (Δ+0.000 CI[+0.000,+0.000])  pairwiseAcc 0.628->0.628 (Δ+0.000 CI[+0.000,+0.000])  bias -0.265->-0.265  MAE(secondary) 6.399->6.399  weeks-var-better(RMSE) 0-0
  RB         n=1622   RMSE 6.747->6.747 (Δ+0.000 CI[+0.000,+0.000])  pairwiseAcc 0.743->0.743 (Δ+0.000 CI[+0.000,+0.000])  bias -0.503->-0.503  MAE(secondary) 4.848->4.848  weeks-var-better(RMSE) 0-0
  WR         n=2599   RMSE 6.938->6.937 (Δ-0.001 CI[-0.012,+0.011])  pairwiseAcc 0.725->0.725 (Δ-0.000 CI[-0.001,+0.001])  bias -0.890->-0.925  MAE(secondary) 4.872->4.868  weeks-var-better(RMSE) 10-10
  TE         n=1287   RMSE 5.433->5.430 (Δ-0.003 CI[-0.015,+0.010])  pairwiseAcc 0.684->0.684 (Δ-0.000 CI[-0.001,+0.001])  bias -0.668->-0.667  MAE(secondary) 3.850->3.850  weeks-var-better(RMSE) 10-10
  START-QB   n=465    RMSE 8.015->8.015 (Δ+0.000 CI[+0.000,+0.000])  pairwiseAcc 0.611->0.611 (Δ+0.000 CI[+0.000,+0.000])  bias +0.261->+0.261  MAE(secondary) 6.456->6.456  weeks-var-better(RMSE) 0-0
  START-RB   n=716    RMSE 8.137->8.137 (Δ+0.000 CI[+0.000,+0.000])  pairwiseAcc 0.628->0.628 (Δ+0.000 CI[+0.000,+0.000])  bias -0.307->-0.307  MAE(secondary) 6.364->6.364  weeks-var-better(RMSE) 0-0
  START-WR   n=987    RMSE 8.691->8.676 (Δ-0.015 CI[-0.036,+0.008])  pairwiseAcc 0.581->0.582 (Δ+0.002 CI[-0.003,+0.006])  bias -0.832->-0.878  MAE(secondary) 6.728->6.718  weeks-var-better(RMSE) 13-7
  START-TE   n=357    RMSE 7.056->7.054 (Δ-0.002 CI[-0.034,+0.028])  pairwiseAcc 0.605->0.600 (Δ-0.005 CI[-0.013,+0.002])  bias -0.704->-0.707  MAE(secondary) 5.583->5.585  weeks-var-better(RMSE) 8-12
  START-ALL  n=2525   RMSE 8.242->8.235 (Δ-0.006 CI[-0.016,+0.004])  pairwiseAcc 0.633->0.633 (Δ+0.001 CI[-0.001,+0.002])  bias -0.464->-0.482  MAE(secondary) 6.413->6.409  weeks-var-better(RMSE) 12-8
  [START-ALL bias growth +0.018]
  stat:receiving_yards      n=6102   RMSE 25.759->25.744 (Δ-0.014)

==============================================================================
GROUP WR_TE_tds   keys=['WR:receiving_tds', 'TE:receiving_tds']
==============================================================================

--- value 1.0 ---
  ALL        n=6102   RMSE 6.752->6.752 (Δ+0.000 CI[+0.000,+0.000])  pairwiseAcc 0.737->0.737 (Δ+0.000 CI[+0.000,+0.000])  bias -0.680->-0.680  MAE(secondary) 4.799->4.799  weeks-var-better(RMSE) 0-0
  QB         n=594    RMSE 8.016->8.016 (Δ+0.000 CI[+0.000,+0.000])  pairwiseAcc 0.628->0.628 (Δ+0.000 CI[+0.000,+0.000])  bias -0.265->-0.265  MAE(secondary) 6.399->6.399  weeks-var-better(RMSE) 0-0
  RB         n=1622   RMSE 6.747->6.747 (Δ+0.000 CI[+0.000,+0.000])  pairwiseAcc 0.743->0.743 (Δ+0.000 CI[+0.000,+0.000])  bias -0.503->-0.503  MAE(secondary) 4.848->4.848  weeks-var-better(RMSE) 0-0
  WR         n=2599   RMSE 6.938->6.938 (Δ+0.000 CI[+0.000,+0.000])  pairwiseAcc 0.725->0.725 (Δ+0.000 CI[+0.000,+0.000])  bias -0.890->-0.890  MAE(secondary) 4.872->4.872  weeks-var-better(RMSE) 0-0
  TE         n=1287   RMSE 5.433->5.433 (Δ+0.000 CI[+0.000,+0.000])  pairwiseAcc 0.684->0.684 (Δ+0.000 CI[+0.000,+0.000])  bias -0.668->-0.668  MAE(secondary) 3.850->3.850  weeks-var-better(RMSE) 0-0
  START-QB   n=463    RMSE 7.996->7.996 (Δ+0.000 CI[+0.000,+0.000])  pairwiseAcc 0.612->0.612 (Δ+0.000 CI[+0.000,+0.000])  bias +0.275->+0.275  MAE(secondary) 6.437->6.437  weeks-var-better(RMSE) 0-0
  START-RB   n=716    RMSE 8.137->8.137 (Δ+0.000 CI[+0.000,+0.000])  pairwiseAcc 0.628->0.628 (Δ+0.000 CI[+0.000,+0.000])  bias -0.307->-0.307  MAE(secondary) 6.364->6.364  weeks-var-better(RMSE) 0-0
  START-WR   n=970    RMSE 8.690->8.690 (Δ+0.000 CI[+0.000,+0.000])  pairwiseAcc 0.583->0.583 (Δ+0.000 CI[+0.000,+0.000])  bias -0.780->-0.780  MAE(secondary) 6.729->6.729  weeks-var-better(RMSE) 0-0
  START-TE   n=352    RMSE 7.093->7.093 (Δ+0.000 CI[+0.000,+0.000])  pairwiseAcc 0.603->0.603 (Δ+0.000 CI[+0.000,+0.000])  bias -0.732->-0.732  MAE(secondary) 5.621->5.621  weeks-var-better(RMSE) 0-0
  START-ALL  n=2501   RMSE 8.242->8.242 (Δ+0.000 CI[+0.000,+0.000])  pairwiseAcc 0.633->0.633 (Δ+0.000 CI[+0.000,+0.000])  bias -0.443->-0.443  MAE(secondary) 6.415->6.415  weeks-var-better(RMSE) 0-0
  [START-ALL bias growth +0.000]
  stat:receiving_tds        n=6102   RMSE 0.404->0.404 (Δ+0.000)

--- value 1.5 ---
  ALL        n=6102   RMSE 6.752->6.750 (Δ-0.002 CI[-0.003,-0.000])  pairwiseAcc 0.737->0.737 (Δ-0.000 CI[-0.000,+0.000])  bias -0.680->-0.681  MAE(secondary) 4.799->4.799  weeks-var-better(RMSE) 13-7
  QB         n=594    RMSE 8.016->8.016 (Δ+0.000 CI[+0.000,+0.000])  pairwiseAcc 0.628->0.628 (Δ+0.000 CI[+0.000,+0.000])  bias -0.265->-0.265  MAE(secondary) 6.399->6.399  weeks-var-better(RMSE) 0-0
  RB         n=1622   RMSE 6.747->6.747 (Δ+0.000 CI[+0.000,+0.000])  pairwiseAcc 0.743->0.743 (Δ+0.000 CI[+0.000,+0.000])  bias -0.503->-0.503  MAE(secondary) 4.848->4.848  weeks-var-better(RMSE) 0-0
  WR         n=2599   RMSE 6.938->6.935 (Δ-0.003 CI[-0.007,-0.000])  pairwiseAcc 0.725->0.725 (Δ-0.000 CI[-0.000,+0.000])  bias -0.890->-0.895  MAE(secondary) 4.872->4.871  weeks-var-better(RMSE) 13-7
  TE         n=1287   RMSE 5.433->5.432 (Δ-0.001 CI[-0.006,+0.004])  pairwiseAcc 0.684->0.684 (Δ+0.000 CI[-0.001,+0.001])  bias -0.668->-0.667  MAE(secondary) 3.850->3.852  weeks-var-better(RMSE) 9-11
  START-QB   n=465    RMSE 8.015->8.015 (Δ+0.000 CI[+0.000,+0.000])  pairwiseAcc 0.611->0.611 (Δ+0.000 CI[+0.000,+0.000])  bias +0.261->+0.261  MAE(secondary) 6.456->6.456  weeks-var-better(RMSE) 0-0
  START-RB   n=718    RMSE 8.133->8.133 (Δ+0.000 CI[+0.000,+0.000])  pairwiseAcc 0.628->0.628 (Δ+0.000 CI[+0.000,+0.000])  bias -0.319->-0.319  MAE(secondary) 6.360->6.360  weeks-var-better(RMSE) 0-0
  START-WR   n=976    RMSE 8.683->8.675 (Δ-0.008 CI[-0.014,-0.002])  pairwiseAcc 0.582->0.582 (Δ-0.000 CI[-0.002,+0.001])  bias -0.788->-0.797  MAE(secondary) 6.728->6.722  weeks-var-better(RMSE) 15-5
  START-TE   n=356    RMSE 7.080->7.078 (Δ-0.002 CI[-0.015,+0.011])  pairwiseAcc 0.602->0.602 (Δ-0.001 CI[-0.005,+0.003])  bias -0.739->-0.746  MAE(secondary) 5.612->5.612  weeks-var-better(RMSE) 9-11
  START-ALL  n=2515   RMSE 8.238->8.234 (Δ-0.004 CI[-0.007,-0.001])  pairwiseAcc 0.633->0.633 (Δ+0.000 CI[-0.000,+0.001])  bias -0.453->-0.458  MAE(secondary) 6.415->6.413  weeks-var-better(RMSE) 13-7
  [START-ALL bias growth +0.004]
  stat:receiving_tds        n=6102   RMSE 0.404->0.404 (Δ-0.000)

--- value 2.0 ---
  ALL        n=6102   RMSE 6.752->6.749 (Δ-0.003 CI[-0.005,-0.000])  pairwiseAcc 0.737->0.737 (Δ+0.000 CI[-0.000,+0.000])  bias -0.680->-0.682  MAE(secondary) 4.799->4.798  weeks-var-better(RMSE) 15-5
  QB         n=594    RMSE 8.016->8.016 (Δ+0.000 CI[+0.000,+0.000])  pairwiseAcc 0.628->0.628 (Δ+0.000 CI[+0.000,+0.000])  bias -0.265->-0.265  MAE(secondary) 6.399->6.399  weeks-var-better(RMSE) 0-0
  RB         n=1622   RMSE 6.747->6.747 (Δ+0.000 CI[+0.000,+0.000])  pairwiseAcc 0.743->0.743 (Δ+0.000 CI[+0.000,+0.000])  bias -0.503->-0.503  MAE(secondary) 4.848->4.848  weeks-var-better(RMSE) 0-0
  WR         n=2599   RMSE 6.938->6.933 (Δ-0.005 CI[-0.011,+0.000])  pairwiseAcc 0.725->0.725 (Δ+0.000 CI[-0.000,+0.000])  bias -0.890->-0.896  MAE(secondary) 4.872->4.870  weeks-var-better(RMSE) 15-5
  TE         n=1287   RMSE 5.433->5.431 (Δ-0.002 CI[-0.009,+0.005])  pairwiseAcc 0.684->0.684 (Δ+0.000 CI[-0.001,+0.001])  bias -0.668->-0.666  MAE(secondary) 3.850->3.853  weeks-var-better(RMSE) 11-9
  START-QB   n=465    RMSE 7.988->7.988 (Δ+0.000 CI[+0.000,+0.000])  pairwiseAcc 0.613->0.613 (Δ+0.000 CI[+0.000,+0.000])  bias +0.287->+0.287  MAE(secondary) 6.431->6.431  weeks-var-better(RMSE) 0-0
  START-RB   n=718    RMSE 8.133->8.133 (Δ+0.000 CI[+0.000,+0.000])  pairwiseAcc 0.628->0.628 (Δ+0.000 CI[+0.000,+0.000])  bias -0.319->-0.319  MAE(secondary) 6.360->6.360  weeks-var-better(RMSE) 0-0
  START-WR   n=980    RMSE 8.672->8.659 (Δ-0.012 CI[-0.023,-0.003])  pairwiseAcc 0.583->0.583 (Δ+0.001 CI[-0.002,+0.003])  bias -0.786->-0.797  MAE(secondary) 6.719->6.709  weeks-var-better(RMSE) 16-4
  START-TE   n=358    RMSE 7.105->7.098 (Δ-0.007 CI[-0.026,+0.011])  pairwiseAcc 0.601->0.599 (Δ-0.002 CI[-0.007,+0.003])  bias -0.767->-0.779  MAE(secondary) 5.633->5.627  weeks-var-better(RMSE) 11-9
  START-ALL  n=2521   RMSE 8.233->8.226 (Δ-0.006 CI[-0.012,-0.002])  pairwiseAcc 0.633->0.633 (Δ+0.000 CI[-0.000,+0.001])  bias -0.452->-0.459  MAE(secondary) 6.409->6.405  weeks-var-better(RMSE) 14-6
  [START-ALL bias growth +0.006]
  stat:receiving_tds        n=6102   RMSE 0.404->0.404 (Δ-0.001)

--- value 3.0 ---
  ALL        n=6102   RMSE 6.752->6.749 (Δ-0.003 CI[-0.006,+0.001])  pairwiseAcc 0.737->0.737 (Δ-0.000 CI[-0.000,+0.000])  bias -0.680->-0.683  MAE(secondary) 4.799->4.799  weeks-var-better(RMSE) 12-8
  QB         n=594    RMSE 8.016->8.016 (Δ+0.000 CI[+0.000,+0.000])  pairwiseAcc 0.628->0.628 (Δ+0.000 CI[+0.000,+0.000])  bias -0.265->-0.265  MAE(secondary) 6.399->6.399  weeks-var-better(RMSE) 0-0
  RB         n=1622   RMSE 6.747->6.747 (Δ+0.000 CI[+0.000,+0.000])  pairwiseAcc 0.743->0.743 (Δ+0.000 CI[+0.000,+0.000])  bias -0.503->-0.503  MAE(secondary) 4.848->4.848  weeks-var-better(RMSE) 0-0
  WR         n=2599   RMSE 6.938->6.932 (Δ-0.006 CI[-0.013,+0.002])  pairwiseAcc 0.725->0.725 (Δ-0.000 CI[-0.001,+0.000])  bias -0.890->-0.898  MAE(secondary) 4.872->4.870  weeks-var-better(RMSE) 14-6
  TE         n=1287   RMSE 5.433->5.433 (Δ-0.000 CI[-0.010,+0.009])  pairwiseAcc 0.684->0.684 (Δ-0.000 CI[-0.002,+0.002])  bias -0.668->-0.668  MAE(secondary) 3.850->3.855  weeks-var-better(RMSE) 9-11
  START-QB   n=466    RMSE 8.007->8.007 (Δ+0.000 CI[+0.000,+0.000])  pairwiseAcc 0.611->0.611 (Δ+0.000 CI[+0.000,+0.000])  bias +0.257->+0.257  MAE(secondary) 6.446->6.446  weeks-var-better(RMSE) 0-0
  START-RB   n=718    RMSE 8.133->8.133 (Δ+0.000 CI[+0.000,+0.000])  pairwiseAcc 0.628->0.628 (Δ+0.000 CI[+0.000,+0.000])  bias -0.319->-0.319  MAE(secondary) 6.360->6.360  weeks-var-better(RMSE) 0-0
  START-WR   n=979    RMSE 8.674->8.658 (Δ-0.016 CI[-0.030,-0.002])  pairwiseAcc 0.583->0.584 (Δ+0.001 CI[-0.003,+0.003])  bias -0.780->-0.797  MAE(secondary) 6.719->6.707  weeks-var-better(RMSE) 15-5
  START-TE   n=359    RMSE 7.059->7.057 (Δ-0.003 CI[-0.029,+0.022])  pairwiseAcc 0.606->0.602 (Δ-0.004 CI[-0.010,+0.000])  bias -0.696->-0.714  MAE(secondary) 5.601->5.599  weeks-var-better(RMSE) 9-11
  START-ALL  n=2522   RMSE 8.230->8.222 (Δ-0.008 CI[-0.015,-0.001])  pairwiseAcc 0.634->0.634 (Δ+0.001 CI[-0.001,+0.001])  bias -0.445->-0.454  MAE(secondary) 6.408->6.403  weeks-var-better(RMSE) 13-7
  [START-ALL bias growth +0.009]
  stat:receiving_tds        n=6102   RMSE 0.404->0.404 (Δ-0.001)

==============================================================================
GROUP QB_rushing   keys=['QB:rushing_attempts', 'QB:rushing_yards']
==============================================================================

--- value 1.0 ---
  ALL        n=6102   RMSE 6.752->6.752 (Δ+0.000 CI[+0.000,+0.000])  pairwiseAcc 0.737->0.737 (Δ+0.000 CI[+0.000,+0.000])  bias -0.680->-0.680  MAE(secondary) 4.799->4.799  weeks-var-better(RMSE) 0-0
  QB         n=594    RMSE 8.016->8.016 (Δ+0.000 CI[+0.000,+0.000])  pairwiseAcc 0.628->0.628 (Δ+0.000 CI[+0.000,+0.000])  bias -0.265->-0.265  MAE(secondary) 6.399->6.399  weeks-var-better(RMSE) 0-0
  RB         n=1622   RMSE 6.747->6.747 (Δ+0.000 CI[+0.000,+0.000])  pairwiseAcc 0.743->0.743 (Δ+0.000 CI[+0.000,+0.000])  bias -0.503->-0.503  MAE(secondary) 4.848->4.848  weeks-var-better(RMSE) 0-0
  WR         n=2599   RMSE 6.938->6.938 (Δ+0.000 CI[+0.000,+0.000])  pairwiseAcc 0.725->0.725 (Δ+0.000 CI[+0.000,+0.000])  bias -0.890->-0.890  MAE(secondary) 4.872->4.872  weeks-var-better(RMSE) 0-0
  TE         n=1287   RMSE 5.433->5.433 (Δ+0.000 CI[+0.000,+0.000])  pairwiseAcc 0.684->0.684 (Δ+0.000 CI[+0.000,+0.000])  bias -0.668->-0.668  MAE(secondary) 3.850->3.850  weeks-var-better(RMSE) 0-0
  START-QB   n=463    RMSE 7.996->7.996 (Δ+0.000 CI[+0.000,+0.000])  pairwiseAcc 0.612->0.612 (Δ+0.000 CI[+0.000,+0.000])  bias +0.275->+0.275  MAE(secondary) 6.437->6.437  weeks-var-better(RMSE) 0-0
  START-RB   n=716    RMSE 8.137->8.137 (Δ+0.000 CI[+0.000,+0.000])  pairwiseAcc 0.628->0.628 (Δ+0.000 CI[+0.000,+0.000])  bias -0.307->-0.307  MAE(secondary) 6.364->6.364  weeks-var-better(RMSE) 0-0
  START-WR   n=970    RMSE 8.690->8.690 (Δ+0.000 CI[+0.000,+0.000])  pairwiseAcc 0.583->0.583 (Δ+0.000 CI[+0.000,+0.000])  bias -0.780->-0.780  MAE(secondary) 6.729->6.729  weeks-var-better(RMSE) 0-0
  START-TE   n=352    RMSE 7.093->7.093 (Δ+0.000 CI[+0.000,+0.000])  pairwiseAcc 0.603->0.603 (Δ+0.000 CI[+0.000,+0.000])  bias -0.732->-0.732  MAE(secondary) 5.621->5.621  weeks-var-better(RMSE) 0-0
  START-ALL  n=2501   RMSE 8.242->8.242 (Δ+0.000 CI[+0.000,+0.000])  pairwiseAcc 0.633->0.633 (Δ+0.000 CI[+0.000,+0.000])  bias -0.443->-0.443  MAE(secondary) 6.415->6.415  weeks-var-better(RMSE) 0-0
  [START-ALL bias growth +0.000]
  stat:rushing_attempts     n=2216   RMSE 4.365->4.365 (Δ+0.000)
  stat:rushing_yards        n=2216   RMSE 25.939->25.939 (Δ+0.000)

--- value 1.5 ---
  ALL        n=6102   RMSE 6.752->6.753 (Δ+0.001 CI[+0.000,+0.002])  pairwiseAcc 0.737->0.737 (Δ-0.000 CI[-0.000,+0.000])  bias -0.680->-0.679  MAE(secondary) 4.799->4.799  weeks-var-better(RMSE) 8-12
  QB         n=594    RMSE 8.016->8.023 (Δ+0.007 CI[+0.001,+0.013])  pairwiseAcc 0.628->0.628 (Δ-0.001 CI[-0.002,+0.001])  bias -0.265->-0.256  MAE(secondary) 6.399->6.404  weeks-var-better(RMSE) 8-12
  RB         n=1622   RMSE 6.747->6.747 (Δ+0.000 CI[+0.000,+0.000])  pairwiseAcc 0.743->0.743 (Δ+0.000 CI[+0.000,+0.000])  bias -0.503->-0.503  MAE(secondary) 4.848->4.848  weeks-var-better(RMSE) 0-0
  WR         n=2599   RMSE 6.938->6.938 (Δ+0.000 CI[+0.000,+0.000])  pairwiseAcc 0.725->0.725 (Δ+0.000 CI[+0.000,+0.000])  bias -0.890->-0.890  MAE(secondary) 4.872->4.872  weeks-var-better(RMSE) 0-0
  TE         n=1287   RMSE 5.433->5.433 (Δ+0.000 CI[+0.000,+0.000])  pairwiseAcc 0.684->0.684 (Δ+0.000 CI[+0.000,+0.000])  bias -0.668->-0.668  MAE(secondary) 3.850->3.850  weeks-var-better(RMSE) 0-0
  START-QB   n=466    RMSE 7.981->7.990 (Δ+0.009 CI[+0.002,+0.017])  pairwiseAcc 0.613->0.612 (Δ-0.001 CI[-0.003,+0.001])  bias +0.284->+0.293  MAE(secondary) 6.419->6.426  weeks-var-better(RMSE) 7-13
  START-RB   n=716    RMSE 8.137->8.137 (Δ+0.000 CI[+0.000,+0.000])  pairwiseAcc 0.628->0.628 (Δ+0.000 CI[+0.000,+0.000])  bias -0.307->-0.307  MAE(secondary) 6.364->6.364  weeks-var-better(RMSE) 0-0
  START-WR   n=970    RMSE 8.690->8.690 (Δ+0.000 CI[+0.000,+0.000])  pairwiseAcc 0.583->0.583 (Δ+0.000 CI[+0.000,+0.000])  bias -0.780->-0.780  MAE(secondary) 6.729->6.729  weeks-var-better(RMSE) 0-0
  START-TE   n=352    RMSE 7.093->7.093 (Δ+0.000 CI[+0.000,+0.000])  pairwiseAcc 0.603->0.603 (Δ+0.000 CI[+0.000,+0.000])  bias -0.732->-0.732  MAE(secondary) 5.621->5.621  weeks-var-better(RMSE) 0-0
  START-ALL  n=2504   RMSE 8.239->8.241 (Δ+0.002 CI[+0.000,+0.003])  pairwiseAcc 0.633->0.633 (Δ-0.000 CI[-0.000,-0.000])  bias -0.440->-0.438  MAE(secondary) 6.411->6.413  weeks-var-better(RMSE) 7-13
  [START-ALL bias growth -0.002]
  stat:rushing_attempts     n=2216   RMSE 4.365->4.374 (Δ+0.009)
  stat:rushing_yards        n=2216   RMSE 25.939->25.959 (Δ+0.020)

--- value 2.0 ---
  ALL        n=6102   RMSE 6.752->6.754 (Δ+0.002 CI[+0.001,+0.003])  pairwiseAcc 0.737->0.737 (Δ-0.000 CI[-0.000,-0.000])  bias -0.680->-0.677  MAE(secondary) 4.799->4.800  weeks-var-better(RMSE) 6-14
  QB         n=594    RMSE 8.016->8.032 (Δ+0.017 CI[+0.006,+0.028])  pairwiseAcc 0.628->0.627 (Δ-0.002 CI[-0.003,+0.000])  bias -0.265->-0.244  MAE(secondary) 6.399->6.412  weeks-var-better(RMSE) 6-14
  RB         n=1622   RMSE 6.747->6.747 (Δ+0.000 CI[+0.000,+0.000])  pairwiseAcc 0.743->0.743 (Δ+0.000 CI[+0.000,+0.000])  bias -0.503->-0.503  MAE(secondary) 4.848->4.848  weeks-var-better(RMSE) 0-0
  WR         n=2599   RMSE 6.938->6.938 (Δ+0.000 CI[+0.000,+0.000])  pairwiseAcc 0.725->0.725 (Δ+0.000 CI[+0.000,+0.000])  bias -0.890->-0.890  MAE(secondary) 4.872->4.872  weeks-var-better(RMSE) 0-0
  TE         n=1287   RMSE 5.433->5.433 (Δ+0.000 CI[+0.000,+0.000])  pairwiseAcc 0.684->0.684 (Δ+0.000 CI[+0.000,+0.000])  bias -0.668->-0.668  MAE(secondary) 3.850->3.850  weeks-var-better(RMSE) 0-0
  START-QB   n=467    RMSE 7.982->8.002 (Δ+0.020 CI[+0.007,+0.034])  pairwiseAcc 0.614->0.612 (Δ-0.002 CI[-0.005,+0.001])  bias +0.301->+0.323  MAE(secondary) 6.424->6.439  weeks-var-better(RMSE) 6-14
  START-RB   n=716    RMSE 8.137->8.137 (Δ+0.000 CI[+0.000,+0.000])  pairwiseAcc 0.628->0.628 (Δ+0.000 CI[+0.000,+0.000])  bias -0.307->-0.307  MAE(secondary) 6.364->6.364  weeks-var-better(RMSE) 0-0
  START-WR   n=970    RMSE 8.690->8.690 (Δ+0.000 CI[+0.000,+0.000])  pairwiseAcc 0.583->0.583 (Δ+0.000 CI[+0.000,+0.000])  bias -0.780->-0.780  MAE(secondary) 6.729->6.729  weeks-var-better(RMSE) 0-0
  START-TE   n=352    RMSE 7.093->7.093 (Δ+0.000 CI[+0.000,+0.000])  pairwiseAcc 0.603->0.603 (Δ+0.000 CI[+0.000,+0.000])  bias -0.732->-0.732  MAE(secondary) 5.621->5.621  weeks-var-better(RMSE) 0-0
  START-ALL  n=2505   RMSE 8.239->8.243 (Δ+0.004 CI[+0.001,+0.006])  pairwiseAcc 0.633->0.633 (Δ-0.000 CI[-0.000,-0.000])  bias -0.436->-0.432  MAE(secondary) 6.412->6.415  weeks-var-better(RMSE) 6-14
  [START-ALL bias growth -0.004]
  stat:rushing_attempts     n=2216   RMSE 4.365->4.384 (Δ+0.019)
  stat:rushing_yards        n=2216   RMSE 25.939->25.988 (Δ+0.049)

(RMSE/pairwiseAcc CI excluding 0 = distinguishable from noise at this sample. Pick each group's best value here, then confirm the combined setting on 2023-2025 against DEFAULT_FEATURES with backtest_component.py --add v2_stat_k_by_pos once STAT_K_BY_POS itself is updated to the chosen values.)
