2026-09-24 12:36:00.962 WARNING streamlit.runtime.caching.cache_data_api: No runtime found, using MemoryCacheStorageManager
2026-09-24 12:36:00.963 WARNING streamlit.runtime.caching.cache_data_api: No runtime found, using MemoryCacheStorageManager
2026-09-24 12:36:00.963 WARNING streamlit.runtime.caching.cache_data_api: No runtime found, using MemoryCacheStorageManager
2026-09-24 12:36:00.964 WARNING streamlit.runtime.caching.cache_data_api: No runtime found, using MemoryCacheStorageManager
2026-09-24 12:36:00.966 WARNING streamlit.runtime.caching.cache_data_api: No runtime found, using MemoryCacheStorageManager
2026-09-24 12:36:00.967 WARNING streamlit.runtime.caching.cache_data_api: No runtime found, using MemoryCacheStorageManager
2026-09-24 12:36:00.967 WARNING streamlit.runtime.caching.cache_data_api: No runtime found, using MemoryCacheStorageManager
2026-09-24 12:36:00.967 WARNING streamlit.runtime.caching.cache_data_api: No runtime found, using MemoryCacheStorageManager
2026-09-24 12:36:00.968 WARNING streamlit.runtime.caching.cache_data_api: No runtime found, using MemoryCacheStorageManager
2026-09-24 12:36:00.968 WARNING streamlit.runtime.caching.cache_data_api: No runtime found, using MemoryCacheStorageManager
2026-09-24 12:36:00.969 WARNING streamlit.runtime.caching.cache_data_api: No runtime found, using MemoryCacheStorageManager
2026-09-24 12:36:00.969 WARNING streamlit.runtime.caching.cache_data_api: No runtime found, using MemoryCacheStorageManager
2026-09-24 12:36:00.969 WARNING streamlit.runtime.caching.cache_data_api: No runtime found, using MemoryCacheStorageManager
2026-09-24 12:36:00.970 WARNING streamlit.runtime.caching.cache_data_api: No runtime found, using MemoryCacheStorageManager
2026-09-24 12:36:00.970 WARNING streamlit.runtime.caching.cache_data_api: No runtime found, using MemoryCacheStorageManager
2026-09-24 12:36:00.970 WARNING streamlit.runtime.caching.cache_data_api: No runtime found, using MemoryCacheStorageManager
2026-09-24 12:36:00.970 WARNING streamlit.runtime.caching.cache_data_api: No runtime found, using MemoryCacheStorageManager
2026-09-24 12:36:00.971 WARNING streamlit.runtime.caching.cache_data_api: No runtime found, using MemoryCacheStorageManager
2026-09-24 12:36:00.971 WARNING streamlit.runtime.caching.cache_data_api: No runtime found, using MemoryCacheStorageManager
2026-09-24 12:36:00.971 WARNING streamlit.runtime.caching.cache_data_api: No runtime found, using MemoryCacheStorageManager
2026-09-24 12:36:00.972 WARNING streamlit.runtime.caching.cache_data_api: No runtime found, using MemoryCacheStorageManager
2026-09-24 12:36:00.972 WARNING streamlit.runtime.caching.cache_data_api: No runtime found, using MemoryCacheStorageManager
2026-09-24 12:36:00.972 WARNING streamlit.runtime.caching.cache_data_api: No runtime found, using MemoryCacheStorageManager
2026-09-24 12:36:00.973 WARNING streamlit.runtime.caching.cache_data_api: No runtime found, using MemoryCacheStorageManager
2026-09-24 12:36:00.973 WARNING streamlit.runtime.caching.cache_data_api: No runtime found, using MemoryCacheStorageManager
2026-09-24 12:36:00.973 WARNING streamlit.runtime.caching.cache_data_api: No runtime found, using MemoryCacheStorageManager
2026-09-24 12:36:00.974 WARNING streamlit.runtime.caching.cache_data_api: No runtime found, using MemoryCacheStorageManager
2026-09-24 12:36:00.974 WARNING streamlit.runtime.caching.cache_data_api: No runtime found, using MemoryCacheStorageManager
2026-09-24 12:36:00.975 WARNING streamlit.runtime.caching.cache_data_api: No runtime found, using MemoryCacheStorageManager
2026-09-24 12:36:00.975 WARNING streamlit.runtime.caching.cache_data_api: No runtime found, using MemoryCacheStorageManager
2026-09-24 12:36:00.976 WARNING streamlit.runtime.caching.cache_data_api: No runtime found, using MemoryCacheStorageManager
2026-09-24 12:36:00.978 WARNING streamlit.runtime.caching.cache_data_api: No runtime found, using MemoryCacheStorageManager
2026-09-24 12:36:00.993 WARNING streamlit.runtime.caching.cache_data_api: No runtime found, using MemoryCacheStorageManager
2026-09-24 12:36:00.994 WARNING streamlit.runtime.caching.cache_data_api: No runtime found, using MemoryCacheStorageManager
2026-09-24 12:36:00.994 WARNING streamlit.runtime.caching.cache_data_api: No runtime found, using MemoryCacheStorageManager
2026-09-24 12:36:00.994 WARNING streamlit.runtime.caching.cache_data_api: No runtime found, using MemoryCacheStorageManager
2026-09-24 12:36:00.995 WARNING streamlit.runtime.caching.cache_data_api: No runtime found, using MemoryCacheStorageManager
2026-09-24 12:36:00.995 WARNING streamlit.runtime.caching.cache_data_api: No runtime found, using MemoryCacheStorageManager
2026-09-24 12:36:00.996 WARNING streamlit.runtime.caching.cache_data_api: No runtime found, using MemoryCacheStorageManager
2026-09-24 12:36:00.996 WARNING streamlit.runtime.caching.cache_data_api: No runtime found, using MemoryCacheStorageManager
2026-09-24 12:36:00.997 WARNING streamlit.runtime.caching.cache_data_api: No runtime found, using MemoryCacheStorageManager
2026-09-24 12:36:01.001 WARNING streamlit.runtime.caching.cache_data_api: No runtime found, using MemoryCacheStorageManager
2026-09-24 12:36:01.031 WARNING streamlit.runtime.caching.cache_data_api: No runtime found, using MemoryCacheStorageManager
2026-09-24 12:36:01.031 WARNING streamlit.runtime.scriptrunner_utils.script_run_context: Thread 'MainThread': missing ScriptRunContext! This warning can be ignored when running in bare mode.
2026-09-24 12:36:01.032 WARNING streamlit.runtime.caching.cache_data_api: No runtime found, using MemoryCacheStorageManager
2026-09-24 12:36:01.490 WARNING streamlit.runtime.caching.cache_data_api: No runtime found, using MemoryCacheStorageManager
2026-09-24 12:36:02.016 WARNING streamlit.runtime.caching.cache_data_api: No runtime found, using MemoryCacheStorageManager
2026-09-24 12:36:02.017 WARNING streamlit.runtime.scriptrunner_utils.script_run_context: Thread 'MainThread': missing ScriptRunContext! This warning can be ignored when running in bare mode.
2026-09-24 12:36:02.344 WARNING streamlit.runtime.caching.cache_data_api: No runtime found, using MemoryCacheStorageManager
2026-09-24 12:36:02.358 WARNING streamlit.runtime.caching.cache_data_api: No runtime found, using MemoryCacheStorageManager
2026-09-24 12:36:05.010 WARNING streamlit.runtime.caching.cache_data_api: No runtime found, using MemoryCacheStorageManager
2026-09-24 12:36:05.017 WARNING streamlit.runtime.caching.cache_data_api: No runtime found, using MemoryCacheStorageManager
target=STAT_K_BY_POS  shipped={'RB': {'rushing_attempts': 1.2, 'rushing_yards': 2.0, 'targets': 2.2, 'receptions': 2.2, 'receiving_yards': 3.0, 'rushing_tds': 6, 'receiving_tds': 8}, 'QB': {'passing_attempts': 3, 'passing_yards': 3, 'rushing_attempts': 5, 'rushing_yards': 5, 'passing_tds': 5, 'passing_interceptions': 8}, 'WR': {'targets': 3, 'receptions': 3, 'receiving_yards': 5, 'receiving_tds': 15}, 'TE': {'targets': 2.4, 'receptions': 3, 'receiving_yards': 4, 'receiving_tds': 8}}
mode=scale_keys  keys=['WR:receiving_tds', 'TE:receiving_tds']  values=[2.0]  add_features=['v2_stat_k_by_pos']
years=[2023, 2024, 2025] weeks=7-17 scoring=Full PPR harness=v2

2023 w7 done
2023 w8 done
2023 w9 done
2023 w10 done
2023 w11 done
2023 w12 done
2023 w13 done
2023 w14 done
2023 w15 done
2023 w16 done
2023 w17 done
2026-09-24 12:46:49.695 WARNING streamlit.runtime.scriptrunner_utils.script_run_context: Thread 'MainThread': missing ScriptRunContext! This warning can be ignored when running in bare mode.
2026-09-24 12:46:50.702 WARNING streamlit.runtime.scriptrunner_utils.script_run_context: Thread 'MainThread': missing ScriptRunContext! This warning can be ignored when running in bare mode.
2024 w7 done
2024 w8 done
2024 w9 done
2024 w10 done
2024 w11 done
2024 w12 done
2024 w13 done
2024 w14 done
2024 w15 done
2024 w16 done
2024 w17 done
2026-09-24 13:10:13.237 WARNING streamlit.runtime.scriptrunner_utils.script_run_context: Thread 'MainThread': missing ScriptRunContext! This warning can be ignored when running in bare mode.
2026-09-24 13:10:14.372 WARNING streamlit.runtime.scriptrunner_utils.script_run_context: Thread 'MainThread': missing ScriptRunContext! This warning can be ignored when running in bare mode.
2025 w7 done
2025 w8 done
2025 w9 done
2025 w10 done
2025 w11 done
2025 w12 done
2025 w13 done
2025 w14 done
2025 w15 done
2025 w16 done
2025 w17 done

==============================================================================
STAT_K_BY_POS  (scale_keys)  vs shipped {'RB': {'rushing_attempts': 1.2, 'rushing_yards': 2.0, 'targets': 2.2, 'receptions': 2.2, 'receiving_yards': 3.0, 'rushing_tds': 6, 'receiving_tds': 8}, 'QB': {'passing_attempts': 3, 'passing_yards': 3, 'rushing_attempts': 5, 'rushing_yards': 5, 'passing_tds': 5, 'passing_interceptions': 8}, 'WR': {'targets': 3, 'receptions': 3, 'receiving_yards': 5, 'receiving_tds': 15}, 'TE': {'targets': 2.4, 'receptions': 3, 'receiving_yards': 4, 'receiving_tds': 8}}  [harness v2]
==============================================================================

--- value 2.0 ---
  ALL        n=10334  RMSE 6.287->6.289 (Δ+0.002 CI[-0.001,+0.004])  pairwiseAcc 0.753->0.753 (Δ-0.000 CI[-0.000,+0.000])  bias -0.743->-0.745  MAE(secondary) 4.409->4.411  weeks-var-better(RMSE) 14-19
  QB         n=1062   RMSE 8.201->8.201 (Δ+0.000 CI[+0.000,+0.000])  pairwiseAcc 0.653->0.653 (Δ+0.000 CI[+0.000,+0.000])  bias -1.056->-1.056  MAE(secondary) 6.480->6.480  weeks-var-better(RMSE) 0-0
  RB         n=2696   RMSE 6.097->6.097 (Δ+0.000 CI[+0.000,+0.000])  pairwiseAcc 0.771->0.771 (Δ+0.000 CI[+0.000,+0.000])  bias -0.382->-0.382  MAE(secondary) 4.362->4.362  weeks-var-better(RMSE) 0-0
  WR         n=4375   RMSE 6.294->6.299 (Δ+0.005 CI[-0.000,+0.009])  pairwiseAcc 0.743->0.742 (Δ-0.000 CI[-0.001,-0.000])  bias -0.876->-0.877  MAE(secondary) 4.365->4.369  weeks-var-better(RMSE) 14-19
  TE         n=2201   RMSE 5.145->5.143 (Δ-0.002 CI[-0.008,+0.004])  pairwiseAcc 0.726->0.726 (Δ-0.000 CI[-0.001,+0.001])  bias -0.770->-0.777  MAE(secondary) 3.556->3.557  weeks-var-better(RMSE) 19-14
  START-QB   n=733    RMSE 7.819->7.819 (Δ+0.000 CI[+0.000,+0.000])  pairwiseAcc 0.591->0.591 (Δ+0.000 CI[+0.000,+0.000])  bias -0.213->-0.213  MAE(secondary) 6.309->6.309  weeks-var-better(RMSE) 0-0
  START-RB   n=1145   RMSE 7.831->7.831 (Δ+0.000 CI[+0.000,+0.000])  pairwiseAcc 0.626->0.626 (Δ+0.000 CI[+0.000,+0.000])  bias -0.691->-0.691  MAE(secondary) 6.159->6.159  weeks-var-better(RMSE) 0-0
  START-WR   n=1553   RMSE 8.291->8.295 (Δ+0.004 CI[-0.006,+0.014])  pairwiseAcc 0.605->0.605 (Δ+0.000 CI[-0.002,+0.002])  bias -1.416->-1.421  MAE(secondary) 6.302->6.306  weeks-var-better(RMSE) 18-15
  START-TE   n=577    RMSE 6.933->6.942 (Δ+0.009 CI[-0.006,+0.024])  pairwiseAcc 0.594->0.593 (Δ-0.001 CI[-0.008,+0.006])  bias -1.453->-1.484  MAE(secondary) 5.360->5.370  weeks-var-better(RMSE) 15-18
  START-ALL  n=4008   RMSE 7.968->7.970 (Δ+0.002 CI[-0.002,+0.007])  pairwiseAcc 0.631->0.631 (Δ-0.000 CI[-0.001,+0.000])  bias -0.994->-1.000  MAE(secondary) 6.127->6.130  weeks-var-better(RMSE) 13-20
  [START-ALL bias growth +0.006]
  stat:receiving_tds        n=10334  RMSE 0.377->0.377 (Δ+0.000)

(RMSE/pairwiseAcc CI excluding 0 = distinguishable from noise at this sample. MAE is secondary/informational only - see scripts/harness_v2.py.)
