2026-09-24 17:11:08.380 WARNING streamlit.runtime.caching.cache_data_api: No runtime found, using MemoryCacheStorageManager
2026-09-24 17:11:08.381 WARNING streamlit.runtime.caching.cache_data_api: No runtime found, using MemoryCacheStorageManager
2026-09-24 17:11:08.381 WARNING streamlit.runtime.caching.cache_data_api: No runtime found, using MemoryCacheStorageManager
2026-09-24 17:11:08.382 WARNING streamlit.runtime.caching.cache_data_api: No runtime found, using MemoryCacheStorageManager
2026-09-24 17:11:08.384 WARNING streamlit.runtime.caching.cache_data_api: No runtime found, using MemoryCacheStorageManager
2026-09-24 17:11:08.385 WARNING streamlit.runtime.caching.cache_data_api: No runtime found, using MemoryCacheStorageManager
2026-09-24 17:11:08.385 WARNING streamlit.runtime.caching.cache_data_api: No runtime found, using MemoryCacheStorageManager
2026-09-24 17:11:08.386 WARNING streamlit.runtime.caching.cache_data_api: No runtime found, using MemoryCacheStorageManager
2026-09-24 17:11:08.387 WARNING streamlit.runtime.caching.cache_data_api: No runtime found, using MemoryCacheStorageManager
2026-09-24 17:11:08.387 WARNING streamlit.runtime.caching.cache_data_api: No runtime found, using MemoryCacheStorageManager
2026-09-24 17:11:08.387 WARNING streamlit.runtime.caching.cache_data_api: No runtime found, using MemoryCacheStorageManager
2026-09-24 17:11:08.387 WARNING streamlit.runtime.caching.cache_data_api: No runtime found, using MemoryCacheStorageManager
2026-09-24 17:11:08.387 WARNING streamlit.runtime.caching.cache_data_api: No runtime found, using MemoryCacheStorageManager
2026-09-24 17:11:08.388 WARNING streamlit.runtime.caching.cache_data_api: No runtime found, using MemoryCacheStorageManager
2026-09-24 17:11:08.388 WARNING streamlit.runtime.caching.cache_data_api: No runtime found, using MemoryCacheStorageManager
2026-09-24 17:11:08.388 WARNING streamlit.runtime.caching.cache_data_api: No runtime found, using MemoryCacheStorageManager
2026-09-24 17:11:08.389 WARNING streamlit.runtime.caching.cache_data_api: No runtime found, using MemoryCacheStorageManager
2026-09-24 17:11:08.389 WARNING streamlit.runtime.caching.cache_data_api: No runtime found, using MemoryCacheStorageManager
2026-09-24 17:11:08.389 WARNING streamlit.runtime.caching.cache_data_api: No runtime found, using MemoryCacheStorageManager
2026-09-24 17:11:08.390 WARNING streamlit.runtime.caching.cache_data_api: No runtime found, using MemoryCacheStorageManager
2026-09-24 17:11:08.390 WARNING streamlit.runtime.caching.cache_data_api: No runtime found, using MemoryCacheStorageManager
2026-09-24 17:11:08.390 WARNING streamlit.runtime.caching.cache_data_api: No runtime found, using MemoryCacheStorageManager
2026-09-24 17:11:08.390 WARNING streamlit.runtime.caching.cache_data_api: No runtime found, using MemoryCacheStorageManager
2026-09-24 17:11:08.391 WARNING streamlit.runtime.caching.cache_data_api: No runtime found, using MemoryCacheStorageManager
2026-09-24 17:11:08.392 WARNING streamlit.runtime.caching.cache_data_api: No runtime found, using MemoryCacheStorageManager
2026-09-24 17:11:08.392 WARNING streamlit.runtime.caching.cache_data_api: No runtime found, using MemoryCacheStorageManager
2026-09-24 17:11:08.392 WARNING streamlit.runtime.caching.cache_data_api: No runtime found, using MemoryCacheStorageManager
2026-09-24 17:11:08.393 WARNING streamlit.runtime.caching.cache_data_api: No runtime found, using MemoryCacheStorageManager
2026-09-24 17:11:08.393 WARNING streamlit.runtime.caching.cache_data_api: No runtime found, using MemoryCacheStorageManager
2026-09-24 17:11:08.394 WARNING streamlit.runtime.caching.cache_data_api: No runtime found, using MemoryCacheStorageManager
2026-09-24 17:11:08.394 WARNING streamlit.runtime.caching.cache_data_api: No runtime found, using MemoryCacheStorageManager
2026-09-24 17:11:08.396 WARNING streamlit.runtime.caching.cache_data_api: No runtime found, using MemoryCacheStorageManager
2026-09-24 17:11:08.413 WARNING streamlit.runtime.caching.cache_data_api: No runtime found, using MemoryCacheStorageManager
2026-09-24 17:11:08.413 WARNING streamlit.runtime.caching.cache_data_api: No runtime found, using MemoryCacheStorageManager
2026-09-24 17:11:08.414 WARNING streamlit.runtime.caching.cache_data_api: No runtime found, using MemoryCacheStorageManager
2026-09-24 17:11:08.414 WARNING streamlit.runtime.caching.cache_data_api: No runtime found, using MemoryCacheStorageManager
2026-09-24 17:11:08.415 WARNING streamlit.runtime.caching.cache_data_api: No runtime found, using MemoryCacheStorageManager
2026-09-24 17:11:08.415 WARNING streamlit.runtime.caching.cache_data_api: No runtime found, using MemoryCacheStorageManager
2026-09-24 17:11:08.416 WARNING streamlit.runtime.caching.cache_data_api: No runtime found, using MemoryCacheStorageManager
2026-09-24 17:11:08.416 WARNING streamlit.runtime.caching.cache_data_api: No runtime found, using MemoryCacheStorageManager
2026-09-24 17:11:08.417 WARNING streamlit.runtime.caching.cache_data_api: No runtime found, using MemoryCacheStorageManager
2026-09-24 17:11:08.421 WARNING streamlit.runtime.caching.cache_data_api: No runtime found, using MemoryCacheStorageManager
2026-09-24 17:11:08.450 WARNING streamlit.runtime.caching.cache_data_api: No runtime found, using MemoryCacheStorageManager
2026-09-24 17:11:08.450 WARNING streamlit.runtime.scriptrunner_utils.script_run_context: Thread 'MainThread': missing ScriptRunContext! This warning can be ignored when running in bare mode.
2026-09-24 17:11:08.451 WARNING streamlit.runtime.caching.cache_data_api: No runtime found, using MemoryCacheStorageManager
2026-09-24 17:11:08.916 WARNING streamlit.runtime.caching.cache_data_api: No runtime found, using MemoryCacheStorageManager
2026-09-24 17:11:09.434 WARNING streamlit.runtime.caching.cache_data_api: No runtime found, using MemoryCacheStorageManager
2026-09-24 17:11:09.434 WARNING streamlit.runtime.scriptrunner_utils.script_run_context: Thread 'MainThread': missing ScriptRunContext! This warning can be ignored when running in bare mode.
2026-09-24 17:11:09.760 WARNING streamlit.runtime.caching.cache_data_api: No runtime found, using MemoryCacheStorageManager
2026-09-24 17:11:09.774 WARNING streamlit.runtime.caching.cache_data_api: No runtime found, using MemoryCacheStorageManager
2026-09-24 17:11:12.441 WARNING streamlit.runtime.caching.cache_data_api: No runtime found, using MemoryCacheStorageManager
2026-09-24 17:11:12.448 WARNING streamlit.runtime.caching.cache_data_api: No runtime found, using MemoryCacheStorageManager
2026-09-24 17:52:54.703 WARNING streamlit.runtime.scriptrunner_utils.script_run_context: Thread 'MainThread': missing ScriptRunContext! This warning can be ignored when running in bare mode.
2026-09-24 17:52:55.710 WARNING streamlit.runtime.scriptrunner_utils.script_run_context: Thread 'MainThread': missing ScriptRunContext! This warning can be ignored when running in bare mode.
2026-09-24 18:36:08.599 WARNING streamlit.runtime.scriptrunner_utils.script_run_context: Thread 'MainThread': missing ScriptRunContext! This warning can be ignored when running in bare mode.
2026-09-24 18:36:09.907 WARNING streamlit.runtime.scriptrunner_utils.script_run_context: Thread 'MainThread': missing ScriptRunContext! This warning can be ignored when running in bare mode.
2026-09-24 19:51:20.365 WARNING streamlit.runtime.scriptrunner_utils.script_run_context: Thread 'MainThread': missing ScriptRunContext! This warning can be ignored when running in bare mode.
2026-09-24 19:51:21.899 WARNING streamlit.runtime.scriptrunner_utils.script_run_context: Thread 'MainThread': missing ScriptRunContext! This warning can be ignored when running in bare mode.
years=[2022, 2023, 2024, 2025] weeks=3-17 scoring=Full PPR harness=v2
ablating: ['v2_vacancy', 'v2_receiver_vacancy_pecking_order', 'v2_preseason_rb_allocator']
adding as candidate: []
add-features (forced on in both arms): ['v2_historical_injury_replay']
DEFAULT_FEATURES size: 31

==============================================================================
v2_vacancy  [ablate mode, harness v2]
==============================================================================
  ALL        n=18577  RMSE 6.302->6.294 (Δ-0.008 CI[-0.023,+0.007])  pairwiseAcc 0.749->0.750 (Δ+0.001 CI[+0.000,+0.001])  bias -0.299->-0.525  MAE(secondary) 4.479->4.441  weeks-var-better(RMSE) 28-32
  QB         n=1870   RMSE 7.928->7.928 (Δ+0.000 CI[+0.000,+0.000])  pairwiseAcc 0.651->0.651 (Δ+0.000 CI[+0.000,+0.000])  bias -0.849->-0.849  MAE(secondary) 6.271->6.271  weeks-var-better(RMSE) 0-0
  RB         n=4910   RMSE 6.334->6.351 (Δ+0.018 CI[-0.016,+0.053])  pairwiseAcc 0.766->0.764 (Δ-0.001 CI[-0.003,-0.000])  bias -0.113->-0.324  MAE(secondary) 4.482->4.468  weeks-var-better(RMSE) 28-32
  WR         n=7844   RMSE 6.306->6.277 (Δ-0.028 CI[-0.053,-0.003])  pairwiseAcc 0.739->0.741 (Δ+0.002 CI[+0.001,+0.003])  bias -0.269->-0.578  MAE(secondary) 4.498->4.435  weeks-var-better(RMSE) 37-23
  TE         n=3953   RMSE 5.078->5.073 (Δ-0.005 CI[-0.024,+0.016])  pairwiseAcc 0.713->0.714 (Δ+0.001 CI[-0.001,+0.002])  bias -0.329->-0.515  MAE(secondary) 3.590->3.556  weeks-var-better(RMSE) 34-26
  START-QB   n=1362   RMSE 7.570->7.570 (Δ+0.000 CI[+0.000,+0.000])  pairwiseAcc 0.607->0.607 (Δ+0.000 CI[+0.000,+0.000])  bias -0.090->-0.090  MAE(secondary) 6.032->6.032  weeks-var-better(RMSE) 0-0
  START-RB   n=2211   RMSE 7.886->7.908 (Δ+0.023 CI[-0.033,+0.080])  pairwiseAcc 0.632->0.628 (Δ-0.003 CI[-0.008,+0.001])  bias -0.176->-0.563  MAE(secondary) 6.190->6.175  weeks-var-better(RMSE) 27-33
  START-WR   n=3136   RMSE 8.091->8.029 (Δ-0.063 CI[-0.113,-0.013])  pairwiseAcc 0.604->0.615 (Δ+0.011 CI[+0.006,+0.015])  bias -0.161->-0.754  MAE(secondary) 6.341->6.219  weeks-var-better(RMSE) 36-24
  START-TE   n=1147   RMSE 6.661->6.620 (Δ-0.041 CI[-0.089,+0.010])  pairwiseAcc 0.591->0.602 (Δ+0.010 CI[+0.002,+0.019])  bias -0.298->-0.704  MAE(secondary) 5.232->5.146  weeks-var-better(RMSE) 37-23
  START-ALL  n=7856   RMSE 7.809->7.786 (Δ-0.023 CI[-0.052,+0.006])  pairwiseAcc 0.638->0.642 (Δ+0.004 CI[+0.002,+0.006])  bias -0.173->-0.578  MAE(secondary) 6.083->6.018  weeks-var-better(RMSE) 29-31
  VERDICT (ablate): INCONCLUSIVE   [bias growth +0.405, Holm-adjusted per-position p [np.float64(1.0), np.float64(1.0), np.float64(1.0), np.float64(1.0)]]
  RECOMMENDATION: no significant effect from removing 'v2_vacancy' at this scope/window - keep it shipped as-is (status quo); a narrower or position-specific test may still find one.

==============================================================================
v2_receiver_vacancy_pecking_order  [ablate mode, harness v2]
==============================================================================
  ALL        n=18577  RMSE 6.302->6.311 (Δ+0.009 CI[-0.000,+0.019])  pairwiseAcc 0.749->0.750 (Δ+0.000 CI[-0.000,+0.000])  bias -0.299->-0.296  MAE(secondary) 4.479->4.477  weeks-var-better(RMSE) 27-33
  QB         n=1870   RMSE 7.928->7.928 (Δ+0.000 CI[+0.000,+0.000])  pairwiseAcc 0.651->0.651 (Δ+0.000 CI[+0.000,+0.000])  bias -0.849->-0.849  MAE(secondary) 6.271->6.271  weeks-var-better(RMSE) 0-0
  RB         n=4910   RMSE 6.334->6.334 (Δ+0.000 CI[+0.000,+0.000])  pairwiseAcc 0.766->0.766 (Δ+0.000 CI[+0.000,+0.000])  bias -0.113->-0.113  MAE(secondary) 4.482->4.482  weeks-var-better(RMSE) 0-0
  WR         n=7844   RMSE 6.306->6.317 (Δ+0.012 CI[-0.007,+0.032])  pairwiseAcc 0.739->0.740 (Δ+0.001 CI[+0.000,+0.002])  bias -0.269->-0.289  MAE(secondary) 4.498->4.488  weeks-var-better(RMSE) 28-32
  TE         n=3953   RMSE 5.078->5.101 (Δ+0.023 CI[-0.001,+0.048])  pairwiseAcc 0.713->0.713 (Δ-0.000 CI[-0.002,+0.001])  bias -0.329->-0.279  MAE(secondary) 3.590->3.603  weeks-var-better(RMSE) 30-30
  START-QB   n=1366   RMSE 7.570->7.570 (Δ+0.000 CI[+0.000,+0.000])  pairwiseAcc 0.607->0.607 (Δ+0.000 CI[+0.000,+0.000])  bias -0.097->-0.097  MAE(secondary) 6.034->6.034  weeks-var-better(RMSE) 0-0
  START-RB   n=2176   RMSE 7.895->7.895 (Δ+0.000 CI[+0.000,+0.000])  pairwiseAcc 0.630->0.630 (Δ+0.000 CI[+0.000,+0.000])  bias -0.173->-0.173  MAE(secondary) 6.193->6.193  weeks-var-better(RMSE) 0-0
  START-WR   n=3060   RMSE 8.118->8.139 (Δ+0.021 CI[-0.016,+0.062])  pairwiseAcc 0.603->0.609 (Δ+0.006 CI[+0.003,+0.009])  bias -0.134->-0.136  MAE(secondary) 6.373->6.359  weeks-var-better(RMSE) 27-33
  START-TE   n=1123   RMSE 6.678->6.723 (Δ+0.045 CI[-0.013,+0.105])  pairwiseAcc 0.590->0.592 (Δ+0.002 CI[-0.004,+0.009])  bias -0.286->-0.125  MAE(secondary) 5.254->5.286  weeks-var-better(RMSE) 29-31
  START-ALL  n=7725   RMSE 7.824->7.839 (Δ+0.014 CI[-0.003,+0.033])  pairwiseAcc 0.637->0.638 (Δ+0.002 CI[+0.000,+0.003])  bias -0.161->-0.138  MAE(secondary) 6.099->6.099  weeks-var-better(RMSE) 27-33
  VERDICT (ablate): SHIP-ELIGIBLE   [bias growth -0.023, Holm-adjusted per-position p [np.float64(1.0), np.float64(1.0), np.float64(1.0), np.float64(1.0)]]
  RECOMMENDATION: 'v2_receiver_vacancy_pecking_order' looks like it's HURTING (removing it measurably improved START-ALL) - candidate to REMOVE from DEFAULT_FEATURES.

==============================================================================
v2_preseason_rb_allocator  [ablate mode, harness v2]
==============================================================================
  ALL        n=18577  RMSE 6.302->6.313 (Δ+0.011 CI[+0.002,+0.021])  pairwiseAcc 0.749->0.749 (Δ-0.000 CI[-0.000,+0.000])  bias -0.299->-0.296  MAE(secondary) 4.479->4.480  weeks-var-better(RMSE) 24-36
  QB         n=1870   RMSE 7.928->7.928 (Δ+0.000 CI[+0.000,+0.000])  pairwiseAcc 0.651->0.651 (Δ+0.000 CI[+0.000,+0.000])  bias -0.849->-0.849  MAE(secondary) 6.271->6.271  weeks-var-better(RMSE) 0-0
  RB         n=4910   RMSE 6.334->6.342 (Δ+0.008 CI[+0.002,+0.016])  pairwiseAcc 0.766->0.765 (Δ-0.001 CI[-0.002,-0.000])  bias -0.113->-0.096  MAE(secondary) 4.482->4.493  weeks-var-better(RMSE) 19-41
  WR         n=7844   RMSE 6.306->6.317 (Δ+0.012 CI[-0.007,+0.032])  pairwiseAcc 0.739->0.740 (Δ+0.001 CI[+0.000,+0.002])  bias -0.269->-0.295  MAE(secondary) 4.498->4.488  weeks-var-better(RMSE) 27-33
  TE         n=3953   RMSE 5.078->5.101 (Δ+0.023 CI[-0.001,+0.048])  pairwiseAcc 0.713->0.713 (Δ-0.001 CI[-0.002,+0.001])  bias -0.329->-0.285  MAE(secondary) 3.590->3.602  weeks-var-better(RMSE) 29-31
  START-QB   n=1366   RMSE 7.575->7.575 (Δ+0.000 CI[+0.000,+0.000])  pairwiseAcc 0.607->0.607 (Δ+0.000 CI[+0.000,+0.000])  bias -0.099->-0.099  MAE(secondary) 6.036->6.036  weeks-var-better(RMSE) 0-0
  START-RB   n=2184   RMSE 7.887->7.898 (Δ+0.012 CI[+0.002,+0.024])  pairwiseAcc 0.631->0.630 (Δ-0.001 CI[-0.002,+0.000])  bias -0.164->-0.168  MAE(secondary) 6.186->6.193  weeks-var-better(RMSE) 25-35
  START-WR   n=3063   RMSE 8.114->8.135 (Δ+0.021 CI[-0.015,+0.062])  pairwiseAcc 0.604->0.610 (Δ+0.006 CI[+0.003,+0.009])  bias -0.128->-0.142  MAE(secondary) 6.368->6.355  weeks-var-better(RMSE) 27-33
  START-TE   n=1121   RMSE 6.686->6.730 (Δ+0.044 CI[-0.014,+0.103])  pairwiseAcc 0.590->0.592 (Δ+0.002 CI[-0.005,+0.009])  bias -0.289->-0.139  MAE(secondary) 5.264->5.294  weeks-var-better(RMSE) 30-30
  START-ALL  n=7734   RMSE 7.822->7.840 (Δ+0.018 CI[+0.000,+0.037])  pairwiseAcc 0.637->0.639 (Δ+0.001 CI[+0.000,+0.002])  bias -0.156->-0.141  MAE(secondary) 6.098->6.099  weeks-var-better(RMSE) 25-35
  VERDICT (ablate): REJECT   [bias growth -0.015, Holm-adjusted per-position p [np.float64(1.0), np.float64(0.49), np.float64(0.778), np.float64(1.0)]]
  RECOMMENDATION: 'v2_preseason_rb_allocator' is CONFIRMED HELPING (removing it measurably hurt START-ALL) - keep it shipped.

======================================================================
TOP 25 LARGEST MISSES - shipped model (DEFAULT_FEATURES), startable cut, 7613 player-weeks scored
======================================================================
 year  wk  pos  player                     pred  actual   error  note
 2024  14   QB  Josh Allen                  4.2    51.9   -47.7  UNDERPROJECTED (boom)
 2023  11   WR  Tank Dell                  12.6    57.8   -45.2  UNDERPROJECTED (boom)
 2023   4   RB  De'Von Achane              10.2    54.0   -43.8  UNDERPROJECTED (boom)
 2023   9   WR  Tank Dell                  16.4    59.2   -42.8  UNDERPROJECTED (boom)
 2023  13   RB  De'Von Achane               8.7    50.6   -41.9  UNDERPROJECTED (boom)
 2023   3   WR  Tank Dell                   9.6    51.0   -41.4  UNDERPROJECTED (boom)
 2022   9   RB  Joe Mixon                  14.3    55.1   -40.8  UNDERPROJECTED (boom)
 2023  17   RB  De'Von Achane               9.0    47.4   -38.4  UNDERPROJECTED (boom)
 2022  17   WR  Mike Evans                 10.9    48.7   -37.8  UNDERPROJECTED (boom)
 2023   5   WR  Ja'Marr Chase              15.3    52.2   -36.9  UNDERPROJECTED (boom)
 2023  16   WR  Amari Cooper               14.9    51.5   -36.6  UNDERPROJECTED (boom)
 2023   5   WR  DJ Moore                   13.1    49.0   -35.9  UNDERPROJECTED (boom)
 2025  15   TE  Kyle Pitts                 10.5    45.6   -35.1  UNDERPROJECTED (boom)
 2022   4   TE  T.J. Hockenson              7.0    39.9   -32.9  UNDERPROJECTED (boom)
 2025   9   TE  Brock Bowers               10.4    43.3   -32.9  UNDERPROJECTED (boom)
 2022  12   RB  Josh Jacobs                16.4    48.3   -31.9  UNDERPROJECTED (boom)
 2024  14   RB  Zach Charbonnet             6.4    38.3   -31.9  UNDERPROJECTED (boom)
 2025  12   RB  Jahmyr Gibbs               24.4    55.4   -31.0  UNDERPROJECTED (boom)
 2024   3   RB  De'Von Achane              38.9     8.8   +30.1  OVERPROJECTED (bust)
 2023   3   RB  Raheem Mostert             15.6    45.2   -29.6  UNDERPROJECTED (boom)
 2024  10   WR  Ja'Marr Chase              26.2    55.4   -29.2  UNDERPROJECTED (boom)
 2025  17   RB  Derrick Henry              17.0    45.6   -28.6  UNDERPROJECTED (boom)
 2023   5   RB  De'Von Achane              14.6    43.0   -28.4  UNDERPROJECTED (boom)
 2023   3   WR  Davante Adams              13.9    42.2   -28.3  UNDERPROJECTED (boom)
 2025  10   RB  Jonathan Taylor            21.5    49.6   -28.1  UNDERPROJECTED (boom)

-- top 8 per position --

  QB:
    2024 w14 Josh Allen              pred    4.2  actual   51.9  err  -47.7  (boom)
    2025 w15 Trevor Lawrence         pred   16.3  actual   44.3  err  -28.0  (boom)
    2022 w9  Justin Fields           pred   16.3  actual   42.7  err  -26.5  (boom)
    2023 w9  C.J. Stroud             pred   16.6  actual   41.8  err  -25.2  (boom)
    2024 w15 Jared Goff              pred   16.2  actual   41.1  err  -24.9  (boom)
    2025 w7  Bo Nix                  pred   16.1  actual   40.0  err  -23.8  (boom)
    2025 w11 Josh Allen              pred   19.8  actual   42.7  err  -22.9  (boom)
    2025 w9  Caleb Williams          pred   16.1  actual   38.7  err  -22.6  (boom)

  RB:
    2023 w4  De'Von Achane           pred   10.2  actual   54.0  err  -43.8  (boom)
    2023 w13 De'Von Achane           pred    8.7  actual   50.6  err  -41.9  (boom)
    2022 w9  Joe Mixon               pred   14.3  actual   55.1  err  -40.8  (boom)
    2023 w17 De'Von Achane           pred    9.0  actual   47.4  err  -38.4  (boom)
    2022 w12 Josh Jacobs             pred   16.4  actual   48.3  err  -31.9  (boom)
    2024 w14 Zach Charbonnet         pred    6.4  actual   38.3  err  -31.9  (boom)
    2025 w12 Jahmyr Gibbs            pred   24.4  actual   55.4  err  -31.0  (boom)
    2024 w3  De'Von Achane           pred   38.9  actual    8.8  err  +30.1  (bust)

  WR:
    2023 w11 Tank Dell               pred   12.6  actual   57.8  err  -45.2  (boom)
    2023 w9  Tank Dell               pred   16.4  actual   59.2  err  -42.8  (boom)
    2023 w3  Tank Dell               pred    9.6  actual   51.0  err  -41.4  (boom)
    2022 w17 Mike Evans              pred   10.9  actual   48.7  err  -37.8  (boom)
    2023 w5  Ja'Marr Chase           pred   15.3  actual   52.2  err  -36.9  (boom)
    2023 w16 Amari Cooper            pred   14.9  actual   51.5  err  -36.6  (boom)
    2023 w5  DJ Moore                pred   13.1  actual   49.0  err  -35.9  (boom)
    2024 w10 Ja'Marr Chase           pred   26.2  actual   55.4  err  -29.2  (boom)

  TE:
    2025 w15 Kyle Pitts              pred   10.5  actual   45.6  err  -35.1  (boom)
    2022 w4  T.J. Hockenson          pred    7.0  actual   39.9  err  -32.9  (boom)
    2025 w9  Brock Bowers            pred   10.4  actual   43.3  err  -32.9  (boom)
    2022 w16 T.J. Hockenson          pred   11.2  actual   35.9  err  -24.7  (boom)
    2023 w14 Evan Engram             pred    8.6  actual   32.5  err  -23.9  (boom)
    2025 w3  Hunter Henry            pred    7.3  actual   29.0  err  -21.7  (boom)
    2024 w11 Brock Bowers            pred    9.9  actual   31.3  err  -21.4  (boom)
    2024 w11 Jonnu Smith             pred    7.1  actual   28.1  err  -21.0  (boom)

full outlier ledger written to .sweeps/vacancy_ablation_2022-2025_outliers.csv
